[11:49:51] This is prokka 1.15.6
[11:49:51] Written by Torsten Seemann <torsten.seemann@gmail.com>
[11:49:51] Homepage is https://github.com/tseemann/prokka
[11:49:51] Local time is Sat Aug 29 11:49:51 2026
[11:49:51] You are codespace
[11:49:51] Operating system is linux
[11:49:51] You have BioPerl 1.7.8
[11:49:51] System has 2 cores.
[11:49:51] Will use maximum of 2 cores.
[11:49:51] Annotating as >>> Bacteria <<<
[11:49:51] Generating locus_tag from 'data/ncbi_dataset/data/GCA_055721665.1/GCA_055721665.1_ASM5572166v1_genomic.fna' contents.
[11:49:51] Setting --locustag PCAPKKMB from MD5 9ca9446b661413331cf29cdec75576fa
[11:49:51] Re-using existing --outdir results/prokka_annotations/GCA_055721665.1
[11:49:51] Using filename prefix: GCA_055721665.1.XXX
[11:49:51] Setting HMMER_NCPU=1
[11:49:51] Writing log to: results/prokka_annotations/GCA_055721665.1/GCA_055721665.1.log
[11:49:51] Command: /opt/conda/envs/prokka_env/bin/prokka --outdir results/prokka_annotations/GCA_055721665.1 --prefix GCA_055721665.1 --kingdom Bacteria --genus Klebsiella --species pneumoniae --cpus 2 --force data/ncbi_dataset/data/GCA_055721665.1/GCA_055721665.1_ASM5572166v1_genomic.fna
[11:49:51] Looking for 'aragorn' - found /opt/conda/envs/prokka_env/bin/aragorn
[11:49:51] Determined aragorn version is v1.2 from 'ARAGORN v1.2.41 Dean Laslett'
[11:49:51] Looking for 'barrnap' - found /opt/conda/envs/prokka_env/bin/barrnap
[11:49:51] Determined barrnap version is v1.10 from 'barrnap 1.10.5'
[11:49:51] Looking for 'blastp' - found /opt/conda/envs/prokka_env/bin/blastp
[11:49:51] Determined blastp version is v2.17 from 'blastp: 2.17.0+'
[11:49:51] Looking for 'cmpress' - found /opt/conda/envs/prokka_env/bin/cmpress
[11:49:51] Determined cmpress version is v1.1 from '# INFERNAL 1.1.5 (Sep 2023)'
[11:49:51] Looking for 'cmscan' - found /opt/conda/envs/prokka_env/bin/cmscan
[11:49:51] Determined cmscan version is v1.1 from '# INFERNAL 1.1.5 (Sep 2023)'
[11:49:51] Looking for 'egrep' - found /usr/bin/egrep
[11:49:51] Looking for 'find' - found /usr/bin/find
[11:49:51] Looking for 'grep' - found /usr/bin/grep
[11:49:51] Looking for 'hmmpress' - found /opt/conda/envs/prokka_env/bin/hmmpress
[11:49:51] Determined hmmpress version is v3.4 from '# HMMER 3.4 (Aug 2023); http://hmmer.org/'
[11:49:51] Looking for 'hmmscan' - found /opt/conda/envs/prokka_env/bin/hmmscan
[11:49:51] Determined hmmscan version is v3.4 from '# HMMER 3.4 (Aug 2023); http://hmmer.org/'
[11:49:51] Looking for 'java' - found /opt/conda/envs/prokka_env/bin/java
[11:49:51] Looking for 'makeblastdb' - found /opt/conda/envs/prokka_env/bin/makeblastdb
[11:49:51] Determined makeblastdb version is v2.17 from 'makeblastdb: 2.17.0+'
[11:49:51] Looking for 'minced' - found /opt/conda/envs/prokka_env/bin/minced
[11:49:51] Determined minced version is v4.2 from 'minced 0.4.2'
[11:49:51] Looking for 'parallel' - found /opt/conda/envs/prokka_env/bin/parallel
[11:49:52] Determined parallel version is 20260722 from 'GNU parallel 20260722'
[11:49:52] Looking for 'prodigal' - found /opt/conda/envs/prokka_env/bin/prodigal
[11:49:52] Determined prodigal version is v2.6 from 'Prodigal V2.6.3: February, 2016'
[11:49:52] Looking for 'prokka-genbank_to_fasta_db' - found /opt/conda/envs/prokka_env/bin/prokka-genbank_to_fasta_db
[11:49:52] Looking for 'sed' - found /usr/bin/sed
[11:49:52] Looking for 'tbl2asn' - found /opt/conda/envs/prokka_env/bin/tbl2asn
[11:49:52] Determined tbl2asn version is v25.7 from 'tbl2asn 25.7   arguments:'
[11:49:52] Using genetic code table 11.
[11:49:52] Loading and checking input file: data/ncbi_dataset/data/GCA_055721665.1/GCA_055721665.1_ASM5572166v1_genomic.fna
[11:49:52] Wrote 3 contigs totalling 5488770 bp.
[11:49:52] Predicting tRNAs and tmRNAs
[11:49:52] Running: aragorn -l -gc11  -w results\/prokka_annotations\/GCA_055721665\.1\/GCA_055721665\.1\.fna
[11:49:55] 1 tRNA-Glu [1937,2012] 35 (ttc)
[11:49:55] 2 tRNA-Ile [106562,106638] 35 (gat)
[11:49:55] 3 tRNA-Ala [106675,106750] 34 (tgc)
[11:49:55] 4 tRNA-Asp [110090,110166] 35 (gtc)
[11:49:55] 5 tRNA-Trp [110220,110295] 34 (cca)
[11:49:55] 6 tRNA-Arg [148330,148406] 35 (ccg)
[11:49:55] 7 tRNA-His [148462,148537] 34 (gtg)
[11:49:55] 8 tRNA-Leu [148561,148647] 35 (cag)
[11:49:55] 9 tRNA-Pro [148690,148766] 35 (tgg)
[11:49:55] 10 tRNA-Ile [198365,198441] 35 (gat)
[11:49:55] 11 tRNA-Ala [198478,198553] 34 (tgc)
[11:49:55] 12 tRNA-Thr [205479,205554] 34 (tgt)
[11:49:55] 13 tRNA-Tyr [205565,205649] 35 (gta)
[11:49:55] 14 tRNA-Gly [205765,205839] 34 (tcc)
[11:49:55] 15 tRNA-Thr [205845,205920] 34 (ggt)
[11:49:55] 16 tRNA-Glu [243279,243354] 35 (ttc)
[11:49:55] 17 tRNA-Phe c[392900,392975] 34 (gaa)
[11:49:55] 18 tRNA-Gly [433935,434010] 34 (gcc)
[11:49:55] 19 tRNA-Gly [434079,434154] 34 (gcc)
[11:49:55] 20 tRNA-Gly [434227,434302] 34 (gcc)
[11:49:55] 21 tRNA-Leu [563882,563966] 35 (caa)
[11:49:55] 22 tRNA-Glu [666362,666437] 35 (ttc)
[11:49:55] 23 tRNA-Leu c[764989,765075] 35 (cag)
[11:49:55] 24 tRNA-Leu c[765107,765193] 35 (cag)
[11:49:55] 25 tRNA-Leu c[765223,765308] 36 (cag)
[11:49:55] 26 tRNA-Ile [1048082,1048158] 35 (gat)
[11:49:55] 27 tRNA-Ala [1048195,1048270] 34 (tgc)
[11:49:55] 28 tRNA-Asp [1051704,1051780] 35 (gtc)
[11:49:55] 29 tRNA-Asp [1061157,1061233] 35 (gtc)
[11:49:55] 30 tRNA-Thr c[1122160,1122235] 34 (cgt)
[11:49:55] 31 tRNA-Arg [1338452,1338528] 35 (tct)
[11:49:55] 32 tRNA-Gln c[1584383,1584457] 33 (ctg)
[11:49:55] 33 tRNA-Gln c[1584533,1584607] 33 (ctg)
[11:49:55] 34 tRNA-Met c[1584655,1584731] 35 (cat)
[11:49:55] 35 tRNA-Gln c[1584755,1584829] 33 (ttg)
[11:49:55] 36 tRNA-Gln c[1584866,1584940] 33 (ttg)
[11:49:55] 37 tRNA-Leu c[1584964,1585048] 35 (tag)
[11:49:55] 38 tRNA-Met c[1585057,1585133] 35 (cat)
[11:49:55] 39 tRNA-Lys [1643754,1643829] 34 (ttt)
[11:49:55] 40 tRNA-Val [1643955,1644030] 34 (tac)
[11:49:55] 41 tRNA-Lys [1644033,1644108] 34 (ttt)
[11:49:55] 42 tRNA-Val [1644161,1644236] 34 (tac)
[11:49:55] 43 tRNA-Lys [1644240,1644315] 34 (ttt)
[11:49:55] 44 tRNA-Lys [1644462,1644537] 34 (ttt)
[11:49:55] 45 tRNA-Lys [1644671,1644746] 34 (ttt)
[11:49:55] 46 tRNA-Ser [1924685,1924772] 35 (tga)
[11:49:55] 47 tRNA-Ser c[1969058,1969145] 35 (gga)
[11:49:55] 48 tRNA-Ser c[1974116,1974203] 35 (gga)
[11:49:55] 49 tRNA-Thr [2292280,2292355] 34 (tgt)
[11:49:55] 50 tRNA-Val [3009912,3009988] 35 (gac)
[11:49:55] 51 tRNA-Val [3009993,3010069] 35 (gac)
[11:49:55] 52 tRNA-Val [3010074,3010150] 35 (gac)
[11:49:55] 53 tRNA-Tyr [3223202,3223286] 35 (gta)
[11:49:55] 54 tRNA-Tyr [3223502,3223586] 35 (gta)
[11:49:55] 55 tRNA-Leu c[3438360,3438446] 35 (taa)
[11:49:55] 56 tRNA-Cys c[3438460,3438533] 33 (gca)
[11:49:55] 57 tRNA-Gly c[3438574,3438649] 34 (gcc)
[11:49:55] 58 tRNA-Gly c[3488463,3488537] 34 (tcc)
[11:49:55] 59 tRNA-Ser c[3499947,3500036] 35 (cga)
[11:49:55] 60 tRNA-Asn [3501028,3501103] 34 (gtt)
[11:49:55] 61 tRNA-Asn [3506269,3506344] 34 (gtt)
[11:49:55] 62 tRNA-Asn c[3515191,3515266] 34 (gtt)
[11:49:55] 63 tRNA-Asn [3517023,3517098] 34 (gtt)
[11:49:55] 64 tRNA-Pro [3730212,3730288] 35 (ggg)
[11:49:55] 65 tRNA-Arg [3854191,3854265] 34 (cct)
[11:49:55] 66 tRNA-Ala c[3919721,3919796] 34 (ggc)
[11:49:55] 67 tRNA-Ala c[3919838,3919913] 34 (ggc)
[11:49:55] 68 tRNA-Val [3922612,3922687] 34 (tac)
[11:49:55] 69 tRNA-Val [3922733,3922808] 34 (tac)
[11:49:55] 70 tRNA-Val [3922855,3922930] 34 (tac)
[11:49:55] 71 tRNA-Glu c[4098707,4098782] 35 (ttc)
[11:49:55] 72 tRNA-Arg c[4186950,4187026] 35 (acg)
[11:49:55] 73 tRNA-Arg c[4187255,4187331] 35 (acg)
[11:49:55] 74 tRNA-Arg c[4187393,4187469] 35 (acg)
[11:49:55] 75 tRNA-Arg c[4187620,4187696] 35 (acg)
[11:49:55] 76 tRNA-Ser c[4187701,4187793] 35 (gct)
[11:49:55] 77 tRNA-Met [4354539,4354615] 35 (cat)
[11:49:55] 78 tRNA-Met [4354649,4354725] 35 (cat)
[11:49:55] 79 tRNA-Met [4354758,4354834] 35 (cat)
[11:49:55] 80 tRNA-Gly c[4492953,4493026] 33 (ccc)
[11:49:55] 81 tRNA-Phe [4578542,4578617] 34 (gaa)
[11:49:55] 82 tRNA-Met [4648193,4648268] 34 (cat)
[11:49:55] 83 tRNA-Met c[4776775,4776851] 35 (cat)
[11:49:55] 84 tRNA-Leu c[4780782,4780868] 35 (gag)
[11:49:55] 85 tRNA-Thr c[4873806,4873881] 34 (ggt)
[11:49:55] 86 tRNA-Pro c[5110410,5110486] 35 (cgg)
[11:49:55] 87 tRNA-SeC [5239852,5239946] 35 (tca)
[11:49:55] Found 87 tRNAs
[11:49:55] Predicting Ribosomal RNAs
[11:49:55] Running Barrnap with 2 threads
[11:50:34] 1 CM146774.1 312 16S ribosomal RNA
[11:50:34] 2 CM146774.1 2203 23S ribosomal RNA
[11:50:34] 3 CM146774.1 5201 5S ribosomal RNA
[11:50:34] 4 CM146774.1 104953 16S ribosomal RNA
[11:50:34] 5 CM146774.1 106920 23S ribosomal RNA
[11:50:34] 6 CM146774.1 109918 5S ribosomal RNA
[11:50:34] 7 CM146774.1 196753 16S ribosomal RNA
[11:50:34] 8 CM146774.1 198723 23S ribosomal RNA
[11:50:34] 9 CM146774.1 201721 5S ribosomal RNA
[11:50:34] 10 CM146774.1 241654 16S ribosomal RNA
[11:50:34] 11 CM146774.1 243545 23S ribosomal RNA
[11:50:34] 12 CM146774.1 246543 5S ribosomal RNA
[11:50:34] 13 CM146774.1 664737 16S ribosomal RNA
[11:50:34] 14 CM146774.1 666620 23S ribosomal RNA
[11:50:34] 15 CM146774.1 669618 5S ribosomal RNA
[11:50:34] 16 CM146774.1 1046471 16S ribosomal RNA
[11:50:34] 17 CM146774.1 1048440 23S ribosomal RNA
[11:50:34] 18 CM146774.1 1051531 5S ribosomal RNA
[11:50:34] 19 CM146774.1 4095395 5S ribosomal RNA
[11:50:34] 20 CM146774.1 4095611 23S ribosomal RNA
[11:50:34] 21 CM146774.1 4098868 16S ribosomal RNA
[11:50:34] 22 CM146774.1 4873652 5S ribosomal RNA
[11:50:34] 23 CM146774.1 4873896 5S ribosomal RNA
[11:50:34] 24 CM146774.1 4874108 23S ribosomal RNA
[11:50:34] 25 CM146774.1 4877208 16S ribosomal RNA
[11:50:34] Found 25 rRNAs
[11:50:34] Skipping ncRNA search, enable with --rfam if desired.
[11:50:34] Total of 112 tRNA + rRNA features
[11:50:34] Searching for CRISPR repeats
[11:50:34] CRISPR1 CM146774.1 4281601 with 44 spacers
[11:50:34] Found 1 CRISPRs
[11:50:34] Predicting coding sequences
[11:50:34] Contigs total 5488770 bp, so using single mode
[11:50:34] Running: prodigal -i results\/prokka_annotations\/GCA_055721665\.1\/GCA_055721665\.1\.fna -c -m -g 11 -p single -f sco -q
[11:50:46] Excluding CDS which overlaps existing RNA (tRNA) at CM146774.1:148666..148818 on - strand
[11:50:49] Excluding CDS which overlaps existing RNA (tRNA) at CM146774.1:3009663..3010148 on - strand
[11:50:51] Excluding CDS which overlaps existing RNA (tRNA) at CM146774.1:4776676..4776882 on + strand
[11:50:52] Found 5100 CDS
[11:50:52] Connecting features back to sequences
[11:50:52] Not using genus-specific database. Try --usegenus to enable it.
[11:50:52] Annotating CDS, please be patient.
[11:50:52] Will use 2 CPUs for similarity searching.
[11:50:53] There are still 5100 unannotated CDS left (started with 5100)
[11:50:53] Will use blast to search against /opt/conda/envs/prokka_env/db/kingdom/Bacteria/IS with 2 CPUs
[11:50:53] Running: cat results\/prokka_annotations\/GCA_055721665\.1\/GCA_055721665\.1\.IS\.tmp\.36815\.faa | parallel --gnu --plain -j 2 --block 407304 --recstart '>' --pipe blastp -query - -db /opt/conda/envs/prokka_env/db/kingdom/Bacteria/IS -evalue 1e-30 -qcov_hsp_perc 90 -num_threads 1 -num_descriptions 1 -num_alignments 1 -seg no > results\/prokka_annotations\/GCA_055721665\.1\/GCA_055721665\.1\.IS\.tmp\.36815\.blast 2> /dev/null
[11:52:06] Modify product: Tn3 family transposase Tn5403 => Tn3 family transposase
[11:52:06] Cleaned 1 /product names
[11:52:06] Deleting unwanted file: results/prokka_annotations/GCA_055721665.1/GCA_055721665.1.IS.tmp.36815.faa
[11:52:06] Deleting unwanted file: results/prokka_annotations/GCA_055721665.1/GCA_055721665.1.IS.tmp.36815.blast
[11:52:09] There are still 5049 unannotated CDS left (started with 5100)
[11:52:09] Will use blast to search against /opt/conda/envs/prokka_env/db/kingdom/Bacteria/AMR with 2 CPUs
[11:52:09] Running: cat results\/prokka_annotations\/GCA_055721665\.1\/GCA_055721665\.1\.AMR\.tmp\.36815\.faa | parallel --gnu --plain -j 2 --block 403417 --recstart '>' --pipe blastp -query - -db /opt/conda/envs/prokka_env/db/kingdom/Bacteria/AMR -evalue 1e-300 -qcov_hsp_perc 90 -num_threads 1 -num_descriptions 1 -num_alignments 1 -seg no > results\/prokka_annotations\/GCA_055721665\.1\/GCA_055721665\.1\.AMR\.tmp\.36815\.blast 2> /dev/null
[11:54:00] Deleting unwanted file: results/prokka_annotations/GCA_055721665.1/GCA_055721665.1.AMR.tmp.36815.faa
[11:54:00] Deleting unwanted file: results/prokka_annotations/GCA_055721665.1/GCA_055721665.1.AMR.tmp.36815.blast
[11:54:02] There are still 5015 unannotated CDS left (started with 5100)
[11:54:02] Will use blast to search against /opt/conda/envs/prokka_env/db/kingdom/Bacteria/sprot with 2 CPUs
[11:54:02] Running: cat results\/prokka_annotations\/GCA_055721665\.1\/GCA_055721665\.1\.sprot\.tmp\.36815\.faa | parallel --gnu --plain -j 2 --block 396960 --recstart '>' --pipe blastp -query - -db /opt/conda/envs/prokka_env/db/kingdom/Bacteria/sprot -evalue 1e-09 -qcov_hsp_perc 80 -num_threads 1 -num_descriptions 1 -num_alignments 1 -seg no > results\/prokka_annotations\/GCA_055721665\.1\/GCA_055721665\.1\.sprot\.tmp\.36815\.blast 2> /dev/null
[11:59:10] Modify product: Probable GTP-binding protein EngB => putative GTP-binding protein EngB
[11:59:10] Modify product: Uncharacterized protein YshB => putative protein YshB
[11:59:10] Modify product: UPF0761 membrane protein YihY => hypothetical protein
[11:59:10] Modify product: Probable acyltransferase FabY => putative acyltransferase FabY
[11:59:10] Modify product: Probable fructose-bisphosphate aldolase => putative fructose-bisphosphate aldolase
[11:59:10] Modify product: Probable cystine transporter YijE => putative cystine transporter YijE
[11:59:10] Modify product: Uncharacterized membrane protein YdfK => putative membrane protein YdfK
[11:59:11] Modify product: Probable ECA polymerase => putative ECA polymerase
[11:59:11] Modify product: Probable protein kinase UbiB => putative protein kinase UbiB
[11:59:11] Modify product: Uncharacterized protein HI_0431 => putative protein
[11:59:11] Modify product: Shikimate dehydrogenase-like protein HI_0607 => Shikimate dehydrogenase-like protein
[11:59:11] Modify product: UPF0597 protein YhaM => hypothetical protein
[11:59:11] Modify product: UPF0337 protein YjbJ => hypothetical protein
[11:59:11] Modify product: Uncharacterized protein YjbR => putative protein YjbR
[11:59:11] Modify product: Probable cyclic di-GMP phosphodiesterase PdeC => putative cyclic di-GMP phosphodiesterase PdeC
[11:59:11] Modify product: Uncharacterized fimbrial-like protein YcbV => putative fimbrial-like protein YcbV
[11:59:11] Modify product: Probable fimbrial chaperone LpfB => putative fimbrial chaperone LpfB
[11:59:11] Modify product: Probable transcriptional regulator PhnF => putative transcriptional regulator PhnF
[11:59:11] Modify product: UPF0716 protein FxsA => hypothetical protein
[11:59:11] Modify product: Probable outer membrane usher protein ElfC => putative outer membrane usher protein ElfC
[11:59:11] Modify product: Probable L-ascorbate-6-phosphate lactonase UlaG => putative L-ascorbate-6-phosphate lactonase UlaG
[11:59:11] Modify product: Uncharacterized protein YtfJ => putative protein YtfJ
[11:59:11] Modify product: Deacetylase EF_0837 => Deacetylase
[11:59:11] Modify product: Probable licABCH operon regulator => putative licABCH operon regulator
[11:59:11] Modify product: Probable 6-phospho-beta-glucosidase => putative 6-phospho-beta-glucosidase
[11:59:11] Modify product: Type I restriction enzyme BthVORF4518P methylase subunit => Type I restriction enzymeP methylase subunit
[11:59:11] Modify product: Probable succinate transporter subunit YjjB => putative succinate transporter subunit YjjB
[11:59:11] Modify product: Probable succinate transporter subunit YjjP => putative succinate transporter subunit YjjP
[11:59:11] Modify product: Uncharacterized metal-dependent hydrolase YjjV => putative metal-dependent hydrolase YjjV
[11:59:11] Modify product: Probable inner membrane protein Smp => putative inner membrane protein Smp
[11:59:11] Modify product: Uncharacterized lipoprotein YgdR => putative lipoprotein YgdR
[11:59:11] Modify product: Probable galactarate/D-glucarate transporter GudP => putative galactarate/D-glucarate transporter GudP
[11:59:11] Modify product: Probable peptidoglycan glycosyltransferase FtsW => putative peptidoglycan glycosyltransferase FtsW
[11:59:11] Modify product: UPF0231 protein YacL => hypothetical protein
[11:59:11] Modify product: Uncharacterized ABC transporter ATP-binding protein YadG => putative ABC transporter ATP-binding protein YadG
[11:59:11] Modify product: UPF0126 inner membrane protein YadS => hypothetical protein
[11:59:11] Modify product: UPF0253 protein YaeP => hypothetical protein
[11:59:11] Modify product: Uncharacterized protein YaeQ => putative protein YaeQ
[11:59:11] Modify product: Uncharacterized methyltransferase YcgJ => putative methyltransferase YcgJ
[11:59:11] Modify product: Uncharacterized protein Rv2277c => putative protein
[11:59:11] Modify product: Uncharacterized N-acetyltransferase YafP => putative N-acetyltransferase YafP
[11:59:11] Modify product: Uncharacterized protein YjhP => putative protein YjhP
[11:59:11] Modify product: Probable fimbrial chaperone YfcS => putative fimbrial chaperone YfcS
[11:59:11] Modify product: Uncharacterized fimbrial-like protein YfcR => putative fimbrial-like protein YfcR
[11:59:11] Modify product: Probable fimbrial chaperone EcpB => putative fimbrial chaperone EcpB
[11:59:11] Modify product: Probable outer membrane usher protein EcpC => putative outer membrane usher protein EcpC
[11:59:11] Modify product: Probable fimbrial chaperone EcpE => putative fimbrial chaperone EcpE
[11:59:11] Modify product: UPF0178 protein YaiI => hypothetical protein
[11:59:11] Modify product: Uncharacterized protein YaiA => putative protein YaiA
[11:59:12] Modify product: Uncharacterized lipoprotein YajI => putative lipoprotein YajI
[11:59:12] Modify product: Uncharacterized protein HI_1008 => putative protein
[11:59:12] Modify product: Uncharacterized lipoprotein YbaY => putative lipoprotein YbaY
[11:59:12] Modify product: Probable cyclic di-GMP phosphodiesterase PdeB => putative cyclic di-GMP phosphodiesterase PdeB
[11:59:12] Modify product: Probable iron export ATP-binding protein FetA => putative iron export ATP-binding protein FetA
[11:59:12] Modify product: Probable iron export permease protein FetB => putative iron export permease protein FetB
[11:59:12] Modify product: Uncharacterized ABC transporter ATP-binding protein Rv0986 => putative ABC transporter ATP-binding protein
[11:59:12] Modify product: Bifunctional protein FolD => Bifunctional protein FolD protein
[11:59:12] Modify product: Probable fimbrial chaperone YadV => putative fimbrial chaperone YadV
[11:59:12] Modify product: Uncharacterized protein YncE => putative protein YncE
[11:59:12] Modify product: Uncharacterized protein Rv0906 => putative protein
[11:59:12] Modify product: Probable cation-transporting ATPase F => putative cation-transporting ATPase F
[11:59:12] Modify product: Probable D,D-dipeptide transport system permease protein DdpC => putative D,D-dipeptide transport system permease protein DdpC
[11:59:12] Modify product: Probable D,D-dipeptide-binding periplasmic protein DdpA => putative D,D-dipeptide-binding periplasmic protein DdpA
[11:59:12] Modify product: Uncharacterized sugar kinase YdjH => putative sugar kinase YdjH
[11:59:12] Modify product: Uncharacterized protein YbdM => putative protein YbdM
[11:59:12] Modify product: Uncharacterized HTH-type transcriptional regulator YbdO => putative HTH-type transcriptional regulator YbdO
[11:59:12] Modify product: Uncharacterized HTH-type transcriptional regulator YbdO => putative HTH-type transcriptional regulator YbdO
[11:59:12] Modify product: UPF0250 protein YbeD => hypothetical protein
[11:59:12] Modify product: Uncharacterized lipoprotein ChiQ => putative lipoprotein ChiQ
[11:59:12] Modify product: Uncharacterized protein YbfE => putative protein YbfE
[11:59:12] Modify product: GTP cyclohydrolase 1 type 2 homolog => GTP cyclohydrolase 1 type 2 
[11:59:12] Modify product: Probable two-component-system connector protein AriR => putative two-component-system connector protein AriR
[11:59:12] Modify product: Probable two-component-system connector protein YcgZ => putative two-component-system connector protein YcgZ
[11:59:12] Modify product: Probable cation-transporting ATPase F => putative cation-transporting ATPase F
[11:59:12] Modify product: UPF0098 protein YbhB => hypothetical protein
[11:59:12] Modify product: Probable multidrug ABC transporter permease YbhR => putative multidrug ABC transporter permease YbhR
[11:59:12] Modify product: Probable multidrug ABC transporter permease YbhS => putative multidrug ABC transporter permease YbhS
[11:59:12] Modify product: Probable multidrug ABC transporter ATP-binding protein YbhF => putative multidrug ABC transporter ATP-binding protein YbhF
[11:59:12] Modify product: UPF0194 membrane protein YbhG => hypothetical protein
[11:59:12] Modify product: Probable galactarate/D-glucarate transporter GudP => putative galactarate/D-glucarate transporter GudP
[11:59:12] Modify product: Uncharacterized protein YbiB => putative protein YbiB
[11:59:12] Modify product: Uncharacterized protein YbiI => putative protein YbiI
[11:59:12] Modify product: Uncharacterized protein McbA => putative protein McbA
[11:59:12] Modify product: Probable L,D-transpeptidase YbiS => putative L,D-transpeptidase YbiS
[11:59:12] Modify product: Probable ATP-binding protein YbiT => putative ATP-binding protein YbiT
[11:59:12] Modify product: Uncharacterized protein YbiU => putative protein YbiU
[11:59:12] Modify product: Probable dehydratase YbiW => putative dehydratase YbiW
[11:59:12] Modify product: Uncharacterized protein YbjN => putative protein YbjN
[11:59:12] Modify product: Uncharacterized lipoprotein YbjP => putative lipoprotein YbjP
[11:59:12] Modify product: Uncharacterized MFS-type transporter YcaD => putative MFS-type transporter YcaD
[11:59:12] Modify product: UPF0434 protein YcaR => hypothetical protein
[11:59:12] Modify product: Probable L,D-transpeptidase YcbB => putative L,D-transpeptidase YcbB
[11:59:12] Modify product: Uncharacterized protein YcbX => putative protein YcbX
[11:59:12] Modify product: Uncharacterized protein YccU => putative protein YccU
[11:59:12] Modify product: UPF0098 protein YbcL => hypothetical protein
[11:59:12] Modify product: Probable cyclic di-GMP phosphodiesterase PdeG => putative cyclic di-GMP phosphodiesterase PdeG
[11:59:12] Modify product: Probable cyclic di-GMP phosphodiesterase PdeG => putative cyclic di-GMP phosphodiesterase PdeG
[11:59:12] Modify product: Uncharacterized protein YccJ => putative protein YccJ
[11:59:12] Modify product: Probable malonic semialdehyde reductase RutE => putative malonic semialdehyde reductase RutE
[11:59:12] Modify product: Probable hydrolase YcaC => putative hydrolase YcaC
[11:59:12] Modify product: HTH-type transcriptional regulator XC_2801 => HTH-type transcriptional regulator
[11:59:13] Modify product: Probable phosphatase YcdX => putative phosphatase YcdX
[11:59:13] Modify product: Uncharacterized protein YceO => putative protein YceO
[11:59:13] Modify product: Uncharacterized lipoprotein YceB => putative lipoprotein YceB
[11:59:13] Modify product: UPF0502 protein YceH => hypothetical protein
[11:59:13] Modify product: Probable lipid II flippase MurJ => putative lipid II flippase MurJ
[11:59:13] Modify product: Uncharacterized metal-dependent hydrolase YcfH => putative metal-dependent hydrolase YcfH
[11:59:13] Modify product: UPF0227 protein YcfP => hypothetical protein
[11:59:13] Modify product: Probable L,D-transpeptidase YcfS => putative L,D-transpeptidase YcfS
[11:59:13] Modify product: Probable diguanylate cyclase DgcC => putative diguanylate cyclase DgcC
[11:59:13] Modify product: Putative virulence-regulating protein PA2146 => Putative virulence-regulating protein
[11:59:13] Modify product: Uncharacterized membrane protein YoaK => putative membrane protein YoaK
[11:59:13] Modify product: HTH-type transcriptional regulator XC_2801 => HTH-type transcriptional regulator
[11:59:13] Modify product: UPF0229 protein YeaH => hypothetical protein
[11:59:13] Modify product: Uncharacterized acyl-CoA thioester hydrolase HI_0827 => putative acyl-CoA thioester hydrolase
[11:59:13] Modify product: UPF0259 membrane protein YciC => hypothetical protein
[11:59:13] Modify product: PKHD-type hydroxylase Sbal_3634 => PKHD-type hydroxylase
[11:59:13] Modify product: Uncharacterized protein YciO => putative protein YciO
[11:59:13] Modify product: Uncharacterized oxidoreductase YciK => putative oxidoreductase YciK
[11:59:13] Modify product: Probable protease SohB => putative protease SohB
[11:59:13] Modify product: Uncharacterized protein YciH => putative protein YciH
[11:59:13] Modify product: UPF0509 protein YciZ => hypothetical protein
[11:59:13] Modify product: UPF0283 membrane protein YcjF => hypothetical protein
[11:59:13] Modify product: Probable 6-phospho-beta-glucosidase => putative 6-phospho-beta-glucosidase
[11:59:13] Modify product: Uncharacterized protein PA2218 => putative protein
[11:59:13] Modify product: Uncharacterized oxidoreductase YtbE => putative oxidoreductase YtbE
[11:59:13] Modify product: HTH-type transcriptional regulator XC_2801 => HTH-type transcriptional regulator
[11:59:13] Modify product: HTH-type transcriptional regulator XC_2801 => HTH-type transcriptional regulator
[11:59:13] Modify product: Probable D-methionine-binding lipoprotein MetQ => putative D-methionine-binding lipoprotein MetQ
[11:59:13] Modify product: Uncharacterized oxidoreductase YdgJ => putative oxidoreductase YdgJ
[11:59:13] Modify product: Probable phospholipid transport protein YdbH => putative phospholipid transport protein YdbH
[11:59:13] Modify product: Uncharacterized oxidoreductase CzcO => putative oxidoreductase CzcO
[11:59:13] Modify product: Uncharacterized protein YdfO => putative protein YdfO
[11:59:13] Modify product: Probable transporter YedE => putative transporter YedE
[11:59:13] Modify product: Probable DNA endonuclease SmrA => putative DNA endonuclease SmrA
[11:59:13] Modify product: Uncharacterized serine protease YdgD => putative serine protease YdgD
[11:59:13] Modify product: Uncharacterized protein YnfD => putative protein YnfD
[11:59:13] Modify product: UPF0482 protein YnfB => hypothetical protein
[11:59:13] Modify product: UPF0060 membrane protein YnfA => hypothetical protein
[11:59:13] Modify product: Probable L-galactonate transporter => putative L-galactonate transporter
[11:59:13] Modify product: Probable amino-acid metabolite efflux pump => putative amino-acid metabolite efflux pump
[11:59:13] Modify product: UPF0056 inner membrane protein MarC => hypothetical protein
[11:59:13] Modify product: Uncharacterized isomerase YddE => putative isomerase YddE
[11:59:13] Modify product: Probable galactarate/D-glucarate transporter GudP => putative galactarate/D-glucarate transporter GudP
[11:59:13] Modify product: Uncharacterized MFS-type transporter YhhS => putative MFS-type transporter YhhS
[11:59:13] Modify product: Uncharacterized protein YycE => putative protein YycE
[11:59:14] Modify product: Uncharacterized signaling protein CC_0091 => putative signaling protein
[11:59:14] Modify product: Uncharacterized oxidoreductase YkwC => putative oxidoreductase YkwC
[11:59:14] Modify product: Uncharacterized protein PA2218 => putative protein
[11:59:14] Modify product: Putative thiamine biosynthesis protein HI_0357 => Putative thiamine biosynthesis protein
[11:59:14] Modify product: Probable HTH-type transcriptional regulator LrhA => putative HTH-type transcriptional regulator LrhA
[11:59:14] Modify product: HTH-type transcriptional regulator XC_2801 => HTH-type transcriptional regulator
[11:59:14] Modify product: UPF0702 transmembrane protein YetF => hypothetical protein
[11:59:14] Modify product: Uncharacterized oxidoreductase YghA => putative oxidoreductase YghA
[11:59:14] Modify product: HTH-type transcriptional regulator XC_2801 => HTH-type transcriptional regulator
[11:59:14] Modify product: Probable ATP-binding protein YheS => putative ATP-binding protein YheS
[11:59:14] Modify product: Probable D,D-dipeptide transport system permease protein DdpC => putative D,D-dipeptide transport system permease protein DdpC
[11:59:14] Modify product: Probable nitrate reductase molybdenum cofactor assembly chaperone NarW => putative nitrate reductase molybdenum cofactor assembly chaperone NarW
[11:59:14] Modify product: Uncharacterized lipoprotein YgdR => putative lipoprotein YgdR
[11:59:14] Modify product: Uncharacterized protein YncE => putative protein YncE
[11:59:14] Modify product: UPF0381 protein YiiS => hypothetical protein
[11:59:14] Modify product: Uncharacterized protein YdcY => putative protein YdcY
[11:59:14] Modify product: 23S rRNA 5-hydroxycytidine C2501 synthase => 23S rRNA 5-hydroxycytidine synthase
[11:59:14] Modify product: Probable transporter SCO4007 => putative transporter
[11:59:14] Modify product: Uncharacterized oxidoreductase YdgJ => putative oxidoreductase YdgJ
[11:59:14] Modify product: Probable D,D-dipeptide transport ATP-binding protein DdpD => putative D,D-dipeptide transport ATP-binding protein DdpD
[11:59:14] Modify product: Probable chromate transport protein => putative chromate transport protein
[11:59:14] Modify product: Uncharacterized MFS-type transporter Rv2456c => putative MFS-type transporter
[11:59:14] Modify product: Probable succinyl-CoA:3-ketoacid coenzyme A transferase subunit A => putative succinyl-CoA:3-ketoacid coenzyme A transferase subunit A
[11:59:14] Modify product: Probable succinyl-CoA:3-ketoacid coenzyme A transferase subunit B => putative succinyl-CoA:3-ketoacid coenzyme A transferase subunit B
[11:59:14] Modify product: Probable murein peptide carboxypeptidase => putative murein peptide carboxypeptidase
[11:59:14] Modify product: Probable siderophore transport system permease protein YfiZ => putative siderophore transport system permease protein YfiZ
[11:59:14] Modify product: Probable siderophore transport system ATP-binding protein YusV => putative siderophore transport system ATP-binding protein YusV
[11:59:14] Modify product: Probable L,D-transpeptidase YnhG => putative L,D-transpeptidase YnhG
[11:59:14] Modify product: Probable ATP-dependent transporter SufC => putative ATP-dependent transporter SufC
[11:59:14] Modify product: Probable ketoamine kinase HMPREF0351_12196 => putative ketoamine kinase
[11:59:14] Modify product: UPF0056 inner membrane protein MarC => hypothetical protein
[11:59:14] Modify product: Uncharacterized NTE family protein Rv1063c => putative NTE family protein
[11:59:14] Modify product: UPF0225 protein YchJ => hypothetical protein
[11:59:14] Modify product: Uncharacterized protein Rv2569c => putative protein
[11:59:14] Modify product: Uncharacterized protein Rv2567 => putative protein
[11:59:14] Modify product: Uncharacterized protein Rv2411c => putative protein
[11:59:14] Modify product: Uncharacterized protein YeaR => putative protein YeaR
[11:59:14] Modify product: Nudix hydrolase DR_1184 => Nudix hydrolase
[11:59:14] Modify product: Probable cyclic di-GMP phosphodiesterase PdeD => putative cyclic di-GMP phosphodiesterase PdeD
[11:59:14] Modify product: UPF0053 inner membrane protein YoaE => hypothetical protein
[11:59:14] Modify product: Probable manganese efflux pump MntP => putative manganese efflux pump MntP
[11:59:14] Modify product: Uncharacterized protein YebV => putative protein YebV
[11:59:14] Modify product: Uncharacterized protein HI_0461 => putative protein
[11:59:14] Modify product: Uncharacterized protein YebY => putative protein YebY
[11:59:15] Modify product: Probable transcriptional regulatory protein YebC => putative transcriptional regulatory protein YebC
[11:59:15] Modify product: Probable transport protein HsrA => putative transport protein HsrA
[11:59:15] Modify product: Probable diguanylate cyclase DgcQ => putative diguanylate cyclase DgcQ
[11:59:15] Modify product: Uncharacterized inner membrane transporter YedA => putative inner membrane transporter YedA
[11:59:15] Modify product: Uncharacterized protein YedJ => putative protein YedJ
[11:59:15] Modify product: HTH-type transcriptional regulator XC_2801 => HTH-type transcriptional regulator
[11:59:15] Modify product: Probable L,D-transpeptidase ErfK/SrfK => putative L,D-transpeptidase ErfK/SrfK
[11:59:15] Modify product: Probable acrylyl-CoA reductase AcuI => putative acrylyl-CoA reductase AcuI
[11:59:15] Modify product: Probable FMN/FAD exporter YeeO => putative FMN/FAD exporter YeeO
[11:59:15] Modify product: Uncharacterized protein YeaR => putative protein YeaR
[11:59:15] Modify product: UPF0053 inner membrane protein YoaE => hypothetical protein
[11:59:15] Modify product: Probable lipid kinase YegS => putative lipid kinase YegS
[11:59:15] Modify product: Probable D,D-dipeptide transport system permease protein DdpC => putative D,D-dipeptide transport system permease protein DdpC
[11:59:15] Modify product: Probable D,D-dipeptide-binding periplasmic protein DdpA => putative D,D-dipeptide-binding periplasmic protein DdpA
[11:59:15] Modify product: Uncharacterized N-acetyltransferase YafP => putative N-acetyltransferase YafP
[11:59:15] Modify product: UPF0387 membrane protein YohO => hypothetical protein
[11:59:15] Modify product: UPF0299 membrane protein YohJ => hypothetical protein
[11:59:15] Modify product: Uncharacterized HTH-type transcriptional regulator YeiE => putative HTH-type transcriptional regulator YeiE
[11:59:15] Modify product: UPF0324 inner membrane protein YeiH => hypothetical protein
[11:59:15] Modify product: Probable cyclic di-GMP phosphodiesterase PdeN => putative cyclic di-GMP phosphodiesterase PdeN
[11:59:15] Modify product: Uncharacterized protein YejA => putative protein YejA
[11:59:15] Modify product: Uncharacterized ABC transporter ATP-binding protein YejF => putative ABC transporter ATP-binding protein YejF
[11:59:15] Modify product: Uncharacterized protein YejG => putative protein YejG
[11:59:15] Modify product: UPF0352 protein YejL => hypothetical protein
[11:59:15] Modify product: Putative transport protein Rv1101c => Putative transport protein
[11:59:15] Modify product: Uncharacterized HTH-type transcriptional regulator RhmR => putative HTH-type transcriptional regulator RhmR
[11:59:15] Modify product: Probable HTH-type transcriptional regulator LrhA => putative HTH-type transcriptional regulator LrhA
[11:59:15] Modify product: UPF0304 protein YfbU => hypothetical protein
[11:59:15] Modify product: UPF0208 membrane protein YfbV => hypothetical protein
[11:59:15] Modify product: Uncharacterized Nudix hydrolase YfcD => putative Nudix hydrolase YfcD
[11:59:15] Modify product: Epimerase family protein SA0724 => Epimerase family protein
[11:59:15] Modify product: Uncharacterized MFS-type transporter YfcJ => putative MFS-type transporter YfcJ
[11:59:15] Modify product: Probable membrane transporter protein YfcA => putative membrane transporter protein YfcA
[11:59:15] Modify product: UPF0381 protein YiiS => hypothetical protein
[11:59:15] Modify product: Uncharacterized fimbrial-like protein YbgD => putative fimbrial-like protein YbgD
[11:59:15] Modify product: Probable fimbrial chaperone YfcS => putative fimbrial chaperone YfcS
[11:59:15] Modify product: Uncharacterized oxidoreductase Rv1350 => putative oxidoreductase
[11:59:15] Modify product: Uncharacterized oxidoreductase SA2266 => putative oxidoreductase
[11:59:15] Modify product: Uncharacterized transporter YycB => putative transporter YycB
[11:59:15] Modify product: Probable cyclic di-GMP phosphodiesterase PdeA => putative cyclic di-GMP phosphodiesterase PdeA
[11:59:15] Modify product: Uncharacterized protein YybH => putative protein YybH
[11:59:15] Modify product: Uncharacterized protein YfeY => putative protein YfeY
[11:59:15] Modify product: Probable ethanolamine permease EutH => putative ethanolamine permease EutH
[11:59:15] Modify product: Probable alcohol dehydrogenase EutG => putative alcohol dehydrogenase EutG
[11:59:15] Modify product: Probable acetate kinase EutP => putative acetate kinase EutP
[11:59:15] Modify product: Uncharacterized protein YfgD => putative protein YfgD
[11:59:15] Modify product: Uncharacterized protein YfgJ => putative protein YfgJ
[11:59:15] Modify product: Probable 3-phenylpropionic acid transporter => putative 3-phenylpropionic acid transporter
[11:59:15] Modify product: Uncharacterized protein YphB => putative protein YphB
[11:59:16] Modify product: Uncharacterized tRNA/rRNA methyltransferase YfiF => putative tRNA/rRNA methyltransferase YfiF
[11:59:16] Modify product: UPF0053 inner membrane protein YfjD => hypothetical protein
[11:59:16] Modify product: UPF0125 protein RatB => hypothetical protein
[11:59:16] Modify product: HTH-type transcriptional regulator XC_2801 => HTH-type transcriptional regulator
[11:59:16] Modify product: Probable fimbrial chaperone YraI => putative fimbrial chaperone YraI
[11:59:16] Modify product: Uncharacterized protein YgaM => putative protein YgaM
[11:59:16] Modify product: Probable UbiX-like flavin prenyltransferase => putative UbiX-like flavin prenyltransferase
[11:59:16] Modify product: Probable galactarate/D-glucarate transporter GudP => putative galactarate/D-glucarate transporter GudP
[11:59:16] Modify product: Uncharacterized protein YqcC => putative protein YqcC
[11:59:16] Modify product: Probable FMNH2-dependent monooxygenase SfnC => putative FMNH2-dependent monooxygenase SfnC
[11:59:16] Modify product: Uncharacterized HTH-type transcriptional regulator YdjF => putative HTH-type transcriptional regulator YdjF
[11:59:16] Modify product: UPF0382 inner membrane protein YgdD => hypothetical protein
[11:59:16] Modify product: Uncharacterized lipoprotein YgdR => putative lipoprotein YgdR
[11:59:16] Modify product: Probable cobalt-factor III C(17)-methyltransferase => putative cobalt-factor III C(17)-methyltransferase
[11:59:16] Modify product: UPF0053 inner membrane protein YgdQ => hypothetical protein
[11:59:16] Modify product: Uncharacterized lipoprotein YgdR => putative lipoprotein YgdR
[11:59:16] Modify product: Probable fimbrial chaperone YadV => putative fimbrial chaperone YadV
[11:59:16] Modify product: Uncharacterized protein YjdJ => putative protein YjdJ
[11:59:16] Modify product: UPF0073 inner membrane protein YqfA => hypothetical protein
[11:59:16] Modify product: Uncharacterized oxidoreductase YgfF => putative oxidoreductase YgfF
[11:59:16] Modify product: UPF0149 protein HI_0817 => hypothetical protein
[11:59:16] Modify product: Probable sulfoacetate transporter SauU => putative sulfoacetate transporter SauU
[11:59:16] Modify product: Probable L-galactonate transporter => putative L-galactonate transporter
[11:59:16] Modify product: UPF0301 protein YqgE => hypothetical protein
[11:59:16] Modify product: Uncharacterized protein YggR => putative protein YggR
[11:59:16] Modify product: UPF0235 protein YggU => hypothetical protein
[11:59:17] Modify product: Uncharacterized protein HI_0341 => putative protein
[11:59:17] Modify product: Probable Fe(2+)-trafficking protein => putative Fe(2+)-trafficking protein
[11:59:17] Modify product: Uncharacterized membrane protein YdfK => putative membrane protein YdfK
[11:59:17] Modify product: HTH-type transcriptional regulator XC_2801 => HTH-type transcriptional regulator
[11:59:17] Modify product: Probable HTH-type transcriptional regulator STM3175 => putative HTH-type transcriptional regulator
[11:59:17] Modify product: Probable quinol monooxygenase YgiN => putative quinol monooxygenase YgiN
[11:59:17] Modify product: Probable glycerol-3-phosphate acyltransferase => putative glycerol-3-phosphate acyltransferase
[11:59:17] Modify product: Uncharacterized protein YqjD => putative protein YqjD
[11:59:17] Modify product: Probable galactarate/D-glucarate transporter GarP => putative galactarate/D-glucarate transporter GarP
[11:59:17] Modify product: UPF0102 protein RPA0323 => hypothetical protein
[11:59:17] Modify product: Uncharacterized inner membrane transporter YhbE => putative inner membrane transporter YhbE
[11:59:17] Modify product: Uncharacterized protein YhcO => putative protein YhcO
[11:59:17] Modify product: Uncharacterized membrane protein YhdT => putative membrane protein YhdT
[11:59:17] Modify product: Protein SlyX homolog => Protein SlyX 
[11:59:17] Modify product: Probable ATP-binding protein YheS => putative ATP-binding protein YheS
[11:59:17] Modify product: UPF0270 protein PA3463 => hypothetical protein
[11:59:17] Modify product: Probable protein adenylyltransferase Fic => putative protein adenylyltransferase Fic
[11:59:17] Modify product: Uncharacterized protein YhfG => putative protein YhfG
[11:59:17] Modify product: Probable [Fe-S]-dependent transcriptional repressor => putative [Fe-S]-dependent transcriptional repressor
[11:59:18] Modify product: Uncharacterized oxidoreductase YhhX => putative oxidoreductase YhhX
[11:59:18] Modify product: Uncharacterized protein YhhA => putative protein YhhA
[11:59:18] Modify product: Uncharacterized MFS-type transporter YhhS => putative MFS-type transporter YhhS
[11:59:18] Modify product: Probable 4-amino-4-deoxy-L-arabinose-phosphoundecaprenol flippase subunit ArnF => putative 4-amino-4-deoxy-L-arabinose-phosphoundecaprenol flippase subunit ArnF
[11:59:18] Modify product: Probable 4-amino-4-deoxy-L-arabinose-phosphoundecaprenol flippase subunit ArnE => putative 4-amino-4-deoxy-L-arabinose-phosphoundecaprenol flippase subunit ArnE
[11:59:18] Modify product: Probable 4-deoxy-4-formamido-L-arabinose-phosphoundecaprenol deformylase ArnD => putative 4-deoxy-4-formamido-L-arabinose-phosphoundecaprenol deformylase ArnD
[11:59:18] Modify product: Probable cyclic di-GMP phosphodiesterase PdeK => putative cyclic di-GMP phosphodiesterase PdeK
[11:59:18] Modify product: Uncharacterized MFS-type transporter YhjX => putative MFS-type transporter YhjX
[11:59:18] Modify product: Probable lipoprotein YiaD => putative lipoprotein YiaD
[11:59:18] Modify product: Probable ATP-binding protein YheS => putative ATP-binding protein YheS
[11:59:18] Modify product: Uncharacterized GST-like protein YibF => putative GST-like protein YibF
[11:59:18] Modify product: Uncharacterized protein YibL => putative protein YibL
[11:59:18] Modify product: Uncharacterized protein YibN => putative protein YibN
[11:59:18] Modify product: UPF0758 protein YsxA => hypothetical protein
[11:59:18] Modify product: Probable multidrug ABC transporter permease YbhR => putative multidrug ABC transporter permease YbhR
[11:59:18] Modify product: Probable multidrug ABC transporter ATP-binding protein YbhF => putative multidrug ABC transporter ATP-binding protein YbhF
[11:59:18] Modify product: UPF0194 membrane protein YbhG => hypothetical protein
[11:59:18] Modify product: Uncharacterized protein MT2054 => putative protein
[11:59:18] Modify product: UPF0126 inner membrane protein YicG => hypothetical protein
[11:59:18] Modify product: Riboflavin biosynthesis protein VVA0006 => Riboflavin biosynthesis protein
[11:59:18] Modify product: UPF0311 protein CA_C3321 => hypothetical protein
[11:59:18] Modify product: Zinc-type alcohol dehydrogenase-like protein SA1988 => Zinc-type alcohol dehydrogenase-like protein
[11:59:18] Modify product: Acetyltransferase Atu2258 => Acetyltransferase
[11:59:18] Modify product: Probable aminoglycoside efflux pump => putative aminoglycoside efflux pump
[11:59:18] Modify product: Uncharacterized inner membrane transporter YicL => putative inner membrane transporter YicL
[11:59:18] Modify product: HTH-type transcriptional regulator Cphy_2742 => HTH-type transcriptional regulator
[11:59:19] Modify product: Probable transport protein HsrA => putative transport protein HsrA
[11:59:19] Modify product: Uncharacterized oxidoreductase YghA => putative oxidoreductase YghA
[11:59:19] Modify product: Pentapeptide repeat protein VPA0095 => Pentapeptide repeat protein
[11:59:19] Cleaned 313 /product names
[11:59:19] Deleting unwanted file: results/prokka_annotations/GCA_055721665.1/GCA_055721665.1.sprot.tmp.36815.faa
[11:59:19] Deleting unwanted file: results/prokka_annotations/GCA_055721665.1/GCA_055721665.1.sprot.tmp.36815.blast
[11:59:19] There are still 1257 unannotated CDS left (started with 5100)
[11:59:19] Will use hmmer3 to search against /opt/conda/envs/prokka_env/db/hmm/HAMAP.hmm with 2 CPUs
[11:59:19] Running: cat results\/prokka_annotations\/GCA_055721665\.1\/GCA_055721665\.1\.HAMAP\.hmm\.tmp\.36815\.faa | parallel --gnu --plain -j 2 --block 78142 --recstart '>' --pipe hmmscan --noali --notextw --acc -E 1e-09 --cpu 1 /opt/conda/envs/prokka_env/db/hmm/HAMAP.hmm /dev/stdin > results\/prokka_annotations\/GCA_055721665\.1\/GCA_055721665\.1\.HAMAP\.hmm\.tmp\.36815\.hmmer3 2> /dev/null
[12:00:11] Modify product: Uncharacterized MFS-type transporter YcaD => putative MFS-type transporter YcaD
[12:00:12] Cleaned 1 /product names
[12:00:12] Deleting unwanted file: results/prokka_annotations/GCA_055721665.1/GCA_055721665.1.HAMAP.hmm.tmp.36815.faa
[12:00:12] Deleting unwanted file: results/prokka_annotations/GCA_055721665.1/GCA_055721665.1.HAMAP.hmm.tmp.36815.hmmer3
[12:00:12] Labelling remaining 1127 proteins as 'hypothetical protein'
[12:00:12] Possible /pseudo 'Formate dehydrogenase-O major subunit' at CM146774.1 position 32994
[12:00:12] Possible /pseudo 'Peptidyl-prolyl cis-trans isomerase C' at CM146774.1 position 123182
[12:00:12] Possible /pseudo 'Transcription termination factor Rho' at CM146774.1 position 133009
[12:00:12] Possible /pseudo 'Formate dehydrogenase H' at CM146774.1 position 348992
[12:00:12] Possible /pseudo 'IS3 family transposase ISKpn1' at CM146774.1 position 377371
[12:00:12] Possible /pseudo 'Miniconductance mechanosensitive channel MscM' at CM146774.1 position 429469
[12:00:12] Possible /pseudo 'IS3 family transposase IS1400' at CM146774.1 position 625380
[12:00:12] Possible /pseudo 'IS3 family transposase IS1400' at CM146774.1 position 632097
[12:00:12] Possible /pseudo 'Homoprotocatechuate catabolism bifunctional isomerase/decarboxylase' at CM146774.1 position 721641
[12:00:12] Possible /pseudo '[Ribosomal protein bS18]-alanine N-acetyltransferase' at CM146774.1 position 741051
[12:00:12] Possible /pseudo 'Chaperone protein DnaK' at CM146774.1 position 811547
[12:00:12] Possible /pseudo 'Protein translocase subunit SecA' at CM146774.1 position 918612
[12:00:12] Possible /pseudo 'Protein AmpE' at CM146774.1 position 928987
[12:00:12] Possible /pseudo 'Pullulanase' at CM146774.1 position 984536
[12:00:12] Possible /pseudo 'IS3 family transposase ISKpn1' at CM146774.1 position 1129724
[12:00:12] Possible /pseudo 'Thiamine-monophosphate kinase' at CM146774.1 position 1216134
[12:00:12] Possible /pseudo 'Ferrochelatase' at CM146774.1 position 1309087
[12:00:12] Possible /pseudo 'Enterobactin synthase component F' at CM146774.1 position 1492484
[12:00:12] Possible /pseudo 'putative cyclic di-GMP phosphodiesterase PdeG' at CM146774.1 position 1925118
[12:00:12] Possible /pseudo 'IS3 family transposase ISKpn1' at CM146774.1 position 2504281
[12:00:12] Possible /pseudo 'Protein YdgH' at CM146774.1 position 2513536
[12:00:12] Possible /pseudo 'High-affinity branched-chain amino acid transport ATP-binding protein LivF' at CM146774.1 position 2619544
[12:00:12] Possible /pseudo 'IS110 family transposase ISEsa2' at CM146774.1 position 2720515
[12:00:12] Possible /pseudo 'Formate dehydrogenase, nitrate-inducible, major subunit' at CM146774.1 position 2868516
[12:00:12] Possible /pseudo 'Isoxanthopterin deaminase' at CM146774.1 position 3034979
[12:00:12] Possible /pseudo 'L-lactate dehydrogenase' at CM146774.1 position 3152989
[12:00:12] Possible /pseudo 'Hercynine oxygenase' at CM146774.1 position 3280485
[12:00:12] Possible /pseudo 'Hercynine oxygenase' at CM146774.1 position 3281554
[12:00:12] Possible /pseudo 'Hercynine oxygenase' at CM146774.1 position 3282631
[12:00:12] Possible /pseudo 'putative protein' at CM146774.1 position 3325494
[12:00:12] Possible /pseudo 'putative protein' at CM146774.1 position 3326417
[12:00:12] Possible /pseudo 'Multidrug resistance protein MdtB' at CM146774.1 position 3611546
[12:00:12] Possible /pseudo 'Transcriptional repressor PifC' at CM146774.1 position 3886958
[12:00:12] Possible /pseudo 'Nitric oxide reductase FlRd-NAD(+) reductase' at CM146774.1 position 4206644
[12:00:12] Possible /pseudo 'Manganese transport system membrane protein MntB' at CM146774.1 position 4243596
[12:00:12] Possible /pseudo 'Glycerate 2-kinase' at CM146774.1 position 4312030
[12:00:12] Possible /pseudo '2-dehydro-3-deoxy-D-gluconate 5-dehydrogenase' at CM146774.1 position 4443244
[12:00:12] Possible /pseudo 'ISKra4 family transposase ISCep1' at CM146774.1 position 4465406
[12:00:12] Possible /pseudo 'Ribosomal RNA large subunit methyltransferase J' at CM146774.1 position 5058405
[12:00:12] Possible /pseudo 'Arsenate reductase' at JBVQRY010000003.1 position 45387
[12:00:12] Found 3135 unique /gene codes.
[12:00:12] Fixed 2 duplicate /gene - lysN_1 lysN_2
[12:00:12] Fixed 2 duplicate /gene - ybdO_1 ybdO_2
[12:00:12] Fixed 3 duplicate /gene - kduD_1 kduD_2 kduD_3
[12:00:12] Fixed 5 duplicate /gene - uup_1 uup_2 uup_3 uup_4 uup_5
[12:00:12] Fixed 2 duplicate /gene - ada_1 ada_2
[12:00:12] Fixed 2 duplicate /gene - ssuC_1 ssuC_2
[12:00:12] Fixed 2 duplicate /gene - sdaC_1 sdaC_2
[12:00:12] Fixed 9 duplicate /gene - fabG_1 fabG_2 fabG_3 fabG_4 fabG_5 fabG_6 fabG_7 fabG_8 fabG_9
[12:00:12] Fixed 2 duplicate /gene - dnaC_1 dnaC_2
[12:00:12] Fixed 2 duplicate /gene - vapC_1 vapC_2
[12:00:12] Fixed 2 duplicate /gene - gdhA_1 gdhA_2
[12:00:12] Fixed 2 duplicate /gene - carA_1 carA_2
[12:00:12] Fixed 2 duplicate /gene - ftsI_1 ftsI_2
[12:00:12] Fixed 2 duplicate /gene - glpE_1 glpE_2
[12:00:12] Fixed 2 duplicate /gene - aroP_1 aroP_2
[12:00:12] Fixed 6 duplicate /gene - tcyJ_1 tcyJ_2 tcyJ_3 tcyJ_4 tcyJ_5 tcyJ_6
[12:00:12] Fixed 3 duplicate /gene - rbsR_1 rbsR_2 rbsR_3
[12:00:12] Fixed 2 duplicate /gene - klcA_1 klcA_2
[12:00:12] Fixed 2 duplicate /gene - iolU_1 iolU_2
[12:00:12] Fixed 2 duplicate /gene - pifC_1 pifC_2
[12:00:12] Fixed 2 duplicate /gene - hcaR_1 hcaR_2
[12:00:12] Fixed 2 duplicate /gene - map_1 map_2
[12:00:12] Fixed 2 duplicate /gene - cds1_1 cds1_2
[12:00:12] Fixed 2 duplicate /gene - astC_1 astC_2
[12:00:12] Fixed 2 duplicate /gene - dppD_1 dppD_2
[12:00:12] Fixed 2 duplicate /gene - roxA_1 roxA_2
[12:00:12] Fixed 2 duplicate /gene - ugpB_1 ugpB_2
[12:00:12] Fixed 2 duplicate /gene - eutC_1 eutC_2
[12:00:12] Fixed 2 duplicate /gene - bla_1 bla_2
[12:00:12] Fixed 2 duplicate /gene - xanP_1 xanP_2
[12:00:12] Fixed 2 duplicate /gene - dmsA_1 dmsA_2
[12:00:12] Fixed 2 duplicate /gene - rfbD_1 rfbD_2
[12:00:12] Fixed 4 duplicate /gene - aaeR_1 aaeR_2 aaeR_3 aaeR_4
[12:00:12] Fixed 3 duplicate /gene - ridA_1 ridA_2 ridA_3
[12:00:12] Fixed 3 duplicate /gene - glcR_1 glcR_2 glcR_3
[12:00:12] Fixed 2 duplicate /gene - oprM_1 oprM_2
[12:00:12] Fixed 2 duplicate /gene - icd_1 icd_2
[12:00:12] Fixed 2 duplicate /gene - srlB_1 srlB_2
[12:00:12] Fixed 2 duplicate /gene - fhuC_1 fhuC_2
[12:00:12] Fixed 2 duplicate /gene - oadB_1 oadB_2
[12:00:12] Fixed 2 duplicate /gene - rdgC_1 rdgC_2
[12:00:12] Fixed 2 duplicate /gene - fimC_1 fimC_2
[12:00:12] Fixed 2 duplicate /gene - hisQ_1 hisQ_2
[12:00:12] Fixed 3 duplicate /gene - dppB_1 dppB_2 dppB_3
[12:00:12] Fixed 2 duplicate /gene - hpcE_1 hpcE_2
[12:00:12] Fixed 2 duplicate /gene - guaD_1 guaD_2
[12:00:12] Fixed 3 duplicate /gene - cytR_1 cytR_2 cytR_3
[12:00:12] Fixed 2 duplicate /gene - agp_1 agp_2
[12:00:12] Fixed 2 duplicate /gene - glpT_1 glpT_2
[12:00:12] Fixed 2 duplicate /gene - dhaL_1 dhaL_2
[12:00:12] Fixed 4 duplicate /gene - gsiC_1 gsiC_2 gsiC_3 gsiC_4
[12:00:12] Fixed 3 duplicate /gene - oppF_1 oppF_2 oppF_3
[12:00:12] Fixed 2 duplicate /gene - mdtH_1 mdtH_2
[12:00:12] Fixed 2 duplicate /gene - hpf_1 hpf_2
[12:00:12] Fixed 2 duplicate /gene - aaeB_1 aaeB_2
[12:00:12] Fixed 3 duplicate /gene - gltC_1 gltC_2 gltC_3
[12:00:12] Fixed 2 duplicate /gene - yeaR_1 yeaR_2
[12:00:12] Fixed 3 duplicate /gene - rhtC_1 rhtC_2 rhtC_3
[12:00:12] Fixed 2 duplicate /gene - ygaZ_1 ygaZ_2
[12:00:12] Fixed 3 duplicate /gene - srlR_1 srlR_2 srlR_3
[12:00:12] Fixed 4 duplicate /gene - iolG_1 iolG_2 iolG_3 iolG_4
[12:00:12] Fixed 2 duplicate /gene - norG_1 norG_2
[12:00:12] Fixed 2 duplicate /gene - smc_1 smc_2
[12:00:12] Fixed 2 duplicate /gene - gmuD_1 gmuD_2
[12:00:12] Fixed 3 duplicate /gene - sotB_1 sotB_2 sotB_3
[12:00:12] Fixed 3 duplicate /gene - mglA_1 mglA_2 mglA_3
[12:00:12] Fixed 2 duplicate /gene - ydgH_1 ydgH_2
[12:00:12] Fixed 2 duplicate /gene - amaB_1 amaB_2
[12:00:12] Fixed 2 duplicate /gene - fucP_1 fucP_2
[12:00:12] Fixed 2 duplicate /gene - htrE_1 htrE_2
[12:00:12] Fixed 2 duplicate /gene - lexA_1 lexA_2
[12:00:12] Fixed 2 duplicate /gene - zapE_1 zapE_2
[12:00:12] Fixed 2 duplicate /gene - mepS_1 mepS_2
[12:00:12] Fixed 2 duplicate /gene - can_1 can_2
[12:00:12] Fixed 3 duplicate /gene - pcaK_1 pcaK_2 pcaK_3
[12:00:12] Fixed 2 duplicate /gene - yadV_1 yadV_2
[12:00:12] Fixed 2 duplicate /gene - aspT_1 aspT_2
[12:00:12] Fixed 2 duplicate /gene - yhhS_1 yhhS_2
[12:00:12] Fixed 2 duplicate /gene - tssK1_1 tssK1_2
[12:00:12] Fixed 2 duplicate /gene - argE_1 argE_2
[12:00:12] Fixed 2 duplicate /gene - sutR_1 sutR_2
[12:00:12] Fixed 5 duplicate /gene - pgrR_1 pgrR_2 pgrR_3 pgrR_4 pgrR_5
[12:00:12] Fixed 3 duplicate /gene - hmuU_1 hmuU_2 hmuU_3
[12:00:12] Fixed 2 duplicate /gene - bglH_1 bglH_2
[12:00:12] Fixed 2 duplicate /gene - codA_1 codA_2
[12:00:12] Fixed 3 duplicate /gene - iprA_1 iprA_2 iprA_3
[12:00:12] Fixed 2 duplicate /gene - symE_1 symE_2
[12:00:12] Fixed 3 duplicate /gene - dppF_1 dppF_2 dppF_3
[12:00:12] Fixed 2 duplicate /gene - frlB_1 frlB_2
[12:00:12] Fixed 3 duplicate /gene - tsaR_1 tsaR_2 tsaR_3
[12:00:12] Fixed 2 duplicate /gene - ilvB_1 ilvB_2
[12:00:12] Fixed 2 duplicate /gene - por_1 por_2
[12:00:12] Fixed 2 duplicate /gene - fusA1_1 fusA1_2
[12:00:12] Fixed 2 duplicate /gene - hisJ_1 hisJ_2
[12:00:12] Fixed 3 duplicate /gene - norW_1 norW_2 norW_3
[12:00:12] Fixed 2 duplicate /gene - pspF_1 pspF_2
[12:00:12] Fixed 2 duplicate /gene - ulaB_1 ulaB_2
[12:00:12] Fixed 3 duplicate /gene - oppD_1 oppD_2 oppD_3
[12:00:12] Fixed 2 duplicate /gene - yncA_1 yncA_2
[12:00:12] Fixed 2 duplicate /gene - hsrA_1 hsrA_2
[12:00:12] Fixed 2 duplicate /gene - fepA_1 fepA_2
[12:00:12] Fixed 3 duplicate /gene - citG_1 citG_2 citG_3
[12:00:12] Fixed 4 duplicate /gene - rbsB_1 rbsB_2 rbsB_3 rbsB_4
[12:00:12] Fixed 5 duplicate /gene - mntB_1 mntB_2 mntB_3 mntB_4 mntB_5
[12:00:12] Fixed 2 duplicate /gene - yohK_1 yohK_2
[12:00:12] Fixed 2 duplicate /gene - lacI_1 lacI_2
[12:00:12] Fixed 3 duplicate /gene - livH_1 livH_2 livH_3
[12:00:12] Fixed 3 duplicate /gene - cydB_1 cydB_2 cydB_3
[12:00:12] Fixed 2 duplicate /gene - yncE_1 yncE_2
[12:00:12] Fixed 2 duplicate /gene - dsdC_1 dsdC_2
[12:00:12] Fixed 3 duplicate /gene - ddpC_1 ddpC_2 ddpC_3
[12:00:12] Fixed 3 duplicate /gene - umuC_1 umuC_2 umuC_3
[12:00:12] Fixed 2 duplicate /gene - cobT_1 cobT_2
[12:00:12] Fixed 2 duplicate /gene - pdeH_1 pdeH_2
[12:00:12] Fixed 2 duplicate /gene - yiaW_1 yiaW_2
[12:00:12] Fixed 2 duplicate /gene - dgoK_1 dgoK_2
[12:00:12] Fixed 3 duplicate /gene - ascG_1 ascG_2 ascG_3
[12:00:12] Fixed 2 duplicate /gene - ppa_1 ppa_2
[12:00:12] Fixed 5 duplicate /gene - norR_1 norR_2 norR_3 norR_4 norR_5
[12:00:12] Fixed 3 duplicate /gene - uspG_1 uspG_2 uspG_3
[12:00:12] Fixed 3 duplicate /gene - lsrD_1 lsrD_2 lsrD_3
[12:00:12] Fixed 3 duplicate /gene - celA_1 celA_2 celA_3
[12:00:12] Fixed 2 duplicate /gene - stpA_1 stpA_2
[12:00:12] Fixed 2 duplicate /gene - ahpC_1 ahpC_2
[12:00:12] Fixed 3 duplicate /gene - yhaJ_1 yhaJ_2 yhaJ_3
[12:00:12] Fixed 2 duplicate /gene - oadG_1 oadG_2
[12:00:12] Fixed 2 duplicate /gene - dapD_1 dapD_2
[12:00:12] Fixed 2 duplicate /gene - ybhF_1 ybhF_2
[12:00:12] Fixed 2 duplicate /gene - rho_1 rho_2
[12:00:12] Fixed 2 duplicate /gene - xylA_1 xylA_2
[12:00:12] Fixed 3 duplicate /gene - ssuA_1 ssuA_2 ssuA_3
[12:00:12] Fixed 2 duplicate /gene - ribX_1 ribX_2
[12:00:12] Fixed 2 duplicate /gene - pyrG_1 pyrG_2
[12:00:12] Fixed 2 duplicate /gene - arsB_1 arsB_2
[12:00:12] Fixed 2 duplicate /gene - azoR_1 azoR_2
[12:00:12] Fixed 3 duplicate /gene - lsrB_1 lsrB_2 lsrB_3
[12:00:12] Fixed 2 duplicate /gene - vgrG2b_1 vgrG2b_2
[12:00:12] Fixed 3 duplicate /gene - yheS_1 yheS_2 yheS_3
[12:00:12] Fixed 2 duplicate /gene - rocC_1 rocC_2
[12:00:12] Fixed 2 duplicate /gene - yfcS_1 yfcS_2
[12:00:12] Fixed 3 duplicate /gene - aroE_1 aroE_2 aroE_3
[12:00:12] Fixed 3 duplicate /gene - pduO_1 pduO_2 pduO_3
[12:00:12] Fixed 2 duplicate /gene - rep_1 rep_2
[12:00:12] Fixed 2 duplicate /gene - yciE_1 yciE_2
[12:00:12] Fixed 2 duplicate /gene - glgC_1 glgC_2
[12:00:12] Fixed 2 duplicate /gene - acrB_1 acrB_2
[12:00:12] Fixed 4 duplicate /gene - metQ_1 metQ_2 metQ_3 metQ_4
[12:00:12] Fixed 4 duplicate /gene - sorB_1 sorB_2 sorB_3 sorB_4
[12:00:12] Fixed 4 duplicate /gene - menH_1 menH_2 menH_3 menH_4
[12:00:12] Fixed 2 duplicate /gene - rppH_1 rppH_2
[12:00:12] Fixed 2 duplicate /gene - bepA_1 bepA_2
[12:00:12] Fixed 3 duplicate /gene - suhB_1 suhB_2 suhB_3
[12:00:12] Fixed 2 duplicate /gene - lgdh_1 lgdh_2
[12:00:12] Fixed 2 duplicate /gene - ibpB_1 ibpB_2
[12:00:12] Fixed 4 duplicate /gene - metI_1 metI_2 metI_3 metI_4
[12:00:12] Fixed 3 duplicate /gene - pncC_1 pncC_2 pncC_3
[12:00:12] Fixed 2 duplicate /gene - gsiA_1 gsiA_2
[12:00:12] Fixed 2 duplicate /gene - lyx_1 lyx_2
[12:00:12] Fixed 2 duplicate /gene - dmsC_1 dmsC_2
[12:00:12] Fixed 2 duplicate /gene - astA_1 astA_2
[12:00:12] Fixed 3 duplicate /gene - gabR_1 gabR_2 gabR_3
[12:00:12] Fixed 2 duplicate /gene - fhuA_1 fhuA_2
[12:00:12] Fixed 2 duplicate /gene - ppiC_1 ppiC_2
[12:00:12] Fixed 2 duplicate /gene - mdtM_1 mdtM_2
[12:00:12] Fixed 2 duplicate /gene - fabD_1 fabD_2
[12:00:12] Fixed 2 duplicate /gene - astE_1 astE_2
[12:00:12] Fixed 3 duplicate /gene - lldR_1 lldR_2 lldR_3
[12:00:12] Fixed 2 duplicate /gene - ybhR_1 ybhR_2
[12:00:12] Fixed 4 duplicate /gene - rcsC_1 rcsC_2 rcsC_3 rcsC_4
[12:00:12] Fixed 6 duplicate /gene - licC_1 licC_2 licC_3 licC_4 licC_5 licC_6
[12:00:12] Fixed 2 duplicate /gene - rluA_1 rluA_2
[12:00:12] Fixed 2 duplicate /gene - gabD_1 gabD_2
[12:00:12] Fixed 2 duplicate /gene - rbn_1 rbn_2
[12:00:12] Fixed 2 duplicate /gene - cobC_1 cobC_2
[12:00:12] Fixed 2 duplicate /gene - ydfK_1 ydfK_2
[12:00:12] Fixed 3 duplicate /gene - emrA_1 emrA_2 emrA_3
[12:00:12] Fixed 2 duplicate /gene - manX_1 manX_2
[12:00:12] Fixed 2 duplicate /gene - ompR_1 ompR_2
[12:00:12] Fixed 3 duplicate /gene - lldD_1 lldD_2 lldD_3
[12:00:12] Fixed 3 duplicate /gene - ttuB_1 ttuB_2 ttuB_3
[12:00:12] Fixed 3 duplicate /gene - dnaK_1 dnaK_2 dnaK_3
[12:00:12] Fixed 2 duplicate /gene - pdeG_1 pdeG_2
[12:00:12] Fixed 2 duplicate /gene - cycA_1 cycA_2
[12:00:12] Fixed 2 duplicate /gene - acrR_1 acrR_2
[12:00:12] Fixed 2 duplicate /gene - lsrF_1 lsrF_2
[12:00:12] Fixed 5 duplicate /gene - hdfR_1 hdfR_2 hdfR_3 hdfR_4 hdfR_5
[12:00:12] Fixed 2 duplicate /gene - intS_1 intS_2
[12:00:12] Fixed 3 duplicate /gene - aegA_1 aegA_2 aegA_3
[12:00:12] Fixed 2 duplicate /gene - potA_1 potA_2
[12:00:12] Fixed 2 duplicate /gene - entF_1 entF_2
[12:00:12] Fixed 2 duplicate /gene - tyrB_1 tyrB_2
[12:00:12] Fixed 6 duplicate /gene - livF_1 livF_2 livF_3 livF_4 livF_5 livF_6
[12:00:12] Fixed 2 duplicate /gene - kefC_1 kefC_2
[12:00:12] Fixed 2 duplicate /gene - citB_1 citB_2
[12:00:12] Fixed 4 duplicate /gene - egtB_1 egtB_2 egtB_3 egtB_4
[12:00:12] Fixed 2 duplicate /gene - mdtB_1 mdtB_2
[12:00:12] Fixed 2 duplicate /gene - ctpF_1 ctpF_2
[12:00:12] Fixed 2 duplicate /gene - thyA_1 thyA_2
[12:00:12] Fixed 2 duplicate /gene - asd_1 asd_2
[12:00:12] Fixed 2 duplicate /gene - dgoA_1 dgoA_2
[12:00:12] Fixed 2 duplicate /gene - gltA_1 gltA_2
[12:00:12] Fixed 2 duplicate /gene - pgl_1 pgl_2
[12:00:12] Fixed 2 duplicate /gene - msuD_1 msuD_2
[12:00:12] Fixed 2 duplicate /gene - rutB_1 rutB_2
[12:00:12] Fixed 4 duplicate /gene - hexR_1 hexR_2 hexR_3 hexR_4
[12:00:12] Fixed 2 duplicate /gene - ygiW_1 ygiW_2
[12:00:12] Fixed 2 duplicate /gene - deoC_1 deoC_2
[12:00:12] Fixed 2 duplicate /gene - dsbA_1 dsbA_2
[12:00:12] Fixed 4 duplicate /gene - cynR_1 cynR_2 cynR_3 cynR_4
[12:00:12] Fixed 2 duplicate /gene - ghrA_1 ghrA_2
[12:00:12] Fixed 2 duplicate /gene - sasA_1 sasA_2
[12:00:12] Fixed 3 duplicate /gene - argP_1 argP_2 argP_3
[12:00:12] Fixed 3 duplicate /gene - dhaK_1 dhaK_2 dhaK_3
[12:00:12] Fixed 2 duplicate /gene - pduD_1 pduD_2
[12:00:12] Fixed 2 duplicate /gene - sacP_1 sacP_2
[12:00:12] Fixed 2 duplicate /gene - ddpA_1 ddpA_2
[12:00:12] Fixed 2 duplicate /gene - fbaA_1 fbaA_2
[12:00:12] Fixed 2 duplicate /gene - fruA_1 fruA_2
[12:00:12] Fixed 4 duplicate /gene - ygdR_1 ygdR_2 ygdR_3 ygdR_4
[12:00:12] Fixed 3 duplicate /gene - yibH_1 yibH_2 yibH_3
[12:00:12] Fixed 3 duplicate /gene - mltF_1 mltF_2 mltF_3
[12:00:12] Fixed 3 duplicate /gene - vldW_1 vldW_2 vldW_3
[12:00:12] Fixed 2 duplicate /gene - ftnA_1 ftnA_2
[12:00:12] Fixed 2 duplicate /gene - ybdG_1 ybdG_2
[12:00:12] Fixed 2 duplicate /gene - topA_1 topA_2
[12:00:12] Fixed 2 duplicate /gene - fabF_1 fabF_2
[12:00:12] Fixed 2 duplicate /gene - ydgJ_1 ydgJ_2
[12:00:12] Fixed 2 duplicate /gene - shiA_1 shiA_2
[12:00:12] Fixed 2 duplicate /gene - cdaR_1 cdaR_2
[12:00:12] Fixed 2 duplicate /gene - lon_1 lon_2
[12:00:12] Fixed 3 duplicate /gene - talB_1 talB_2 talB_3
[12:00:12] Fixed 2 duplicate /gene - dgoT_1 dgoT_2
[12:00:12] Fixed 5 duplicate /gene - oxyR_1 oxyR_2 oxyR_3 oxyR_4 oxyR_5
[12:00:12] Fixed 2 duplicate /gene - proS_1 proS_2
[12:00:12] Fixed 2 duplicate /gene - mngR_1 mngR_2
[12:00:12] Fixed 2 duplicate /gene - atoB_1 atoB_2
[12:00:12] Fixed 2 duplicate /gene - fdnG_1 fdnG_2
[12:00:12] Fixed 2 duplicate /gene - kgtP_1 kgtP_2
[12:00:12] Fixed 2 duplicate /gene - bdcA_1 bdcA_2
[12:00:12] Fixed 2 duplicate /gene - bhsA_1 bhsA_2
[12:00:12] Fixed 2 duplicate /gene - gltJ_1 gltJ_2
[12:00:12] Fixed 2 duplicate /gene - artQ_1 artQ_2
[12:00:12] Fixed 2 duplicate /gene - malK_1 malK_2
[12:00:12] Fixed 2 duplicate /gene - cusC_1 cusC_2
[12:00:12] Fixed 2 duplicate /gene - jefA_1 jefA_2
[12:00:12] Fixed 2 duplicate /gene - smoE_1 smoE_2
[12:00:12] Fixed 2 duplicate /gene - ampE_1 ampE_2
[12:00:12] Fixed 3 duplicate /gene - bglA_1 bglA_2 bglA_3
[12:00:12] Fixed 2 duplicate /gene - apbE_1 apbE_2
[12:00:12] Fixed 3 duplicate /gene - ssuB_1 ssuB_2 ssuB_3
[12:00:12] Fixed 2 duplicate /gene - nfdA_1 nfdA_2
[12:00:12] Fixed 2 duplicate /gene - dinI_1 dinI_2
[12:00:12] Fixed 4 duplicate /gene - xylB_1 xylB_2 xylB_3 xylB_4
[12:00:12] Fixed 2 duplicate /gene - araB_1 araB_2
[12:00:12] Fixed 3 duplicate /gene - trmL_1 trmL_2 trmL_3
[12:00:12] Fixed 4 duplicate /gene - dapA_1 dapA_2 dapA_3 dapA_4
[12:00:12] Fixed 2 duplicate /gene - sad_1 sad_2
[12:00:12] Fixed 4 duplicate /gene - gudP_1 gudP_2 gudP_3 gudP_4
[12:00:12] Fixed 2 duplicate /gene - astD_1 astD_2
[12:00:12] Fixed 4 duplicate /gene - exuT_1 exuT_2 exuT_3 exuT_4
[12:00:12] Fixed 2 duplicate /gene - feaB_1 feaB_2
[12:00:12] Fixed 3 duplicate /gene - dauA_1 dauA_2 dauA_3
[12:00:12] Fixed 2 duplicate /gene - rhlE_1 rhlE_2
[12:00:12] Fixed 4 duplicate /gene - hcpA_1 hcpA_2 hcpA_3 hcpA_4
[12:00:12] Fixed 2 duplicate /gene - tufA_1 tufA_2
[12:00:12] Fixed 2 duplicate /gene - blc_1 blc_2
[12:00:12] Fixed 2 duplicate /gene - mak_1 mak_2
[12:00:12] Fixed 2 duplicate /gene - bcr_1 bcr_2
[12:00:12] Fixed 2 duplicate /gene - yeaX_1 yeaX_2
[12:00:12] Fixed 5 duplicate /gene - rhaR_1 rhaR_2 rhaR_3 rhaR_4 rhaR_5
[12:00:12] Fixed 2 duplicate /gene - hisC_1 hisC_2
[12:00:12] Fixed 2 duplicate /gene - ompA_1 ompA_2
[12:00:12] Fixed 2 duplicate /gene - cysH_1 cysH_2
[12:00:12] Fixed 2 duplicate /gene - clpP_1 clpP_2
[12:00:12] Fixed 2 duplicate /gene - sorA_1 sorA_2
[12:00:12] Fixed 2 duplicate /gene - astB_1 astB_2
[12:00:12] Fixed 2 duplicate /gene - pcpR_1 pcpR_2
[12:00:12] Fixed 3 duplicate /gene - fimD_1 fimD_2 fimD_3
[12:00:12] Fixed 4 duplicate /gene - hipO_1 hipO_2 hipO_3 hipO_4
[12:00:12] Fixed 2 duplicate /gene - ugpC_1 ugpC_2
[12:00:12] Fixed 2 duplicate /gene - eutB_1 eutB_2
[12:00:12] Fixed 2 duplicate /gene - uxuA_1 uxuA_2
[12:00:12] Fixed 2 duplicate /gene - rstB_1 rstB_2
[12:00:12] Fixed 3 duplicate /gene - gsiD_1 gsiD_2 gsiD_3
[12:00:12] Fixed 3 duplicate /gene - gltR_1 gltR_2 gltR_3
[12:00:12] Fixed 2 duplicate /gene - murQ_1 murQ_2
[12:00:12] Fixed 4 duplicate /gene - manZ_1 manZ_2 manZ_3 manZ_4
[12:00:12] Fixed 5 duplicate /gene - crgA_1 crgA_2 crgA_3 crgA_4 crgA_5
[12:00:12] Fixed 2 duplicate /gene - dgoR_1 dgoR_2
[12:00:12] Fixed 2 duplicate /gene - licH_1 licH_2
[12:00:12] Fixed 2 duplicate /gene - emrB_1 emrB_2
[12:00:12] Fixed 2 duplicate /gene - chcC2_1 chcC2_2
[12:00:12] Fixed 3 duplicate /gene - tcyL_1 tcyL_2 tcyL_3
[12:00:12] Fixed 5 duplicate /gene - nimR_1 nimR_2 nimR_3 nimR_4 nimR_5
[12:00:12] Fixed 5 duplicate /gene - yajO_1 yajO_2 yajO_3 yajO_4 yajO_5
[12:00:12] Fixed 2 duplicate /gene - dsbD_1 dsbD_2
[12:00:12] Fixed 2 duplicate /gene - nagC_1 nagC_2
[12:00:12] Fixed 2 duplicate /gene - mscM_1 mscM_2
[12:00:12] Fixed 2 duplicate /gene - dnaJ_1 dnaJ_2
[12:00:12] Fixed 3 duplicate /gene - rob_1 rob_2 rob_3
[12:00:12] Fixed 3 duplicate /gene - lrp_1 lrp_2 lrp_3
[12:00:12] Fixed 2 duplicate /gene - bluF_1 bluF_2
[12:00:12] Fixed 3 duplicate /gene - yicJ_1 yicJ_2 yicJ_3
[12:00:12] Fixed 2 duplicate /gene - tktA_1 tktA_2
[12:00:12] Fixed 3 duplicate /gene - glnH_1 glnH_2 glnH_3
[12:00:12] Fixed 4 duplicate /gene - mdtA_1 mdtA_2 mdtA_3 mdtA_4
[12:00:12] Fixed 2 duplicate /gene - citA_1 citA_2
[12:00:12] Fixed 2 duplicate /gene - lacY_1 lacY_2
[12:00:12] Fixed 2 duplicate /gene - rhtB_1 rhtB_2
[12:00:12] Fixed 2 duplicate /gene - hemH_1 hemH_2
[12:00:12] Fixed 4 duplicate /gene - lamB_1 lamB_2 lamB_3 lamB_4
[12:00:12] Fixed 2 duplicate /gene - artJ_1 artJ_2
[12:00:12] Fixed 3 duplicate /gene - yqhC_1 yqhC_2 yqhC_3
[12:00:12] Fixed 3 duplicate /gene - glmS_1 glmS_2 glmS_3
[12:00:12] Fixed 2 duplicate /gene - cmoO_1 cmoO_2
[12:00:12] Fixed 3 duplicate /gene - scrY_1 scrY_2 scrY_3
[12:00:12] Fixed 2 duplicate /gene - sgrR_1 sgrR_2
[12:00:12] Fixed 3 duplicate /gene - ulaC_1 ulaC_2 ulaC_3
[12:00:12] Fixed 2 duplicate /gene - cysG_1 cysG_2
[12:00:12] Fixed 8 duplicate /gene - rbsC_1 rbsC_2 rbsC_3 rbsC_4 rbsC_5 rbsC_6 rbsC_7 rbsC_8
[12:00:12] Fixed 2 duplicate /gene - fruB_1 fruB_2
[12:00:12] Fixed 4 duplicate /gene - iolE_1 iolE_2 iolE_3 iolE_4
[12:00:12] Fixed 2 duplicate /gene - lrhA_1 lrhA_2
[12:00:12] Fixed 2 duplicate /gene - rapA_1 rapA_2
[12:00:12] Fixed 9 duplicate /gene - rhaS_1 rhaS_2 rhaS_3 rhaS_4 rhaS_5 rhaS_6 rhaS_7 rhaS_8 rhaS_9
[12:00:12] Fixed 2 duplicate /gene - pulA_1 pulA_2
[12:00:12] Fixed 5 duplicate /gene - gcvA_1 gcvA_2 gcvA_3 gcvA_4 gcvA_5
[12:00:12] Fixed 2 duplicate /gene - hxpB_1 hxpB_2
[12:00:12] Fixed 2 duplicate /gene - nodD2_1 nodD2_2
[12:00:12] Fixed 2 duplicate /gene - malT_1 malT_2
[12:00:12] Fixed 2 duplicate /gene - pduE_1 pduE_2
[12:00:12] Fixed 3 duplicate /gene - metN_1 metN_2 metN_3
[12:00:12] Fixed 2 duplicate /gene - ompN_1 ompN_2
[12:00:12] Fixed 4 duplicate /gene - intA_1 intA_2 intA_3 intA_4
[12:00:12] Fixed 2 duplicate /gene - csbX_1 csbX_2
[12:00:12] Fixed 2 duplicate /gene - clsB_1 clsB_2
[12:00:12] Fixed 2 duplicate /gene - ettA_1 ettA_2
[12:00:12] Fixed 3 duplicate /gene - umuD_1 umuD_2 umuD_3
[12:00:12] Fixed 2 duplicate /gene - glgS_1 glgS_2
[12:00:12] Fixed 2 duplicate /gene - yghA_1 yghA_2
[12:00:12] Fixed 2 duplicate /gene - purR_1 purR_2
[12:00:12] Fixed 4 duplicate /gene - arsC_1 arsC_2 arsC_3 arsC_4
[12:00:12] Fixed 2 duplicate /gene - thiL_1 thiL_2
[12:00:12] Fixed 2 duplicate /gene - qorA_1 qorA_2
[12:00:12] Fixed 2 duplicate /gene - leuA_1 leuA_2
[12:00:12] Fixed 2 duplicate /gene - ptxR_1 ptxR_2
[12:00:12] Fixed 2 duplicate /gene - hdeB_1 hdeB_2
[12:00:12] Fixed 2 duplicate /gene - ramA_1 ramA_2
[12:00:12] Fixed 3 duplicate /gene - phoP_1 phoP_2 phoP_3
[12:00:12] Fixed 2 duplicate /gene - bcsQ_1 bcsQ_2
[12:00:12] Fixed 2 duplicate /gene - nupC_1 nupC_2
[12:00:12] Fixed 2 duplicate /gene - kefF_1 kefF_2
[12:00:12] Fixed 2 duplicate /gene - bcsB_1 bcsB_2
[12:00:12] Fixed 5 duplicate /gene - chbA_1 chbA_2 chbA_3 chbA_4 chbA_5
[12:00:12] Fixed 2 duplicate /gene - rffH_1 rffH_2
[12:00:12] Fixed 2 duplicate /gene - dam_1 dam_2
[12:00:12] Fixed 2 duplicate /gene - dmsB_1 dmsB_2
[12:00:12] Fixed 2 duplicate /gene - deoR_1 deoR_2
[12:00:12] Fixed 2 duplicate /gene - mqo_1 mqo_2
[12:00:12] Fixed 2 duplicate /gene - guaA_1 guaA_2
[12:00:12] Fixed 2 duplicate /gene - ugpA_1 ugpA_2
[12:00:12] Fixed 3 duplicate /gene - rbsK_1 rbsK_2 rbsK_3
[12:00:12] Fixed 2 duplicate /gene - alsE_1 alsE_2
[12:00:12] Fixed 2 duplicate /gene - yabI_1 yabI_2
[12:00:12] Fixed 2 duplicate /gene - oadA_1 oadA_2
[12:00:12] Fixed 4 duplicate /gene - dmlR_1 dmlR_2 dmlR_3 dmlR_4
[12:00:12] Fixed 2 duplicate /gene - pspA_1 pspA_2
[12:00:12] Fixed 2 duplicate /gene - amiC_1 amiC_2
[12:00:12] Fixed 5 duplicate /gene - glnQ_1 glnQ_2 glnQ_3 glnQ_4 glnQ_5
[12:00:12] Fixed 2 duplicate /gene - ytfR_1 ytfR_2
[12:00:12] Fixed 2 duplicate /gene - xylG_1 xylG_2
[12:00:12] Fixed 2 duplicate /gene - dppA_1 dppA_2
[12:00:12] Fixed 3 duplicate /gene - btuD_1 btuD_2 btuD_3
[12:00:12] Fixed 3 duplicate /gene - rimI_1 rimI_2 rimI_3
[12:00:12] Fixed 3 duplicate /gene - fdhF_1 fdhF_2 fdhF_3
[12:00:12] Fixed 2 duplicate /gene - nudK_1 nudK_2
[12:00:12] Fixed 3 duplicate /gene - sorC_1 sorC_2 sorC_3
[12:00:12] Fixed 2 duplicate /gene - dctA_1 dctA_2
[12:00:12] Fixed 2 duplicate /gene - araG_1 araG_2
[12:00:12] Fixed 4 duplicate /gene - xerC_1 xerC_2 xerC_3 xerC_4
[12:00:12] Fixed 2 duplicate /gene - metC_1 metC_2
[12:00:12] Fixed 2 duplicate /gene - mgtE_1 mgtE_2
[12:00:12] Fixed 2 duplicate /gene - yhhT_1 yhhT_2
[12:00:12] Fixed 2 duplicate /gene - cobD_1 cobD_2
[12:00:12] Fixed 3 duplicate /gene - slyA_1 slyA_2 slyA_3
[12:00:12] Fixed 2 duplicate /gene - gap_1 gap_2
[12:00:12] Fixed 2 duplicate /gene - lgoT_1 lgoT_2
[12:00:12] Fixed 2 duplicate /gene - proP_1 proP_2
[12:00:12] Fixed 2 duplicate /gene - iscR_1 iscR_2
[12:00:12] Fixed 2 duplicate /gene - pal_1 pal_2
[12:00:12] Fixed 2 duplicate /gene - aaeA_1 aaeA_2
[12:00:12] Fixed 2 duplicate /gene - sbnD_1 sbnD_2
[12:00:12] Fixed 3 duplicate /gene - lptB_1 lptB_2 lptB_3
[12:00:12] Fixed 2 duplicate /gene - yedK_1 yedK_2
[12:00:12] Fixed 2 duplicate /gene - rutC_1 rutC_2
[12:00:12] Fixed 2 duplicate /gene - glpF_1 glpF_2
[12:00:12] Fixed 5 duplicate /gene - malP_1 malP_2 malP_3 malP_4 malP_5
[12:00:12] Fixed 2 duplicate /gene - ycaD_1 ycaD_2
[12:00:12] Fixed 2 duplicate /gene - rlmJ_1 rlmJ_2
[12:00:12] Fixed 4 duplicate /gene - gstB_1 gstB_2 gstB_3 gstB_4
[12:00:12] Fixed 2 duplicate /gene - rffG_1 rffG_2
[12:00:12] Fixed 2 duplicate /gene - bamA_1 bamA_2
[12:00:12] Fixed 2 duplicate /gene - mrkD_1 mrkD_2
[12:00:12] Fixed 2 duplicate /gene - pckA_1 pckA_2
[12:00:12] Fixed 2 duplicate /gene - kdgK_1 kdgK_2
[12:00:12] Fixed 2 duplicate /gene - dcd_1 dcd_2
[12:00:12] Fixed 3 duplicate /gene - pcaR_1 pcaR_2 pcaR_3
[12:00:12] Fixed 2 duplicate /gene - secA_1 secA_2
[12:00:12] Fixed 2 duplicate /gene - oppA_1 oppA_2
[12:00:12] Fixed 2 duplicate /gene - yafP_1 yafP_2
[12:00:12] Fixed 2 duplicate /gene - tssF1_1 tssF1_2
[12:00:12] Fixed 3 duplicate /gene - betI_1 betI_2 betI_3
[12:00:12] Fixed 2 duplicate /gene - ydhP_1 ydhP_2
[12:00:12] Fixed 2 duplicate /gene - betB_1 betB_2
[12:00:12] Fixed 2 duplicate /gene - clcB_1 clcB_2
[12:00:12] Fixed 3 duplicate /gene - nepI_1 nepI_2 nepI_3
[12:00:12] Fixed 2 duplicate /gene - puuB_1 puuB_2
[12:00:12] Fixed 2 duplicate /gene - fdoG_1 fdoG_2
[12:00:12] Fixed 3 duplicate /gene - rbsA_1 rbsA_2 rbsA_3
[12:00:12] Fixed 2 duplicate /gene - rrrD_1 rrrD_2
[12:00:12] Fixed 2 duplicate /gene - mtlD_1 mtlD_2
[12:00:12] Fixed 4 duplicate /gene - garK_1 garK_2 garK_3 garK_4
[12:00:12] Fixed 2 duplicate /gene - yagG_1 yagG_2
[12:00:12] Fixed 4 duplicate /gene - ulaA_1 ulaA_2 ulaA_3 ulaA_4
[12:00:12] Fixed 2 duplicate /gene - bioD1_1 bioD1_2
[12:00:12] Fixed 2 duplicate /gene - gntR_1 gntR_2
[12:00:12] Fixed 2 duplicate /gene - nlpD_1 nlpD_2
[12:00:12] Fixed 2 duplicate /gene - dadA_1 dadA_2
[12:00:12] Fixed 2 duplicate /gene - lpxL_1 lpxL_2
[12:00:12] Fixed 2 duplicate /gene - cydA_1 cydA_2
[12:00:12] Fixed 2 duplicate /gene - btuF_1 btuF_2
[12:00:12] Fixed 2 duplicate /gene - pdxA2_1 pdxA2_2
[12:00:12] Fixed 4 duplicate /gene - glpR_1 glpR_2 glpR_3 glpR_4
[12:00:12] Fixed 433 colliding /gene names.
[12:00:12] Adding /locus_tag identifiers
[12:00:12] Assigned 5212 locus_tags to CDS and RNA features.
[12:00:12] Writing outputs to results/prokka_annotations/GCA_055721665.1/
[12:00:15] Generating annotation statistics file
[12:00:15] Generating Genbank and Sequin files
[12:00:15] Running: tbl2asn -V b -a r10k -l paired-ends -M n -N 1 -y 'Annotated using prokka 1.15.6 from https://github.com/tseemann/prokka' -Z results\/prokka_annotations\/GCA_055721665\.1\/GCA_055721665\.1\.err -i results\/prokka_annotations\/GCA_055721665\.1\/GCA_055721665\.1\.fsa 2> /dev/null
[12:00:30] Deleting unwanted file: results/prokka_annotations/GCA_055721665.1/errorsummary.val
[12:00:30] Deleting unwanted file: results/prokka_annotations/GCA_055721665.1/GCA_055721665.1.dr
[12:00:30] Deleting unwanted file: results/prokka_annotations/GCA_055721665.1/GCA_055721665.1.fixedproducts
[12:00:30] Deleting unwanted file: results/prokka_annotations/GCA_055721665.1/GCA_055721665.1.ecn
[12:00:30] Deleting unwanted file: results/prokka_annotations/GCA_055721665.1/GCA_055721665.1.val
[12:00:30] Repairing broken .GBK output that tbl2asn produces...
[12:00:30] Running: sed 's/COORDINATES: profile/COORDINATES:profile/' < results\/prokka_annotations\/GCA_055721665\.1\/GCA_055721665\.1\.gbf > results\/prokka_annotations\/GCA_055721665\.1\/GCA_055721665\.1\.gbk
[12:00:30] Deleting unwanted file: results/prokka_annotations/GCA_055721665.1/GCA_055721665.1.gbf
[12:00:30] Output files:
[12:00:30] results/prokka_annotations/GCA_055721665.1/GCA_055721665.1.log
[12:00:30] results/prokka_annotations/GCA_055721665.1/GCA_055721665.1.txt
[12:00:30] results/prokka_annotations/GCA_055721665.1/GCA_055721665.1.gbk
[12:00:30] results/prokka_annotations/GCA_055721665.1/GCA_055721665.1.tbl
[12:00:30] results/prokka_annotations/GCA_055721665.1/GCA_055721665.1.gff
[12:00:30] results/prokka_annotations/GCA_055721665.1/GCA_055721665.1.faa
[12:00:30] results/prokka_annotations/GCA_055721665.1/GCA_055721665.1.ffn
[12:00:30] results/prokka_annotations/GCA_055721665.1/GCA_055721665.1.fsa
[12:00:30] results/prokka_annotations/GCA_055721665.1/GCA_055721665.1.fna
[12:00:30] results/prokka_annotations/GCA_055721665.1/GCA_055721665.1.err
[12:00:30] results/prokka_annotations/GCA_055721665.1/GCA_055721665.1.tsv
[12:00:30] results/prokka_annotations/GCA_055721665.1/GCA_055721665.1.sqn
[12:00:30] Annotation finished successfully.
[12:00:30] Walltime used: 10.65 minutes
[12:00:30] If you use this result please cite the Prokka paper:
[12:00:30] Seemann T (2014) Prokka: rapid prokaryotic genome annotation. Bioinformatics. 30(14):2068-9.
[12:00:30] Type 'prokka --citation' for more details.
[12:00:30] Share and enjoy!
