[12:11:23] This is prokka 1.15.6
[12:11:23] Written by Torsten Seemann <torsten.seemann@gmail.com>
[12:11:23] Homepage is https://github.com/tseemann/prokka
[12:11:23] Local time is Sat Aug 29 12:11:23 2026
[12:11:23] You are codespace
[12:11:23] Operating system is linux
[12:11:23] You have BioPerl 1.7.8
[12:11:23] System has 2 cores.
[12:11:23] Will use maximum of 2 cores.
[12:11:23] Annotating as >>> Bacteria <<<
[12:11:23] Generating locus_tag from 'data/ncbi_dataset/data/GCA_055721705.1/GCA_055721705.1_ASM5572170v1_genomic.fna' contents.
[12:11:24] Setting --locustag EGDJDACD from MD5 e0d3dacd33f1f545723dcb894bd260a4
[12:11:24] Re-using existing --outdir results/prokka_annotations/GCA_055721705.1
[12:11:24] Using filename prefix: GCA_055721705.1.XXX
[12:11:24] Setting HMMER_NCPU=1
[12:11:24] Writing log to: results/prokka_annotations/GCA_055721705.1/GCA_055721705.1.log
[12:11:24] Command: /opt/conda/envs/prokka_env/bin/prokka --outdir results/prokka_annotations/GCA_055721705.1 --prefix GCA_055721705.1 --kingdom Bacteria --genus Klebsiella --species pneumoniae --cpus 2 --force data/ncbi_dataset/data/GCA_055721705.1/GCA_055721705.1_ASM5572170v1_genomic.fna
[12:11:24] Looking for 'aragorn' - found /opt/conda/envs/prokka_env/bin/aragorn
[12:11:24] Determined aragorn version is v1.2 from 'ARAGORN v1.2.41 Dean Laslett'
[12:11:24] Looking for 'barrnap' - found /opt/conda/envs/prokka_env/bin/barrnap
[12:11:24] Determined barrnap version is v1.10 from 'barrnap 1.10.5'
[12:11:24] Looking for 'blastp' - found /opt/conda/envs/prokka_env/bin/blastp
[12:11:24] Determined blastp version is v2.17 from 'blastp: 2.17.0+'
[12:11:24] Looking for 'cmpress' - found /opt/conda/envs/prokka_env/bin/cmpress
[12:11:24] Determined cmpress version is v1.1 from '# INFERNAL 1.1.5 (Sep 2023)'
[12:11:24] Looking for 'cmscan' - found /opt/conda/envs/prokka_env/bin/cmscan
[12:11:24] Determined cmscan version is v1.1 from '# INFERNAL 1.1.5 (Sep 2023)'
[12:11:24] Looking for 'egrep' - found /usr/bin/egrep
[12:11:24] Looking for 'find' - found /usr/bin/find
[12:11:24] Looking for 'grep' - found /usr/bin/grep
[12:11:24] Looking for 'hmmpress' - found /opt/conda/envs/prokka_env/bin/hmmpress
[12:11:24] Determined hmmpress version is v3.4 from '# HMMER 3.4 (Aug 2023); http://hmmer.org/'
[12:11:24] Looking for 'hmmscan' - found /opt/conda/envs/prokka_env/bin/hmmscan
[12:11:24] Determined hmmscan version is v3.4 from '# HMMER 3.4 (Aug 2023); http://hmmer.org/'
[12:11:24] Looking for 'java' - found /opt/conda/envs/prokka_env/bin/java
[12:11:24] Looking for 'makeblastdb' - found /opt/conda/envs/prokka_env/bin/makeblastdb
[12:11:24] Determined makeblastdb version is v2.17 from 'makeblastdb: 2.17.0+'
[12:11:24] Looking for 'minced' - found /opt/conda/envs/prokka_env/bin/minced
[12:11:24] Determined minced version is v4.2 from 'minced 0.4.2'
[12:11:24] Looking for 'parallel' - found /opt/conda/envs/prokka_env/bin/parallel
[12:11:25] Determined parallel version is 20260722 from 'GNU parallel 20260722'
[12:11:25] Looking for 'prodigal' - found /opt/conda/envs/prokka_env/bin/prodigal
[12:11:25] Determined prodigal version is v2.6 from 'Prodigal V2.6.3: February, 2016'
[12:11:25] Looking for 'prokka-genbank_to_fasta_db' - found /opt/conda/envs/prokka_env/bin/prokka-genbank_to_fasta_db
[12:11:25] Looking for 'sed' - found /usr/bin/sed
[12:11:25] Looking for 'tbl2asn' - found /opt/conda/envs/prokka_env/bin/tbl2asn
[12:11:25] Determined tbl2asn version is v25.7 from 'tbl2asn 25.7   arguments:'
[12:11:25] Using genetic code table 11.
[12:11:25] Loading and checking input file: data/ncbi_dataset/data/GCA_055721705.1/GCA_055721705.1_ASM5572170v1_genomic.fna
[12:11:25] Wrote 6 contigs totalling 5911022 bp.
[12:11:25] Predicting tRNAs and tmRNAs
[12:11:25] Running: aragorn -l -gc11  -w results\/prokka_annotations\/GCA_055721705\.1\/GCA_055721705\.1\.fna
[12:11:29] 1 tRNA-Ala c[3293,3368] 34 (tgc)
[12:11:29] 2 tRNA-Ile c[3405,3481] 35 (gat)
[12:11:29] 3 tRNA-Leu [274711,274797] 35 (cag)
[12:11:29] 4 tRNA-Leu [274826,274912] 35 (cag)
[12:11:29] 5 tRNA-Leu [274944,275030] 35 (cag)
[12:11:29] 6 tRNA-Glu c[366456,366531] 35 (ttc)
[12:11:29] 7 tRNA-Leu c[428426,428510] 35 (caa)
[12:11:29] 8 tRNA-Gly c[564647,564722] 34 (gcc)
[12:11:29] 9 tRNA-Gly c[564795,564870] 34 (gcc)
[12:11:29] 10 tRNA-Gly c[564939,565014] 34 (gcc)
[12:11:29] 11 tRNA-Gly c[565083,565158] 34 (gcc)
[12:11:29] 12 tRNA-Phe [606120,606195] 34 (gaa)
[12:11:29] 13 tRNA-Glu c[748126,748201] 35 (ttc)
[12:11:29] 14 tRNA-Thr c[785625,785700] 34 (ggt)
[12:11:29] 15 tRNA-Gly c[785706,785780] 34 (tcc)
[12:11:29] tRNA c[785896,785979] is a pseudo/wacky gene - skipping.
[12:11:29] 17 tRNA-Thr c[785990,786065] 34 (tgt)
[12:11:29] 18 tRNA-Ala c[793167,793242] 34 (tgc)
[12:11:29] 19 tRNA-Ile c[793279,793355] 35 (gat)
[12:11:29] 20 tRNA-Pro c[842967,843043] 35 (tgg)
[12:11:29] 21 tRNA-Leu c[843086,843172] 35 (cag)
[12:11:29] 22 tRNA-His c[843196,843271] 34 (gtg)
[12:11:29] 23 tRNA-Arg c[843327,843403] 35 (ccg)
[12:11:29] 24 tRNA-Trp c[881434,881509] 34 (cca)
[12:11:29] 25 tRNA-Asp c[881563,881639] 35 (gtc)
[12:11:29] 26 tRNA-Ala c[885075,885150] 34 (tgc)
[12:11:29] 27 tRNA-Ile c[885187,885263] 35 (gat)
[12:11:29] 28 tRNA-Glu c[989786,989861] 35 (ttc)
[12:11:29] 29 tRNA-SeC c[1130921,1131015] 35 (tca)
[12:11:29] 30 tRNA-Pro [1260374,1260450] 35 (cgg)
[12:11:29] 31 tRNA-Thr [1498662,1498737] 34 (ggt)
[12:11:29] 32 tRNA-Leu [1583108,1583194] 35 (gag)
[12:11:29] 33 tRNA-Met [1587125,1587201] 35 (cat)
[12:11:29] 34 tRNA-Met c[1704735,1704810] 34 (cat)
[12:11:29] 35 tRNA-Phe c[1774843,1774918] 34 (gaa)
[12:11:29] 36 tRNA-Gly [1861090,1861163] 33 (ccc)
[12:11:29] 37 tRNA-Met c[2023732,2023808] 35 (cat)
[12:11:29] 38 tRNA-Met c[2023841,2023917] 35 (cat)
[12:11:29] 39 tRNA-Met c[2023951,2024027] 35 (cat)
[12:11:29] 40 tRNA-Ser [2192020,2192112] 35 (gct)
[12:11:29] 41 tRNA-Arg [2192117,2192193] 35 (acg)
[12:11:29] 42 tRNA-Arg [2192344,2192420] 35 (acg)
[12:11:29] 43 tRNA-Arg [2192482,2192558] 35 (acg)
[12:11:29] 44 tRNA-Arg [2192787,2192863] 35 (acg)
[12:11:29] 45 tmRNA c[2255132,2255494] 90,125 ANDENYALAA**
[12:11:29] 46 tRNA-Glu [2283992,2284067] 35 (ttc)
[12:11:29] 47 tRNA-Lys c[2460280,2460355] 34 (ttt)
[12:11:29] 48 tRNA-Val c[2460360,2460435] 34 (tac)
[12:11:29] 49 tRNA-Val c[2460482,2460557] 34 (tac)
[12:11:29] 50 tRNA-Val c[2460603,2460678] 34 (tac)
[12:11:29] 51 tRNA-Ala [2463377,2463452] 34 (ggc)
[12:11:29] 52 tRNA-Ala [2463494,2463569] 34 (ggc)
[12:11:29] 53 tRNA-Arg c[2483892,2483966] 34 (cct)
[12:11:29] 54 tRNA-Pro c[2600736,2600812] 35 (ggg)
[12:11:29] 55 tRNA-Asn c[2871435,2871510] 34 (gtt)
[12:11:29] 56 tRNA-Asn [2873268,2873343] 34 (gtt)
[12:11:29] 57 tRNA-Asn c[2882191,2882266] 34 (gtt)
[12:11:29] 58 tRNA-Asn c[2887431,2887506] 34 (gtt)
[12:11:29] 59 tRNA-Ser [2888498,2888587] 35 (cga)
[12:11:29] 60 tRNA-Gly [2910471,2910546] 34 (gcc)
[12:11:29] 61 tRNA-Cys [2910587,2910660] 33 (gca)
[12:11:29] 62 tRNA-Leu [2910674,2910760] 35 (taa)
[12:11:29] 63 tRNA-Tyr c[3132212,3132296] 35 (gta)
[12:11:29] 64 tRNA-Tyr c[3132512,3132596] 35 (gta)
[12:11:29] 65 tRNA-Val c[3347549,3347625] 35 (gac)
[12:11:29] 66 tRNA-Val c[3347630,3347706] 35 (gac)
[12:11:29] 67 tRNA-Val c[3347711,3347787] 35 (gac)
[12:11:29] 68 tRNA-Ser [4348405,4348492] 35 (gga)
[12:11:29] 69 tRNA-Ser [4353698,4353785] 35 (gga)
[12:11:29] 70 tRNA-Ser c[4397704,4397791] 35 (tga)
[12:11:29] 71 tRNA-Lys c[4687260,4687335] 34 (ttt)
[12:11:29] 72 tRNA-Lys c[4687469,4687544] 34 (ttt)
[12:11:29] 73 tRNA-Lys c[4687693,4687766] 34 (ttt)
[12:11:29] 74 tRNA-Val c[4687770,4687845] 34 (tac)
[12:11:29] 75 tRNA-Lys c[4687898,4687973] 34 (ttt)
[12:11:29] 76 tRNA-Val c[4687976,4688051] 34 (tac)
[12:11:29] 77 tRNA-Lys c[4688177,4688252] 34 (ttt)
[12:11:29] 78 tRNA-Met [4746873,4746949] 35 (cat)
[12:11:29] 79 tRNA-Leu [4746958,4747042] 35 (tag)
[12:11:29] 80 tRNA-Gln [4747066,4747140] 33 (ttg)
[12:11:29] 81 tRNA-Gln [4747177,4747251] 33 (ttg)
[12:11:29] 82 tRNA-Met [4747275,4747351] 35 (cat)
[12:11:29] 83 tRNA-Gln [4747399,4747473] 33 (ctg)
[12:11:29] 84 tRNA-Gln [4747549,4747623] 33 (ctg)
[12:11:29] 85 tRNA-Arg c[4996753,4996829] 35 (tct)
[12:11:29] 86 tRNA-Thr [5211839,5211914] 34 (cgt)
[12:11:29] 87 tRNA-Asp c[5269502,5269578] 35 (gtc)
[12:11:29] 88 tRNA-Asp c[5278955,5279031] 35 (gtc)
[12:11:29] Found 87 tRNAs
[12:11:29] Predicting Ribosomal RNAs
[12:11:29] Running Barrnap with 2 threads
[12:12:18] 1 CM146776.1 8 5S ribosomal RNA
[12:12:18] 2 CM146776.1 221 23S ribosomal RNA
[12:12:18] 3 CM146776.1 3551 16S ribosomal RNA
[12:12:18] 4 CM146776.1 363060 5S ribosomal RNA
[12:12:18] 5 CM146776.1 363372 23S ribosomal RNA
[12:12:18] 6 CM146776.1 366617 16S ribosomal RNA
[12:12:18] 7 CM146776.1 744830 5S ribosomal RNA
[12:12:18] 8 CM146776.1 745042 23S ribosomal RNA
[12:12:18] 9 CM146776.1 748287 16S ribosomal RNA
[12:12:18] 10 CM146776.1 789875 5S ribosomal RNA
[12:12:18] 11 CM146776.1 790088 23S ribosomal RNA
[12:12:18] 12 CM146776.1 793424 16S ribosomal RNA
[12:12:18] 13 CM146776.1 881697 5S ribosomal RNA
[12:12:18] 14 CM146776.1 882003 23S ribosomal RNA
[12:12:18] 15 CM146776.1 885333 16S ribosomal RNA
[12:12:18] 16 CM146776.1 986485 5S ribosomal RNA
[12:12:18] 17 CM146776.1 986702 23S ribosomal RNA
[12:12:18] 18 CM146776.1 989947 16S ribosomal RNA
[12:12:18] 19 CM146776.1 1493796 16S ribosomal RNA
[12:12:18] 20 CM146776.1 1495534 23S ribosomal RNA
[12:12:18] 21 CM146776.1 1498532 5S ribosomal RNA
[12:12:18] 22 CM146776.1 1498776 5S ribosomal RNA
[12:12:18] 23 CM146776.1 2282367 16S ribosomal RNA
[12:12:18] 24 CM146776.1 2284250 23S ribosomal RNA
[12:12:18] 25 CM146776.1 2287253 5S ribosomal RNA
[12:12:18] Found 25 rRNAs
[12:12:18] Skipping ncRNA search, enable with --rfam if desired.
[12:12:18] Total of 111 tRNA + rRNA features
[12:12:18] Searching for CRISPR repeats
[12:12:19] CRISPR1 CM146776.1 2094307 with 65 spacers
[12:12:19] Found 1 CRISPRs
[12:12:19] Predicting coding sequences
[12:12:19] Contigs total 5911022 bp, so using single mode
[12:12:19] Running: prodigal -i results\/prokka_annotations\/GCA_055721705\.1\/GCA_055721705\.1\.fna -c -m -g 11 -p single -f sco -q
[12:12:32] Excluding CDS which overlaps existing RNA (tRNA) at CM146776.1:842915..843067 on + strand
[12:12:33] Excluding CDS which overlaps existing RNA (tRNA) at CM146776.1:1587094..1587300 on - strand
[12:12:33] Excluding CDS which overlaps existing RNA (repeat_region) at CM146776.1:2094337..2094786 on - strand
[12:12:33] Excluding CDS which overlaps existing RNA (repeat_region) at CM146776.1:2095807..2096436 on - strand
[12:12:33] Excluding CDS which overlaps existing RNA (repeat_region) at CM146776.1:2096613..2096924 on - strand
[12:12:33] Excluding CDS which overlaps existing RNA (repeat_region) at CM146776.1:2096914..2097717 on - strand
[12:12:35] Excluding CDS which overlaps existing RNA (tRNA) at CM146776.1:3347551..3348036 on + strand
[12:12:37] Found 5593 CDS
[12:12:37] Connecting features back to sequences
[12:12:37] Not using genus-specific database. Try --usegenus to enable it.
[12:12:37] Annotating CDS, please be patient.
[12:12:37] Will use 2 CPUs for similarity searching.
[12:12:39] There are still 5593 unannotated CDS left (started with 5593)
[12:12:39] Will use blast to search against /opt/conda/envs/prokka_env/db/kingdom/Bacteria/IS with 2 CPUs
[12:12:39] Running: cat results\/prokka_annotations\/GCA_055721705\.1\/GCA_055721705\.1\.IS\.tmp\.49426\.faa | parallel --gnu --plain -j 2 --block 436708 --recstart '>' --pipe blastp -query - -db /opt/conda/envs/prokka_env/db/kingdom/Bacteria/IS -evalue 1e-30 -qcov_hsp_perc 90 -num_threads 1 -num_descriptions 1 -num_alignments 1 -seg no > results\/prokka_annotations\/GCA_055721705\.1\/GCA_055721705\.1\.IS\.tmp\.49426\.blast 2> /dev/null
[12:13:58] Modify product: Tn3 family transposase Tn5403 => Tn3 family transposase
[12:13:58] Cleaned 1 /product names
[12:13:58] Deleting unwanted file: results/prokka_annotations/GCA_055721705.1/GCA_055721705.1.IS.tmp.49426.faa
[12:13:58] Deleting unwanted file: results/prokka_annotations/GCA_055721705.1/GCA_055721705.1.IS.tmp.49426.blast
[12:14:00] There are still 5488 unannotated CDS left (started with 5593)
[12:14:00] Will use blast to search against /opt/conda/envs/prokka_env/db/kingdom/Bacteria/AMR with 2 CPUs
[12:14:00] Running: cat results\/prokka_annotations\/GCA_055721705\.1\/GCA_055721705\.1\.AMR\.tmp\.49426\.faa | parallel --gnu --plain -j 2 --block 429684 --recstart '>' --pipe blastp -query - -db /opt/conda/envs/prokka_env/db/kingdom/Bacteria/AMR -evalue 1e-300 -qcov_hsp_perc 90 -num_threads 1 -num_descriptions 1 -num_alignments 1 -seg no > results\/prokka_annotations\/GCA_055721705\.1\/GCA_055721705\.1\.AMR\.tmp\.49426\.blast 2> /dev/null
[12:15:58] Deleting unwanted file: results/prokka_annotations/GCA_055721705.1/GCA_055721705.1.AMR.tmp.49426.faa
[12:15:58] Deleting unwanted file: results/prokka_annotations/GCA_055721705.1/GCA_055721705.1.AMR.tmp.49426.blast
[12:16:01] There are still 5442 unannotated CDS left (started with 5593)
[12:16:01] Will use blast to search against /opt/conda/envs/prokka_env/db/kingdom/Bacteria/sprot with 2 CPUs
[12:16:01] Running: cat results\/prokka_annotations\/GCA_055721705\.1\/GCA_055721705\.1\.sprot\.tmp\.49426\.faa | parallel --gnu --plain -j 2 --block 421262 --recstart '>' --pipe blastp -query - -db /opt/conda/envs/prokka_env/db/kingdom/Bacteria/sprot -evalue 1e-09 -qcov_hsp_perc 80 -num_threads 1 -num_descriptions 1 -num_alignments 1 -seg no > results\/prokka_annotations\/GCA_055721705\.1\/GCA_055721705\.1\.sprot\.tmp\.49426\.blast 2> /dev/null
[12:21:27] Modify product: Protein SlyX homolog => Protein SlyX 
[12:21:27] Modify product: Uncharacterized membrane protein YhdT => putative membrane protein YhdT
[12:21:27] Modify product: Uncharacterized protein YhcO => putative protein YhcO
[12:21:28] Modify product: Uncharacterized inner membrane transporter YhbE => putative inner membrane transporter YhbE
[12:21:28] Modify product: UPF0102 protein RPA0323 => hypothetical protein
[12:21:28] Modify product: Probable galactarate/D-glucarate transporter GarP => putative galactarate/D-glucarate transporter GarP
[12:21:28] Modify product: Uncharacterized protein YqjD => putative protein YqjD
[12:21:28] Modify product: Probable glycerol-3-phosphate acyltransferase => putative glycerol-3-phosphate acyltransferase
[12:21:28] Modify product: Probable quinol monooxygenase YgiN => putative quinol monooxygenase YgiN
[12:21:28] Modify product: Probable HTH-type transcriptional regulator STM3175 => putative HTH-type transcriptional regulator
[12:21:28] Modify product: HTH-type transcriptional regulator XC_2801 => HTH-type transcriptional regulator
[12:21:28] Modify product: Uncharacterized membrane protein YdfK => putative membrane protein YdfK
[12:21:28] Modify product: Probable Fe(2+)-trafficking protein => putative Fe(2+)-trafficking protein
[12:21:28] Modify product: Uncharacterized protein HI_0341 => putative protein
[12:21:28] Modify product: UPF0235 protein YggU => hypothetical protein
[12:21:28] Modify product: Uncharacterized protein YggR => putative protein YggR
[12:21:28] Modify product: UPF0301 protein YqgE => hypothetical protein
[12:21:28] Modify product: Probable L-galactonate transporter => putative L-galactonate transporter
[12:21:28] Modify product: Probable sulfoacetate transporter SauU => putative sulfoacetate transporter SauU
[12:21:28] Modify product: Uncharacterized oxidoreductase Rv1350 => putative oxidoreductase
[12:21:28] Modify product: UPF0149 protein HI_0817 => hypothetical protein
[12:21:28] Modify product: Uncharacterized oxidoreductase YgfF => putative oxidoreductase YgfF
[12:21:28] Modify product: UPF0073 inner membrane protein YqfA => hypothetical protein
[12:21:28] Modify product: Uncharacterized protein YjdJ => putative protein YjdJ
[12:21:28] Modify product: Probable fimbrial chaperone YadV => putative fimbrial chaperone YadV
[12:21:28] Modify product: Uncharacterized lipoprotein YgdR => putative lipoprotein YgdR
[12:21:28] Modify product: UPF0053 inner membrane protein YgdQ => hypothetical protein
[12:21:28] Modify product: Probable cobalt-factor III C(17)-methyltransferase => putative cobalt-factor III C(17)-methyltransferase
[12:21:28] Modify product: Uncharacterized lipoprotein YgdR => putative lipoprotein YgdR
[12:21:28] Modify product: UPF0382 inner membrane protein YgdD => hypothetical protein
[12:21:28] Modify product: Uncharacterized HTH-type transcriptional regulator YdjF => putative HTH-type transcriptional regulator YdjF
[12:21:28] Modify product: Probable FMNH2-dependent monooxygenase SfnC => putative FMNH2-dependent monooxygenase SfnC
[12:21:28] Modify product: Uncharacterized protein YqcC => putative protein YqcC
[12:21:28] Modify product: Probable galactarate/D-glucarate transporter GudP => putative galactarate/D-glucarate transporter GudP
[12:21:28] Modify product: Probable UbiX-like flavin prenyltransferase => putative UbiX-like flavin prenyltransferase
[12:21:28] Modify product: Uncharacterized protein YgaM => putative protein YgaM
[12:21:28] Modify product: Probable fimbrial chaperone YraI => putative fimbrial chaperone YraI
[12:21:28] Modify product: Probable fimbrial chaperone YadV => putative fimbrial chaperone YadV
[12:21:28] Modify product: HTH-type transcriptional regulator XC_2801 => HTH-type transcriptional regulator
[12:21:28] Modify product: UPF0125 protein RatB => hypothetical protein
[12:21:28] Modify product: UPF0053 inner membrane protein YfjD => hypothetical protein
[12:21:28] Modify product: Uncharacterized tRNA/rRNA methyltransferase YfiF => putative tRNA/rRNA methyltransferase YfiF
[12:21:28] Modify product: Uncharacterized protein YphB => putative protein YphB
[12:21:28] Modify product: Probable 3-phenylpropionic acid transporter => putative 3-phenylpropionic acid transporter
[12:21:28] Modify product: Uncharacterized protein YfgJ => putative protein YfgJ
[12:21:28] Modify product: Uncharacterized protein YfgD => putative protein YfgD
[12:21:28] Modify product: Probable acetate kinase EutP => putative acetate kinase EutP
[12:21:28] Modify product: Probable alcohol dehydrogenase EutG => putative alcohol dehydrogenase EutG
[12:21:28] Modify product: Probable ethanolamine permease EutH => putative ethanolamine permease EutH
[12:21:28] Modify product: Uncharacterized protein YfeY => putative protein YfeY
[12:21:28] Modify product: Uncharacterized protein YybH => putative protein YybH
[12:21:28] Modify product: Probable cyclic di-GMP phosphodiesterase PdeA => putative cyclic di-GMP phosphodiesterase PdeA
[12:21:28] Modify product: Uncharacterized transporter YycB => putative transporter YycB
[12:21:28] Modify product: UPF0381 protein YiiS => hypothetical protein
[12:21:28] Modify product: Probable membrane transporter protein YfcA => putative membrane transporter protein YfcA
[12:21:28] Modify product: Uncharacterized MFS-type transporter YfcJ => putative MFS-type transporter YfcJ
[12:21:28] Modify product: Epimerase family protein SA0724 => Epimerase family protein
[12:21:28] Modify product: Uncharacterized Nudix hydrolase YfcD => putative Nudix hydrolase YfcD
[12:21:28] Modify product: UPF0208 membrane protein YfbV => hypothetical protein
[12:21:28] Modify product: UPF0304 protein YfbU => hypothetical protein
[12:21:28] Modify product: Probable HTH-type transcriptional regulator LrhA => putative HTH-type transcriptional regulator LrhA
[12:21:29] Modify product: Uncharacterized HTH-type transcriptional regulator RhmR => putative HTH-type transcriptional regulator RhmR
[12:21:29] Modify product: Putative transport protein Rv1101c => Putative transport protein
[12:21:29] Modify product: UPF0352 protein YejL => hypothetical protein
[12:21:29] Modify product: Uncharacterized protein YejG => putative protein YejG
[12:21:29] Modify product: Uncharacterized ABC transporter ATP-binding protein YejF => putative ABC transporter ATP-binding protein YejF
[12:21:29] Modify product: Uncharacterized protein YejA => putative protein YejA
[12:21:29] Modify product: Probable cyclic di-GMP phosphodiesterase PdeN => putative cyclic di-GMP phosphodiesterase PdeN
[12:21:29] Modify product: UPF0153 protein YeiW => hypothetical protein
[12:21:29] Modify product: UPF0324 inner membrane protein YeiH => hypothetical protein
[12:21:29] Modify product: Uncharacterized HTH-type transcriptional regulator YeiE => putative HTH-type transcriptional regulator YeiE
[12:21:29] Modify product: UPF0299 membrane protein YohJ => hypothetical protein
[12:21:29] Modify product: UPF0387 membrane protein YohO => hypothetical protein
[12:21:29] Modify product: Uncharacterized N-acetyltransferase YafP => putative N-acetyltransferase YafP
[12:21:29] Modify product: Probable D,D-dipeptide-binding periplasmic protein DdpA => putative D,D-dipeptide-binding periplasmic protein DdpA
[12:21:29] Modify product: Probable D,D-dipeptide transport system permease protein DdpC => putative D,D-dipeptide transport system permease protein DdpC
[12:21:29] Modify product: Probable lipid kinase YegS => putative lipid kinase YegS
[12:21:29] Modify product: UPF0053 inner membrane protein YoaE => hypothetical protein
[12:21:29] Modify product: Uncharacterized protein YeaR => putative protein YeaR
[12:21:29] Modify product: Probable FMN/FAD exporter YeeO => putative FMN/FAD exporter YeeO
[12:21:29] Modify product: Probable acrylyl-CoA reductase AcuI => putative acrylyl-CoA reductase AcuI
[12:21:29] Modify product: Probable L,D-transpeptidase ErfK/SrfK => putative L,D-transpeptidase ErfK/SrfK
[12:21:29] Modify product: HTH-type transcriptional regulator XC_2801 => HTH-type transcriptional regulator
[12:21:29] Modify product: Uncharacterized protein YedJ => putative protein YedJ
[12:21:29] Modify product: Uncharacterized inner membrane transporter YedA => putative inner membrane transporter YedA
[12:21:29] Modify product: Probable diguanylate cyclase DgcQ => putative diguanylate cyclase DgcQ
[12:21:29] Modify product: Uncharacterized protein YaeQ => putative protein YaeQ
[12:21:29] Modify product: UPF0253 protein YaeP => hypothetical protein
[12:21:29] Modify product: UPF0126 inner membrane protein YadS => hypothetical protein
[12:21:29] Modify product: Uncharacterized ABC transporter ATP-binding protein YadG => putative ABC transporter ATP-binding protein YadG
[12:21:29] Modify product: UPF0231 protein YacL => hypothetical protein
[12:21:29] Modify product: Probable peptidoglycan glycosyltransferase FtsW => putative peptidoglycan glycosyltransferase FtsW
[12:21:29] Modify product: Probable galactarate/D-glucarate transporter GudP => putative galactarate/D-glucarate transporter GudP
[12:21:29] Modify product: Uncharacterized lipoprotein YgdR => putative lipoprotein YgdR
[12:21:29] Modify product: Probable inner membrane protein Smp => putative inner membrane protein Smp
[12:21:29] Modify product: Uncharacterized metal-dependent hydrolase YjjV => putative metal-dependent hydrolase YjjV
[12:21:29] Modify product: Probable succinate transporter subunit YjjP => putative succinate transporter subunit YjjP
[12:21:29] Modify product: Probable succinate transporter subunit YjjB => putative succinate transporter subunit YjjB
[12:21:30] Modify product: Uncharacterized HTH-type transcriptional regulator YurK => putative HTH-type transcriptional regulator YurK
[12:21:30] Modify product: Probable 6-phospho-beta-glucosidase => putative 6-phospho-beta-glucosidase
[12:21:30] Modify product: Probable licABCH operon regulator => putative licABCH operon regulator
[12:21:30] Modify product: Deacetylase EF_0837 => Deacetylase
[12:21:30] Modify product: Uncharacterized protein YtfJ => putative protein YtfJ
[12:21:30] Modify product: Probable L-ascorbate-6-phosphate lactonase UlaG => putative L-ascorbate-6-phosphate lactonase UlaG
[12:21:30] Modify product: Probable outer membrane usher protein ElfC => putative outer membrane usher protein ElfC
[12:21:30] Modify product: UPF0716 protein FxsA => hypothetical protein
[12:21:30] Modify product: Probable transcriptional regulator PhnF => putative transcriptional regulator PhnF
[12:21:30] Modify product: Probable fimbrial chaperone LpfB => putative fimbrial chaperone LpfB
[12:21:30] Modify product: Uncharacterized fimbrial-like protein YcbV => putative fimbrial-like protein YcbV
[12:21:30] Modify product: Probable cyclic di-GMP phosphodiesterase PdeC => putative cyclic di-GMP phosphodiesterase PdeC
[12:21:30] Modify product: Uncharacterized protein YjbR => putative protein YjbR
[12:21:30] Modify product: UPF0337 protein YjbJ => hypothetical protein
[12:21:30] Modify product: UPF0597 protein YhaM => hypothetical protein
[12:21:30] Modify product: Uncharacterized protein HI_0431 => putative protein
[12:21:30] Modify product: Probable protein kinase UbiB => putative protein kinase UbiB
[12:21:30] Modify product: Probable protein kinase UbiB => putative protein kinase UbiB
[12:21:31] Modify product: Probable ECA polymerase => putative ECA polymerase
[12:21:31] Modify product: Uncharacterized membrane protein YdfK => putative membrane protein YdfK
[12:21:31] Modify product: Probable cystine transporter YijE => putative cystine transporter YijE
[12:21:31] Modify product: Probable fructose-bisphosphate aldolase => putative fructose-bisphosphate aldolase
[12:21:31] Modify product: Probable acyltransferase FabY => putative acyltransferase FabY
[12:21:31] Modify product: UPF0761 membrane protein YihY => hypothetical protein
[12:21:31] Modify product: Probable GTP-binding protein EngB => putative GTP-binding protein EngB
[12:21:31] Modify product: Probable transport protein HsrA => putative transport protein HsrA
[12:21:31] Modify product: HTH-type transcriptional regulator Cphy_2742 => HTH-type transcriptional regulator
[12:21:31] Modify product: Uncharacterized inner membrane transporter YicL => putative inner membrane transporter YicL
[12:21:31] Modify product: Acetyltransferase Atu2258 => Acetyltransferase
[12:21:31] Modify product: Zinc-type alcohol dehydrogenase-like protein SA1988 => Zinc-type alcohol dehydrogenase-like protein
[12:21:31] Modify product: UPF0311 protein CA_C3321 => hypothetical protein
[12:21:31] Modify product: UPF0126 inner membrane protein YicG => hypothetical protein
[12:21:31] Modify product: Uncharacterized protein MT2054 => putative protein
[12:21:31] Modify product: UPF0194 membrane protein YbhG => hypothetical protein
[12:21:31] Modify product: Probable multidrug ABC transporter ATP-binding protein YbhF => putative multidrug ABC transporter ATP-binding protein YbhF
[12:21:31] Modify product: Probable multidrug ABC transporter permease YbhR => putative multidrug ABC transporter permease YbhR
[12:21:31] Modify product: UPF0758 protein YsxA => hypothetical protein
[12:21:31] Modify product: Uncharacterized protein YibN => putative protein YibN
[12:21:31] Modify product: Uncharacterized protein YibL => putative protein YibL
[12:21:32] Modify product: Uncharacterized GST-like protein YibF => putative GST-like protein YibF
[12:21:32] Modify product: Probable lipoprotein YiaD => putative lipoprotein YiaD
[12:21:32] Modify product: Uncharacterized MFS-type transporter YhjX => putative MFS-type transporter YhjX
[12:21:32] Modify product: Probable cyclic di-GMP phosphodiesterase PdeK => putative cyclic di-GMP phosphodiesterase PdeK
[12:21:32] Modify product: Probable 4-deoxy-4-formamido-L-arabinose-phosphoundecaprenol deformylase ArnD => putative 4-deoxy-4-formamido-L-arabinose-phosphoundecaprenol deformylase ArnD
[12:21:32] Modify product: Probable 4-amino-4-deoxy-L-arabinose-phosphoundecaprenol flippase subunit ArnE => putative 4-amino-4-deoxy-L-arabinose-phosphoundecaprenol flippase subunit ArnE
[12:21:32] Modify product: Probable 4-amino-4-deoxy-L-arabinose-phosphoundecaprenol flippase subunit ArnF => putative 4-amino-4-deoxy-L-arabinose-phosphoundecaprenol flippase subunit ArnF
[12:21:32] Modify product: Uncharacterized MFS-type transporter YhhS => putative MFS-type transporter YhhS
[12:21:32] Modify product: Uncharacterized protein YhhA => putative protein YhhA
[12:21:32] Modify product: Uncharacterized oxidoreductase YhhX => putative oxidoreductase YhhX
[12:21:32] Modify product: Probable [Fe-S]-dependent transcriptional repressor => putative [Fe-S]-dependent transcriptional repressor
[12:21:32] Modify product: Uncharacterized protein YhfG => putative protein YhfG
[12:21:32] Modify product: Probable protein adenylyltransferase Fic => putative protein adenylyltransferase Fic
[12:21:32] Modify product: UPF0270 protein PA3463 => hypothetical protein
[12:21:32] Modify product: Probable ATP-binding protein YheS => putative ATP-binding protein YheS
[12:21:32] Modify product: Probable phosphatase YcdX => putative phosphatase YcdX
[12:21:32] Modify product: HTH-type transcriptional regulator XC_2801 => HTH-type transcriptional regulator
[12:21:32] Modify product: Probable hydrolase YcaC => putative hydrolase YcaC
[12:21:32] Modify product: Probable malonic semialdehyde reductase RutE => putative malonic semialdehyde reductase RutE
[12:21:32] Modify product: Uncharacterized protein YccJ => putative protein YccJ
[12:21:32] Modify product: Probable cyclic di-GMP phosphodiesterase PdeG => putative cyclic di-GMP phosphodiesterase PdeG
[12:21:32] Modify product: UPF0098 protein YbcL => hypothetical protein
[12:21:32] Modify product: Uncharacterized protein YccU => putative protein YccU
[12:21:32] Modify product: Uncharacterized protein YcbX => putative protein YcbX
[12:21:32] Modify product: Probable L,D-transpeptidase YcbB => putative L,D-transpeptidase YcbB
[12:21:32] Modify product: UPF0434 protein YcaR => hypothetical protein
[12:21:33] Modify product: Uncharacterized MFS-type transporter YcaD => putative MFS-type transporter YcaD
[12:21:33] Modify product: Uncharacterized lipoprotein YbjP => putative lipoprotein YbjP
[12:21:33] Modify product: Uncharacterized protein YbjN => putative protein YbjN
[12:21:33] Modify product: Probable dehydratase YbiW => putative dehydratase YbiW
[12:21:33] Modify product: Uncharacterized protein YbiU => putative protein YbiU
[12:21:33] Modify product: Probable ATP-binding protein YbiT => putative ATP-binding protein YbiT
[12:21:33] Modify product: Probable L,D-transpeptidase YbiS => putative L,D-transpeptidase YbiS
[12:21:33] Modify product: Uncharacterized protein McbA => putative protein McbA
[12:21:33] Modify product: Uncharacterized protein YbiI => putative protein YbiI
[12:21:33] Modify product: Uncharacterized protein YbiB => putative protein YbiB
[12:21:33] Modify product: Probable galactarate/D-glucarate transporter GudP => putative galactarate/D-glucarate transporter GudP
[12:21:33] Modify product: UPF0194 membrane protein YbhG => hypothetical protein
[12:21:33] Modify product: Probable multidrug ABC transporter ATP-binding protein YbhF => putative multidrug ABC transporter ATP-binding protein YbhF
[12:21:33] Modify product: Probable multidrug ABC transporter permease YbhS => putative multidrug ABC transporter permease YbhS
[12:21:33] Modify product: Probable multidrug ABC transporter permease YbhR => putative multidrug ABC transporter permease YbhR
[12:21:33] Modify product: UPF0098 protein YbhB => hypothetical protein
[12:21:33] Modify product: Probable cation-transporting ATPase F => putative cation-transporting ATPase F
[12:21:33] Modify product: Probable two-component-system connector protein YcgZ => putative two-component-system connector protein YcgZ
[12:21:33] Modify product: Probable two-component-system connector protein AriR => putative two-component-system connector protein AriR
[12:21:33] Modify product: GTP cyclohydrolase 1 type 2 homolog => GTP cyclohydrolase 1 type 2 
[12:21:33] Modify product: Uncharacterized protein YbfE => putative protein YbfE
[12:21:33] Modify product: Uncharacterized lipoprotein ChiQ => putative lipoprotein ChiQ
[12:21:33] Modify product: UPF0250 protein YbeD => hypothetical protein
[12:21:33] Modify product: Uncharacterized HTH-type transcriptional regulator YbdO => putative HTH-type transcriptional regulator YbdO
[12:21:33] Modify product: Uncharacterized HTH-type transcriptional regulator YbdO => putative HTH-type transcriptional regulator YbdO
[12:21:33] Modify product: Uncharacterized protein YbdM => putative protein YbdM
[12:21:33] Modify product: Uncharacterized sugar kinase YdjH => putative sugar kinase YdjH
[12:21:34] Modify product: Probable D,D-dipeptide-binding periplasmic protein DdpA => putative D,D-dipeptide-binding periplasmic protein DdpA
[12:21:34] Modify product: Probable D,D-dipeptide transport system permease protein DdpC => putative D,D-dipeptide transport system permease protein DdpC
[12:21:34] Modify product: Probable cation-transporting ATPase F => putative cation-transporting ATPase F
[12:21:34] Modify product: Uncharacterized protein Rv0906 => putative protein
[12:21:34] Modify product: Probable fimbrial chaperone EcpB => putative fimbrial chaperone EcpB
[12:21:34] Modify product: Probable outer membrane usher protein EcpC => putative outer membrane usher protein EcpC
[12:21:34] Modify product: Probable fimbrial chaperone EcpE => putative fimbrial chaperone EcpE
[12:21:34] Modify product: Uncharacterized protein YncE => putative protein YncE
[12:21:34] Modify product: Probable fimbrial chaperone YadV => putative fimbrial chaperone YadV
[12:21:34] Modify product: Bifunctional protein FolD => Bifunctional protein FolD protein
[12:21:34] Modify product: Uncharacterized ABC transporter ATP-binding protein Rv0986 => putative ABC transporter ATP-binding protein
[12:21:34] Modify product: Probable iron export permease protein FetB => putative iron export permease protein FetB
[12:21:34] Modify product: Probable iron export ATP-binding protein FetA => putative iron export ATP-binding protein FetA
[12:21:34] Modify product: Probable cyclic di-GMP phosphodiesterase PdeB => putative cyclic di-GMP phosphodiesterase PdeB
[12:21:34] Modify product: Uncharacterized lipoprotein YbaY => putative lipoprotein YbaY
[12:21:34] Modify product: Uncharacterized protein HI_1008 => putative protein
[12:21:34] Modify product: Uncharacterized lipoprotein YajI => putative lipoprotein YajI
[12:21:35] Modify product: Uncharacterized protein YaiA => putative protein YaiA
[12:21:35] Modify product: UPF0178 protein YaiI => hypothetical protein
[12:21:35] Modify product: Probable glutamine ABC transporter permease protein GlnP => putative glutamine ABC transporter permease protein GlnP
[12:21:35] Modify product: Probable fimbrial chaperone EcpE => putative fimbrial chaperone EcpE
[12:21:35] Modify product: Probable outer membrane usher protein EcpC => putative outer membrane usher protein EcpC
[12:21:35] Modify product: Probable fimbrial chaperone EcpB => putative fimbrial chaperone EcpB
[12:21:35] Modify product: Uncharacterized protein YjhP => putative protein YjhP
[12:21:35] Modify product: Uncharacterized N-acetyltransferase YafP => putative N-acetyltransferase YafP
[12:21:35] Modify product: Uncharacterized protein Rv2277c => putative protein
[12:21:35] Modify product: Uncharacterized methyltransferase YcgJ => putative methyltransferase YcgJ
[12:21:35] Modify product: Probable cyclic di-GMP phosphodiesterase PdeG => putative cyclic di-GMP phosphodiesterase PdeG
[12:21:35] Modify product: Cyclic di-GMP phosphodiesterase PA2567 => Cyclic di-GMP phosphodiesterase
[12:21:35] Modify product: Probable cyclic di-GMP phosphodiesterase PdeC => putative cyclic di-GMP phosphodiesterase PdeC
[12:21:35] Modify product: Probable copper-binding protein PcoE => putative copper-binding protein PcoE
[12:21:35] Modify product: Zinc-type alcohol dehydrogenase-like protein SA1988 => Zinc-type alcohol dehydrogenase-like protein
[12:21:35] Modify product: Transcriptional regulator Rv3488 => Transcriptional regulator
[12:21:35] Modify product: Probable chromate transport protein => putative chromate transport protein
[12:21:35] Modify product: Probable tellurium resistance transcriptional regulator TerW => putative tellurium resistance transcriptional regulator TerW
[12:21:35] Modify product: Probable membrane transporter protein YfcA => putative membrane transporter protein YfcA
[12:21:35] Modify product: Probable transport protein HsrA => putative transport protein HsrA
[12:21:35] Modify product: Probable transcriptional regulatory protein YebC => putative transcriptional regulatory protein YebC
[12:21:35] Modify product: Uncharacterized protein YebY => putative protein YebY
[12:21:35] Modify product: Uncharacterized protein HI_0461 => putative protein
[12:21:35] Modify product: Uncharacterized protein YebV => putative protein YebV
[12:21:35] Modify product: Probable manganese efflux pump MntP => putative manganese efflux pump MntP
[12:21:35] Modify product: UPF0266 membrane protein YobD => hypothetical protein
[12:21:35] Modify product: UPF0053 inner membrane protein YoaE => hypothetical protein
[12:21:35] Modify product: UPF0053 inner membrane protein YoaE => hypothetical protein
[12:21:35] Modify product: Probable cyclic di-GMP phosphodiesterase PdeD => putative cyclic di-GMP phosphodiesterase PdeD
[12:21:35] Modify product: Nudix hydrolase DR_1184 => Nudix hydrolase
[12:21:35] Modify product: Uncharacterized protein YeaR => putative protein YeaR
[12:21:35] Modify product: Uncharacterized protein Rv2411c => putative protein
[12:21:35] Modify product: Uncharacterized protein Rv2567 => putative protein
[12:21:35] Modify product: Uncharacterized protein Rv2569c => putative protein
[12:21:35] Modify product: UPF0225 protein YchJ => hypothetical protein
[12:21:35] Modify product: Uncharacterized NTE family protein Rv1063c => putative NTE family protein
[12:21:35] Modify product: UPF0056 inner membrane protein MarC => hypothetical protein
[12:21:35] Modify product: Probable ketoamine kinase HMPREF0351_12196 => putative ketoamine kinase
[12:21:36] Modify product: Probable ATP-dependent transporter SufC => putative ATP-dependent transporter SufC
[12:21:36] Modify product: Probable L,D-transpeptidase YnhG => putative L,D-transpeptidase YnhG
[12:21:36] Modify product: Probable siderophore transport system ATP-binding protein YusV => putative siderophore transport system ATP-binding protein YusV
[12:21:36] Modify product: Probable siderophore transport system permease protein YfiZ => putative siderophore transport system permease protein YfiZ
[12:21:36] Modify product: Probable siderophore transport system permease protein YfhA => putative siderophore transport system permease protein YfhA
[12:21:36] Modify product: Probable murein peptide carboxypeptidase => putative murein peptide carboxypeptidase
[12:21:36] Modify product: Probable succinyl-CoA:3-ketoacid coenzyme A transferase subunit B => putative succinyl-CoA:3-ketoacid coenzyme A transferase subunit B
[12:21:36] Modify product: Probable succinyl-CoA:3-ketoacid coenzyme A transferase subunit A => putative succinyl-CoA:3-ketoacid coenzyme A transferase subunit A
[12:21:36] Modify product: Uncharacterized MFS-type transporter Rv2456c => putative MFS-type transporter
[12:21:36] Modify product: Probable chromate transport protein => putative chromate transport protein
[12:21:36] Modify product: Probable D,D-dipeptide transport ATP-binding protein DdpD => putative D,D-dipeptide transport ATP-binding protein DdpD
[12:21:36] Modify product: Uncharacterized oxidoreductase YdgJ => putative oxidoreductase YdgJ
[12:21:36] Modify product: Probable transporter SCO4007 => putative transporter
[12:21:36] Modify product: 23S rRNA 5-hydroxycytidine C2501 synthase => 23S rRNA 5-hydroxycytidine synthase
[12:21:36] Modify product: Uncharacterized protein YdcY => putative protein YdcY
[12:21:36] Modify product: UPF0381 protein YiiS => hypothetical protein
[12:21:36] Modify product: Uncharacterized protein YncE => putative protein YncE
[12:21:36] Modify product: Uncharacterized lipoprotein YgdR => putative lipoprotein YgdR
[12:21:36] Modify product: Probable nitrate reductase molybdenum cofactor assembly chaperone NarW => putative nitrate reductase molybdenum cofactor assembly chaperone NarW
[12:21:36] Modify product: Probable D,D-dipeptide transport system permease protein DdpC => putative D,D-dipeptide transport system permease protein DdpC
[12:21:36] Modify product: Probable ATP-binding protein YheS => putative ATP-binding protein YheS
[12:21:36] Modify product: HTH-type transcriptional regulator XC_2801 => HTH-type transcriptional regulator
[12:21:36] Modify product: Uncharacterized oxidoreductase YghA => putative oxidoreductase YghA
[12:21:36] Modify product: UPF0702 transmembrane protein YetF => hypothetical protein
[12:21:36] Modify product: HTH-type transcriptional regulator XC_2801 => HTH-type transcriptional regulator
[12:21:36] Modify product: Probable HTH-type transcriptional regulator LrhA => putative HTH-type transcriptional regulator LrhA
[12:21:36] Modify product: Putative thiamine biosynthesis protein HI_0357 => Putative thiamine biosynthesis protein
[12:21:36] Modify product: Uncharacterized HTH-type transcriptional regulator Rv3095 => putative HTH-type transcriptional regulator
[12:21:36] Modify product: Uncharacterized protein PA2218 => putative protein
[12:21:36] Modify product: Uncharacterized protein PA2218 => putative protein
[12:21:36] Modify product: Uncharacterized oxidoreductase YkwC => putative oxidoreductase YkwC
[12:21:36] Modify product: Uncharacterized signaling protein CC_0091 => putative signaling protein
[12:21:36] Modify product: Probable fimbrial chaperone YraI => putative fimbrial chaperone YraI
[12:21:36] Modify product: Uncharacterized protein YycE => putative protein YycE
[12:21:36] Modify product: Uncharacterized MFS-type transporter YhhS => putative MFS-type transporter YhhS
[12:21:36] Modify product: Uncharacterized isomerase YddE => putative isomerase YddE
[12:21:36] Modify product: UPF0056 inner membrane protein MarC => hypothetical protein
[12:21:36] Modify product: Probable amino-acid metabolite efflux pump => putative amino-acid metabolite efflux pump
[12:21:36] Modify product: Probable L-galactonate transporter => putative L-galactonate transporter
[12:21:36] Modify product: UPF0060 membrane protein YnfA => hypothetical protein
[12:21:36] Modify product: UPF0482 protein YnfB => hypothetical protein
[12:21:36] Modify product: Uncharacterized protein YnfD => putative protein YnfD
[12:21:36] Modify product: Uncharacterized serine protease YdgD => putative serine protease YdgD
[12:21:36] Modify product: Probable DNA endonuclease SmrA => putative DNA endonuclease SmrA
[12:21:36] Modify product: Probable transporter YedE => putative transporter YedE
[12:21:36] Modify product: Uncharacterized protein YdfO => putative protein YdfO
[12:21:36] Modify product: Probable phospholipid transport protein YdbH => putative phospholipid transport protein YdbH
[12:21:37] Modify product: Probable D-methionine-binding lipoprotein MetQ => putative D-methionine-binding lipoprotein MetQ
[12:21:37] Modify product: Probable quorum-quenching lactonase YtnP => putative quorum-quenching lactonase YtnP
[12:21:37] Modify product: HTH-type transcriptional regulator XC_2801 => HTH-type transcriptional regulator
[12:21:37] Modify product: HTH-type transcriptional regulator XC_2801 => HTH-type transcriptional regulator
[12:21:37] Modify product: Uncharacterized oxidoreductase YtbE => putative oxidoreductase YtbE
[12:21:37] Modify product: Uncharacterized protein PA2218 => putative protein
[12:21:37] Modify product: Probable 6-phospho-beta-glucosidase => putative 6-phospho-beta-glucosidase
[12:21:37] Modify product: UPF0283 membrane protein YcjF => hypothetical protein
[12:21:37] Modify product: UPF0509 protein YciZ => hypothetical protein
[12:21:37] Modify product: Uncharacterized protein YciH => putative protein YciH
[12:21:37] Modify product: Probable protease SohB => putative protease SohB
[12:21:37] Modify product: Uncharacterized oxidoreductase YciK => putative oxidoreductase YciK
[12:21:37] Modify product: Uncharacterized protein YciO => putative protein YciO
[12:21:37] Modify product: Probable tartrate dehydrogenase/decarboxylase TtuC' => putative tartrate dehydrogenase/decarboxylase TtuC'
[12:21:37] Modify product: PKHD-type hydroxylase Sbal_3634 => PKHD-type hydroxylase
[12:21:37] Modify product: UPF0259 membrane protein YciC => hypothetical protein
[12:21:37] Modify product: Uncharacterized acyl-CoA thioester hydrolase HI_0827 => putative acyl-CoA thioester hydrolase
[12:21:37] Modify product: UPF0229 protein YeaH => hypothetical protein
[12:21:37] Modify product: HTH-type transcriptional regulator XC_2801 => HTH-type transcriptional regulator
[12:21:37] Modify product: Uncharacterized membrane protein YoaK => putative membrane protein YoaK
[12:21:37] Modify product: Putative virulence-regulating protein PA2146 => Putative virulence-regulating protein
[12:21:37] Modify product: Probable L,D-transpeptidase YcfS => putative L,D-transpeptidase YcfS
[12:21:37] Modify product: UPF0227 protein YcfP => hypothetical protein
[12:21:37] Modify product: Uncharacterized metal-dependent hydrolase YcfH => putative metal-dependent hydrolase YcfH
[12:21:37] Modify product: Probable lipid II flippase MurJ => putative lipid II flippase MurJ
[12:21:37] Modify product: UPF0502 protein YceH => hypothetical protein
[12:21:37] Modify product: Uncharacterized lipoprotein YceB => putative lipoprotein YceB
[12:21:37] Modify product: Uncharacterized protein YceO => putative protein YceO
[12:21:37] Cleaned 320 /product names
[12:21:37] Deleting unwanted file: results/prokka_annotations/GCA_055721705.1/GCA_055721705.1.sprot.tmp.49426.faa
[12:21:37] Deleting unwanted file: results/prokka_annotations/GCA_055721705.1/GCA_055721705.1.sprot.tmp.49426.blast
[12:21:37] There are still 1562 unannotated CDS left (started with 5593)
[12:21:37] Will use hmmer3 to search against /opt/conda/envs/prokka_env/db/hmm/HAMAP.hmm with 2 CPUs
[12:21:37] Running: cat results\/prokka_annotations\/GCA_055721705\.1\/GCA_055721705\.1\.HAMAP\.hmm\.tmp\.49426\.faa | parallel --gnu --plain -j 2 --block 95147 --recstart '>' --pipe hmmscan --noali --notextw --acc -E 1e-09 --cpu 1 /opt/conda/envs/prokka_env/db/hmm/HAMAP.hmm /dev/stdin > results\/prokka_annotations\/GCA_055721705\.1\/GCA_055721705\.1\.HAMAP\.hmm\.tmp\.49426\.hmmer3 2> /dev/null
[12:22:39] Modify product: Uncharacterized MFS-type transporter YcaD => putative MFS-type transporter YcaD
[12:22:40] Cleaned 1 /product names
[12:22:40] Deleting unwanted file: results/prokka_annotations/GCA_055721705.1/GCA_055721705.1.HAMAP.hmm.tmp.49426.faa
[12:22:40] Deleting unwanted file: results/prokka_annotations/GCA_055721705.1/GCA_055721705.1.HAMAP.hmm.tmp.49426.hmmer3
[12:22:40] Labelling remaining 1409 proteins as 'hypothetical protein'
[12:22:40] Possible /pseudo 'Protein translocase subunit SecA' at CM146776.1 position 132433
[12:22:40] Possible /pseudo 'Inner membrane protein CreD' at CM146776.1 position 245168
[12:22:40] Possible /pseudo 'Soluble lytic murein transglycosylase' at CM146776.1 position 252683
[12:22:40] Possible /pseudo '[Ribosomal protein bS18]-alanine N-acetyltransferase' at CM146776.1 position 298991
[12:22:40] Possible /pseudo 'Homoprotocatechuate catabolism bifunctional isomerase/decarboxylase' at CM146776.1 position 309731
[12:22:40] Possible /pseudo 'IS3 family transposase IS1400' at CM146776.1 position 401366
[12:22:40] Possible /pseudo 'IS3 family transposase IS1400' at CM146776.1 position 408147
[12:22:40] Possible /pseudo 'Formate dehydrogenase H' at CM146776.1 position 648570
[12:22:40] Possible /pseudo 'Maltoporin' at CM146776.1 position 713250
[12:22:40] Possible /pseudo 'Methionine synthase' at CM146776.1 position 734889
[12:22:40] Possible /pseudo 'putative protein kinase UbiB' at CM146776.1 position 808905
[12:22:40] Possible /pseudo 'Peptidyl-prolyl cis-trans isomerase C' at CM146776.1 position 868604
[12:22:40] Possible /pseudo 'Formate dehydrogenase-O major subunit' at CM146776.1 position 958858
[12:22:40] Possible /pseudo 'Oxygen-independent coproporphyrinogen III oxidase' at CM146776.1 position 975874
[12:22:40] Possible /pseudo 'Ribose import permease protein RbsC' at CM146776.1 position 997423
[12:22:40] Possible /pseudo 'D-serine dehydratase' at CM146776.1 position 1067820
[12:22:40] Possible /pseudo 'Outer membrane protein OprM' at CM146776.1 position 1110344
[12:22:40] Possible /pseudo 'Alpha-xylosidase' at CM146776.1 position 1132912
[12:22:40] Possible /pseudo 'ATP-dependent DNA helicase RecG' at CM146776.1 position 1154697
[12:22:40] Possible /pseudo '2-amino-3-ketobutyrate coenzyme A ligase' at CM146776.1 position 1194424
[12:22:40] Possible /pseudo 'IS3 family transposase ISKpn1' at CM146776.1 position 1261190
[12:22:40] Possible /pseudo 'Cellulose biosynthesis protein BcsG' at CM146776.1 position 1280720
[12:22:40] Possible /pseudo 'Nickel-binding periplasmic protein' at CM146776.1 position 1330225
[12:22:40] Possible /pseudo 'Cell division ATP-binding protein FtsE' at CM146776.1 position 1351377
[12:22:40] Possible /pseudo 'Protein translocase subunit SecY' at CM146776.1 position 1478963
[12:22:40] Possible /pseudo 'D-alanyl-D-alanine carboxypeptidase DacB' at CM146776.1 position 1575888
[12:22:40] Possible /pseudo 'Glucosidase YgjK' at CM146776.1 position 1666877
[12:22:40] Possible /pseudo 'Inner membrane transporter YgjI' at CM146776.1 position 1670259
[12:22:40] Possible /pseudo 'Evolved beta-galactosidase subunit alpha' at CM146776.1 position 1674857
[12:22:40] Possible /pseudo 'PEP-dependent dihydroxyacetone kinase, dihydroxyacetone-binding subunit DhaK' at CM146776.1 position 1684866
[12:22:40] Possible /pseudo 'Glycerol dehydratase large subunit' at CM146776.1 position 1692583
[12:22:40] Possible /pseudo 'RNA polymerase sigma factor RpoD' at CM146776.1 position 1706899
[12:22:40] Possible /pseudo 'Sensor protein QseC' at CM146776.1 position 1741895
[12:22:40] Possible /pseudo 'IS3 family transposase ISKpn1' at CM146776.1 position 1842418
[12:22:40] Possible /pseudo '2-dehydro-3-deoxy-D-gluconate 5-dehydrogenase' at CM146776.1 position 1912074
[12:22:40] Possible /pseudo 'IS1 family transposase ISKpn14' at CM146776.1 position 2022599
[12:22:40] Possible /pseudo 'Manganese transport system membrane protein MntB' at CM146776.1 position 2136220
[12:22:40] Possible /pseudo 'Formate hydrogenlyase subunit 4' at CM146776.1 position 2159076
[12:22:40] Possible /pseudo 'Signal recognition particle protein' at CM146776.1 position 2264153
[12:22:40] Possible /pseudo 'Chaperone protein ClpB' at CM146776.1 position 2280111
[12:22:40] Possible /pseudo 'Phosphoribosylformylglycinamidine synthase' at CM146776.1 position 2319103
[12:22:40] Possible /pseudo 'GMP synthase [glutamine-hydrolyzing]' at CM146776.1 position 2374603
[12:22:40] Possible /pseudo '3-ketoacyl-CoA thiolase FadI' at CM146776.1 position 2488915
[12:22:40] Possible /pseudo 'Ribonuclease BN' at CM146776.1 position 2550279
[12:22:40] Possible /pseudo 'Multidrug resistance protein MdtA' at CM146776.1 position 2719232
[12:22:40] Possible /pseudo 'IS1 family transposase ISKpn14' at CM146776.1 position 2905471
[12:22:40] Possible /pseudo 'Protease 2' at CM146776.1 position 2959414
[12:22:40] Possible /pseudo 'putative protein' at CM146776.1 position 3026645
[12:22:40] Possible /pseudo 'putative protein' at CM146776.1 position 3027571
[12:22:40] Possible /pseudo 'Threonine/serine transporter TdcC' at CM146776.1 position 3034979
[12:22:40] Possible /pseudo 'Propionate kinase' at CM146776.1 position 3036390
[12:22:40] Possible /pseudo 'Hercynine oxygenase' at CM146776.1 position 3073289
[12:22:40] Possible /pseudo 'Hercynine oxygenase' at CM146776.1 position 3074358
[12:22:40] Possible /pseudo 'Hercynine oxygenase' at CM146776.1 position 3075427
[12:22:40] Possible /pseudo 'Type VI secretion system component TssF1' at CM146776.1 position 3082927
[12:22:40] Possible /pseudo 'Peptidyl-tRNA hydrolase' at CM146776.1 position 3090829
[12:22:40] Possible /pseudo 'Cardiolipin synthase A' at CM146776.1 position 3150827
[12:22:40] Possible /pseudo '3-(3-hydroxy-phenyl)propionate transporter' at CM146776.1 position 3229942
[12:22:40] Possible /pseudo 'Formate dehydrogenase, nitrate-inducible, major subunit' at CM146776.1 position 3489005
[12:22:40] Possible /pseudo '3-oxoacyl-[acyl-carrier-protein] synthase 2' at CM146776.1 position 3581390
[12:22:40] Possible /pseudo 'putative protein' at CM146776.1 position 3672666
[12:22:40] Possible /pseudo 'High-affinity branched-chain amino acid transport ATP-binding protein LivF' at CM146776.1 position 3768430
[12:22:40] Possible /pseudo 'ATP-dependent RNA helicase HrpA' at CM146776.1 position 3920837
[12:22:40] Possible /pseudo 'IS3 family transposase ISKpn1' at CM146776.1 position 4160007
[12:22:40] Possible /pseudo 'IS3 family transposase ISKpn1' at CM146776.1 position 4263525
[12:22:40] Possible /pseudo 'Transaldolase B' at CM146776.1 position 4276107
[12:22:40] Possible /pseudo 'N-acetylmuramoyl-L-alanine amidase AmiD' at CM146776.1 position 4519673
[12:22:40] Possible /pseudo 'Urocanate hydratase' at CM146776.1 position 4639197
[12:22:40] Possible /pseudo 'Formimidoylglutamase' at CM146776.1 position 4641079
[12:22:40] Possible /pseudo 'Leucine--tRNA ligase' at CM146776.1 position 4765244
[12:22:40] Possible /pseudo 'Acetoin:2,6-dichlorophenolindophenol oxidoreductase subunit alpha' at CM146776.1 position 5227833
[12:22:40] Possible /pseudo 'IS1 family transposase ISKpn14' at JBVQSA010000002.1 position 6733
[12:22:40] Possible /pseudo 'IS200/IS605 family transposase IS609' at JBVQSA010000003.1 position 6423
[12:22:40] Possible /pseudo 'IS3 family transposase ISEcl1' at JBVQSA010000003.1 position 27361
[12:22:40] Possible /pseudo 'ISL3 family transposase ISEc38' at JBVQSA010000003.1 position 51719
[12:22:40] Possible /pseudo 'Arsenical pump-driving ATPase' at JBVQSA010000003.1 position 57314
[12:22:40] Possible /pseudo 'IS3 family transposase ISKpn38' at JBVQSA010000003.1 position 69477
[12:22:40] Possible /pseudo 'IS3 family transposase ISKpn11' at JBVQSA010000004.1 position 3804
[12:22:40] Possible /pseudo 'IS1 family transposase ISKpn14' at JBVQSA010000004.1 position 81050
[12:22:40] Possible /pseudo 'General stress protein 16U' at JBVQSA010000004.1 position 185647
[12:22:40] Possible /pseudo 'IS1 family transposase ISKpn14' at JBVQSA010000005.1 position 28186
[12:22:40] Found 3194 unique /gene codes.
[12:22:40] Fixed 2 duplicate /gene - dam_1 dam_2
[12:22:40] Fixed 4 duplicate /gene - exuT_1 exuT_2 exuT_3 exuT_4
[12:22:40] Fixed 3 duplicate /gene - mglA_1 mglA_2 mglA_3
[12:22:40] Fixed 5 duplicate /gene - mntB_1 mntB_2 mntB_3 mntB_4 mntB_5
[12:22:40] Fixed 4 duplicate /gene - glpR_1 glpR_2 glpR_3 glpR_4
[12:22:40] Fixed 2 duplicate /gene - pdxA2_1 pdxA2_2
[12:22:40] Fixed 2 duplicate /gene - leuA_1 leuA_2
[12:22:40] Fixed 2 duplicate /gene - rppH_1 rppH_2
[12:22:40] Fixed 2 duplicate /gene - ssuC_1 ssuC_2
[12:22:40] Fixed 3 duplicate /gene - lacI_1 lacI_2 lacI_3
[12:22:40] Fixed 2 duplicate /gene - fumB_1 fumB_2
[12:22:40] Fixed 2 duplicate /gene - ybhF_1 ybhF_2
[12:22:40] Fixed 2 duplicate /gene - parB_1 parB_2
[12:22:40] Fixed 2 duplicate /gene - bcr_1 bcr_2
[12:22:40] Fixed 2 duplicate /gene - yncE_1 yncE_2
[12:22:40] Fixed 2 duplicate /gene - hrpA_1 hrpA_2
[12:22:40] Fixed 2 duplicate /gene - proS_1 proS_2
[12:22:40] Fixed 2 duplicate /gene - slt_1 slt_2
[12:22:40] Fixed 2 duplicate /gene - yeaR_1 yeaR_2
[12:22:40] Fixed 2 duplicate /gene - ibpB_1 ibpB_2
[12:22:40] Fixed 4 duplicate /gene - rbsA_1 rbsA_2 rbsA_3 rbsA_4
[12:22:40] Fixed 3 duplicate /gene - glmS_1 glmS_2 glmS_3
[12:22:40] Fixed 2 duplicate /gene - nlpD_1 nlpD_2
[12:22:40] Fixed 2 duplicate /gene - fepA_1 fepA_2
[12:22:40] Fixed 2 duplicate /gene - qseC_1 qseC_2
[12:22:40] Fixed 2 duplicate /gene - bcsQ_1 bcsQ_2
[12:22:40] Fixed 2 duplicate /gene - ydfK_1 ydfK_2
[12:22:40] Fixed 2 duplicate /gene - fabD_1 fabD_2
[12:22:40] Fixed 3 duplicate /gene - gsiC_1 gsiC_2 gsiC_3
[12:22:40] Fixed 2 duplicate /gene - nagB_1 nagB_2
[12:22:40] Fixed 2 duplicate /gene - hin_1 hin_2
[12:22:40] Fixed 2 duplicate /gene - ycaD_1 ycaD_2
[12:22:40] Fixed 3 duplicate /gene - pduJ_1 pduJ_2 pduJ_3
[12:22:40] Fixed 4 duplicate /gene - hexR_1 hexR_2 hexR_3 hexR_4
[12:22:40] Fixed 2 duplicate /gene - ftsH_1 ftsH_2
[12:22:40] Fixed 2 duplicate /gene - aroE_1 aroE_2
[12:22:40] Fixed 2 duplicate /gene - dppA_1 dppA_2
[12:22:40] Fixed 2 duplicate /gene - mepS_1 mepS_2
[12:22:40] Fixed 2 duplicate /gene - btuC_1 btuC_2
[12:22:40] Fixed 2 duplicate /gene - dsdA_1 dsdA_2
[12:22:40] Fixed 2 duplicate /gene - pth_1 pth_2
[12:22:40] Fixed 2 duplicate /gene - btuF_1 btuF_2
[12:22:40] Fixed 2 duplicate /gene - dppD_1 dppD_2
[12:22:40] Fixed 3 duplicate /gene - fdhF_1 fdhF_2 fdhF_3
[12:22:40] Fixed 2 duplicate /gene - lrhA_1 lrhA_2
[12:22:40] Fixed 2 duplicate /gene - pgl_1 pgl_2
[12:22:40] Fixed 3 duplicate /gene - hmuU_1 hmuU_2 hmuU_3
[12:22:40] Fixed 2 duplicate /gene - mdtH_1 mdtH_2
[12:22:40] Fixed 2 duplicate /gene - ilvB_1 ilvB_2
[12:22:40] Fixed 2 duplicate /gene - lpxL_1 lpxL_2
[12:22:40] Fixed 2 duplicate /gene - metC_1 metC_2
[12:22:40] Fixed 2 duplicate /gene - nikA_1 nikA_2
[12:22:40] Fixed 2 duplicate /gene - lyx_1 lyx_2
[12:22:40] Fixed 2 duplicate /gene - kbl_1 kbl_2
[12:22:40] Fixed 5 duplicate /gene - lamB_1 lamB_2 lamB_3 lamB_4 lamB_5
[12:22:40] Fixed 2 duplicate /gene - cycA_1 cycA_2
[12:22:40] Fixed 2 duplicate /gene - yabI_1 yabI_2
[12:22:40] Fixed 2 duplicate /gene - mdtM_1 mdtM_2
[12:22:40] Fixed 2 duplicate /gene - ydhP_1 ydhP_2
[12:22:40] Fixed 2 duplicate /gene - betB_1 betB_2
[12:22:40] Fixed 2 duplicate /gene - qorA_1 qorA_2
[12:22:40] Fixed 2 duplicate /gene - asd_1 asd_2
[12:22:40] Fixed 2 duplicate /gene - cds1_1 cds1_2
[12:22:40] Fixed 2 duplicate /gene - codA_1 codA_2
[12:22:40] Fixed 3 duplicate /gene - sorC_1 sorC_2 sorC_3
[12:22:40] Fixed 2 duplicate /gene - ribX_1 ribX_2
[12:22:40] Fixed 4 duplicate /gene - yicJ_1 yicJ_2 yicJ_3 yicJ_4
[12:22:40] Fixed 2 duplicate /gene - hupB_1 hupB_2
[12:22:40] Fixed 2 duplicate /gene - tufA_1 tufA_2
[12:22:40] Fixed 2 duplicate /gene - dctA_1 dctA_2
[12:22:40] Fixed 2 duplicate /gene - mgtE_1 mgtE_2
[12:22:40] Fixed 2 duplicate /gene - dacB_1 dacB_2
[12:22:40] Fixed 2 duplicate /gene - cusF_1 cusF_2
[12:22:40] Fixed 2 duplicate /gene - mhpT_1 mhpT_2
[12:22:40] Fixed 3 duplicate /gene - glcR_1 glcR_2 glcR_3
[12:22:40] Fixed 2 duplicate /gene - lsrD_1 lsrD_2
[12:22:40] Fixed 2 duplicate /gene - hisJ_1 hisJ_2
[12:22:40] Fixed 11 duplicate /gene - fabG_1 fabG_2 fabG_3 fabG_4 fabG_5 fabG_6 fabG_7 fabG_8 fabG_9 fabG_10 fabG_11
[12:22:40] Fixed 2 duplicate /gene - fdoG_1 fdoG_2
[12:22:40] Fixed 2 duplicate /gene - malK_1 malK_2
[12:22:40] Fixed 2 duplicate /gene - groEL_1 groEL_2
[12:22:40] Fixed 2 duplicate /gene - lgoT_1 lgoT_2
[12:22:40] Fixed 3 duplicate /gene - frlB_1 frlB_2 frlB_3
[12:22:40] Fixed 2 duplicate /gene - recG_1 recG_2
[12:22:40] Fixed 3 duplicate /gene - bglH_1 bglH_2 bglH_3
[12:22:40] Fixed 2 duplicate /gene - cusC_1 cusC_2
[12:22:40] Fixed 4 duplicate /gene - yceD_1 yceD_2 yceD_3 yceD_4
[12:22:40] Fixed 2 duplicate /gene - bhsA_1 bhsA_2
[12:22:40] Fixed 2 duplicate /gene - pat_1 pat_2
[12:22:40] Fixed 2 duplicate /gene - sacP_1 sacP_2
[12:22:40] Fixed 4 duplicate /gene - rbsR_1 rbsR_2 rbsR_3 rbsR_4
[12:22:40] Fixed 2 duplicate /gene - rayT_1 rayT_2
[12:22:40] Fixed 2 duplicate /gene - pyrG_1 pyrG_2
[12:22:40] Fixed 5 duplicate /gene - tcyJ_1 tcyJ_2 tcyJ_3 tcyJ_4 tcyJ_5
[12:22:40] Fixed 4 duplicate /gene - ulaA_1 ulaA_2 ulaA_3 ulaA_4
[12:22:40] Fixed 3 duplicate /gene - hisC_1 hisC_2 hisC_3
[12:22:40] Fixed 5 duplicate /gene - glnQ_1 glnQ_2 glnQ_3 glnQ_4 glnQ_5
[12:22:40] Fixed 3 duplicate /gene - pncC_1 pncC_2 pncC_3
[12:22:40] Fixed 2 duplicate /gene - amaB_1 amaB_2
[12:22:40] Fixed 3 duplicate /gene - ddpC_1 ddpC_2 ddpC_3
[12:22:40] Fixed 2 duplicate /gene - hpf_1 hpf_2
[12:22:40] Fixed 2 duplicate /gene - yeaX_1 yeaX_2
[12:22:40] Fixed 2 duplicate /gene - pckA_1 pckA_2
[12:22:40] Fixed 2 duplicate /gene - ptrB_1 ptrB_2
[12:22:40] Fixed 3 duplicate /gene - glnH_1 glnH_2 glnH_3
[12:22:40] Fixed 3 duplicate /gene - argP_1 argP_2 argP_3
[12:22:40] Fixed 2 duplicate /gene - dgoK_1 dgoK_2
[12:22:40] Fixed 2 duplicate /gene - ecpE_1 ecpE_2
[12:22:40] Fixed 2 duplicate /gene - emrE_1 emrE_2
[12:22:40] Fixed 2 duplicate /gene - secA_1 secA_2
[12:22:40] Fixed 2 duplicate /gene - cobS_1 cobS_2
[12:22:40] Fixed 2 duplicate /gene - deoC_1 deoC_2
[12:22:40] Fixed 2 duplicate /gene - cutA_1 cutA_2
[12:22:40] Fixed 2 duplicate /gene - ugpC_1 ugpC_2
[12:22:40] Fixed 4 duplicate /gene - egtB_1 egtB_2 egtB_3 egtB_4
[12:22:40] Fixed 2 duplicate /gene - ftsE_1 ftsE_2
[12:22:40] Fixed 2 duplicate /gene - nhaA_1 nhaA_2
[12:22:40] Fixed 3 duplicate /gene - tssK1_1 tssK1_2 tssK1_3
[12:22:40] Fixed 2 duplicate /gene - sdiA_1 sdiA_2
[12:22:40] Fixed 2 duplicate /gene - dmsA_1 dmsA_2
[12:22:40] Fixed 2 duplicate /gene - acrB_1 acrB_2
[12:22:40] Fixed 2 duplicate /gene - murQ_1 murQ_2
[12:22:40] Fixed 2 duplicate /gene - gatC_1 gatC_2
[12:22:40] Fixed 2 duplicate /gene - fucA_1 fucA_2
[12:22:40] Fixed 2 duplicate /gene - amiD_1 amiD_2
[12:22:40] Fixed 2 duplicate /gene - aaeB_1 aaeB_2
[12:22:40] Fixed 5 duplicate /gene - iolG_1 iolG_2 iolG_3 iolG_4 iolG_5
[12:22:40] Fixed 6 duplicate /gene - livF_1 livF_2 livF_3 livF_4 livF_5 livF_6
[12:22:40] Fixed 2 duplicate /gene - astA_1 astA_2
[12:22:40] Fixed 2 duplicate /gene - astD_1 astD_2
[12:22:40] Fixed 3 duplicate /gene - garK_1 garK_2 garK_3
[12:22:40] Fixed 2 duplicate /gene - smoE_1 smoE_2
[12:22:40] Fixed 2 duplicate /gene - srlB_1 srlB_2
[12:22:40] Fixed 5 duplicate /gene - nimR_1 nimR_2 nimR_3 nimR_4 nimR_5
[12:22:40] Fixed 2 duplicate /gene - cmoO_1 cmoO_2
[12:22:40] Fixed 2 duplicate /gene - yohK_1 yohK_2
[12:22:40] Fixed 2 duplicate /gene - pdeG_1 pdeG_2
[12:22:40] Fixed 3 duplicate /gene - tsaR_1 tsaR_2 tsaR_3
[12:22:40] Fixed 2 duplicate /gene - smc_1 smc_2
[12:22:40] Fixed 3 duplicate /gene - pduO_1 pduO_2 pduO_3
[12:22:40] Fixed 2 duplicate /gene - ptxR_1 ptxR_2
[12:22:40] Fixed 2 duplicate /gene - ygjK_1 ygjK_2
[12:22:40] Fixed 2 duplicate /gene - uxuA_1 uxuA_2
[12:22:40] Fixed 4 duplicate /gene - chbA_1 chbA_2 chbA_3 chbA_4
[12:22:40] Fixed 2 duplicate /gene - zapE_1 zapE_2
[12:22:40] Fixed 2 duplicate /gene - agp_1 agp_2
[12:22:40] Fixed 2 duplicate /gene - lldD_1 lldD_2
[12:22:40] Fixed 3 duplicate /gene - manZ_1 manZ_2 manZ_3
[12:22:40] Fixed 2 duplicate /gene - pduD_1 pduD_2
[12:22:40] Fixed 2 duplicate /gene - glgC_1 glgC_2
[12:22:40] Fixed 3 duplicate /gene - kduD_1 kduD_2 kduD_3
[12:22:40] Fixed 2 duplicate /gene - gsiD_1 gsiD_2
[12:22:40] Fixed 2 duplicate /gene - xylA_1 xylA_2
[12:22:40] Fixed 2 duplicate /gene - pduL_1 pduL_2
[12:22:40] Fixed 3 duplicate /gene - rob_1 rob_2 rob_3
[12:22:40] Fixed 3 duplicate /gene - dppF_1 dppF_2 dppF_3
[12:22:40] Fixed 3 duplicate /gene - oprM_1 oprM_2 oprM_3
[12:22:40] Fixed 2 duplicate /gene - flmA_1 flmA_2
[12:22:40] Fixed 2 duplicate /gene - btuD_1 btuD_2
[12:22:40] Fixed 3 duplicate /gene - sotB_1 sotB_2 sotB_3
[12:22:40] Fixed 4 duplicate /gene - hdfR_1 hdfR_2 hdfR_3 hdfR_4
[12:22:40] Fixed 2 duplicate /gene - norW_1 norW_2
[12:22:40] Fixed 3 duplicate /gene - potA_1 potA_2 potA_3
[12:22:40] Fixed 2 duplicate /gene - dsdC_1 dsdC_2
[12:22:40] Fixed 2 duplicate /gene - pdeC_1 pdeC_2
[12:22:40] Fixed 2 duplicate /gene - dbpA_1 dbpA_2
[12:22:40] Fixed 2 duplicate /gene - gsiA_1 gsiA_2
[12:22:40] Fixed 2 duplicate /gene - alsE_1 alsE_2
[12:22:40] Fixed 2 duplicate /gene - ahpC_1 ahpC_2
[12:22:40] Fixed 2 duplicate /gene - ybdO_1 ybdO_2
[12:22:40] Fixed 3 duplicate /gene - fabF_1 fabF_2 fabF_3
[12:22:40] Fixed 2 duplicate /gene - tyrB_1 tyrB_2
[12:22:40] Fixed 2 duplicate /gene - lacZ_1 lacZ_2
[12:22:40] Fixed 6 duplicate /gene - licC_1 licC_2 licC_3 licC_4 licC_5 licC_6
[12:22:40] Fixed 3 duplicate /gene - dinG_1 dinG_2 dinG_3
[12:22:40] Fixed 2 duplicate /gene - algC_1 algC_2
[12:22:40] Fixed 2 duplicate /gene - hycD_1 hycD_2
[12:22:40] Fixed 2 duplicate /gene - trmL_1 trmL_2
[12:22:40] Fixed 2 duplicate /gene - yagG_1 yagG_2
[12:22:40] Fixed 2 duplicate /gene - rpoD_1 rpoD_2
[12:22:40] Fixed 2 duplicate /gene - ffh_1 ffh_2
[12:22:40] Fixed 2 duplicate /gene - yhhT_1 yhhT_2
[12:22:40] Fixed 5 duplicate /gene - pgrR_1 pgrR_2 pgrR_3 pgrR_4 pgrR_5
[12:22:40] Fixed 9 duplicate /gene - rbsC_1 rbsC_2 rbsC_3 rbsC_4 rbsC_5 rbsC_6 rbsC_7 rbsC_8 rbsC_9
[12:22:40] Fixed 2 duplicate /gene - mepM_1 mepM_2
[12:22:40] Fixed 2 duplicate /gene - yciE_1 yciE_2
[12:22:40] Fixed 3 duplicate /gene - ompA_1 ompA_2 ompA_3
[12:22:40] Fixed 3 duplicate /gene - vapC_1 vapC_2 vapC_3
[12:22:40] Fixed 2 duplicate /gene - cusR_1 cusR_2
[12:22:40] Fixed 2 duplicate /gene - rutB_1 rutB_2
[12:22:40] Fixed 3 duplicate /gene - ssuA_1 ssuA_2 ssuA_3
[12:22:40] Fixed 2 duplicate /gene - dadA_1 dadA_2
[12:22:40] Fixed 2 duplicate /gene - cdaR_1 cdaR_2
[12:22:40] Fixed 2 duplicate /gene - hiuH_1 hiuH_2
[12:22:40] Fixed 2 duplicate /gene - yheS_1 yheS_2
[12:22:40] Fixed 2 duplicate /gene - azoR_1 azoR_2
[12:22:40] Fixed 2 duplicate /gene - manC1_1 manC1_2
[12:22:40] Fixed 2 duplicate /gene - glpT_1 glpT_2
[12:22:40] Fixed 3 duplicate /gene - cydB_1 cydB_2 cydB_3
[12:22:40] Fixed 2 duplicate /gene - citG_1 citG_2
[12:22:40] Fixed 2 duplicate /gene - fucP_1 fucP_2
[12:22:40] Fixed 2 duplicate /gene - mak_1 mak_2
[12:22:40] Fixed 3 duplicate /gene - benM_1 benM_2 benM_3
[12:22:40] Fixed 3 duplicate /gene - lldR_1 lldR_2 lldR_3
[12:22:40] Fixed 2 duplicate /gene - fdnG_1 fdnG_2
[12:22:40] Fixed 2 duplicate /gene - klcA_1 klcA_2
[12:22:40] Fixed 2 duplicate /gene - amiC_1 amiC_2
[12:22:40] Fixed 2 duplicate /gene - aqpZ_1 aqpZ_2
[12:22:40] Fixed 2 duplicate /gene - astC_1 astC_2
[12:22:40] Fixed 2 duplicate /gene - xylG_1 xylG_2
[12:22:40] Fixed 4 duplicate /gene - metI_1 metI_2 metI_3 metI_4
[12:22:40] Fixed 5 duplicate /gene - yajO_1 yajO_2 yajO_3 yajO_4 yajO_5
[12:22:40] Fixed 2 duplicate /gene - ecpB_1 ecpB_2
[12:22:40] Fixed 2 duplicate /gene - dmsC_1 dmsC_2
[12:22:40] Fixed 3 duplicate /gene - suhB_1 suhB_2 suhB_3
[12:22:40] Fixed 3 duplicate /gene - rbn_1 rbn_2 rbn_3
[12:22:40] Fixed 2 duplicate /gene - ugpA_1 ugpA_2
[12:22:40] Fixed 2 duplicate /gene - cutC_1 cutC_2
[12:22:40] Fixed 2 duplicate /gene - bcsB_1 bcsB_2
[12:22:40] Fixed 2 duplicate /gene - cysH_1 cysH_2
[12:22:40] Fixed 2 duplicate /gene - ebgA_1 ebgA_2
[12:22:40] Fixed 3 duplicate /gene - pcaK_1 pcaK_2 pcaK_3
[12:22:40] Fixed 2 duplicate /gene - xanP_1 xanP_2
[12:22:40] Fixed 2 duplicate /gene - yicI_1 yicI_2
[12:22:40] Fixed 2 duplicate /gene - ubiB_1 ubiB_2
[12:22:40] Fixed 3 duplicate /gene - rhtC_1 rhtC_2 rhtC_3
[12:22:40] Fixed 2 duplicate /gene - artQ_1 artQ_2
[12:22:40] Fixed 2 duplicate /gene - ghrA_1 ghrA_2
[12:22:40] Fixed 2 duplicate /gene - silA_1 silA_2
[12:22:40] Fixed 2 duplicate /gene - ddpA_1 ddpA_2
[12:22:40] Fixed 3 duplicate /gene - gudP_1 gudP_2 gudP_3
[12:22:40] Fixed 2 duplicate /gene - creD_1 creD_2
[12:22:40] Fixed 2 duplicate /gene - yafP_1 yafP_2
[12:22:40] Fixed 2 duplicate /gene - shiA_1 shiA_2
[12:22:40] Fixed 4 duplicate /gene - ygdR_1 ygdR_2 ygdR_3 ygdR_4
[12:22:40] Fixed 2 duplicate /gene - ada_1 ada_2
[12:22:40] Fixed 3 duplicate /gene - ettA_1 ettA_2 ettA_3
[12:22:40] Fixed 3 duplicate /gene - parM_1 parM_2 parM_3
[12:22:40] Fixed 2 duplicate /gene - ribZ_1 ribZ_2
[12:22:40] Fixed 2 duplicate /gene - sbnD_1 sbnD_2
[12:22:40] Fixed 8 duplicate /gene - rhaS_1 rhaS_2 rhaS_3 rhaS_4 rhaS_5 rhaS_6 rhaS_7 rhaS_8
[12:22:40] Fixed 2 duplicate /gene - fruB_1 fruB_2
[12:22:40] Fixed 2 duplicate /gene - otnK_1 otnK_2
[12:22:40] Fixed 3 duplicate /gene - ulaC_1 ulaC_2 ulaC_3
[12:22:40] Fixed 3 duplicate /gene - tcyL_1 tcyL_2 tcyL_3
[12:22:40] Fixed 2 duplicate /gene - can_1 can_2
[12:22:40] Fixed 2 duplicate /gene - eutC_1 eutC_2
[12:22:40] Fixed 2 duplicate /gene - ompR_1 ompR_2
[12:22:40] Fixed 2 duplicate /gene - ppa_1 ppa_2
[12:22:40] Fixed 3 duplicate /gene - yqhC_1 yqhC_2 yqhC_3
[12:22:40] Fixed 2 duplicate /gene - bioH_1 bioH_2
[12:22:40] Fixed 2 duplicate /gene - glpF_1 glpF_2
[12:22:40] Fixed 2 duplicate /gene - topA_1 topA_2
[12:22:40] Fixed 2 duplicate /gene - bepA_1 bepA_2
[12:22:40] Fixed 2 duplicate /gene - puuB_1 puuB_2
[12:22:40] Fixed 2 duplicate /gene - ybdG_1 ybdG_2
[12:22:40] Fixed 2 duplicate /gene - acoA_1 acoA_2
[12:22:40] Fixed 3 duplicate /gene - adhE_1 adhE_2 adhE_3
[12:22:40] Fixed 6 duplicate /gene - crgA_1 crgA_2 crgA_3 crgA_4 crgA_5 crgA_6
[12:22:40] Fixed 2 duplicate /gene - mngR_1 mngR_2
[12:22:40] Fixed 2 duplicate /gene - rstB_1 rstB_2
[12:22:40] Fixed 2 duplicate /gene - ybhR_1 ybhR_2
[12:22:40] Fixed 2 duplicate /gene - htrE_1 htrE_2
[12:22:40] Fixed 2 duplicate /gene - lsrF_1 lsrF_2
[12:22:40] Fixed 4 duplicate /gene - metQ_1 metQ_2 metQ_3 metQ_4
[12:22:40] Fixed 2 duplicate /gene - aspT_1 aspT_2
[12:22:40] Fixed 2 duplicate /gene - iolU_1 iolU_2
[12:22:40] Fixed 2 duplicate /gene - gap_1 gap_2
[12:22:40] Fixed 3 duplicate /gene - phoP_1 phoP_2 phoP_3
[12:22:40] Fixed 2 duplicate /gene - tnpR_1 tnpR_2
[12:22:40] Fixed 2 duplicate /gene - aroP_1 aroP_2
[12:22:40] Fixed 4 duplicate /gene - norR_1 norR_2 norR_3 norR_4
[12:22:40] Fixed 2 duplicate /gene - lsrB_1 lsrB_2
[12:22:40] Fixed 2 duplicate /gene - hemN_1 hemN_2
[12:22:40] Fixed 3 duplicate /gene - blc_1 blc_2 blc_3
[12:22:40] Fixed 2 duplicate /gene - nfdA_1 nfdA_2
[12:22:40] Fixed 2 duplicate /gene - sad_1 sad_2
[12:22:40] Fixed 2 duplicate /gene - ftnA_1 ftnA_2
[12:22:40] Fixed 3 duplicate /gene - repB_1 repB_2 repB_3
[12:22:40] Fixed 2 duplicate /gene - melR_1 melR_2
[12:22:40] Fixed 2 duplicate /gene - eutB_1 eutB_2
[12:22:40] Fixed 10 duplicate /gene - xerC_1 xerC_2 xerC_3 xerC_4 xerC_5 xerC_6 xerC_7 xerC_8 xerC_9 xerC_10
[12:22:40] Fixed 2 duplicate /gene - tenA_1 tenA_2
[12:22:40] Fixed 2 duplicate /gene - ulaB_1 ulaB_2
[12:22:40] Fixed 2 duplicate /gene - glnP_1 glnP_2
[12:22:40] Fixed 4 duplicate /gene - gstB_1 gstB_2 gstB_3 gstB_4
[12:22:40] Fixed 2 duplicate /gene - alx_1 alx_2
[12:22:40] Fixed 2 duplicate /gene - roxA_1 roxA_2
[12:22:40] Fixed 2 duplicate /gene - hpcE_1 hpcE_2
[12:22:40] Fixed 2 duplicate /gene - dhaB_1 dhaB_2
[12:22:40] Fixed 2 duplicate /gene - tehA_1 tehA_2
[12:22:40] Fixed 4 duplicate /gene - menH_1 menH_2 menH_3 menH_4
[12:22:40] Fixed 2 duplicate /gene - leuS_1 leuS_2
[12:22:40] Fixed 2 duplicate /gene - fadI_1 fadI_2
[12:22:40] Fixed 2 duplicate /gene - yiaW_1 yiaW_2
[12:22:40] Fixed 2 duplicate /gene - rhtB_1 rhtB_2
[12:22:40] Fixed 2 duplicate /gene - groES_1 groES_2
[12:22:40] Fixed 2 duplicate /gene - ygjI_1 ygjI_2
[12:22:40] Fixed 4 duplicate /gene - hcpA_1 hcpA_2 hcpA_3 hcpA_4
[12:22:40] Fixed 2 duplicate /gene - bioD1_1 bioD1_2
[12:22:40] Fixed 4 duplicate /gene - tssF1_1 tssF1_2 tssF1_3 tssF1_4
[12:22:40] Fixed 3 duplicate /gene - clsA_1 clsA_2 clsA_3
[12:22:40] Fixed 2 duplicate /gene - gdhA_1 gdhA_2
[12:22:40] Fixed 2 duplicate /gene - ecpC_1 ecpC_2
[12:22:40] Fixed 2 duplicate /gene - dmsB_1 dmsB_2
[12:22:40] Fixed 2 duplicate /gene - aaeA_1 aaeA_2
[12:22:40] Fixed 4 duplicate /gene - betI_1 betI_2 betI_3 betI_4
[12:22:40] Fixed 2 duplicate /gene - astB_1 astB_2
[12:22:40] Fixed 3 duplicate /gene - dapA_1 dapA_2 dapA_3
[12:22:40] Fixed 2 duplicate /gene - cysG_1 cysG_2
[12:22:40] Fixed 2 duplicate /gene - metH_1 metH_2
[12:22:40] Fixed 2 duplicate /gene - mdtJ_1 mdtJ_2
[12:22:40] Fixed 2 duplicate /gene - clcB_1 clcB_2
[12:22:40] Fixed 3 duplicate /gene - iprA_1 iprA_2 iprA_3
[12:22:40] Fixed 2 duplicate /gene - mrkD_1 mrkD_2
[12:22:40] Fixed 2 duplicate /gene - bluF_1 bluF_2
[12:22:40] Fixed 2 duplicate /gene - fusA1_1 fusA1_2
[12:22:40] Fixed 2 duplicate /gene - ecoRIIM_1 ecoRIIM_2
[12:22:40] Fixed 2 duplicate /gene - cobD_1 cobD_2
[12:22:40] Fixed 2 duplicate /gene - ecoRIIR_1 ecoRIIR_2
[12:22:40] Fixed 2 duplicate /gene - bglF_1 bglF_2
[12:22:40] Fixed 2 duplicate /gene - argE_1 argE_2
[12:22:40] Fixed 3 duplicate /gene - yhaJ_1 yhaJ_2 yhaJ_3
[12:22:40] Fixed 2 duplicate /gene - rutC_1 rutC_2
[12:22:40] Fixed 5 duplicate /gene - gcvA_1 gcvA_2 gcvA_3 gcvA_4 gcvA_5
[12:22:40] Fixed 2 duplicate /gene - lon_1 lon_2
[12:22:40] Fixed 2 duplicate /gene - kefC_1 kefC_2
[12:22:40] Fixed 2 duplicate /gene - nodD2_1 nodD2_2
[12:22:40] Fixed 2 duplicate /gene - yraI_1 yraI_2
[12:22:40] Fixed 2 duplicate /gene - pcpR_1 pcpR_2
[12:22:40] Fixed 3 duplicate /gene - vldW_1 vldW_2 vldW_3
[12:22:40] Fixed 5 duplicate /gene - rbsB_1 rbsB_2 rbsB_3 rbsB_4 rbsB_5
[12:22:40] Fixed 2 duplicate /gene - oppF_1 oppF_2
[12:22:40] Fixed 2 duplicate /gene - rluA_1 rluA_2
[12:22:40] Fixed 2 duplicate /gene - tktA_1 tktA_2
[12:22:40] Fixed 2 duplicate /gene - hdeB_1 hdeB_2
[12:22:40] Fixed 3 duplicate /gene - dsbD_1 dsbD_2 dsbD_3
[12:22:40] Fixed 2 duplicate /gene - atoB_1 atoB_2
[12:22:40] Fixed 2 duplicate /gene - yfcA_1 yfcA_2
[12:22:40] Fixed 2 duplicate /gene - kefF_1 kefF_2
[12:22:40] Fixed 3 duplicate /gene - traC_1 traC_2 traC_3
[12:22:40] Fixed 2 duplicate /gene - fhuA_1 fhuA_2
[12:22:40] Fixed 3 duplicate /gene - yadV_1 yadV_2 yadV_3
[12:22:40] Fixed 2 duplicate /gene - malT_1 malT_2
[12:22:40] Fixed 2 duplicate /gene - csbX_1 csbX_2
[12:22:40] Fixed 2 duplicate /gene - tdcC_1 tdcC_2
[12:22:40] Fixed 2 duplicate /gene - intS_1 intS_2
[12:22:40] Fixed 2 duplicate /gene - cysA_1 cysA_2
[12:22:40] Fixed 3 duplicate /gene - dppB_1 dppB_2 dppB_3
[12:22:40] Fixed 6 duplicate /gene - bla_1 bla_2 bla_3 bla_4 bla_5 bla_6
[12:22:40] Fixed 2 duplicate /gene - pduE_1 pduE_2
[12:22:40] Fixed 2 duplicate /gene - fbaA_1 fbaA_2
[12:22:40] Fixed 2 duplicate /gene - ydiB_1 ydiB_2
[12:22:40] Fixed 4 duplicate /gene - talB_1 talB_2 talB_3 talB_4
[12:22:40] Fixed 2 duplicate /gene - hisQ_1 hisQ_2
[12:22:40] Fixed 2 duplicate /gene - yjiE_1 yjiE_2
[12:22:40] Fixed 2 duplicate /gene - gltJ_1 gltJ_2
[12:22:40] Fixed 4 duplicate /gene - umuC_1 umuC_2 umuC_3 umuC_4
[12:22:40] Fixed 5 duplicate /gene - malP_1 malP_2 malP_3 malP_4 malP_5
[12:22:40] Fixed 2 duplicate /gene - apbE_1 apbE_2
[12:22:40] Fixed 2 duplicate /gene - acrR_1 acrR_2
[12:22:40] Fixed 2 duplicate /gene - feaB_1 feaB_2
[12:22:40] Fixed 3 duplicate /gene - livH_1 livH_2 livH_3
[12:22:40] Fixed 2 duplicate /gene - bamA_1 bamA_2
[12:22:40] Fixed 4 duplicate /gene - dmlR_1 dmlR_2 dmlR_3 dmlR_4
[12:22:40] Fixed 2 duplicate /gene - lysN_1 lysN_2
[12:22:40] Fixed 2 duplicate /gene - nupC_1 nupC_2
[12:22:40] Fixed 2 duplicate /gene - ppiC_1 ppiC_2
[12:22:40] Fixed 3 duplicate /gene - gltC_1 gltC_2 gltC_3
[12:22:40] Fixed 2 duplicate /gene - arsC_1 arsC_2
[12:22:40] Fixed 2 duplicate /gene - yhhS_1 yhhS_2
[12:22:40] Fixed 4 duplicate /gene - aaeR_1 aaeR_2 aaeR_3 aaeR_4
[12:22:40] Fixed 5 duplicate /gene - srlR_1 srlR_2 srlR_3 srlR_4 srlR_5
[12:22:40] Fixed 3 duplicate /gene - ridA_1 ridA_2 ridA_3
[12:22:40] Fixed 3 duplicate /gene - pcaR_1 pcaR_2 pcaR_3
[12:22:40] Fixed 3 duplicate /gene - scrY_1 scrY_2 scrY_3
[12:22:40] Fixed 2 duplicate /gene - clpB_1 clpB_2
[12:22:40] Fixed 2 duplicate /gene - dgoT_1 dgoT_2
[12:22:40] Fixed 2 duplicate /gene - fimC_1 fimC_2
[12:22:40] Fixed 2 duplicate /gene - ecpD_1 ecpD_2
[12:22:40] Fixed 2 duplicate /gene - purL_1 purL_2
[12:22:40] Fixed 2 duplicate /gene - aacA4_1 aacA4_2
[12:22:40] Fixed 2 duplicate /gene - por_1 por_2
[12:22:40] Fixed 4 duplicate /gene - rcsC_1 rcsC_2 rcsC_3 rcsC_4
[12:22:40] Fixed 2 duplicate /gene - dgoA_1 dgoA_2
[12:22:40] Fixed 5 duplicate /gene - rhaR_1 rhaR_2 rhaR_3 rhaR_4 rhaR_5
[12:22:40] Fixed 2 duplicate /gene - pal_1 pal_2
[12:22:40] Fixed 2 duplicate /gene - ompN_1 ompN_2
[12:22:40] Fixed 3 duplicate /gene - gltR_1 gltR_2 gltR_3
[12:22:40] Fixed 2 duplicate /gene - gph_1 gph_2
[12:22:40] Fixed 2 duplicate /gene - emrA_1 emrA_2
[12:22:40] Fixed 2 duplicate /gene - ecpA_1 ecpA_2
[12:22:40] Fixed 2 duplicate /gene - secY_1 secY_2
[12:22:40] Fixed 2 duplicate /gene - astE_1 astE_2
[12:22:40] Fixed 2 duplicate /gene - cvaA_1 cvaA_2
[12:22:40] Fixed 2 duplicate /gene - pdeH_1 pdeH_2
[12:22:40] Fixed 2 duplicate /gene - ugpB_1 ugpB_2
[12:22:40] Fixed 3 duplicate /gene - yibH_1 yibH_2 yibH_3
[12:22:40] Fixed 2 duplicate /gene - msuD_1 msuD_2
[12:22:40] Fixed 2 duplicate /gene - mdtD_1 mdtD_2
[12:22:40] Fixed 3 duplicate /gene - celA_1 celA_2 celA_3
[12:22:40] Fixed 5 duplicate /gene - mdtA_1 mdtA_2 mdtA_3 mdtA_4 mdtA_5
[12:22:40] Fixed 2 duplicate /gene - ruvB_1 ruvB_2
[12:22:40] Fixed 2 duplicate /gene - yfbR_1 yfbR_2
[12:22:40] Fixed 2 duplicate /gene - iutA_1 iutA_2
[12:22:40] Fixed 2 duplicate /gene - glpE_1 glpE_2
[12:22:40] Fixed 3 duplicate /gene - fruA_1 fruA_2 fruA_3
[12:22:40] Fixed 3 duplicate /gene - nepI_1 nepI_2 nepI_3
[12:22:40] Fixed 6 duplicate /gene - cynR_1 cynR_2 cynR_3 cynR_4 cynR_5 cynR_6
[12:22:40] Fixed 2 duplicate /gene - sul1_1 sul1_2
[12:22:40] Fixed 2 duplicate /gene - bdcA_1 bdcA_2
[12:22:40] Fixed 3 duplicate /gene - metN_1 metN_2 metN_3
[12:22:40] Fixed 2 duplicate /gene - nudK_1 nudK_2
[12:22:40] Fixed 2 duplicate /gene - licH_1 licH_2
[12:22:40] Fixed 2 duplicate /gene - sdaC_1 sdaC_2
[12:22:40] Fixed 4 duplicate /gene - ttuB_1 ttuB_2 ttuB_3 ttuB_4
[12:22:40] Fixed 2 duplicate /gene - gntR_1 gntR_2
[12:22:40] Fixed 2 duplicate /gene - lacY_1 lacY_2
[12:22:40] Fixed 2 duplicate /gene - ygiW_1 ygiW_2
[12:22:40] Fixed 2 duplicate /gene - map_1 map_2
[12:22:40] Fixed 3 duplicate /gene - dhaK_1 dhaK_2 dhaK_3
[12:22:40] Fixed 2 duplicate /gene - cobT_1 cobT_2
[12:22:40] Fixed 2 duplicate /gene - araB_1 araB_2
[12:22:40] Fixed 3 duplicate /gene - guaA_1 guaA_2 guaA_3
[12:22:40] Fixed 2 duplicate /gene - gabD_1 gabD_2
[12:22:40] Fixed 2 duplicate /gene - topB_1 topB_2
[12:22:40] Fixed 2 duplicate /gene - guaD_1 guaD_2
[12:22:40] Fixed 5 duplicate /gene - oxyR_1 oxyR_2 oxyR_3 oxyR_4 oxyR_5
[12:22:40] Fixed 3 duplicate /gene - uspG_1 uspG_2 uspG_3
[12:22:40] Fixed 3 duplicate /gene - cytR_1 cytR_2 cytR_3
[12:22:40] Fixed 2 duplicate /gene - dnaK_1 dnaK_2
[12:22:40] Fixed 2 duplicate /gene - dauA_1 dauA_2
[12:22:40] Fixed 2 duplicate /gene - chcC2_1 chcC2_2
[12:22:40] Fixed 2 duplicate /gene - fimA_1 fimA_2
[12:22:40] Fixed 2 duplicate /gene - arsD_1 arsD_2
[12:22:40] Fixed 2 duplicate /gene - sorB_1 sorB_2
[12:22:40] Fixed 2 duplicate /gene - speG_1 speG_2
[12:22:40] Fixed 2 duplicate /gene - dgoR_1 dgoR_2
[12:22:40] Fixed 2 duplicate /gene - gltA_1 gltA_2
[12:22:40] Fixed 2 duplicate /gene - ymoA_1 ymoA_2
[12:22:40] Fixed 2 duplicate /gene - hns_1 hns_2
[12:22:40] Fixed 2 duplicate /gene - virB_1 virB_2
[12:22:40] Fixed 2 duplicate /gene - bcsG_1 bcsG_2
[12:22:40] Fixed 3 duplicate /gene - arsA_1 arsA_2 arsA_3
[12:22:40] Fixed 4 duplicate /gene - iolE_1 iolE_2 iolE_3 iolE_4
[12:22:40] Fixed 2 duplicate /gene - sasA_1 sasA_2
[12:22:40] Fixed 3 duplicate /gene - rimI_1 rimI_2 rimI_3
[12:22:40] Fixed 3 duplicate /gene - mltF_1 mltF_2 mltF_3
[12:22:40] Fixed 4 duplicate /gene - fimD_1 fimD_2 fimD_3 fimD_4
[12:22:40] Fixed 2 duplicate /gene - sutR_1 sutR_2
[12:22:40] Fixed 2 duplicate /gene - srpC_1 srpC_2
[12:22:40] Fixed 2 duplicate /gene - purR_1 purR_2
[12:22:40] Fixed 3 duplicate /gene - slyA_1 slyA_2 slyA_3
[12:22:40] Fixed 4 duplicate /gene - xylB_1 xylB_2 xylB_3 xylB_4
[12:22:40] Fixed 2 duplicate /gene - gdx_1 gdx_2
[12:22:40] Fixed 2 duplicate /gene - tdcD_1 tdcD_2
[12:22:40] Fixed 2 duplicate /gene - ftsI_1 ftsI_2
[12:22:40] Fixed 2 duplicate /gene - ramA_1 ramA_2
[12:22:40] Fixed 5 duplicate /gene - umuD_1 umuD_2 umuD_3 umuD_4 umuD_5
[12:22:40] Fixed 2 duplicate /gene - hutU_1 hutU_2
[12:22:40] Fixed 2 duplicate /gene - nagC_1 nagC_2
[12:22:40] Fixed 3 duplicate /gene - lptB_1 lptB_2 lptB_3
[12:22:40] Fixed 2 duplicate /gene - hsrA_1 hsrA_2
[12:22:40] Fixed 2 duplicate /gene - mqo_1 mqo_2
[12:22:40] Fixed 2 duplicate /gene - fhuC_1 fhuC_2
[12:22:40] Fixed 2 duplicate /gene - ctpF_1 ctpF_2
[12:22:40] Fixed 2 duplicate /gene - oppD_1 oppD_2
[12:22:40] Fixed 2 duplicate /gene - lgdh_1 lgdh_2
[12:22:40] Fixed 2 duplicate /gene - hxpB_1 hxpB_2
[12:22:40] Fixed 3 duplicate /gene - ascG_1 ascG_2 ascG_3
[12:22:40] Fixed 3 duplicate /gene - dsbC_1 dsbC_2 dsbC_3
[12:22:40] Fixed 2 duplicate /gene - gmuD_1 gmuD_2
[12:22:40] Fixed 4 duplicate /gene - uup_1 uup_2 uup_3 uup_4
[12:22:40] Fixed 5 duplicate /gene - vgrG2b_1 vgrG2b_2 vgrG2b_3 vgrG2b_4 vgrG2b_5
[12:22:40] Fixed 2 duplicate /gene - oppA_1 oppA_2
[12:22:40] Fixed 2 duplicate /gene - ygaZ_1 ygaZ_2
[12:22:40] Fixed 2 duplicate /gene - sgrR_1 sgrR_2
[12:22:40] Fixed 3 duplicate /gene - aegA_1 aegA_2 aegA_3
[12:22:40] Fixed 2 duplicate /gene - carA_1 carA_2
[12:22:40] Fixed 2 duplicate /gene - arnC_1 arnC_2
[12:22:40] Fixed 2 duplicate /gene - tus_1 tus_2
[12:22:40] Fixed 3 duplicate /gene - ssuB_1 ssuB_2 ssuB_3
[12:22:40] Fixed 2 duplicate /gene - artJ_1 artJ_2
[12:22:40] Fixed 4 duplicate /gene - hipO_1 hipO_2 hipO_3 hipO_4
[12:22:40] Fixed 2 duplicate /gene - cobC_1 cobC_2
[12:22:40] Fixed 3 duplicate /gene - bglA_1 bglA_2 bglA_3
[12:22:40] Fixed 3 duplicate /gene - rbsK_1 rbsK_2 rbsK_3
[12:22:40] Fixed 2 duplicate /gene - bioC_1 bioC_2
[12:22:40] Fixed 4 duplicate /gene - gabR_1 gabR_2 gabR_3 gabR_4
[12:22:40] Fixed 2 duplicate /gene - htpX_1 htpX_2
[12:22:40] Fixed 3 duplicate /gene - lrp_1 lrp_2 lrp_3
[12:22:40] Fixed 2 duplicate /gene - kdgK_1 kdgK_2
[12:22:40] Fixed 3 duplicate /gene - proP_1 proP_2 proP_3
[12:22:40] Fixed 2 duplicate /gene - ltnD_1 ltnD_2
[12:22:40] Fixed 494 colliding /gene names.
[12:22:40] Adding /locus_tag identifiers
[12:22:40] Assigned 5705 locus_tags to CDS and RNA features.
[12:22:40] Writing outputs to results/prokka_annotations/GCA_055721705.1/
[12:22:44] Generating annotation statistics file
[12:22:44] Generating Genbank and Sequin files
[12:22:44] Running: tbl2asn -V b -a r10k -l paired-ends -M n -N 1 -y 'Annotated using prokka 1.15.6 from https://github.com/tseemann/prokka' -Z results\/prokka_annotations\/GCA_055721705\.1\/GCA_055721705\.1\.err -i results\/prokka_annotations\/GCA_055721705\.1\/GCA_055721705\.1\.fsa 2> /dev/null
[12:23:00] Deleting unwanted file: results/prokka_annotations/GCA_055721705.1/errorsummary.val
[12:23:00] Deleting unwanted file: results/prokka_annotations/GCA_055721705.1/GCA_055721705.1.dr
[12:23:00] Deleting unwanted file: results/prokka_annotations/GCA_055721705.1/GCA_055721705.1.fixedproducts
[12:23:00] Deleting unwanted file: results/prokka_annotations/GCA_055721705.1/GCA_055721705.1.ecn
[12:23:00] Deleting unwanted file: results/prokka_annotations/GCA_055721705.1/GCA_055721705.1.val
[12:23:00] Repairing broken .GBK output that tbl2asn produces...
[12:23:00] Running: sed 's/COORDINATES: profile/COORDINATES:profile/' < results\/prokka_annotations\/GCA_055721705\.1\/GCA_055721705\.1\.gbf > results\/prokka_annotations\/GCA_055721705\.1\/GCA_055721705\.1\.gbk
[12:23:01] Deleting unwanted file: results/prokka_annotations/GCA_055721705.1/GCA_055721705.1.gbf
[12:23:01] Output files:
[12:23:01] results/prokka_annotations/GCA_055721705.1/GCA_055721705.1.gff
[12:23:01] results/prokka_annotations/GCA_055721705.1/GCA_055721705.1.faa
[12:23:01] results/prokka_annotations/GCA_055721705.1/GCA_055721705.1.tbl
[12:23:01] results/prokka_annotations/GCA_055721705.1/GCA_055721705.1.ffn
[12:23:01] results/prokka_annotations/GCA_055721705.1/GCA_055721705.1.gbk
[12:23:01] results/prokka_annotations/GCA_055721705.1/GCA_055721705.1.fsa
[12:23:01] results/prokka_annotations/GCA_055721705.1/GCA_055721705.1.fna
[12:23:01] results/prokka_annotations/GCA_055721705.1/GCA_055721705.1.sqn
[12:23:01] results/prokka_annotations/GCA_055721705.1/GCA_055721705.1.err
[12:23:01] results/prokka_annotations/GCA_055721705.1/GCA_055721705.1.txt
[12:23:01] results/prokka_annotations/GCA_055721705.1/GCA_055721705.1.log
[12:23:01] results/prokka_annotations/GCA_055721705.1/GCA_055721705.1.tsv
[12:23:01] Annotation finished successfully.
[12:23:01] Walltime used: 11.63 minutes
[12:23:01] If you use this result please cite the Prokka paper:
[12:23:01] Seemann T (2014) Prokka: rapid prokaryotic genome annotation. Bioinformatics. 30(14):2068-9.
[12:23:01] Type 'prokka --citation' for more details.
[12:23:01] Thank you, come again.
