[08:46:27] This is prokka 1.15.6
[08:46:27] Written by Torsten Seemann <torsten.seemann@gmail.com>
[08:46:27] Homepage is https://github.com/tseemann/prokka
[08:46:27] Local time is Wed Aug 26 08:46:27 2026
[08:46:27] You are codespace
[08:46:27] Operating system is linux
[08:46:27] You have BioPerl 1.7.8
[08:46:27] System has 2 cores.
[08:46:27] Will use maximum of 2 cores.
[08:46:27] Annotating as >>> Bacteria <<<
[08:46:27] Generating locus_tag from 'data/ncbi_dataset/data/GCA_053309215.1/GCA_053309215.1_ASM5330921v1_genomic.fna' contents.
[08:46:27] Setting --locustag FPEEIIMM from MD5 f9ee2266e712a9bd8a19b2b63c9a94a5
[08:46:27] Creating new output folder: results/prokka_annotations/GCA_053309215.1
[08:46:27] Running: mkdir -p results\/prokka_annotations\/GCA_053309215\.1
[08:46:27] Using filename prefix: GCA_053309215.1.XXX
[08:46:27] Setting HMMER_NCPU=1
[08:46:27] Writing log to: results/prokka_annotations/GCA_053309215.1/GCA_053309215.1.log
[08:46:27] Command: /opt/conda/envs/prokka_env/bin/prokka --outdir results/prokka_annotations/GCA_053309215.1 --prefix GCA_053309215.1 --kingdom Bacteria --genus Klebsiella --species pneumoniae --cpus 2 --force data/ncbi_dataset/data/GCA_053309215.1/GCA_053309215.1_ASM5330921v1_genomic.fna
[08:46:27] Looking for 'aragorn' - found /opt/conda/envs/prokka_env/bin/aragorn
[08:46:27] Determined aragorn version is v1.2 from 'ARAGORN v1.2.41 Dean Laslett'
[08:46:27] Looking for 'barrnap' - found /opt/conda/envs/prokka_env/bin/barrnap
[08:46:27] Determined barrnap version is v1.10 from 'barrnap 1.10.5'
[08:46:27] Looking for 'blastp' - found /opt/conda/envs/prokka_env/bin/blastp
[08:46:27] Determined blastp version is v2.17 from 'blastp: 2.17.0+'
[08:46:27] Looking for 'cmpress' - found /opt/conda/envs/prokka_env/bin/cmpress
[08:46:27] Determined cmpress version is v1.1 from '# INFERNAL 1.1.5 (Sep 2023)'
[08:46:27] Looking for 'cmscan' - found /opt/conda/envs/prokka_env/bin/cmscan
[08:46:28] Determined cmscan version is v1.1 from '# INFERNAL 1.1.5 (Sep 2023)'
[08:46:28] Looking for 'egrep' - found /usr/bin/egrep
[08:46:28] Looking for 'find' - found /usr/bin/find
[08:46:28] Looking for 'grep' - found /usr/bin/grep
[08:46:28] Looking for 'hmmpress' - found /opt/conda/envs/prokka_env/bin/hmmpress
[08:46:28] Determined hmmpress version is v3.4 from '# HMMER 3.4 (Aug 2023); http://hmmer.org/'
[08:46:28] Looking for 'hmmscan' - found /opt/conda/envs/prokka_env/bin/hmmscan
[08:46:28] Determined hmmscan version is v3.4 from '# HMMER 3.4 (Aug 2023); http://hmmer.org/'
[08:46:28] Looking for 'java' - found /opt/conda/envs/prokka_env/bin/java
[08:46:28] Looking for 'makeblastdb' - found /opt/conda/envs/prokka_env/bin/makeblastdb
[08:46:28] Determined makeblastdb version is v2.17 from 'makeblastdb: 2.17.0+'
[08:46:28] Looking for 'minced' - found /opt/conda/envs/prokka_env/bin/minced
[08:46:28] Determined minced version is v4.2 from 'minced 0.4.2'
[08:46:28] Looking for 'parallel' - found /opt/conda/envs/prokka_env/bin/parallel
[08:46:28] Determined parallel version is 20260722 from 'GNU parallel 20260722'
[08:46:28] Looking for 'prodigal' - found /opt/conda/envs/prokka_env/bin/prodigal
[08:46:28] Determined prodigal version is v2.6 from 'Prodigal V2.6.3: February, 2016'
[08:46:28] Looking for 'prokka-genbank_to_fasta_db' - found /opt/conda/envs/prokka_env/bin/prokka-genbank_to_fasta_db
[08:46:28] Looking for 'sed' - found /usr/bin/sed
[08:46:28] Looking for 'tbl2asn' - found /opt/conda/envs/prokka_env/bin/tbl2asn
[08:46:28] Determined tbl2asn version is v25.7 from 'tbl2asn 25.7   arguments:'
[08:46:28] Using genetic code table 11.
[08:46:28] Loading and checking input file: data/ncbi_dataset/data/GCA_053309215.1/GCA_053309215.1_ASM5330921v1_genomic.fna
[08:46:28] Wrote 3 contigs totalling 5567602 bp.
[08:46:28] Predicting tRNAs and tmRNAs
[08:46:28] Running: aragorn -l -gc11  -w results\/prokka_annotations\/GCA_053309215\.1\/GCA_053309215\.1\.fna
[08:46:30] 1 tRNA-Glu [1936,2011] 35 (ttc)
[08:46:30] 2 tRNA-Ile [101312,101388] 35 (gat)
[08:46:30] 3 tRNA-Ala [101425,101500] 34 (tgc)
[08:46:30] 4 tRNA-Asp [104841,104917] 35 (gtc)
[08:46:30] 5 tRNA-Trp [104971,105046] 34 (cca)
[08:46:30] 6 tRNA-Arg [143078,143154] 35 (ccg)
[08:46:30] 7 tRNA-His [143209,143284] 34 (gtg)
[08:46:30] 8 tRNA-Leu [143308,143394] 35 (cag)
[08:46:30] 9 tRNA-Pro [143437,143513] 35 (tgg)
[08:46:30] 10 tRNA-Ile [193195,193271] 35 (gat)
[08:46:30] 11 tRNA-Ala [193308,193383] 34 (tgc)
[08:46:30] 12 tRNA-Thr [200475,200550] 34 (tgt)
[08:46:30] 13 tRNA-Tyr [200561,200645] 35 (gta)
[08:46:30] 14 tRNA-Gly [200761,200835] 34 (tcc)
[08:46:30] 15 tRNA-Thr [200841,200916] 34 (ggt)
[08:46:30] 16 tRNA-Glu [238340,238415] 35 (ttc)
[08:46:30] 17 tRNA-Phe c[383724,383799] 34 (gaa)
[08:46:30] 18 tRNA-Gly [425828,425903] 34 (gcc)
[08:46:30] 19 tRNA-Gly [425972,426047] 34 (gcc)
[08:46:30] 20 tRNA-Gly [426120,426195] 34 (gcc)
[08:46:30] 21 tRNA-Leu [564055,564139] 35 (caa)
[08:46:30] 22 tRNA-Glu [634042,634117] 35 (ttc)
[08:46:30] 23 tRNA-Leu c[732295,732381] 35 (cag)
[08:46:30] 24 tRNA-Leu c[732414,732499] 36 (cag)
[08:46:30] 25 tRNA-Leu c[732528,732613] 36 (cag)
[08:46:30] 26 tRNA-Ile [1015474,1015550] 35 (gat)
[08:46:30] 27 tRNA-Ala [1015587,1015662] 34 (tgc)
[08:46:30] 28 tRNA-Asp [1019003,1019079] 35 (gtc)
[08:46:30] 29 tRNA-Asp [1028450,1028526] 35 (gtc)
[08:46:30] 30 tRNA-Thr c[1080466,1080541] 34 (cgt)
[08:46:30] 31 tRNA-Arg [1295053,1295129] 35 (tct)
[08:46:30] 32 tRNA-Asn [1311876,1311950] 33 (gtt)
[08:46:30] 33 tRNA-Arg [1311956,1312032] 35 (tct)
[08:46:30] 34 tRNA-Gln c[1585240,1585314] 33 (ctg)
[08:46:30] 35 tRNA-Gln c[1585390,1585464] 33 (ctg)
[08:46:30] 36 tRNA-Met c[1585512,1585588] 35 (cat)
[08:46:30] 37 tRNA-Gln c[1585612,1585686] 33 (ttg)
[08:46:30] 38 tRNA-Gln c[1585723,1585797] 33 (ttg)
[08:46:30] 39 tRNA-Leu c[1585821,1585905] 35 (tag)
[08:46:30] 40 tRNA-Met c[1585914,1585990] 35 (cat)
[08:46:30] 41 tRNA-Lys [1644615,1644690] 34 (ttt)
[08:46:30] 42 tRNA-Val [1644816,1644891] 34 (tac)
[08:46:30] 43 tRNA-Lys [1644894,1644969] 34 (ttt)
[08:46:30] 44 tRNA-Val [1645119,1645194] 34 (tac)
[08:46:30] 45 tRNA-Lys [1645198,1645273] 34 (ttt)
[08:46:30] 46 tRNA-Lys [1645420,1645495] 34 (ttt)
[08:46:30] 47 tRNA-Lys [1645629,1645704] 34 (ttt)
[08:46:30] 48 tRNA-Ser [1943346,1943433] 35 (tga)
[08:46:30] 49 tRNA-Ser c[1995984,1996071] 35 (gga)
[08:46:30] 50 tRNA-Ser c[1999406,1999493] 35 (gga)
[08:46:30] 51 tRNA-Glu [2180241,2180333] 35 (ctc)
[08:46:30] 52 tRNA-Val [2951749,2951825] 35 (gac)
[08:46:30] 53 tRNA-Val [2951830,2951906] 35 (gac)
[08:46:30] 54 tRNA-Val [2951911,2951987] 35 (gac)
[08:46:30] 55 tRNA-Tyr [3155397,3155481] 35 (gta)
[08:46:30] 56 tRNA-Tyr [3155697,3155781] 35 (gta)
[08:46:30] 57 tRNA-Leu c[3360789,3360875] 35 (taa)
[08:46:30] 58 tRNA-Cys c[3360889,3360962] 33 (gca)
[08:46:30] 59 tRNA-Gly c[3361003,3361078] 34 (gcc)
[08:46:30] 60 tRNA-Ser c[3382184,3382273] 35 (cga)
[08:46:30] 61 tRNA-Asn [3383265,3383340] 34 (gtt)
[08:46:30] 62 tRNA-Asn [3485902,3485977] 34 (gtt)
[08:46:30] 63 tRNA-Asn c[3494825,3494900] 34 (gtt)
[08:46:30] 64 tRNA-Asn [3496658,3496733] 34 (gtt)
[08:46:30] 65 tRNA-Pro [3704890,3704966] 35 (ggg)
[08:46:30] 66 tRNA-Arg [3821736,3821810] 34 (cct)
[08:46:30] 67 tRNA-Ala c[3842133,3842208] 34 (ggc)
[08:46:30] 68 tRNA-Ala c[3842250,3842325] 34 (ggc)
[08:46:30] 69 tRNA-Val [3845024,3845099] 34 (tac)
[08:46:30] 70 tRNA-Val [3845145,3845220] 34 (tac)
[08:46:30] 71 tRNA-Val [3845267,3845342] 34 (tac)
[08:46:30] 72 tRNA-Lys [3845347,3845422] 34 (ttt)
[08:46:30] 73 tRNA-Glu c[4023150,4023225] 35 (ttc)
[08:46:30] 74 tmRNA [4051725,4052087] 90,125 ANDENYALAA**
[08:46:30] 75 tRNA-Arg c[4114353,4114429] 35 (acg)
[08:46:30] 76 tRNA-Arg c[4114658,4114734] 35 (acg)
[08:46:30] 77 tRNA-Arg c[4114796,4114872] 35 (acg)
[08:46:30] 78 tRNA-Arg c[4115023,4115099] 35 (acg)
[08:46:30] 79 tRNA-Ser c[4115104,4115196] 35 (gct)
[08:46:30] 80 tRNA-Met [4282874,4282950] 35 (cat)
[08:46:30] 81 tRNA-Met [4282984,4283060] 35 (cat)
[08:46:30] 82 tRNA-Met [4283093,4283169] 35 (cat)
[08:46:30] 83 tRNA-Gly c[4421484,4421557] 33 (ccc)
[08:46:30] 84 tRNA-Phe [4509223,4509298] 34 (gaa)
[08:46:30] 85 tRNA-Met [4582166,4582241] 34 (cat)
[08:46:30] 86 tRNA-Met c[4675531,4675607] 35 (cat)
[08:46:30] 87 tRNA-Leu c[4679538,4679624] 35 (gag)
[08:46:30] 88 tRNA-Thr c[4763972,4764047] 34 (ggt)
[08:46:30] 89 tRNA-Pro c[5000451,5000527] 35 (cgg)
[08:46:30] 90 tRNA-SeC [5138438,5138532] 35 (tca)
[08:46:30] Found 90 tRNAs
[08:46:30] Predicting Ribosomal RNAs
[08:46:30] Running Barrnap with 2 threads
[08:47:02] 1 CM130000.1 311 16S ribosomal RNA
[08:47:02] 2 CM130000.1 2194 23S ribosomal RNA
[08:47:02] 3 CM130000.1 5192 5S ribosomal RNA
[08:47:02] 4 CM130000.1 99703 16S ribosomal RNA
[08:47:02] 5 CM130000.1 101670 23S ribosomal RNA
[08:47:02] 6 CM130000.1 104668 5S ribosomal RNA
[08:47:02] 7 CM130000.1 191586 16S ribosomal RNA
[08:47:02] 8 CM130000.1 193553 23S ribosomal RNA
[08:47:02] 9 CM130000.1 196551 5S ribosomal RNA
[08:47:02] 10 CM130000.1 236715 16S ribosomal RNA
[08:47:02] 11 CM130000.1 238598 23S ribosomal RNA
[08:47:02] 12 CM130000.1 241694 5S ribosomal RNA
[08:47:02] 13 CM130000.1 632417 16S ribosomal RNA
[08:47:02] 14 CM130000.1 634300 23S ribosomal RNA
[08:47:02] 15 CM130000.1 637298 5S ribosomal RNA
[08:47:02] 16 CM130000.1 1013865 16S ribosomal RNA
[08:47:02] 17 CM130000.1 1015832 23S ribosomal RNA
[08:47:02] 18 CM130000.1 1018831 5S ribosomal RNA
[08:47:02] 19 CM130000.1 4019849 5S ribosomal RNA
[08:47:02] 20 CM130000.1 4020065 23S ribosomal RNA
[08:47:02] 21 CM130000.1 4023311 16S ribosomal RNA
[08:47:02] 22 CM130000.1 4763818 5S ribosomal RNA
[08:47:02] 23 CM130000.1 4764062 5S ribosomal RNA
[08:47:02] 24 CM130000.1 4764275 23S ribosomal RNA
[08:47:02] 25 CM130000.1 4767375 16S ribosomal RNA
[08:47:02] Found 25 rRNAs
[08:47:02] Skipping ncRNA search, enable with --rfam if desired.
[08:47:02] Total of 114 tRNA + rRNA features
[08:47:02] Searching for CRISPR repeats
[08:47:02] Found 0 CRISPRs
[08:47:02] Predicting coding sequences
[08:47:02] Contigs total 5567602 bp, so using single mode
[08:47:02] Running: prodigal -i results\/prokka_annotations\/GCA_053309215\.1\/GCA_053309215\.1\.fna -c -m -g 11 -p single -f sco -q
[08:47:09] Excluding CDS which overlaps existing RNA (tRNA) at CM130000.1:143413..143565 on - strand
[08:47:11] Excluding CDS which overlaps existing RNA (tRNA) at CM130000.1:1999149..1999706 on + strand
[08:47:11] Excluding CDS which overlaps existing RNA (tRNA) at CM130000.1:2180044..2180949 on - strand
[08:47:12] Excluding CDS which overlaps existing RNA (tRNA) at CM130000.1:2951500..2951985 on - strand
[08:47:14] Excluding CDS which overlaps existing RNA (tRNA) at CM130000.1:4675432..4675638 on + strand
[08:47:15] Found 5163 CDS
[08:47:15] Connecting features back to sequences
[08:47:15] Not using genus-specific database. Try --usegenus to enable it.
[08:47:15] Annotating CDS, please be patient.
[08:47:15] Will use 2 CPUs for similarity searching.
[08:47:16] There are still 5163 unannotated CDS left (started with 5163)
[08:47:16] Will use blast to search against /opt/conda/envs/prokka_env/db/kingdom/Bacteria/IS with 2 CPUs
[08:47:16] Running: cat results\/prokka_annotations\/GCA_053309215\.1\/GCA_053309215\.1\.IS\.tmp\.22607\.faa | parallel --gnu --plain -j 2 --block 414808 --recstart '>' --pipe blastp -query - -db /opt/conda/envs/prokka_env/db/kingdom/Bacteria/IS -evalue 1e-30 -qcov_hsp_perc 90 -num_threads 1 -num_descriptions 1 -num_alignments 1 -seg no > results\/prokka_annotations\/GCA_053309215\.1\/GCA_053309215\.1\.IS\.tmp\.22607\.blast 2> /dev/null
[08:48:15] Modify product: Tn3 family transposase Tn5403 => Tn3 family transposase
[08:48:15] Cleaned 1 /product names
[08:48:15] Deleting unwanted file: results/prokka_annotations/GCA_053309215.1/GCA_053309215.1.IS.tmp.22607.faa
[08:48:15] Deleting unwanted file: results/prokka_annotations/GCA_053309215.1/GCA_053309215.1.IS.tmp.22607.blast
[08:48:17] There are still 5097 unannotated CDS left (started with 5163)
[08:48:17] Will use blast to search against /opt/conda/envs/prokka_env/db/kingdom/Bacteria/AMR with 2 CPUs
[08:48:17] Running: cat results\/prokka_annotations\/GCA_053309215\.1\/GCA_053309215\.1\.AMR\.tmp\.22607\.faa | parallel --gnu --plain -j 2 --block 410650 --recstart '>' --pipe blastp -query - -db /opt/conda/envs/prokka_env/db/kingdom/Bacteria/AMR -evalue 1e-300 -qcov_hsp_perc 90 -num_threads 1 -num_descriptions 1 -num_alignments 1 -seg no > results\/prokka_annotations\/GCA_053309215\.1\/GCA_053309215\.1\.AMR\.tmp\.22607\.blast 2> /dev/null
[08:49:56] Deleting unwanted file: results/prokka_annotations/GCA_053309215.1/GCA_053309215.1.AMR.tmp.22607.faa
[08:49:56] Deleting unwanted file: results/prokka_annotations/GCA_053309215.1/GCA_053309215.1.AMR.tmp.22607.blast
[08:49:57] There are still 5053 unannotated CDS left (started with 5163)
[08:49:57] Will use blast to search against /opt/conda/envs/prokka_env/db/kingdom/Bacteria/sprot with 2 CPUs
[08:49:57] Running: cat results\/prokka_annotations\/GCA_053309215\.1\/GCA_053309215\.1\.sprot\.tmp\.22607\.faa | parallel --gnu --plain -j 2 --block 402733 --recstart '>' --pipe blastp -query - -db /opt/conda/envs/prokka_env/db/kingdom/Bacteria/sprot -evalue 1e-09 -qcov_hsp_perc 80 -num_threads 1 -num_descriptions 1 -num_alignments 1 -seg no > results\/prokka_annotations\/GCA_053309215\.1\/GCA_053309215\.1\.sprot\.tmp\.22607\.blast 2> /dev/null
[08:54:52] Modify product: Probable GTP-binding protein EngB => putative GTP-binding protein EngB
[08:54:52] Modify product: UPF0761 membrane protein YihY => hypothetical protein
[08:54:52] Modify product: Probable acyltransferase FabY => putative acyltransferase FabY
[08:54:52] Modify product: Probable cystine transporter YijE => putative cystine transporter YijE
[08:54:52] Modify product: Uncharacterized membrane protein YdfK => putative membrane protein YdfK
[08:54:52] Modify product: Probable ECA polymerase => putative ECA polymerase
[08:54:52] Modify product: Probable protein kinase UbiB => putative protein kinase UbiB
[08:54:52] Modify product: Uncharacterized protein HI_0431 => putative protein
[08:54:52] Modify product: Shikimate dehydrogenase-like protein HI_0607 => Shikimate dehydrogenase-like protein
[08:54:52] Modify product: UPF0597 protein YhaM => hypothetical protein
[08:54:52] Modify product: UPF0337 protein YjbJ => hypothetical protein
[08:54:52] Modify product: Uncharacterized protein YjbR => putative protein YjbR
[08:54:52] Modify product: Probable cyclic di-GMP phosphodiesterase PdeC => putative cyclic di-GMP phosphodiesterase PdeC
[08:54:52] Modify product: Uncharacterized fimbrial-like protein YcbV => putative fimbrial-like protein YcbV
[08:54:52] Modify product: Probable fimbrial chaperone LpfB => putative fimbrial chaperone LpfB
[08:54:52] Modify product: Probable transcriptional regulator PhnF => putative transcriptional regulator PhnF
[08:54:52] Modify product: UPF0716 protein FxsA => hypothetical protein
[08:54:52] Modify product: Probable outer membrane usher protein ElfC => putative outer membrane usher protein ElfC
[08:54:52] Modify product: Probable major fimbrial subunit LpfA => putative major fimbrial subunit LpfA
[08:54:52] Modify product: Probable L-ascorbate-6-phosphate lactonase UlaG => putative L-ascorbate-6-phosphate lactonase UlaG
[08:54:52] Modify product: Uncharacterized protein YtfJ => putative protein YtfJ
[08:54:52] Modify product: Deacetylase EF_0837 => Deacetylase
[08:54:52] Modify product: Probable licABCH operon regulator => putative licABCH operon regulator
[08:54:52] Modify product: Probable 6-phospho-beta-glucosidase => putative 6-phospho-beta-glucosidase
[08:54:52] Modify product: Uncharacterized HTH-type transcriptional regulator YurK => putative HTH-type transcriptional regulator YurK
[08:54:52] Modify product: Probable succinate transporter subunit YjjB => putative succinate transporter subunit YjjB
[08:54:52] Modify product: Probable succinate transporter subunit YjjP => putative succinate transporter subunit YjjP
[08:54:52] Modify product: Uncharacterized metal-dependent hydrolase YjjV => putative metal-dependent hydrolase YjjV
[08:54:52] Modify product: Probable inner membrane protein Smp => putative inner membrane protein Smp
[08:54:52] Modify product: Uncharacterized lipoprotein YgdR => putative lipoprotein YgdR
[08:54:52] Modify product: Probable galactarate/D-glucarate transporter GudP => putative galactarate/D-glucarate transporter GudP
[08:54:53] Modify product: Probable peptidoglycan glycosyltransferase FtsW => putative peptidoglycan glycosyltransferase FtsW
[08:54:53] Modify product: UPF0231 protein YacL => hypothetical protein
[08:54:53] Modify product: Uncharacterized ABC transporter ATP-binding protein YadG => putative ABC transporter ATP-binding protein YadG
[08:54:53] Modify product: UPF0126 inner membrane protein YadS => hypothetical protein
[08:54:53] Modify product: UPF0253 protein YaeP => hypothetical protein
[08:54:53] Modify product: Uncharacterized protein YaeQ => putative protein YaeQ
[08:54:53] Modify product: Uncharacterized methyltransferase YcgJ => putative methyltransferase YcgJ
[08:54:53] Modify product: Uncharacterized protein Rv2277c => putative protein
[08:54:53] Modify product: Uncharacterized N-acetyltransferase YafP => putative N-acetyltransferase YafP
[08:54:53] Modify product: Uncharacterized protein YjhP => putative protein YjhP
[08:54:53] Modify product: Probable fimbrial chaperone YadV => putative fimbrial chaperone YadV
[08:54:53] Modify product: Probable fimbrial chaperone YadV => putative fimbrial chaperone YadV
[08:54:53] Modify product: Probable cyclic di-GMP phosphodiesterase PdeN => putative cyclic di-GMP phosphodiesterase PdeN
[08:54:53] Modify product: Probable major fimbrial subunit LpfA => putative major fimbrial subunit LpfA
[08:54:53] Modify product: Probable fimbrial chaperone SfmC => putative fimbrial chaperone SfmC
[08:54:53] Modify product: Probable fimbrial chaperone EcpB => putative fimbrial chaperone EcpB
[08:54:53] Modify product: Probable outer membrane usher protein EcpC => putative outer membrane usher protein EcpC
[08:54:53] Modify product: Probable fimbrial chaperone EcpE => putative fimbrial chaperone EcpE
[08:54:53] Modify product: Probable glutamine ABC transporter permease protein GlnP => putative glutamine ABC transporter permease protein GlnP
[08:54:53] Modify product: UPF0178 protein YaiI => hypothetical protein
[08:54:53] Modify product: Uncharacterized protein YaiA => putative protein YaiA
[08:54:53] Modify product: Uncharacterized lipoprotein YajI => putative lipoprotein YajI
[08:54:53] Modify product: Uncharacterized protein HI_1008 => putative protein
[08:54:53] Modify product: Uncharacterized lipoprotein YbaY => putative lipoprotein YbaY
[08:54:53] Modify product: Probable cyclic di-GMP phosphodiesterase PdeB => putative cyclic di-GMP phosphodiesterase PdeB
[08:54:53] Modify product: Probable iron export ATP-binding protein FetA => putative iron export ATP-binding protein FetA
[08:54:53] Modify product: Probable iron export permease protein FetB => putative iron export permease protein FetB
[08:54:53] Modify product: Bifunctional protein FolD => Bifunctional protein FolD protein
[08:54:53] Modify product: Uncharacterized protein YncE => putative protein YncE
[08:54:53] Modify product: Uncharacterized protein Rv0906 => putative protein
[08:54:53] Modify product: Probable cation-transporting ATPase F => putative cation-transporting ATPase F
[08:54:53] Modify product: Probable hydrolase YcaC => putative hydrolase YcaC
[08:54:53] Modify product: Probable D,D-dipeptide transport system permease protein DdpC => putative D,D-dipeptide transport system permease protein DdpC
[08:54:53] Modify product: Probable D,D-dipeptide-binding periplasmic protein DdpA => putative D,D-dipeptide-binding periplasmic protein DdpA
[08:54:53] Modify product: Uncharacterized sugar kinase YdjH => putative sugar kinase YdjH
[08:54:53] Modify product: Uncharacterized protein YbdM => putative protein YbdM
[08:54:53] Modify product: Uncharacterized HTH-type transcriptional regulator YbdO => putative HTH-type transcriptional regulator YbdO
[08:54:53] Modify product: Uncharacterized HTH-type transcriptional regulator YbdO => putative HTH-type transcriptional regulator YbdO
[08:54:53] Modify product: UPF0250 protein YbeD => hypothetical protein
[08:54:53] Modify product: Uncharacterized lipoprotein ChiQ => putative lipoprotein ChiQ
[08:54:53] Modify product: Uncharacterized protein YbfE => putative protein YbfE
[08:54:53] Modify product: GTP cyclohydrolase 1 type 2 homolog => GTP cyclohydrolase 1 type 2 
[08:54:53] Modify product: Probable two-component-system connector protein AriR => putative two-component-system connector protein AriR
[08:54:53] Modify product: Probable two-component-system connector protein YcgZ => putative two-component-system connector protein YcgZ
[08:54:53] Modify product: Probable cation-transporting ATPase F => putative cation-transporting ATPase F
[08:54:53] Modify product: UPF0098 protein YbhB => hypothetical protein
[08:54:53] Modify product: Probable multidrug ABC transporter permease YbhR => putative multidrug ABC transporter permease YbhR
[08:54:53] Modify product: Probable multidrug ABC transporter permease YbhS => putative multidrug ABC transporter permease YbhS
[08:54:53] Modify product: Probable multidrug ABC transporter ATP-binding protein YbhF => putative multidrug ABC transporter ATP-binding protein YbhF
[08:54:53] Modify product: UPF0194 membrane protein YbhG => hypothetical protein
[08:54:53] Modify product: Probable galactarate/D-glucarate transporter GudP => putative galactarate/D-glucarate transporter GudP
[08:54:53] Modify product: Uncharacterized protein YbiB => putative protein YbiB
[08:54:53] Modify product: Uncharacterized protein YbiI => putative protein YbiI
[08:54:53] Modify product: Uncharacterized protein McbA => putative protein McbA
[08:54:53] Modify product: Probable L,D-transpeptidase YbiS => putative L,D-transpeptidase YbiS
[08:54:53] Modify product: Probable ATP-binding protein YbiT => putative ATP-binding protein YbiT
[08:54:53] Modify product: Uncharacterized protein YbiU => putative protein YbiU
[08:54:53] Modify product: Probable dehydratase YbiW => putative dehydratase YbiW
[08:54:53] Modify product: Uncharacterized protein YbjN => putative protein YbjN
[08:54:53] Modify product: Uncharacterized lipoprotein YbjP => putative lipoprotein YbjP
[08:54:53] Modify product: Uncharacterized MFS-type transporter YcaD => putative MFS-type transporter YcaD
[08:54:53] Modify product: UPF0434 protein YcaR => hypothetical protein
[08:54:53] Modify product: Probable L,D-transpeptidase YcbB => putative L,D-transpeptidase YcbB
[08:54:53] Modify product: Uncharacterized protein YcbX => putative protein YcbX
[08:54:53] Modify product: Uncharacterized protein YccU => putative protein YccU
[08:54:53] Modify product: UPF0098 protein YbcL => hypothetical protein
[08:54:53] Modify product: Uncharacterized protein YccJ => putative protein YccJ
[08:54:53] Modify product: Probable malonic semialdehyde reductase RutE => putative malonic semialdehyde reductase RutE
[08:54:53] Modify product: Probable hydrolase YcaC => putative hydrolase YcaC
[08:54:53] Modify product: HTH-type transcriptional regulator XC_2801 => HTH-type transcriptional regulator
[08:54:53] Modify product: Probable phosphatase YcdX => putative phosphatase YcdX
[08:54:53] Modify product: Uncharacterized protein YceO => putative protein YceO
[08:54:53] Modify product: Uncharacterized lipoprotein YceB => putative lipoprotein YceB
[08:54:53] Modify product: UPF0502 protein YceH => hypothetical protein
[08:54:53] Modify product: Probable lipid II flippase MurJ => putative lipid II flippase MurJ
[08:54:53] Modify product: Uncharacterized metal-dependent hydrolase YcfH => putative metal-dependent hydrolase YcfH
[08:54:53] Modify product: UPF0227 protein YcfP => hypothetical protein
[08:54:53] Modify product: Probable L,D-transpeptidase YcfS => putative L,D-transpeptidase YcfS
[08:54:54] Modify product: Cyclic di-GMP phosphodiesterase PA2567 => Cyclic di-GMP phosphodiesterase
[08:54:54] Modify product: Probable diguanylate cyclase DgcC => putative diguanylate cyclase DgcC
[08:54:54] Modify product: Putative virulence-regulating protein PA2146 => Putative virulence-regulating protein
[08:54:54] Modify product: Uncharacterized membrane protein YoaK => putative membrane protein YoaK
[08:54:54] Modify product: UPF0229 protein YeaH => hypothetical protein
[08:54:54] Modify product: Uncharacterized acyl-CoA thioester hydrolase HI_0827 => putative acyl-CoA thioester hydrolase
[08:54:54] Modify product: UPF0259 membrane protein YciC => hypothetical protein
[08:54:54] Modify product: PKHD-type hydroxylase Sbal_3634 => PKHD-type hydroxylase
[08:54:54] Modify product: Uncharacterized protein YciO => putative protein YciO
[08:54:54] Modify product: Uncharacterized oxidoreductase YciK => putative oxidoreductase YciK
[08:54:54] Modify product: Probable protease SohB => putative protease SohB
[08:54:54] Modify product: Uncharacterized protein YciH => putative protein YciH
[08:54:54] Modify product: UPF0509 protein YciZ => hypothetical protein
[08:54:54] Modify product: UPF0283 membrane protein YcjF => hypothetical protein
[08:54:54] Modify product: Probable 6-phospho-beta-glucosidase => putative 6-phospho-beta-glucosidase
[08:54:54] Modify product: Uncharacterized protein PA2218 => putative protein
[08:54:54] Modify product: Uncharacterized oxidoreductase YtbE => putative oxidoreductase YtbE
[08:54:54] Modify product: HTH-type transcriptional regulator XC_2801 => HTH-type transcriptional regulator
[08:54:54] Modify product: HTH-type transcriptional regulator XC_2801 => HTH-type transcriptional regulator
[08:54:54] Modify product: Probable D-methionine-binding lipoprotein MetQ => putative D-methionine-binding lipoprotein MetQ
[08:54:54] Modify product: Uncharacterized oxidoreductase YdgJ => putative oxidoreductase YdgJ
[08:54:54] Modify product: Probable phospholipid transport protein YdbH => putative phospholipid transport protein YdbH
[08:54:54] Modify product: Uncharacterized protein YdfO => putative protein YdfO
[08:54:54] Modify product: Probable transporter YedE => putative transporter YedE
[08:54:54] Modify product: Probable DNA endonuclease SmrA => putative DNA endonuclease SmrA
[08:54:54] Modify product: Uncharacterized serine protease YdgD => putative serine protease YdgD
[08:54:54] Modify product: Uncharacterized protein YnfD => putative protein YnfD
[08:54:54] Modify product: UPF0482 protein YnfB => hypothetical protein
[08:54:54] Modify product: UPF0060 membrane protein YnfA => hypothetical protein
[08:54:54] Modify product: Probable L-galactonate transporter => putative L-galactonate transporter
[08:54:54] Modify product: Probable amino-acid metabolite efflux pump => putative amino-acid metabolite efflux pump
[08:54:54] Modify product: UPF0056 inner membrane protein MarC => hypothetical protein
[08:54:54] Modify product: Uncharacterized isomerase YddE => putative isomerase YddE
[08:54:54] Modify product: Probable galactarate/D-glucarate transporter GudP => putative galactarate/D-glucarate transporter GudP
[08:54:54] Modify product: Uncharacterized MFS-type transporter YhhS => putative MFS-type transporter YhhS
[08:54:54] Modify product: Uncharacterized protein YycE => putative protein YycE
[08:54:54] Modify product: Probable fimbrial chaperone YraI => putative fimbrial chaperone YraI
[08:54:54] Modify product: Uncharacterized signaling protein CC_0091 => putative signaling protein
[08:54:54] Modify product: Uncharacterized oxidoreductase YkwC => putative oxidoreductase YkwC
[08:54:54] Modify product: Putative thiamine biosynthesis protein HI_0357 => Putative thiamine biosynthesis protein
[08:54:54] Modify product: Probable HTH-type transcriptional regulator LrhA => putative HTH-type transcriptional regulator LrhA
[08:54:54] Modify product: HTH-type transcriptional regulator XC_2801 => HTH-type transcriptional regulator
[08:54:54] Modify product: UPF0702 transmembrane protein YetF => hypothetical protein
[08:54:54] Modify product: Uncharacterized oxidoreductase YghA => putative oxidoreductase YghA
[08:54:54] Modify product: HTH-type transcriptional regulator XC_2801 => HTH-type transcriptional regulator
[08:54:54] Modify product: Probable ATP-binding protein YheS => putative ATP-binding protein YheS
[08:54:54] Modify product: Probable D,D-dipeptide transport system permease protein DdpC => putative D,D-dipeptide transport system permease protein DdpC
[08:54:54] Modify product: Probable nitrate reductase molybdenum cofactor assembly chaperone NarW => putative nitrate reductase molybdenum cofactor assembly chaperone NarW
[08:54:54] Modify product: Uncharacterized lipoprotein YgdR => putative lipoprotein YgdR
[08:54:54] Modify product: Uncharacterized protein YncE => putative protein YncE
[08:54:54] Modify product: UPF0381 protein YiiS => hypothetical protein
[08:54:54] Modify product: Uncharacterized protein YdcY => putative protein YdcY
[08:54:54] Modify product: 23S rRNA 5-hydroxycytidine C2501 synthase => 23S rRNA 5-hydroxycytidine synthase
[08:54:54] Modify product: Probable transporter SCO4007 => putative transporter
[08:54:54] Modify product: Uncharacterized oxidoreductase YdgJ => putative oxidoreductase YdgJ
[08:54:54] Modify product: Probable D,D-dipeptide transport ATP-binding protein DdpD => putative D,D-dipeptide transport ATP-binding protein DdpD
[08:54:54] Modify product: Probable succinyl-CoA:3-ketoacid coenzyme A transferase subunit A => putative succinyl-CoA:3-ketoacid coenzyme A transferase subunit A
[08:54:54] Modify product: Probable succinyl-CoA:3-ketoacid coenzyme A transferase subunit B => putative succinyl-CoA:3-ketoacid coenzyme A transferase subunit B
[08:54:54] Modify product: Probable murein peptide carboxypeptidase => putative murein peptide carboxypeptidase
[08:54:54] Modify product: Probable siderophore transport system permease protein YfiZ => putative siderophore transport system permease protein YfiZ
[08:54:54] Modify product: Probable siderophore transport system ATP-binding protein YusV => putative siderophore transport system ATP-binding protein YusV
[08:54:54] Modify product: Probable L,D-transpeptidase YnhG => putative L,D-transpeptidase YnhG
[08:54:54] Modify product: Probable ATP-dependent transporter SufC => putative ATP-dependent transporter SufC
[08:54:54] Modify product: Probable ketoamine kinase HMPREF0351_12196 => putative ketoamine kinase
[08:54:54] Modify product: UPF0056 inner membrane protein MarC => hypothetical protein
[08:54:54] Modify product: Uncharacterized NTE family protein Rv1063c => putative NTE family protein
[08:54:54] Modify product: UPF0225 protein YchJ => hypothetical protein
[08:54:54] Modify product: Uncharacterized protein Rv2569c => putative protein
[08:54:54] Modify product: Uncharacterized protein Rv2567 => putative protein
[08:54:54] Modify product: Uncharacterized protein Rv2411c => putative protein
[08:54:54] Modify product: Uncharacterized protein YeaR => putative protein YeaR
[08:54:54] Modify product: Nudix hydrolase DR_1184 => Nudix hydrolase
[08:54:54] Modify product: Probable cyclic di-GMP phosphodiesterase PdeD => putative cyclic di-GMP phosphodiesterase PdeD
[08:54:54] Modify product: UPF0053 inner membrane protein YoaE => hypothetical protein
[08:54:54] Modify product: UPF0266 membrane protein YobD => hypothetical protein
[08:54:54] Modify product: Probable manganese efflux pump MntP => putative manganese efflux pump MntP
[08:54:54] Modify product: Uncharacterized protein YebV => putative protein YebV
[08:54:55] Modify product: Uncharacterized protein HI_0461 => putative protein
[08:54:55] Modify product: Uncharacterized protein YebY => putative protein YebY
[08:54:55] Modify product: Probable transcriptional regulatory protein YebC => putative transcriptional regulatory protein YebC
[08:54:55] Modify product: Probable transport protein HsrA => putative transport protein HsrA
[08:54:55] Modify product: Probable diguanylate cyclase DgcQ => putative diguanylate cyclase DgcQ
[08:54:55] Modify product: Uncharacterized inner membrane transporter YedA => putative inner membrane transporter YedA
[08:54:55] Modify product: Uncharacterized protein YedJ => putative protein YedJ
[08:54:55] Modify product: Probable siderophore transport system permease protein YfhA => putative siderophore transport system permease protein YfhA
[08:54:55] Modify product: HTH-type transcriptional regulator XC_2801 => HTH-type transcriptional regulator
[08:54:55] Modify product: Probable L,D-transpeptidase ErfK/SrfK => putative L,D-transpeptidase ErfK/SrfK
[08:54:55] Modify product: Probable acrylyl-CoA reductase AcuI => putative acrylyl-CoA reductase AcuI
[08:54:55] Modify product: Probable FMN/FAD exporter YeeO => putative FMN/FAD exporter YeeO
[08:54:55] Modify product: Uncharacterized protein YeaR => putative protein YeaR
[08:54:55] Modify product: Uncharacterized glycosyltransferase YkoT => putative glycosyltransferase YkoT
[08:54:55] Modify product: UPF0053 inner membrane protein YoaE => hypothetical protein
[08:54:55] Modify product: Probable lipid kinase YegS => putative lipid kinase YegS
[08:54:55] Modify product: Probable D,D-dipeptide transport system permease protein DdpC => putative D,D-dipeptide transport system permease protein DdpC
[08:54:55] Modify product: Probable D,D-dipeptide-binding periplasmic protein DdpA => putative D,D-dipeptide-binding periplasmic protein DdpA
[08:54:55] Modify product: Uncharacterized N-acetyltransferase YafP => putative N-acetyltransferase YafP
[08:54:55] Modify product: UPF0387 membrane protein YohO => hypothetical protein
[08:54:55] Modify product: UPF0299 membrane protein YohJ => hypothetical protein
[08:54:55] Modify product: Uncharacterized HTH-type transcriptional regulator YeiE => putative HTH-type transcriptional regulator YeiE
[08:54:55] Modify product: UPF0324 inner membrane protein YeiH => hypothetical protein
[08:54:55] Modify product: UPF0153 protein YeiW => hypothetical protein
[08:54:55] Modify product: Probable cyclic di-GMP phosphodiesterase PdeN => putative cyclic di-GMP phosphodiesterase PdeN
[08:54:55] Modify product: Uncharacterized protein YejA => putative protein YejA
[08:54:55] Modify product: Uncharacterized ABC transporter ATP-binding protein YejF => putative ABC transporter ATP-binding protein YejF
[08:54:55] Modify product: Uncharacterized protein YejG => putative protein YejG
[08:54:55] Modify product: UPF0352 protein YejL => hypothetical protein
[08:54:55] Modify product: Putative transport protein Rv1101c => Putative transport protein
[08:54:55] Modify product: Uncharacterized HTH-type transcriptional regulator RhmR => putative HTH-type transcriptional regulator RhmR
[08:54:55] Modify product: Probable HTH-type transcriptional regulator LrhA => putative HTH-type transcriptional regulator LrhA
[08:54:55] Modify product: UPF0304 protein YfbU => hypothetical protein
[08:54:55] Modify product: UPF0208 membrane protein YfbV => hypothetical protein
[08:54:55] Modify product: Uncharacterized Nudix hydrolase YfcD => putative Nudix hydrolase YfcD
[08:54:55] Modify product: Epimerase family protein SA0724 => Epimerase family protein
[08:54:55] Modify product: Uncharacterized MFS-type transporter YfcJ => putative MFS-type transporter YfcJ
[08:54:55] Modify product: Probable membrane transporter protein YfcA => putative membrane transporter protein YfcA
[08:54:55] Modify product: UPF0381 protein YiiS => hypothetical protein
[08:54:55] Modify product: Uncharacterized transporter YycB => putative transporter YycB
[08:54:55] Modify product: Probable cyclic di-GMP phosphodiesterase PdeA => putative cyclic di-GMP phosphodiesterase PdeA
[08:54:55] Modify product: Uncharacterized protein YybH => putative protein YybH
[08:54:55] Modify product: Uncharacterized protein YfeY => putative protein YfeY
[08:54:55] Modify product: Probable ethanolamine permease EutH => putative ethanolamine permease EutH
[08:54:55] Modify product: Probable alcohol dehydrogenase EutG => putative alcohol dehydrogenase EutG
[08:54:55] Modify product: Probable acetate kinase EutP => putative acetate kinase EutP
[08:54:55] Modify product: Uncharacterized protein YfgD => putative protein YfgD
[08:54:55] Modify product: Uncharacterized protein YfgJ => putative protein YfgJ
[08:54:55] Modify product: Probable 3-phenylpropionic acid transporter => putative 3-phenylpropionic acid transporter
[08:54:55] Modify product: Uncharacterized protein YphB => putative protein YphB
[08:54:55] Modify product: Uncharacterized tRNA/rRNA methyltransferase YfiF => putative tRNA/rRNA methyltransferase YfiF
[08:54:55] Modify product: UPF0053 inner membrane protein YfjD => hypothetical protein
[08:54:55] Modify product: UPF0125 protein RatB => hypothetical protein
[08:54:55] Modify product: HTH-type transcriptional regulator XC_2801 => HTH-type transcriptional regulator
[08:54:55] Modify product: Probable fimbrial chaperone YadV => putative fimbrial chaperone YadV
[08:54:55] Modify product: Probable fimbrial chaperone YraI => putative fimbrial chaperone YraI
[08:54:55] Modify product: Uncharacterized protein YgaM => putative protein YgaM
[08:54:55] Modify product: Probable UbiX-like flavin prenyltransferase => putative UbiX-like flavin prenyltransferase
[08:54:55] Modify product: Probable galactarate/D-glucarate transporter GudP => putative galactarate/D-glucarate transporter GudP
[08:54:55] Modify product: Uncharacterized protein YqcC => putative protein YqcC
[08:54:55] Modify product: Uncharacterized HTH-type transcriptional regulator YdjF => putative HTH-type transcriptional regulator YdjF
[08:54:55] Modify product: UPF0382 inner membrane protein YgdD => hypothetical protein
[08:54:55] Modify product: Uncharacterized lipoprotein YgdR => putative lipoprotein YgdR
[08:54:55] Modify product: Probable cobalt-factor III C(17)-methyltransferase => putative cobalt-factor III C(17)-methyltransferase
[08:54:55] Modify product: UPF0053 inner membrane protein YgdQ => hypothetical protein
[08:54:55] Modify product: Uncharacterized lipoprotein YgdR => putative lipoprotein YgdR
[08:54:55] Modify product: Probable fimbrial chaperone YadV => putative fimbrial chaperone YadV
[08:54:55] Modify product: Uncharacterized protein YjdJ => putative protein YjdJ
[08:54:55] Modify product: UPF0073 inner membrane protein YqfA => hypothetical protein
[08:54:55] Modify product: Uncharacterized oxidoreductase YgfF => putative oxidoreductase YgfF
[08:54:56] Modify product: UPF0149 protein HI_0817 => hypothetical protein
[08:54:56] Modify product: Probable sulfoacetate transporter SauU => putative sulfoacetate transporter SauU
[08:54:56] Modify product: Probable L-galactonate transporter => putative L-galactonate transporter
[08:54:56] Modify product: UPF0301 protein YqgE => hypothetical protein
[08:54:56] Modify product: Uncharacterized protein YggR => putative protein YggR
[08:54:56] Modify product: UPF0235 protein YggU => hypothetical protein
[08:54:56] Modify product: Solute-binding protein Bamb_6123 => Solute-binding protein
[08:54:56] Modify product: Uncharacterized protein HI_0341 => putative protein
[08:54:56] Modify product: Probable Fe(2+)-trafficking protein => putative Fe(2+)-trafficking protein
[08:54:56] Modify product: Uncharacterized membrane protein YdfK => putative membrane protein YdfK
[08:54:56] Modify product: HTH-type transcriptional regulator XC_2801 => HTH-type transcriptional regulator
[08:54:56] Modify product: Probable HTH-type transcriptional regulator STM3175 => putative HTH-type transcriptional regulator
[08:54:56] Modify product: Probable quinol monooxygenase YgiN => putative quinol monooxygenase YgiN
[08:54:56] Modify product: Probable glycerol-3-phosphate acyltransferase => putative glycerol-3-phosphate acyltransferase
[08:54:56] Modify product: Uncharacterized protein YqjD => putative protein YqjD
[08:54:56] Modify product: Probable galactarate/D-glucarate transporter GarP => putative galactarate/D-glucarate transporter GarP
[08:54:56] Modify product: UPF0102 protein RPA0323 => hypothetical protein
[08:54:56] Modify product: Uncharacterized inner membrane transporter YhbE => putative inner membrane transporter YhbE
[08:54:56] Modify product: Uncharacterized protein YhcO => putative protein YhcO
[08:54:56] Modify product: Uncharacterized membrane protein YhdT => putative membrane protein YhdT
[08:54:56] Modify product: Protein SlyX homolog => Protein SlyX 
[08:54:56] Modify product: Probable ATP-binding protein YheS => putative ATP-binding protein YheS
[08:54:56] Modify product: UPF0270 protein PA3463 => hypothetical protein
[08:54:56] Modify product: Probable protein adenylyltransferase Fic => putative protein adenylyltransferase Fic
[08:54:56] Modify product: Uncharacterized protein YhfG => putative protein YhfG
[08:54:56] Modify product: Probable [Fe-S]-dependent transcriptional repressor => putative [Fe-S]-dependent transcriptional repressor
[08:54:56] Modify product: Uncharacterized oxidoreductase YhhX => putative oxidoreductase YhhX
[08:54:56] Modify product: Uncharacterized protein YhhA => putative protein YhhA
[08:54:56] Modify product: Uncharacterized MFS-type transporter YhhS => putative MFS-type transporter YhhS
[08:54:56] Modify product: Probable 4-amino-4-deoxy-L-arabinose-phosphoundecaprenol flippase subunit ArnF => putative 4-amino-4-deoxy-L-arabinose-phosphoundecaprenol flippase subunit ArnF
[08:54:56] Modify product: Probable 4-amino-4-deoxy-L-arabinose-phosphoundecaprenol flippase subunit ArnE => putative 4-amino-4-deoxy-L-arabinose-phosphoundecaprenol flippase subunit ArnE
[08:54:56] Modify product: Probable 4-deoxy-4-formamido-L-arabinose-phosphoundecaprenol deformylase ArnD => putative 4-deoxy-4-formamido-L-arabinose-phosphoundecaprenol deformylase ArnD
[08:54:56] Modify product: Probable cyclic di-GMP phosphodiesterase PdeK => putative cyclic di-GMP phosphodiesterase PdeK
[08:54:56] Modify product: Uncharacterized MFS-type transporter YhjX => putative MFS-type transporter YhjX
[08:54:56] Modify product: Probable lipoprotein YiaD => putative lipoprotein YiaD
[08:54:56] Modify product: Uncharacterized protein YiaX1 => putative protein YiaX1
[08:54:56] Modify product: Uncharacterized GST-like protein YibF => putative GST-like protein YibF
[08:54:56] Modify product: Uncharacterized protein YibL => putative protein YibL
[08:54:56] Modify product: Uncharacterized protein YibN => putative protein YibN
[08:54:56] Modify product: UPF0758 protein YsxA => hypothetical protein
[08:54:56] Modify product: Probable multidrug ABC transporter permease YbhR => putative multidrug ABC transporter permease YbhR
[08:54:56] Modify product: Probable multidrug ABC transporter ATP-binding protein YbhF => putative multidrug ABC transporter ATP-binding protein YbhF
[08:54:56] Modify product: UPF0194 membrane protein YbhG => hypothetical protein
[08:54:56] Modify product: Uncharacterized protein MT2054 => putative protein
[08:54:56] Modify product: UPF0126 inner membrane protein YicG => hypothetical protein
[08:54:56] Modify product: UPF0311 protein CA_C3321 => hypothetical protein
[08:54:56] Modify product: Zinc-type alcohol dehydrogenase-like protein SA1988 => Zinc-type alcohol dehydrogenase-like protein
[08:54:56] Modify product: Acetyltransferase Atu2258 => Acetyltransferase
[08:54:56] Modify product: Uncharacterized inner membrane transporter YicL => putative inner membrane transporter YicL
[08:54:56] Modify product: HTH-type transcriptional regulator Cphy_2742 => HTH-type transcriptional regulator
[08:54:56] Modify product: Probable transport protein HsrA => putative transport protein HsrA
[08:54:56] Modify product: UPF0758 protein CT0611 => hypothetical protein
[08:54:56] Modify product: HTH-type transcriptional regulator XC_2801 => HTH-type transcriptional regulator
[08:54:56] Modify product: Uncharacterized oxidoreductase YghA => putative oxidoreductase YghA
[08:54:56] Modify product: Pentapeptide repeat protein VPA0095 => Pentapeptide repeat protein
[08:54:56] Modify product: Cyclic di-GMP phosphodiesterase PA2567 => Cyclic di-GMP phosphodiesterase
[08:54:56] Modify product: Cyclic di-GMP phosphodiesterase PA2567 => Cyclic di-GMP phosphodiesterase
[08:54:56] Modify product: Probable cyclic di-GMP phosphodiesterase PdeB => putative cyclic di-GMP phosphodiesterase PdeB
[08:54:56] Modify product: Probable copper-binding protein PcoE => putative copper-binding protein PcoE
[08:54:56] Modify product: Probable ergothioneine transporter EgtUBC => putative ergothioneine transporter EgtUBC
[08:54:56] Modify product: Zinc-type alcohol dehydrogenase-like protein SA1988 => Zinc-type alcohol dehydrogenase-like protein
[08:54:56] Cleaned 317 /product names
[08:54:56] Deleting unwanted file: results/prokka_annotations/GCA_053309215.1/GCA_053309215.1.sprot.tmp.22607.faa
[08:54:56] Deleting unwanted file: results/prokka_annotations/GCA_053309215.1/GCA_053309215.1.sprot.tmp.22607.blast
[08:54:57] There are still 1254 unannotated CDS left (started with 5163)
[08:54:57] Will use hmmer3 to search against /opt/conda/envs/prokka_env/db/hmm/HAMAP.hmm with 2 CPUs
[08:54:57] Running: cat results\/prokka_annotations\/GCA_053309215\.1\/GCA_053309215\.1\.HAMAP\.hmm\.tmp\.22607\.faa | parallel --gnu --plain -j 2 --block 78433 --recstart '>' --pipe hmmscan --noali --notextw --acc -E 1e-09 --cpu 1 /opt/conda/envs/prokka_env/db/hmm/HAMAP.hmm /dev/stdin > results\/prokka_annotations\/GCA_053309215\.1\/GCA_053309215\.1\.HAMAP\.hmm\.tmp\.22607\.hmmer3 2> /dev/null
[08:55:38] Modify product: Uncharacterized MFS-type transporter YfcJ => putative MFS-type transporter YfcJ
[08:55:38] Modify product: Uncharacterized MFS-type transporter YcaD => putative MFS-type transporter YcaD
[08:55:39] Cleaned 2 /product names
[08:55:39] Deleting unwanted file: results/prokka_annotations/GCA_053309215.1/GCA_053309215.1.HAMAP.hmm.tmp.22607.faa
[08:55:39] Deleting unwanted file: results/prokka_annotations/GCA_053309215.1/GCA_053309215.1.HAMAP.hmm.tmp.22607.hmmer3
[08:55:39] Labelling remaining 1119 proteins as 'hypothetical protein'
[08:55:39] Possible /pseudo 'Formate dehydrogenase-O major subunit' at CM130000.1 position 32986
[08:55:39] Possible /pseudo 'Peptidyl-prolyl cis-trans isomerase C' at CM130000.1 position 117929
[08:55:39] Possible /pseudo 'Formate dehydrogenase H' at CM130000.1 position 343621
[08:55:39] Possible /pseudo 'Ascorbate-specific PTS system EIIC component' at CM130000.1 position 450317
[08:55:39] Possible /pseudo 'IS3 family transposase IS1400' at CM130000.1 position 592249
[08:55:39] Possible /pseudo 'IS3 family transposase ISYpe1' at CM130000.1 position 599679
[08:55:39] Possible /pseudo 'Homoprotocatechuate catabolism bifunctional isomerase/decarboxylase' at CM130000.1 position 689058
[08:55:39] Possible /pseudo '[Ribosomal protein bS18]-alanine N-acetyltransferase' at CM130000.1 position 708368
[08:55:39] Possible /pseudo 'DNA polymerase III subunit alpha' at CM130000.1 position 997894
[08:55:39] Possible /pseudo 'D-alanyl-D-alanine-carboxypeptidase/endopeptidase AmpH' at CM130000.1 position 1121620
[08:55:39] Possible /pseudo 'Phenylacetaldehyde dehydrogenase' at CM130000.1 position 1398619
[08:55:39] Possible /pseudo 'Apulose-4-phosphate transketolase subunit B' at CM130000.1 position 1478095
[08:55:39] Possible /pseudo 'Catalase HPII' at CM130000.1 position 2234536
[08:55:39] Possible /pseudo 'L-threonate dehydrogenase' at CM130000.1 position 2546456
[08:55:39] Possible /pseudo 'High-affinity branched-chain amino acid transport ATP-binding protein LivF' at CM130000.1 position 2564699
[08:55:39] Possible /pseudo 'Formate dehydrogenase, nitrate-inducible, major subunit' at CM130000.1 position 2817168
[08:55:39] Possible /pseudo 'putative protein' at CM130000.1 position 3247915
[08:55:39] Possible /pseudo 'putative protein' at CM130000.1 position 3248838
[08:55:39] Possible /pseudo 'Manganese transport system membrane protein MntB' at CM130000.1 position 3401684
[08:55:39] Possible /pseudo 'NADH-quinone oxidoreductase subunit C/D' at CM130000.1 position 3768484
[08:55:39] Possible /pseudo 'Chorismate synthase' at CM130000.1 position 3810981
[08:55:39] Possible /pseudo 'Putative oxidoreductase AegA' at CM130000.1 position 3892054
[08:55:39] Possible /pseudo 'Manganese transport system membrane protein MntB' at CM130000.1 position 4170993
[08:55:39] Possible /pseudo '2-dehydro-3-deoxy-D-gluconate 5-dehydrogenase' at CM130000.1 position 4371577
[08:55:39] Possible /pseudo 'ISKra4 family transposase ISCep1' at CM130000.1 position 4393740
[08:55:39] Possible /pseudo 'Chaperone protein FimC' at CM130000.1 position 4396371
[08:55:39] Possible /pseudo 'Arsenical pump membrane protein' at CM130000.1 position 4412514
[08:55:39] Possible /pseudo 'Xylulose kinase' at CM130000.1 position 5028154
[08:55:39] Possible /pseudo 'IS3 family transposase ISSty2' at CM130000.1 position 5150065
[08:55:39] Possible /pseudo 'IS3 family transposase ISKpn11' at JBRYHK010000002.1 position 1558
[08:55:39] Possible /pseudo 'IS6 family transposase IS26' at JBRYHK010000002.1 position 10258
[08:55:39] Possible /pseudo 'IS200/IS605 family transposase IS609' at JBRYHK010000002.1 position 104415
[08:55:39] Possible /pseudo 'Cyclic di-GMP phosphodiesterase' at JBRYHK010000002.1 position 113542
[08:55:39] Possible /pseudo 'Choline transport system permease protein OpuBB' at JBRYHK010000002.1 position 156479
[08:55:39] Possible /pseudo 'L-cystine transport system permease protein TcyL' at JBRYHK010000002.1 position 183150
[08:55:39] Possible /pseudo 'IS3 family transposase ISEc15' at JBRYHK010000002.1 position 211594
[08:55:39] Found 3174 unique /gene codes.
[08:55:39] Fixed 2 duplicate /gene - scrY_1 scrY_2
[08:55:39] Fixed 3 duplicate /gene - lptB_1 lptB_2 lptB_3
[08:55:39] Fixed 2 duplicate /gene - dadA_1 dadA_2
[08:55:39] Fixed 3 duplicate /gene - tsaR_1 tsaR_2 tsaR_3
[08:55:39] Fixed 2 duplicate /gene - sutR_1 sutR_2
[08:55:39] Fixed 5 duplicate /gene - tcyJ_1 tcyJ_2 tcyJ_3 tcyJ_4 tcyJ_5
[08:55:39] Fixed 2 duplicate /gene - alsE_1 alsE_2
[08:55:39] Fixed 3 duplicate /gene - rhtC_1 rhtC_2 rhtC_3
[08:55:39] Fixed 3 duplicate /gene - pncC_1 pncC_2 pncC_3
[08:55:39] Fixed 2 duplicate /gene - ompA_1 ompA_2
[08:55:39] Fixed 2 duplicate /gene - lon_1 lon_2
[08:55:39] Fixed 2 duplicate /gene - cycA_1 cycA_2
[08:55:39] Fixed 2 duplicate /gene - lgdh_1 lgdh_2
[08:55:39] Fixed 2 duplicate /gene - lldD_1 lldD_2
[08:55:39] Fixed 5 duplicate /gene - xylB_1 xylB_2 xylB_3 xylB_4 xylB_5
[08:55:39] Fixed 2 duplicate /gene - araB_1 araB_2
[08:55:39] Fixed 3 duplicate /gene - glcR_1 glcR_2 glcR_3
[08:55:39] Fixed 3 duplicate /gene - klcA_1 klcA_2 klcA_3
[08:55:39] Fixed 4 duplicate /gene - yadV_1 yadV_2 yadV_3 yadV_4
[08:55:39] Fixed 3 duplicate /gene - hisC_1 hisC_2 hisC_3
[08:55:39] Fixed 2 duplicate /gene - mdtH_1 mdtH_2
[08:55:39] Fixed 2 duplicate /gene - cysG_1 cysG_2
[08:55:39] Fixed 2 duplicate /gene - ugpB_1 ugpB_2
[08:55:39] Fixed 4 duplicate /gene - betI_1 betI_2 betI_3 betI_4
[08:55:39] Fixed 2 duplicate /gene - aptB_1 aptB_2
[08:55:39] Fixed 2 duplicate /gene - fruB_1 fruB_2
[08:55:39] Fixed 2 duplicate /gene - ahpC_1 ahpC_2
[08:55:39] Fixed 5 duplicate /gene - tcyL_1 tcyL_2 tcyL_3 tcyL_4 tcyL_5
[08:55:39] Fixed 2 duplicate /gene - gmuD_1 gmuD_2
[08:55:39] Fixed 6 duplicate /gene - crgA_1 crgA_2 crgA_3 crgA_4 crgA_5 crgA_6
[08:55:39] Fixed 2 duplicate /gene - bglH_1 bglH_2
[08:55:39] Fixed 2 duplicate /gene - ccpA_1 ccpA_2
[08:55:39] Fixed 2 duplicate /gene - sacP_1 sacP_2
[08:55:39] Fixed 2 duplicate /gene - fdoG_1 fdoG_2
[08:55:39] Fixed 6 duplicate /gene - gcvA_1 gcvA_2 gcvA_3 gcvA_4 gcvA_5 gcvA_6
[08:55:39] Fixed 2 duplicate /gene - hisJ_1 hisJ_2
[08:55:39] Fixed 4 duplicate /gene - hdfR_1 hdfR_2 hdfR_3 hdfR_4
[08:55:39] Fixed 4 duplicate /gene - gsiC_1 gsiC_2 gsiC_3 gsiC_4
[08:55:39] Fixed 2 duplicate /gene - nudK_1 nudK_2
[08:55:39] Fixed 2 duplicate /gene - yciC_1 yciC_2
[08:55:39] Fixed 2 duplicate /gene - apxIB_1 apxIB_2
[08:55:39] Fixed 2 duplicate /gene - mnmC_1 mnmC_2
[08:55:39] Fixed 5 duplicate /gene - fimD_1 fimD_2 fimD_3 fimD_4 fimD_5
[08:55:39] Fixed 2 duplicate /gene - bcr_1 bcr_2
[08:55:39] Fixed 2 duplicate /gene - ycaD_1 ycaD_2
[08:55:39] Fixed 3 duplicate /gene - hpf_1 hpf_2 hpf_3
[08:55:39] Fixed 3 duplicate /gene - gstB_1 gstB_2 gstB_3
[08:55:39] Fixed 2 duplicate /gene - yciE_1 yciE_2
[08:55:39] Fixed 2 duplicate /gene - fruA_1 fruA_2
[08:55:39] Fixed 2 duplicate /gene - ydiB_1 ydiB_2
[08:55:39] Fixed 2 duplicate /gene - lsrD_1 lsrD_2
[08:55:39] Fixed 2 duplicate /gene - cusR_1 cusR_2
[08:55:39] Fixed 2 duplicate /gene - roxA_1 roxA_2
[08:55:39] Fixed 2 duplicate /gene - fdnG_1 fdnG_2
[08:55:39] Fixed 3 duplicate /gene - vldW_1 vldW_2 vldW_3
[08:55:39] Fixed 4 duplicate /gene - glnH_1 glnH_2 glnH_3 glnH_4
[08:55:39] Fixed 2 duplicate /gene - xylA_1 xylA_2
[08:55:39] Fixed 2 duplicate /gene - dsbD_1 dsbD_2
[08:55:39] Fixed 2 duplicate /gene - citG_1 citG_2
[08:55:39] Fixed 2 duplicate /gene - pyrC_1 pyrC_2
[08:55:39] Fixed 2 duplicate /gene - ves_1 ves_2
[08:55:39] Fixed 2 duplicate /gene - cmoO_1 cmoO_2
[08:55:39] Fixed 2 duplicate /gene - ugpA_1 ugpA_2
[08:55:39] Fixed 2 duplicate /gene - shiA_1 shiA_2
[08:55:39] Fixed 2 duplicate /gene - ftsI_1 ftsI_2
[08:55:39] Fixed 2 duplicate /gene - hcpA_1 hcpA_2
[08:55:39] Fixed 2 duplicate /gene - yohK_1 yohK_2
[08:55:39] Fixed 2 duplicate /gene - tabA_1 tabA_2
[08:55:39] Fixed 2 duplicate /gene - glpE_1 glpE_2
[08:55:39] Fixed 3 duplicate /gene - ssuA_1 ssuA_2 ssuA_3
[08:55:39] Fixed 4 duplicate /gene - uup_1 uup_2 uup_3 uup_4
[08:55:39] Fixed 6 duplicate /gene - rhaR_1 rhaR_2 rhaR_3 rhaR_4 rhaR_5 rhaR_6
[08:55:39] Fixed 3 duplicate /gene - celA_1 celA_2 celA_3
[08:55:39] Fixed 2 duplicate /gene - yheS_1 yheS_2
[08:55:39] Fixed 2 duplicate /gene - mrkD_1 mrkD_2
[08:55:39] Fixed 2 duplicate /gene - chcC2_1 chcC2_2
[08:55:39] Fixed 2 duplicate /gene - pspF_1 pspF_2
[08:55:39] Fixed 2 duplicate /gene - nupC_1 nupC_2
[08:55:39] Fixed 2 duplicate /gene - rppH_1 rppH_2
[08:55:39] Fixed 2 duplicate /gene - era_1 era_2
[08:55:39] Fixed 2 duplicate /gene - msuD_1 msuD_2
[08:55:39] Fixed 2 duplicate /gene - purR_1 purR_2
[08:55:39] Fixed 4 duplicate /gene - cynR_1 cynR_2 cynR_3 cynR_4
[08:55:39] Fixed 2 duplicate /gene - fusA1_1 fusA1_2
[08:55:39] Fixed 2 duplicate /gene - cds1_1 cds1_2
[08:55:39] Fixed 2 duplicate /gene - codA_1 codA_2
[08:55:39] Fixed 2 duplicate /gene - pal_1 pal_2
[08:55:39] Fixed 2 duplicate /gene - hisQ_1 hisQ_2
[08:55:39] Fixed 4 duplicate /gene - dapA_1 dapA_2 dapA_3 dapA_4
[08:55:39] Fixed 3 duplicate /gene - bglA_1 bglA_2 bglA_3
[08:55:39] Fixed 3 duplicate /gene - ssuB_1 ssuB_2 ssuB_3
[08:55:39] Fixed 2 duplicate /gene - yhhT_1 yhhT_2
[08:55:39] Fixed 2 duplicate /gene - ddpA_1 ddpA_2
[08:55:39] Fixed 3 duplicate /gene - argP_1 argP_2 argP_3
[08:55:39] Fixed 2 duplicate /gene - lysN_1 lysN_2
[08:55:39] Fixed 2 duplicate /gene - silA_1 silA_2
[08:55:39] Fixed 4 duplicate /gene - mdtA_1 mdtA_2 mdtA_3 mdtA_4
[08:55:39] Fixed 2 duplicate /gene - fucP_1 fucP_2
[08:55:39] Fixed 2 duplicate /gene - ramA_1 ramA_2
[08:55:39] Fixed 2 duplicate /gene - bamA_1 bamA_2
[08:55:39] Fixed 2 duplicate /gene - malK_1 malK_2
[08:55:39] Fixed 2 duplicate /gene - fecE_1 fecE_2
[08:55:39] Fixed 2 duplicate /gene - proS_1 proS_2
[08:55:39] Fixed 2 duplicate /gene - srlB_1 srlB_2
[08:55:39] Fixed 2 duplicate /gene - opuBB_1 opuBB_2
[08:55:39] Fixed 2 duplicate /gene - ytfF_1 ytfF_2
[08:55:39] Fixed 3 duplicate /gene - fdhF_1 fdhF_2 fdhF_3
[08:55:39] Fixed 2 duplicate /gene - rep_1 rep_2
[08:55:39] Fixed 2 duplicate /gene - pyrG_1 pyrG_2
[08:55:39] Fixed 2 duplicate /gene - bluF_1 bluF_2
[08:55:39] Fixed 2 duplicate /gene - ghrA_1 ghrA_2
[08:55:39] Fixed 4 duplicate /gene - norR_1 norR_2 norR_3 norR_4
[08:55:39] Fixed 2 duplicate /gene - fhuA_1 fhuA_2
[08:55:39] Fixed 3 duplicate /gene - uspG_1 uspG_2 uspG_3
[08:55:39] Fixed 2 duplicate /gene - katE_1 katE_2
[08:55:39] Fixed 2 duplicate /gene - dctA_1 dctA_2
[08:55:39] Fixed 2 duplicate /gene - bepA_1 bepA_2
[08:55:39] Fixed 3 duplicate /gene - emrA_1 emrA_2 emrA_3
[08:55:39] Fixed 4 duplicate /gene - metI_1 metI_2 metI_3 metI_4
[08:55:39] Fixed 2 duplicate /gene - ppiC_1 ppiC_2
[08:55:39] Fixed 2 duplicate /gene - eutB_1 eutB_2
[08:55:39] Fixed 2 duplicate /gene - oprM_1 oprM_2
[08:55:39] Fixed 2 duplicate /gene - yncE_1 yncE_2
[08:55:39] Fixed 2 duplicate /gene - iscR_1 iscR_2
[08:55:39] Fixed 2 duplicate /gene - bcsQ_1 bcsQ_2
[08:55:39] Fixed 2 duplicate /gene - gltA_1 gltA_2
[08:55:39] Fixed 2 duplicate /gene - glpT_1 glpT_2
[08:55:39] Fixed 2 duplicate /gene - iprA_1 iprA_2
[08:55:39] Fixed 2 duplicate /gene - nodD2_1 nodD2_2
[08:55:39] Fixed 3 duplicate /gene - feaB_1 feaB_2 feaB_3
[08:55:39] Fixed 2 duplicate /gene - xerD_1 xerD_2
[08:55:39] Fixed 4 duplicate /gene - chbA_1 chbA_2 chbA_3 chbA_4
[08:55:39] Fixed 2 duplicate /gene - arsB_1 arsB_2
[08:55:39] Fixed 2 duplicate /gene - rob_1 rob_2
[08:55:39] Fixed 2 duplicate /gene - pduE_1 pduE_2
[08:55:39] Fixed 2 duplicate /gene - lacY_1 lacY_2
[08:55:39] Fixed 2 duplicate /gene - fabF_1 fabF_2
[08:55:39] Fixed 2 duplicate /gene - cytR_1 cytR_2
[08:55:39] Fixed 2 duplicate /gene - lsrB_1 lsrB_2
[08:55:39] Fixed 3 duplicate /gene - garK_1 garK_2 garK_3
[08:55:39] Fixed 2 duplicate /gene - mepS_1 mepS_2
[08:55:39] Fixed 2 duplicate /gene - ybdO_1 ybdO_2
[08:55:39] Fixed 2 duplicate /gene - sbnD_1 sbnD_2
[08:55:39] Fixed 2 duplicate /gene - pduL_1 pduL_2
[08:55:39] Fixed 5 duplicate /gene - yajO_1 yajO_2 yajO_3 yajO_4 yajO_5
[08:55:39] Fixed 2 duplicate /gene - yqhC_1 yqhC_2
[08:55:39] Fixed 2 duplicate /gene - puuB_1 puuB_2
[08:55:39] Fixed 3 duplicate /gene - bla_1 bla_2 bla_3
[08:55:39] Fixed 3 duplicate /gene - glmS_1 glmS_2 glmS_3
[08:55:39] Fixed 2 duplicate /gene - astE_1 astE_2
[08:55:39] Fixed 2 duplicate /gene - apbE_1 apbE_2
[08:55:39] Fixed 2 duplicate /gene - pcpR_1 pcpR_2
[08:55:39] Fixed 2 duplicate /gene - emrB_1 emrB_2
[08:55:39] Fixed 3 duplicate /gene - rimI_1 rimI_2 rimI_3
[08:55:39] Fixed 2 duplicate /gene - bioC_1 bioC_2
[08:55:39] Fixed 2 duplicate /gene - ampH_1 ampH_2
[08:55:39] Fixed 2 duplicate /gene - malT_1 malT_2
[08:55:39] Fixed 2 duplicate /gene - tenA_1 tenA_2
[08:55:39] Fixed 4 duplicate /gene - glpR_1 glpR_2 glpR_3 glpR_4
[08:55:39] Fixed 2 duplicate /gene - hdeB_1 hdeB_2
[08:55:39] Fixed 3 duplicate /gene - potA_1 potA_2 potA_3
[08:55:39] Fixed 2 duplicate /gene - kefC_1 kefC_2
[08:55:39] Fixed 2 duplicate /gene - dmsC_1 dmsC_2
[08:55:39] Fixed 2 duplicate /gene - astC_1 astC_2
[08:55:39] Fixed 2 duplicate /gene - leuA_1 leuA_2
[08:55:39] Fixed 3 duplicate /gene - nepI_1 nepI_2 nepI_3
[08:55:39] Fixed 2 duplicate /gene - yfcJ_1 yfcJ_2
[08:55:39] Fixed 3 duplicate /gene - pduJ_1 pduJ_2 pduJ_3
[08:55:39] Fixed 2 duplicate /gene - dsbA_1 dsbA_2
[08:55:39] Fixed 2 duplicate /gene - fabD_1 fabD_2
[08:55:39] Fixed 2 duplicate /gene - tssK1_1 tssK1_2
[08:55:39] Fixed 4 duplicate /gene - metQ_1 metQ_2 metQ_3 metQ_4
[08:55:39] Fixed 2 duplicate /gene - gntR_1 gntR_2
[08:55:39] Fixed 3 duplicate /gene - suhB_1 suhB_2 suhB_3
[08:55:39] Fixed 2 duplicate /gene - can_1 can_2
[08:55:39] Fixed 6 duplicate /gene - licC_1 licC_2 licC_3 licC_4 licC_5 licC_6
[08:55:39] Fixed 5 duplicate /gene - malP_1 malP_2 malP_3 malP_4 malP_5
[08:55:39] Fixed 2 duplicate /gene - argE_1 argE_2
[08:55:39] Fixed 2 duplicate /gene - cusC_1 cusC_2
[08:55:39] Fixed 4 duplicate /gene - ulaA_1 ulaA_2 ulaA_3 ulaA_4
[08:55:39] Fixed 2 duplicate /gene - metC_1 metC_2
[08:55:39] Fixed 2 duplicate /gene - btuD_1 btuD_2
[08:55:39] Fixed 3 duplicate /gene - sasA_1 sasA_2 sasA_3
[08:55:39] Fixed 2 duplicate /gene - nlpD_1 nlpD_2
[08:55:39] Fixed 3 duplicate /gene - ridA_1 ridA_2 ridA_3
[08:55:39] Fixed 4 duplicate /gene - hipO_1 hipO_2 hipO_3 hipO_4
[08:55:39] Fixed 2 duplicate /gene - cydA_1 cydA_2
[08:55:39] Fixed 5 duplicate /gene - pgrR_1 pgrR_2 pgrR_3 pgrR_4 pgrR_5
[08:55:39] Fixed 3 duplicate /gene - sorB_1 sorB_2 sorB_3
[08:55:39] Fixed 3 duplicate /gene - rbsA_1 rbsA_2 rbsA_3
[08:55:39] Fixed 2 duplicate /gene - azoR_1 azoR_2
[08:55:39] Fixed 2 duplicate /gene - rbn_1 rbn_2
[08:55:39] Fixed 2 duplicate /gene - lpxL_1 lpxL_2
[08:55:39] Fixed 2 duplicate /gene - rrrD_1 rrrD_2
[08:55:39] Fixed 2 duplicate /gene - hcaR_1 hcaR_2
[08:55:39] Fixed 3 duplicate /gene - mltF_1 mltF_2 mltF_3
[08:55:39] Fixed 2 duplicate /gene - rluA_1 rluA_2
[08:55:39] Fixed 3 duplicate /gene - hsdM_1 hsdM_2 hsdM_3
[08:55:39] Fixed 2 duplicate /gene - ulaB_1 ulaB_2
[08:55:39] Fixed 4 duplicate /gene - ygdR_1 ygdR_2 ygdR_3 ygdR_4
[08:55:39] Fixed 2 duplicate /gene - siwR_1 siwR_2
[08:55:39] Fixed 3 duplicate /gene - btuF_1 btuF_2 btuF_3
[08:55:39] Fixed 2 duplicate /gene - acrR_1 acrR_2
[08:55:39] Fixed 2 duplicate /gene - dgoA_1 dgoA_2
[08:55:39] Fixed 3 duplicate /gene - gabR_1 gabR_2 gabR_3
[08:55:39] Fixed 3 duplicate /gene - umuD_1 umuD_2 umuD_3
[08:55:39] Fixed 2 duplicate /gene - ompN_1 ompN_2
[08:55:39] Fixed 2 duplicate /gene - cobD_1 cobD_2
[08:55:39] Fixed 2 duplicate /gene - mdtD_1 mdtD_2
[08:55:39] Fixed 2 duplicate /gene - csbX_1 csbX_2
[08:55:39] Fixed 2 duplicate /gene - icd_1 icd_2
[08:55:39] Fixed 2 duplicate /gene - hutI_1 hutI_2
[08:55:39] Fixed 3 duplicate /gene - aaeR_1 aaeR_2 aaeR_3
[08:55:39] Fixed 2 duplicate /gene - uxuA_1 uxuA_2
[08:55:39] Fixed 2 duplicate /gene - aztC_1 aztC_2
[08:55:39] Fixed 2 duplicate /gene - clsB_1 clsB_2
[08:55:39] Fixed 2 duplicate /gene - mgtE_1 mgtE_2
[08:55:39] Fixed 2 duplicate /gene - hutU_1 hutU_2
[08:55:39] Fixed 4 duplicate /gene - exuT_1 exuT_2 exuT_3 exuT_4
[08:55:39] Fixed 2 duplicate /gene - asd_1 asd_2
[08:55:39] Fixed 2 duplicate /gene - rutC_1 rutC_2
[08:55:39] Fixed 3 duplicate /gene - yicJ_1 yicJ_2 yicJ_3
[08:55:39] Fixed 2 duplicate /gene - ybhF_1 ybhF_2
[08:55:39] Fixed 4 duplicate /gene - rcsC_1 rcsC_2 rcsC_3 rcsC_4
[08:55:39] Fixed 3 duplicate /gene - cydB_1 cydB_2 cydB_3
[08:55:39] Fixed 5 duplicate /gene - rbsB_1 rbsB_2 rbsB_3 rbsB_4 rbsB_5
[08:55:39] Fixed 3 duplicate /gene - talB_1 talB_2 talB_3
[08:55:39] Fixed 2 duplicate /gene - cutC_1 cutC_2
[08:55:39] Fixed 2 duplicate /gene - dnaB_1 dnaB_2
[08:55:39] Fixed 2 duplicate /gene - ppa_1 ppa_2
[08:55:39] Fixed 3 duplicate /gene - mglA_1 mglA_2 mglA_3
[08:55:39] Fixed 3 duplicate /gene - dppF_1 dppF_2 dppF_3
[08:55:39] Fixed 2 duplicate /gene - ybdG_1 ybdG_2
[08:55:39] Fixed 2 duplicate /gene - traC_1 traC_2
[08:55:39] Fixed 2 duplicate /gene - yghA_1 yghA_2
[08:55:39] Fixed 2 duplicate /gene - dnaK_1 dnaK_2
[08:55:39] Fixed 2 duplicate /gene - xanP_1 xanP_2
[08:55:39] Fixed 3 duplicate /gene - pcaR_1 pcaR_2 pcaR_3
[08:55:39] Fixed 4 duplicate /gene - rbsK_1 rbsK_2 rbsK_3 rbsK_4
[08:55:39] Fixed 2 duplicate /gene - deoC_1 deoC_2
[08:55:39] Fixed 4 duplicate /gene - aegA_1 aegA_2 aegA_3 aegA_4
[08:55:39] Fixed 2 duplicate /gene - ulaC_1 ulaC_2
[08:55:39] Fixed 2 duplicate /gene - iolU_1 iolU_2
[08:55:39] Fixed 2 duplicate /gene - ymoA_1 ymoA_2
[08:55:39] Fixed 2 duplicate /gene - fepA_1 fepA_2
[08:55:39] Fixed 2 duplicate /gene - dnaE_1 dnaE_2
[08:55:39] Fixed 2 duplicate /gene - trmL_1 trmL_2
[08:55:39] Fixed 2 duplicate /gene - yeaR_1 yeaR_2
[08:55:39] Fixed 3 duplicate /gene - sotB_1 sotB_2 sotB_3
[08:55:39] Fixed 2 duplicate /gene - ulaE_1 ulaE_2
[08:55:39] Fixed 8 duplicate /gene - rbsC_1 rbsC_2 rbsC_3 rbsC_4 rbsC_5 rbsC_6 rbsC_7 rbsC_8
[08:55:39] Fixed 2 duplicate /gene - jefA_1 jefA_2
[08:55:39] Fixed 4 duplicate /gene - iolG_1 iolG_2 iolG_3 iolG_4
[08:55:39] Fixed 2 duplicate /gene - bcsB_1 bcsB_2
[08:55:39] Fixed 3 duplicate /gene - kduD_1 kduD_2 kduD_3
[08:55:39] Fixed 2 duplicate /gene - pgl_1 pgl_2
[08:55:39] Fixed 2 duplicate /gene - nagC_1 nagC_2
[08:55:39] Fixed 2 duplicate /gene - hutH_1 hutH_2
[08:55:39] Fixed 2 duplicate /gene - hpcE_1 hpcE_2
[08:55:39] Fixed 2 duplicate /gene - rutB_1 rutB_2
[08:55:39] Fixed 2 duplicate /gene - parM_1 parM_2
[08:55:39] Fixed 2 duplicate /gene - cysS_1 cysS_2
[08:55:39] Fixed 2 duplicate /gene - pdeH_1 pdeH_2
[08:55:39] Fixed 2 duplicate /gene - carA_1 carA_2
[08:55:39] Fixed 2 duplicate /gene - ltnD_1 ltnD_2
[08:55:39] Fixed 2 duplicate /gene - ribX_1 ribX_2
[08:55:39] Fixed 2 duplicate /gene - yafP_1 yafP_2
[08:55:39] Fixed 2 duplicate /gene - dhaK_1 dhaK_2
[08:55:39] Fixed 2 duplicate /gene - hxpB_1 hxpB_2
[08:55:39] Fixed 2 duplicate /gene - aroP_1 aroP_2
[08:55:39] Fixed 2 duplicate /gene - dppD_1 dppD_2
[08:55:39] Fixed 2 duplicate /gene - yabI_1 yabI_2
[08:55:39] Fixed 2 duplicate /gene - glpF_1 glpF_2
[08:55:39] Fixed 2 duplicate /gene - nfdA_1 nfdA_2
[08:55:39] Fixed 2 duplicate /gene - dgoK_1 dgoK_2
[08:55:39] Fixed 2 duplicate /gene - artQ_1 artQ_2
[08:55:39] Fixed 2 duplicate /gene - gdhA_1 gdhA_2
[08:55:39] Fixed 2 duplicate /gene - pduH_1 pduH_2
[08:55:39] Fixed 2 duplicate /gene - bioD1_1 bioD1_2
[08:55:39] Fixed 2 duplicate /gene - vgrG2b_1 vgrG2b_2
[08:55:39] Fixed 2 duplicate /gene - ompR_1 ompR_2
[08:55:39] Fixed 2 duplicate /gene - ftnA_1 ftnA_2
[08:55:39] Fixed 2 duplicate /gene - intS_1 intS_2
[08:55:39] Fixed 2 duplicate /gene - ydhP_1 ydhP_2
[08:55:39] Fixed 3 duplicate /gene - sorC_1 sorC_2 sorC_3
[08:55:39] Fixed 3 duplicate /gene - hmuU_1 hmuU_2 hmuU_3
[08:55:39] Fixed 2 duplicate /gene - lrhA_1 lrhA_2
[08:55:39] Fixed 2 duplicate /gene - glnP_1 glnP_2
[08:55:39] Fixed 2 duplicate /gene - mak_1 mak_2
[08:55:39] Fixed 3 duplicate /gene - dauA_1 dauA_2 dauA_3
[08:55:39] Fixed 2 duplicate /gene - vapC_1 vapC_2
[08:55:39] Fixed 6 duplicate /gene - livF_1 livF_2 livF_3 livF_4 livF_5 livF_6
[08:55:39] Fixed 4 duplicate /gene - iolE_1 iolE_2 iolE_3 iolE_4
[08:55:39] Fixed 3 duplicate /gene - manZ_1 manZ_2 manZ_3
[08:55:39] Fixed 3 duplicate /gene - gltC_1 gltC_2 gltC_3
[08:55:39] Fixed 2 duplicate /gene - dsdC_1 dsdC_2
[08:55:39] Fixed 2 duplicate /gene - traI_1 traI_2
[08:55:39] Fixed 4 duplicate /gene - lamB_1 lamB_2 lamB_3 lamB_4
[08:55:39] Fixed 2 duplicate /gene - amaB_1 amaB_2
[08:55:39] Fixed 2 duplicate /gene - pckA_1 pckA_2
[08:55:39] Fixed 3 duplicate /gene - ascG_1 ascG_2 ascG_3
[08:55:39] Fixed 3 duplicate /gene - oppF_1 oppF_2 oppF_3
[08:55:39] Fixed 2 duplicate /gene - thrS_1 thrS_2
[08:55:39] Fixed 2 duplicate /gene - gabD_1 gabD_2
[08:55:39] Fixed 2 duplicate /gene - dmsB_1 dmsB_2
[08:55:39] Fixed 2 duplicate /gene - astB_1 astB_2
[08:55:39] Fixed 2 duplicate /gene - sgrR_1 sgrR_2
[08:55:39] Fixed 2 duplicate /gene - lyx_1 lyx_2
[08:55:39] Fixed 4 duplicate /gene - gudP_1 gudP_2 gudP_3 gudP_4
[08:55:39] Fixed 2 duplicate /gene - agp_1 agp_2
[08:55:39] Fixed 2 duplicate /gene - bdcA_1 bdcA_2
[08:55:39] Fixed 8 duplicate /gene - mntB_1 mntB_2 mntB_3 mntB_4 mntB_5 mntB_6 mntB_7 mntB_8
[08:55:39] Fixed 2 duplicate /gene - eutC_1 eutC_2
[08:55:39] Fixed 2 duplicate /gene - lgoT_1 lgoT_2
[08:55:39] Fixed 2 duplicate /gene - clcB_1 clcB_2
[08:55:39] Fixed 3 duplicate /gene - pduO_1 pduO_2 pduO_3
[08:55:39] Fixed 3 duplicate /gene - gsiD_1 gsiD_2 gsiD_3
[08:55:39] Fixed 2 duplicate /gene - mqo_1 mqo_2
[08:55:39] Fixed 2 duplicate /gene - fimC_1 fimC_2
[08:55:39] Fixed 3 duplicate /gene - srlR_1 srlR_2 srlR_3
[08:55:39] Fixed 2 duplicate /gene - ybhR_1 ybhR_2
[08:55:39] Fixed 2 duplicate /gene - guaD_1 guaD_2
[08:55:39] Fixed 2 duplicate /gene - ycaC_1 ycaC_2
[08:55:39] Fixed 2 duplicate /gene - rafB_1 rafB_2
[08:55:39] Fixed 2 duplicate /gene - astA_1 astA_2
[08:55:39] Fixed 2 duplicate /gene - hemB_1 hemB_2
[08:55:39] Fixed 2 duplicate /gene - dmsA_1 dmsA_2
[08:55:39] Fixed 2 duplicate /gene - artJ_1 artJ_2
[08:55:39] Fixed 2 duplicate /gene - aspT_1 aspT_2
[08:55:39] Fixed 2 duplicate /gene - cdaR_1 cdaR_2
[08:55:39] Fixed 2 duplicate /gene - tufA_1 tufA_2
[08:55:39] Fixed 2 duplicate /gene - pdeB_1 pdeB_2
[08:55:39] Fixed 2 duplicate /gene - sad_1 sad_2
[08:55:39] Fixed 2 duplicate /gene - acrF_1 acrF_2
[08:55:39] Fixed 3 duplicate /gene - oppD_1 oppD_2 oppD_3
[08:55:39] Fixed 2 duplicate /gene - arsC_1 arsC_2
[08:55:39] Fixed 2 duplicate /gene - dinI_1 dinI_2
[08:55:39] Fixed 2 duplicate /gene - gltJ_1 gltJ_2
[08:55:39] Fixed 2 duplicate /gene - licH_1 licH_2
[08:55:39] Fixed 3 duplicate /gene - lrp_1 lrp_2 lrp_3
[08:55:39] Fixed 2 duplicate /gene - cobT_1 cobT_2
[08:55:39] Fixed 2 duplicate /gene - por_1 por_2
[08:55:39] Fixed 2 duplicate /gene - pdxA2_1 pdxA2_2
[08:55:39] Fixed 2 duplicate /gene - ydfK_1 ydfK_2
[08:55:39] Fixed 2 duplicate /gene - tktA_1 tktA_2
[08:55:39] Fixed 3 duplicate /gene - intA_1 intA_2 intA_3
[08:55:39] Fixed 3 duplicate /gene - adhE_1 adhE_2 adhE_3
[08:55:39] Fixed 3 duplicate /gene - dppB_1 dppB_2 dppB_3
[08:55:39] Fixed 2 duplicate /gene - map_1 map_2
[08:55:39] Fixed 2 duplicate /gene - ydgJ_1 ydgJ_2
[08:55:39] Fixed 2 duplicate /gene - ssuC_1 ssuC_2
[08:55:39] Fixed 2 duplicate /gene - sdaC_1 sdaC_2
[08:55:39] Fixed 2 duplicate /gene - aroE_1 aroE_2
[08:55:39] Fixed 2 duplicate /gene - atoB_1 atoB_2
[08:55:39] Fixed 2 duplicate /gene - norW_1 norW_2
[08:55:39] Fixed 3 duplicate /gene - arnC_1 arnC_2 arnC_3
[08:55:39] Fixed 2 duplicate /gene - nuoC_1 nuoC_2
[08:55:39] Fixed 2 duplicate /gene - yibH_1 yibH_2
[08:55:39] Fixed 3 duplicate /gene - lexA_1 lexA_2 lexA_3
[08:55:39] Fixed 3 duplicate /gene - livH_1 livH_2 livH_3
[08:55:39] Fixed 4 duplicate /gene - ttuB_1 ttuB_2 ttuB_3 ttuB_4
[08:55:39] Fixed 2 duplicate /gene - aroC_1 aroC_2
[08:55:39] Fixed 2 duplicate /gene - citB_1 citB_2
[08:55:39] Fixed 3 duplicate /gene - yhaJ_1 yhaJ_2 yhaJ_3
[08:55:39] Fixed 2 duplicate /gene - zapE_1 zapE_2
[08:55:39] Fixed 2 duplicate /gene - ygiW_1 ygiW_2
[08:55:39] Fixed 2 duplicate /gene - mdtJ_1 mdtJ_2
[08:55:39] Fixed 2 duplicate /gene - kgtP_1 kgtP_2
[08:55:39] Fixed 2 duplicate /gene - lpfA_1 lpfA_2
[08:55:39] Fixed 2 duplicate /gene - argV_1 argV_2
[08:55:39] Fixed 5 duplicate /gene - nimR_1 nimR_2 nimR_3 nimR_4 nimR_5
[08:55:39] Fixed 5 duplicate /gene - oxyR_1 oxyR_2 oxyR_3 oxyR_4 oxyR_5
[08:55:39] Fixed 2 duplicate /gene - mepM_1 mepM_2
[08:55:39] Fixed 3 duplicate /gene - umuC_1 umuC_2 umuC_3
[08:55:39] Fixed 3 duplicate /gene - ddpC_1 ddpC_2 ddpC_3
[08:55:39] Fixed 2 duplicate /gene - yraI_1 yraI_2
[08:55:39] Fixed 2 duplicate /gene - proP_1 proP_2
[08:55:39] Fixed 2 duplicate /gene - tyrB_1 tyrB_2
[08:55:39] Fixed 2 duplicate /gene - lacZ_1 lacZ_2
[08:55:39] Fixed 2 duplicate /gene - cusF_1 cusF_2
[08:55:39] Fixed 2 duplicate /gene - cobC_1 cobC_2
[08:55:39] Fixed 2 duplicate /gene - glgS_1 glgS_2
[08:55:39] Fixed 2 duplicate /gene - dppA_1 dppA_2
[08:55:39] Fixed 4 duplicate /gene - dmlR_1 dmlR_2 dmlR_3 dmlR_4
[08:55:39] Fixed 2 duplicate /gene - ada_1 ada_2
[08:55:39] Fixed 2 duplicate /gene - citA_1 citA_2
[08:55:39] Fixed 8 duplicate /gene - fabG_1 fabG_2 fabG_3 fabG_4 fabG_5 fabG_6 fabG_7 fabG_8
[08:55:39] Fixed 2 duplicate /gene - silE_1 silE_2
[08:55:39] Fixed 2 duplicate /gene - xylG_1 xylG_2
[08:55:39] Fixed 2 duplicate /gene - araG_1 araG_2
[08:55:39] Fixed 2 duplicate /gene - blc_1 blc_2
[08:55:39] Fixed 3 duplicate /gene - gltR_1 gltR_2 gltR_3
[08:55:39] Fixed 4 duplicate /gene - menH_1 menH_2 menH_3 menH_4
[08:55:39] Fixed 2 duplicate /gene - ibpB_1 ibpB_2
[08:55:39] Fixed 2 duplicate /gene - pdeN_1 pdeN_2
[08:55:39] Fixed 2 duplicate /gene - fhuC_1 fhuC_2
[08:55:39] Fixed 3 duplicate /gene - lldR_1 lldR_2 lldR_3
[08:55:39] Fixed 2 duplicate /gene - lpxD_1 lpxD_2
[08:55:39] Fixed 2 duplicate /gene - betB_1 betB_2
[08:55:39] Fixed 2 duplicate /gene - smoE_1 smoE_2
[08:55:39] Fixed 2 duplicate /gene - dnaT_1 dnaT_2
[08:55:39] Fixed 7 duplicate /gene - rhaS_1 rhaS_2 rhaS_3 rhaS_4 rhaS_5 rhaS_6 rhaS_7
[08:55:39] Fixed 2 duplicate /gene - uvrD_1 uvrD_2
[08:55:39] Fixed 3 duplicate /gene - lacI_1 lacI_2 lacI_3
[08:55:39] Fixed 2 duplicate /gene - tssF1_1 tssF1_2
[08:55:39] Fixed 2 duplicate /gene - topA_1 topA_2
[08:55:39] Fixed 2 duplicate /gene - murQ_1 murQ_2
[08:55:39] Fixed 2 duplicate /gene - dksA_1 dksA_2
[08:55:39] Fixed 2 duplicate /gene - ctpF_1 ctpF_2
[08:55:39] Fixed 2 duplicate /gene - yhhS_1 yhhS_2
[08:55:39] Fixed 2 duplicate /gene - pduD_1 pduD_2
[08:55:39] Fixed 4 duplicate /gene - xerC_1 xerC_2 xerC_3 xerC_4
[08:55:39] Fixed 2 duplicate /gene - ptxR_1 ptxR_2
[08:55:39] Fixed 2 duplicate /gene - mdtM_1 mdtM_2
[08:55:39] Fixed 2 duplicate /gene - dgoR_1 dgoR_2
[08:55:39] Fixed 2 duplicate /gene - mngR_1 mngR_2
[08:55:39] Fixed 2 duplicate /gene - aaeA_1 aaeA_2
[08:55:39] Fixed 2 duplicate /gene - kefF_1 kefF_2
[08:55:39] Fixed 4 duplicate /gene - rbsR_1 rbsR_2 rbsR_3 rbsR_4
[08:55:39] Fixed 2 duplicate /gene - yeaX_1 yeaX_2
[08:55:39] Fixed 3 duplicate /gene - pcaK_1 pcaK_2 pcaK_3
[08:55:39] Fixed 2 duplicate /gene - cysH_1 cysH_2
[08:55:39] Fixed 4 duplicate /gene - hexR_1 hexR_2 hexR_3 hexR_4
[08:55:39] Fixed 2 duplicate /gene - gsiA_1 gsiA_2
[08:55:39] Fixed 2 duplicate /gene - hsdS_1 hsdS_2
[08:55:39] Fixed 3 duplicate /gene - phoP_1 phoP_2 phoP_3
[08:55:39] Fixed 2 duplicate /gene - nagR_1 nagR_2
[08:55:39] Fixed 3 duplicate /gene - metN_1 metN_2 metN_3
[08:55:39] Fixed 2 duplicate /gene - ilvB_1 ilvB_2
[08:55:39] Fixed 2 duplicate /gene - kdgK_1 kdgK_2
[08:55:39] Fixed 2 duplicate /gene - guaA_1 guaA_2
[08:55:39] Fixed 2 duplicate /gene - ettA_1 ettA_2
[08:55:39] Fixed 2 duplicate /gene - rhtB_1 rhtB_2
[08:55:39] Fixed 3 duplicate /gene - slyA_1 slyA_2 slyA_3
[08:55:39] Fixed 2 duplicate /gene - astD_1 astD_2
[08:55:39] Fixed 2 duplicate /gene - hsrA_1 hsrA_2
[08:55:39] Fixed 5 duplicate /gene - glnQ_1 glnQ_2 glnQ_3 glnQ_4 glnQ_5
[08:55:39] Fixed 2 duplicate /gene - dgoT_1 dgoT_2
[08:55:39] Fixed 2 duplicate /gene - aaeB_1 aaeB_2
[08:55:39] Fixed 2 duplicate /gene - deoR_1 deoR_2
[08:55:39] Fixed 2 duplicate /gene - yagG_1 yagG_2
[08:55:39] Fixed 2 duplicate /gene - araC_1 araC_2
[08:55:39] Fixed 2 duplicate /gene - oppA_1 oppA_2
[08:55:39] Fixed 3 duplicate /gene - frlB_1 frlB_2 frlB_3
[08:55:39] Fixed 2 duplicate /gene - ygaZ_1 ygaZ_2
[08:55:39] Fixed 2 duplicate /gene - bhsA_1 bhsA_2
[08:55:39] Fixed 2 duplicate /gene - amiC_1 amiC_2
[08:55:39] Fixed 2 duplicate /gene - acrB_1 acrB_2
[08:55:39] Fixed 2 duplicate /gene - ugpC_1 ugpC_2
[08:55:39] Fixed 449 colliding /gene names.
[08:55:39] Adding /locus_tag identifiers
[08:55:39] Assigned 5278 locus_tags to CDS and RNA features.
[08:55:39] Writing outputs to results/prokka_annotations/GCA_053309215.1/
[08:55:41] Generating annotation statistics file
[08:55:41] Generating Genbank and Sequin files
[08:55:41] Running: tbl2asn -V b -a r10k -l paired-ends -M n -N 1 -y 'Annotated using prokka 1.15.6 from https://github.com/tseemann/prokka' -Z results\/prokka_annotations\/GCA_053309215\.1\/GCA_053309215\.1\.err -i results\/prokka_annotations\/GCA_053309215\.1\/GCA_053309215\.1\.fsa 2> /dev/null
[08:55:50] Deleting unwanted file: results/prokka_annotations/GCA_053309215.1/errorsummary.val
[08:55:50] Deleting unwanted file: results/prokka_annotations/GCA_053309215.1/GCA_053309215.1.dr
[08:55:50] Deleting unwanted file: results/prokka_annotations/GCA_053309215.1/GCA_053309215.1.fixedproducts
[08:55:50] Deleting unwanted file: results/prokka_annotations/GCA_053309215.1/GCA_053309215.1.ecn
[08:55:50] Deleting unwanted file: results/prokka_annotations/GCA_053309215.1/GCA_053309215.1.val
[08:55:50] Repairing broken .GBK output that tbl2asn produces...
[08:55:50] Running: sed 's/COORDINATES: profile/COORDINATES:profile/' < results\/prokka_annotations\/GCA_053309215\.1\/GCA_053309215\.1\.gbf > results\/prokka_annotations\/GCA_053309215\.1\/GCA_053309215\.1\.gbk
[08:55:50] Deleting unwanted file: results/prokka_annotations/GCA_053309215.1/GCA_053309215.1.gbf
[08:55:50] Output files:
[08:55:50] results/prokka_annotations/GCA_053309215.1/GCA_053309215.1.txt
[08:55:50] results/prokka_annotations/GCA_053309215.1/GCA_053309215.1.log
[08:55:50] results/prokka_annotations/GCA_053309215.1/GCA_053309215.1.gbk
[08:55:50] results/prokka_annotations/GCA_053309215.1/GCA_053309215.1.gff
[08:55:50] results/prokka_annotations/GCA_053309215.1/GCA_053309215.1.sqn
[08:55:50] results/prokka_annotations/GCA_053309215.1/GCA_053309215.1.err
[08:55:50] results/prokka_annotations/GCA_053309215.1/GCA_053309215.1.fna
[08:55:50] results/prokka_annotations/GCA_053309215.1/GCA_053309215.1.tsv
[08:55:50] results/prokka_annotations/GCA_053309215.1/GCA_053309215.1.tbl
[08:55:50] results/prokka_annotations/GCA_053309215.1/GCA_053309215.1.ffn
[08:55:50] results/prokka_annotations/GCA_053309215.1/GCA_053309215.1.faa
[08:55:50] results/prokka_annotations/GCA_053309215.1/GCA_053309215.1.fsa
[08:55:50] Annotation finished successfully.
[08:55:50] Walltime used: 9.38 minutes
[08:55:50] If you use this result please cite the Prokka paper:
[08:55:50] Seemann T (2014) Prokka: rapid prokaryotic genome annotation. Bioinformatics. 30(14):2068-9.
[08:55:50] Type 'prokka --citation' for more details.
[08:55:50] Share and enjoy!
