[06:52:43] This is prokka 1.15.6
[06:52:43] Written by Torsten Seemann <torsten.seemann@gmail.com>
[06:52:43] Homepage is https://github.com/tseemann/prokka
[06:52:43] Local time is Sat Aug 29 06:52:43 2026
[06:52:43] You are codespace
[06:52:43] Operating system is linux
[06:52:43] You have BioPerl 1.7.8
[06:52:43] System has 2 cores.
[06:52:43] Will use maximum of 2 cores.
[06:52:43] Annotating as >>> Bacteria <<<
[06:52:43] Generating locus_tag from 'data/ncbi_dataset/data/GCA_054952645.1/GCA_054952645.1_ASM5495264v1_genomic.fna' contents.
[06:52:43] Setting --locustag OGHMHICF from MD5 801612cfaae4088f90414a75b0626879
[06:52:43] Re-using existing --outdir results/prokka_annotations/GCA_054952645.1
[06:52:43] Using filename prefix: GCA_054952645.1.XXX
[06:52:43] Setting HMMER_NCPU=1
[06:52:43] Writing log to: results/prokka_annotations/GCA_054952645.1/GCA_054952645.1.log
[06:52:43] Command: /opt/conda/envs/prokka_env/bin/prokka --outdir results/prokka_annotations/GCA_054952645.1 --prefix GCA_054952645.1 --kingdom Bacteria --genus Klebsiella --species pneumoniae --cpus 2 --force data/ncbi_dataset/data/GCA_054952645.1/GCA_054952645.1_ASM5495264v1_genomic.fna
[06:52:43] Looking for 'aragorn' - found /opt/conda/envs/prokka_env/bin/aragorn
[06:52:43] Determined aragorn version is v1.2 from 'ARAGORN v1.2.41 Dean Laslett'
[06:52:43] Looking for 'barrnap' - found /opt/conda/envs/prokka_env/bin/barrnap
[06:52:43] Determined barrnap version is v1.10 from 'barrnap 1.10.5'
[06:52:43] Looking for 'blastp' - found /opt/conda/envs/prokka_env/bin/blastp
[06:52:43] Determined blastp version is v2.17 from 'blastp: 2.17.0+'
[06:52:43] Looking for 'cmpress' - found /opt/conda/envs/prokka_env/bin/cmpress
[06:52:43] Determined cmpress version is v1.1 from '# INFERNAL 1.1.5 (Sep 2023)'
[06:52:43] Looking for 'cmscan' - found /opt/conda/envs/prokka_env/bin/cmscan
[06:52:43] Determined cmscan version is v1.1 from '# INFERNAL 1.1.5 (Sep 2023)'
[06:52:43] Looking for 'egrep' - found /usr/bin/egrep
[06:52:43] Looking for 'find' - found /usr/bin/find
[06:52:43] Looking for 'grep' - found /usr/bin/grep
[06:52:43] Looking for 'hmmpress' - found /opt/conda/envs/prokka_env/bin/hmmpress
[06:52:43] Determined hmmpress version is v3.4 from '# HMMER 3.4 (Aug 2023); http://hmmer.org/'
[06:52:43] Looking for 'hmmscan' - found /opt/conda/envs/prokka_env/bin/hmmscan
[06:52:43] Determined hmmscan version is v3.4 from '# HMMER 3.4 (Aug 2023); http://hmmer.org/'
[06:52:43] Looking for 'java' - found /opt/conda/envs/prokka_env/bin/java
[06:52:43] Looking for 'makeblastdb' - found /opt/conda/envs/prokka_env/bin/makeblastdb
[06:52:43] Determined makeblastdb version is v2.17 from 'makeblastdb: 2.17.0+'
[06:52:43] Looking for 'minced' - found /opt/conda/envs/prokka_env/bin/minced
[06:52:43] Determined minced version is v4.2 from 'minced 0.4.2'
[06:52:43] Looking for 'parallel' - found /opt/conda/envs/prokka_env/bin/parallel
[06:52:44] Determined parallel version is 20260722 from 'GNU parallel 20260722'
[06:52:44] Looking for 'prodigal' - found /opt/conda/envs/prokka_env/bin/prodigal
[06:52:44] Determined prodigal version is v2.6 from 'Prodigal V2.6.3: February, 2016'
[06:52:44] Looking for 'prokka-genbank_to_fasta_db' - found /opt/conda/envs/prokka_env/bin/prokka-genbank_to_fasta_db
[06:52:44] Looking for 'sed' - found /usr/bin/sed
[06:52:44] Looking for 'tbl2asn' - found /opt/conda/envs/prokka_env/bin/tbl2asn
[06:52:44] Determined tbl2asn version is v25.7 from 'tbl2asn 25.7   arguments:'
[06:52:44] Using genetic code table 11.
[06:52:44] Loading and checking input file: data/ncbi_dataset/data/GCA_054952645.1/GCA_054952645.1_ASM5495264v1_genomic.fna
[06:52:44] Wrote 3 contigs totalling 5499165 bp.
[06:52:44] Predicting tRNAs and tmRNAs
[06:52:44] Running: aragorn -l -gc11  -w results\/prokka_annotations\/GCA_054952645\.1\/GCA_054952645\.1\.fna
[06:52:46] 1 tRNA-Glu c[3402,3477] 35 (ttc)
[06:52:46] 2 tmRNA [31976,32338] 90,125 ANDENYALAA**
[06:52:46] 3 tRNA-Arg c[101557,101633] 35 (acg)
[06:52:46] 4 tRNA-Arg c[101730,101806] 35 (acg)
[06:52:46] 5 tRNA-Arg c[101903,101979] 35 (acg)
[06:52:46] 6 tRNA-Arg c[102041,102117] 35 (acg)
[06:52:46] 7 tRNA-Arg c[102268,102344] 35 (acg)
[06:52:46] 8 tRNA-Ser c[102349,102441] 35 (gct)
[06:52:46] 9 tRNA-Met [252725,252801] 35 (cat)
[06:52:46] 10 tRNA-Met [252835,252911] 35 (cat)
[06:52:46] 11 tRNA-Met [252944,253020] 35 (cat)
[06:52:46] 12 tRNA-Gly c[460573,460646] 33 (ccc)
[06:52:46] 13 tRNA-Phe [529347,529422] 34 (gaa)
[06:52:46] 14 tRNA-Met [602290,602365] 34 (cat)
[06:52:46] 15 tRNA-Met c[695448,695524] 35 (cat)
[06:52:46] 16 tRNA-Leu c[699455,699541] 35 (gag)
[06:52:46] 17 tRNA-Thr c[783883,783958] 34 (ggt)
[06:52:46] 18 tRNA-Pro c[1005603,1005679] 35 (cgg)
[06:52:46] 19 tRNA-SeC [1135190,1135284] 35 (tca)
[06:52:46] 20 tRNA-Glu [1276320,1276395] 35 (ttc)
[06:52:46] 21 tRNA-Ile [1385296,1385372] 35 (gat)
[06:52:46] 22 tRNA-Ala [1385409,1385484] 34 (tgc)
[06:52:46] 23 tRNA-Asp [1388829,1388905] 35 (gtc)
[06:52:46] 24 tRNA-Trp [1388959,1389034] 34 (cca)
[06:52:46] 25 tRNA-Arg [1427065,1427141] 35 (ccg)
[06:52:46] 26 tRNA-His [1427197,1427272] 34 (gtg)
[06:52:46] 27 tRNA-Leu [1427295,1427380] 36 (cag)
[06:52:46] 28 tRNA-Pro [1427424,1427500] 35 (tgg)
[06:52:46] 29 tRNA-Ile [1477183,1477259] 35 (gat)
[06:52:46] 30 tRNA-Ala [1477296,1477371] 34 (tgc)
[06:52:46] 31 tRNA-Thr [1484400,1484475] 34 (tgt)
[06:52:46] 32 tRNA-Tyr [1484486,1484570] 35 (gta)
[06:52:46] 33 tRNA-Gly [1484686,1484760] 34 (tcc)
[06:52:46] 34 tRNA-Thr [1484766,1484841] 34 (ggt)
[06:52:46] 35 tRNA-Glu [1522265,1522340] 35 (ttc)
[06:52:46] 36 tRNA-Phe c[1662312,1662387] 34 (gaa)
[06:52:46] 37 tRNA-Gly [1699751,1699826] 34 (gcc)
[06:52:46] 38 tRNA-Gly [1699895,1699970] 34 (gcc)
[06:52:46] 39 tRNA-Gly [1700043,1700118] 34 (gcc)
[06:52:46] 40 tRNA-Leu [1848431,1848515] 35 (caa)
[06:52:46] 41 tRNA-Glu [1909925,1910000] 35 (ttc)
[06:52:46] 42 tRNA-Leu c[2000297,2000382] 36 (cag)
[06:52:46] 43 tRNA-Leu c[2000414,2000499] 36 (cag)
[06:52:46] 44 tRNA-Leu c[2000528,2000613] 36 (cag)
[06:52:46] 45 tRNA-Ile [2284542,2284618] 35 (gat)
[06:52:46] 46 tRNA-Ala [2284655,2284730] 34 (tgc)
[06:52:46] 47 tRNA-Asp [2288165,2288241] 35 (gtc)
[06:52:46] 48 tRNA-Asp [2297618,2297694] 35 (gtc)
[06:52:46] 49 tRNA-Thr c[2350508,2350583] 34 (cgt)
[06:52:46] 50 tRNA-Arg [2565937,2566013] 35 (tct)
[06:52:46] 51 tRNA-Gln c[2806766,2806840] 33 (ctg)
[06:52:46] 52 tRNA-Gln c[2806916,2806990] 33 (ctg)
[06:52:46] 53 tRNA-Met c[2807038,2807114] 35 (cat)
[06:52:46] 54 tRNA-Gln c[2807138,2807212] 33 (ttg)
[06:52:46] 55 tRNA-Gln c[2807249,2807323] 33 (ttg)
[06:52:46] 56 tRNA-Leu c[2807347,2807431] 35 (tag)
[06:52:46] 57 tRNA-Met c[2807440,2807516] 35 (cat)
[06:52:46] 58 tRNA-Lys [2866150,2866225] 34 (ttt)
[06:52:46] 59 tRNA-Val [2866351,2866426] 34 (tac)
[06:52:46] 60 tRNA-Lys [2866429,2866504] 34 (ttt)
[06:52:46] 61 tRNA-Val [2866654,2866729] 34 (tac)
[06:52:46] 62 tRNA-Lys [2866733,2866808] 34 (ttt)
[06:52:46] 63 tRNA-Lys [2866955,2867030] 34 (ttt)
[06:52:46] 64 tRNA-Lys [2867164,2867239] 34 (ttt)
[06:52:46] 65 tRNA-Ser [3179662,3179749] 35 (tga)
[06:52:46] 66 tRNA-Ser c[3242122,3242209] 35 (gga)
[06:52:46] 67 tRNA-Ser c[3245284,3245371] 35 (gga)
[06:52:46] 68 tRNA-Val [4231446,4231522] 35 (gac)
[06:52:46] 69 tRNA-Val [4231527,4231603] 35 (gac)
[06:52:46] 70 tRNA-Val [4231608,4231684] 35 (gac)
[06:52:46] 71 tRNA-Tyr [4461463,4461547] 35 (gta)
[06:52:46] 72 tRNA-Tyr [4461763,4461847] 35 (gta)
[06:52:46] 73 tRNA-Leu c[4653526,4653612] 35 (taa)
[06:52:46] 74 tRNA-Cys c[4653626,4653699] 33 (gca)
[06:52:46] 75 tRNA-Gly c[4653740,4653815] 34 (gcc)
[06:52:46] 76 tRNA-Ser c[4674569,4674658] 35 (cga)
[06:52:46] 77 tRNA-Asn [4675650,4675725] 34 (gtt)
[06:52:46] 78 tRNA-Asn [4746256,4746331] 34 (gtt)
[06:52:46] 79 tRNA-Asn c[4755176,4755251] 34 (gtt)
[06:52:46] 80 tRNA-Asn [4757009,4757084] 34 (gtt)
[06:52:46] 81 tRNA-Pro [4960276,4960352] 35 (ggg)
[06:52:46] 82 tRNA-Arg [5077164,5077238] 34 (cct)
[06:52:46] 83 tRNA-Ala c[5097565,5097640] 34 (ggc)
[06:52:46] 84 tRNA-Ala c[5097682,5097757] 34 (ggc)
[06:52:46] 85 tRNA-Val [5100456,5100531] 34 (tac)
[06:52:46] 86 tRNA-Val [5100577,5100652] 34 (tac)
[06:52:46] 87 tRNA-Val [5100699,5100774] 34 (tac)
[06:52:46] 88 tRNA-Lys [5100779,5100854] 34 (ttt)
[06:52:46] Found 88 tRNAs
[06:52:46] Predicting Ribosomal RNAs
[06:52:46] Running Barrnap with 2 threads
[06:53:26] 1 CM143112.1 106 5S ribosomal RNA
[06:53:26] 2 CM143112.1 318 23S ribosomal RNA
[06:53:26] 3 CM143112.1 3563 16S ribosomal RNA
[06:53:26] 4 CM143112.1 783729 5S ribosomal RNA
[06:53:26] 5 CM143112.1 783973 5S ribosomal RNA
[06:53:26] 6 CM143112.1 784185 23S ribosomal RNA
[06:53:26] 7 CM143112.1 787285 16S ribosomal RNA
[06:53:26] 8 CM143112.1 1274695 16S ribosomal RNA
[06:53:26] 9 CM143112.1 1276578 23S ribosomal RNA
[06:53:26] 10 CM143112.1 1279577 5S ribosomal RNA
[06:53:26] 11 CM143112.1 1383685 16S ribosomal RNA
[06:53:26] 12 CM143112.1 1385654 23S ribosomal RNA
[06:53:26] 13 CM143112.1 1388656 5S ribosomal RNA
[06:53:26] 14 CM143112.1 1475572 16S ribosomal RNA
[06:53:26] 15 CM143112.1 1477549 23S ribosomal RNA
[06:53:26] 16 CM143112.1 1480645 5S ribosomal RNA
[06:53:26] 17 CM143112.1 1520640 16S ribosomal RNA
[06:53:26] 18 CM143112.1 1522523 23S ribosomal RNA
[06:53:26] 19 CM143112.1 1525619 5S ribosomal RNA
[06:53:26] 20 CM143112.1 1908300 16S ribosomal RNA
[06:53:26] 21 CM143112.1 1910179 23S ribosomal RNA
[06:53:26] 22 CM143112.1 1913177 5S ribosomal RNA
[06:53:26] 23 CM143112.1 2282931 16S ribosomal RNA
[06:53:26] 24 CM143112.1 2284900 23S ribosomal RNA
[06:53:26] 25 CM143112.1 2287992 5S ribosomal RNA
[06:53:26] Found 25 rRNAs
[06:53:26] Skipping ncRNA search, enable with --rfam if desired.
[06:53:26] Total of 112 tRNA + rRNA features
[06:53:26] Searching for CRISPR repeats
[06:53:27] CRISPR1 CM143112.1 4315843 with 5 spacers
[06:53:27] Found 1 CRISPRs
[06:53:27] Predicting coding sequences
[06:53:27] Contigs total 5499165 bp, so using single mode
[06:53:27] Running: prodigal -i results\/prokka_annotations\/GCA_054952645\.1\/GCA_054952645\.1\.fna -c -m -g 11 -p single -f sco -q
[06:53:40] Excluding CDS which overlaps existing RNA (tRNA) at CM143112.1:695349..695555 on + strand
[06:53:41] Excluding CDS which overlaps existing RNA (tRNA) at CM143112.1:1427400..1427552 on - strand
[06:53:44] Excluding CDS which overlaps existing RNA (tRNA) at CM143112.1:4231197..4231682 on - strand
[06:53:45] Found 5127 CDS
[06:53:45] Connecting features back to sequences
[06:53:45] Not using genus-specific database. Try --usegenus to enable it.
[06:53:45] Annotating CDS, please be patient.
[06:53:45] Will use 2 CPUs for similarity searching.
[06:53:46] There are still 5127 unannotated CDS left (started with 5127)
[06:53:46] Will use blast to search against /opt/conda/envs/prokka_env/db/kingdom/Bacteria/IS with 2 CPUs
[06:53:46] Running: cat results\/prokka_annotations\/GCA_054952645\.1\/GCA_054952645\.1\.IS\.tmp\.58301\.faa | parallel --gnu --plain -j 2 --block 407889 --recstart '>' --pipe blastp -query - -db /opt/conda/envs/prokka_env/db/kingdom/Bacteria/IS -evalue 1e-30 -qcov_hsp_perc 90 -num_threads 1 -num_descriptions 1 -num_alignments 1 -seg no > results\/prokka_annotations\/GCA_054952645\.1\/GCA_054952645\.1\.IS\.tmp\.58301\.blast 2> /dev/null
[06:54:58] Deleting unwanted file: results/prokka_annotations/GCA_054952645.1/GCA_054952645.1.IS.tmp.58301.faa
[06:54:58] Deleting unwanted file: results/prokka_annotations/GCA_054952645.1/GCA_054952645.1.IS.tmp.58301.blast
[06:55:00] There are still 5067 unannotated CDS left (started with 5127)
[06:55:00] Will use blast to search against /opt/conda/envs/prokka_env/db/kingdom/Bacteria/AMR with 2 CPUs
[06:55:00] Running: cat results\/prokka_annotations\/GCA_054952645\.1\/GCA_054952645\.1\.AMR\.tmp\.58301\.faa | parallel --gnu --plain -j 2 --block 403964 --recstart '>' --pipe blastp -query - -db /opt/conda/envs/prokka_env/db/kingdom/Bacteria/AMR -evalue 1e-300 -qcov_hsp_perc 90 -num_threads 1 -num_descriptions 1 -num_alignments 1 -seg no > results\/prokka_annotations\/GCA_054952645\.1\/GCA_054952645\.1\.AMR\.tmp\.58301\.blast 2> /dev/null
[06:56:52] Deleting unwanted file: results/prokka_annotations/GCA_054952645.1/GCA_054952645.1.AMR.tmp.58301.faa
[06:56:52] Deleting unwanted file: results/prokka_annotations/GCA_054952645.1/GCA_054952645.1.AMR.tmp.58301.blast
[06:56:56] There are still 5020 unannotated CDS left (started with 5127)
[06:56:56] Will use blast to search against /opt/conda/envs/prokka_env/db/kingdom/Bacteria/sprot with 2 CPUs
[06:56:56] Running: cat results\/prokka_annotations\/GCA_054952645\.1\/GCA_054952645\.1\.sprot\.tmp\.58301\.faa | parallel --gnu --plain -j 2 --block 395967 --recstart '>' --pipe blastp -query - -db /opt/conda/envs/prokka_env/db/kingdom/Bacteria/sprot -evalue 1e-09 -qcov_hsp_perc 80 -num_threads 1 -num_descriptions 1 -num_alignments 1 -seg no > results\/prokka_annotations\/GCA_054952645\.1\/GCA_054952645\.1\.sprot\.tmp\.58301\.blast 2> /dev/null
[07:02:08] Modify product: UPF0053 inner membrane protein YfjD => hypothetical protein
[07:02:08] Modify product: UPF0125 protein RatB => hypothetical protein
[07:02:08] Modify product: HTH-type transcriptional regulator XC_2801 => HTH-type transcriptional regulator
[07:02:08] Modify product: Probable fimbrial chaperone YadV => putative fimbrial chaperone YadV
[07:02:08] Modify product: Probable fimbrial chaperone YraI => putative fimbrial chaperone YraI
[07:02:08] Modify product: Uncharacterized protein YgaM => putative protein YgaM
[07:02:08] Modify product: Probable UbiX-like flavin prenyltransferase => putative UbiX-like flavin prenyltransferase
[07:02:08] Modify product: Probable galactarate/D-glucarate transporter GudP => putative galactarate/D-glucarate transporter GudP
[07:02:08] Modify product: Uncharacterized protein YqcC => putative protein YqcC
[07:02:08] Modify product: Uncharacterized HTH-type transcriptional regulator YdjF => putative HTH-type transcriptional regulator YdjF
[07:02:08] Modify product: UPF0382 inner membrane protein YgdD => hypothetical protein
[07:02:08] Modify product: Uncharacterized lipoprotein YgdR => putative lipoprotein YgdR
[07:02:08] Modify product: Probable cobalt-factor III C(17)-methyltransferase => putative cobalt-factor III C(17)-methyltransferase
[07:02:08] Modify product: UPF0053 inner membrane protein YgdQ => hypothetical protein
[07:02:08] Modify product: Uncharacterized lipoprotein YgdR => putative lipoprotein YgdR
[07:02:08] Modify product: Probable fimbrial chaperone YadV => putative fimbrial chaperone YadV
[07:02:08] Modify product: Uncharacterized protein YjdJ => putative protein YjdJ
[07:02:08] Modify product: Probable cyclic di-GMP phosphodiesterase PdeG => putative cyclic di-GMP phosphodiesterase PdeG
[07:02:08] Modify product: Probable multidrug resistance protein EmrK => putative multidrug resistance protein EmrK
[07:02:08] Modify product: Probable multidrug resistance protein EmrY => putative multidrug resistance protein EmrY
[07:02:08] Modify product: Urea transporter DVU1160 => Urea transporter
[07:02:08] Modify product: Probable D,D-dipeptide transport system permease protein DdpC => putative D,D-dipeptide transport system permease protein DdpC
[07:02:08] Modify product: Probable fimbrial chaperone YraI => putative fimbrial chaperone YraI
[07:02:08] Modify product: Probable fimbrial chaperone YraI => putative fimbrial chaperone YraI
[07:02:08] Modify product: UPF0073 inner membrane protein YqfA => hypothetical protein
[07:02:08] Modify product: Uncharacterized oxidoreductase YgfF => putative oxidoreductase YgfF
[07:02:08] Modify product: UPF0149 protein HI_0817 => hypothetical protein
[07:02:08] Modify product: UPF0301 protein YqgE => hypothetical protein
[07:02:08] Modify product: Uncharacterized protein YggR => putative protein YggR
[07:02:08] Modify product: UPF0235 protein YggU => hypothetical protein
[07:02:08] Modify product: Uncharacterized protein HI_0341 => putative protein
[07:02:08] Modify product: Probable Fe(2+)-trafficking protein => putative Fe(2+)-trafficking protein
[07:02:08] Modify product: Uncharacterized membrane protein YdfK => putative membrane protein YdfK
[07:02:08] Modify product: HTH-type transcriptional regulator XC_2801 => HTH-type transcriptional regulator
[07:02:08] Modify product: Probable HTH-type transcriptional regulator STM3175 => putative HTH-type transcriptional regulator
[07:02:08] Modify product: Probable quinol monooxygenase YgiN => putative quinol monooxygenase YgiN
[07:02:08] Modify product: Probable glycerol-3-phosphate acyltransferase => putative glycerol-3-phosphate acyltransferase
[07:02:08] Modify product: Uncharacterized protein YqjD => putative protein YqjD
[07:02:08] Modify product: Probable galactarate/D-glucarate transporter GarP => putative galactarate/D-glucarate transporter GarP
[07:02:08] Modify product: UPF0102 protein RPA0323 => hypothetical protein
[07:02:08] Modify product: Uncharacterized inner membrane transporter YhbE => putative inner membrane transporter YhbE
[07:02:09] Modify product: Uncharacterized protein YhcO => putative protein YhcO
[07:02:09] Modify product: Uncharacterized membrane protein YhdT => putative membrane protein YhdT
[07:02:09] Modify product: Protein SlyX homolog => Protein SlyX 
[07:02:09] Modify product: Probable ATP-binding protein YheS => putative ATP-binding protein YheS
[07:02:09] Modify product: UPF0270 protein PA3463 => hypothetical protein
[07:02:09] Modify product: Probable protein adenylyltransferase Fic => putative protein adenylyltransferase Fic
[07:02:09] Modify product: Uncharacterized protein YhfG => putative protein YhfG
[07:02:09] Modify product: Probable [Fe-S]-dependent transcriptional repressor => putative [Fe-S]-dependent transcriptional repressor
[07:02:09] Modify product: Uncharacterized oxidoreductase YhhX => putative oxidoreductase YhhX
[07:02:09] Modify product: Uncharacterized protein YhhA => putative protein YhhA
[07:02:09] Modify product: Uncharacterized MFS-type transporter YhhS => putative MFS-type transporter YhhS
[07:02:09] Modify product: Probable 4-amino-4-deoxy-L-arabinose-phosphoundecaprenol flippase subunit ArnF => putative 4-amino-4-deoxy-L-arabinose-phosphoundecaprenol flippase subunit ArnF
[07:02:09] Modify product: Probable 4-amino-4-deoxy-L-arabinose-phosphoundecaprenol flippase subunit ArnE => putative 4-amino-4-deoxy-L-arabinose-phosphoundecaprenol flippase subunit ArnE
[07:02:09] Modify product: Probable 4-deoxy-4-formamido-L-arabinose-phosphoundecaprenol deformylase ArnD => putative 4-deoxy-4-formamido-L-arabinose-phosphoundecaprenol deformylase ArnD
[07:02:09] Modify product: Probable cyclic di-GMP phosphodiesterase PdeK => putative cyclic di-GMP phosphodiesterase PdeK
[07:02:09] Modify product: Uncharacterized MFS-type transporter YhjX => putative MFS-type transporter YhjX
[07:02:09] Modify product: Probable lipoprotein YiaD => putative lipoprotein YiaD
[07:02:09] Modify product: Probable ATP-binding protein YheS => putative ATP-binding protein YheS
[07:02:09] Modify product: Uncharacterized GST-like protein YibF => putative GST-like protein YibF
[07:02:09] Modify product: Uncharacterized protein YibL => putative protein YibL
[07:02:09] Modify product: Uncharacterized protein YibN => putative protein YibN
[07:02:09] Modify product: UPF0758 protein YsxA => hypothetical protein
[07:02:09] Modify product: Probable multidrug ABC transporter permease YbhR => putative multidrug ABC transporter permease YbhR
[07:02:09] Modify product: Probable multidrug ABC transporter ATP-binding protein YbhF => putative multidrug ABC transporter ATP-binding protein YbhF
[07:02:09] Modify product: Probable multidrug ABC transporter ATP-binding protein YbhF => putative multidrug ABC transporter ATP-binding protein YbhF
[07:02:09] Modify product: UPF0194 membrane protein YbhG => hypothetical protein
[07:02:09] Modify product: Uncharacterized protein MT2054 => putative protein
[07:02:09] Modify product: UPF0126 inner membrane protein YicG => hypothetical protein
[07:02:09] Modify product: UPF0311 protein CA_C3321 => hypothetical protein
[07:02:09] Modify product: Zinc-type alcohol dehydrogenase-like protein SA1988 => Zinc-type alcohol dehydrogenase-like protein
[07:02:09] Modify product: Acetyltransferase Atu2258 => Acetyltransferase
[07:02:09] Modify product: Probable aminoglycoside efflux pump => putative aminoglycoside efflux pump
[07:02:09] Modify product: Uncharacterized inner membrane transporter YicL => putative inner membrane transporter YicL
[07:02:09] Modify product: HTH-type transcriptional regulator Cphy_2742 => HTH-type transcriptional regulator
[07:02:09] Modify product: Probable transport protein HsrA => putative transport protein HsrA
[07:02:09] Modify product: Probable GTP-binding protein EngB => putative GTP-binding protein EngB
[07:02:09] Modify product: UPF0761 membrane protein YihY => hypothetical protein
[07:02:09] Modify product: Probable acyltransferase FabY => putative acyltransferase FabY
[07:02:09] Modify product: Probable fructose-bisphosphate aldolase => putative fructose-bisphosphate aldolase
[07:02:09] Modify product: Probable cystine transporter YijE => putative cystine transporter YijE
[07:02:09] Modify product: Uncharacterized membrane protein YdfK => putative membrane protein YdfK
[07:02:10] Modify product: Probable ECA polymerase => putative ECA polymerase
[07:02:10] Modify product: Probable protein kinase UbiB => putative protein kinase UbiB
[07:02:10] Modify product: Uncharacterized protein HI_0431 => putative protein
[07:02:10] Modify product: UPF0597 protein YhaM => hypothetical protein
[07:02:10] Modify product: UPF0337 protein YjbJ => hypothetical protein
[07:02:10] Modify product: Uncharacterized protein YjbR => putative protein YjbR
[07:02:10] Modify product: Probable cyclic di-GMP phosphodiesterase PdeC => putative cyclic di-GMP phosphodiesterase PdeC
[07:02:10] Modify product: Uncharacterized fimbrial-like protein YcbV => putative fimbrial-like protein YcbV
[07:02:10] Modify product: Probable fimbrial chaperone LpfB => putative fimbrial chaperone LpfB
[07:02:10] Modify product: Probable transcriptional regulator PhnF => putative transcriptional regulator PhnF
[07:02:10] Modify product: UPF0716 protein FxsA => hypothetical protein
[07:02:10] Modify product: Probable L-ascorbate-6-phosphate lactonase UlaG => putative L-ascorbate-6-phosphate lactonase UlaG
[07:02:10] Modify product: Uncharacterized protein YtfJ => putative protein YtfJ
[07:02:10] Modify product: Deacetylase EF_0837 => Deacetylase
[07:02:10] Modify product: Probable licABCH operon regulator => putative licABCH operon regulator
[07:02:10] Modify product: Probable 6-phospho-beta-glucosidase => putative 6-phospho-beta-glucosidase
[07:02:10] Modify product: Uncharacterized HTH-type transcriptional regulator YurK => putative HTH-type transcriptional regulator YurK
[07:02:10] Modify product: Probable L-galactonate transporter => putative L-galactonate transporter
[07:02:10] Modify product: Probable L-galactonate transporter => putative L-galactonate transporter
[07:02:10] Modify product: Probable HTH-type transcriptional regulator LgoR => putative HTH-type transcriptional regulator LgoR
[07:02:10] Modify product: Probable succinate transporter subunit YjjB => putative succinate transporter subunit YjjB
[07:02:10] Modify product: Probable succinate transporter subunit YjjP => putative succinate transporter subunit YjjP
[07:02:10] Modify product: Uncharacterized metal-dependent hydrolase YjjV => putative metal-dependent hydrolase YjjV
[07:02:10] Modify product: Probable inner membrane protein Smp => putative inner membrane protein Smp
[07:02:10] Modify product: Uncharacterized lipoprotein YgdR => putative lipoprotein YgdR
[07:02:10] Modify product: Probable galactarate/D-glucarate transporter GudP => putative galactarate/D-glucarate transporter GudP
[07:02:10] Modify product: Probable peptidoglycan glycosyltransferase FtsW => putative peptidoglycan glycosyltransferase FtsW
[07:02:10] Modify product: UPF0231 protein YacL => hypothetical protein
[07:02:10] Modify product: Uncharacterized ABC transporter ATP-binding protein YadG => putative ABC transporter ATP-binding protein YadG
[07:02:10] Modify product: UPF0126 inner membrane protein YadS => hypothetical protein
[07:02:11] Modify product: UPF0253 protein YaeP => hypothetical protein
[07:02:11] Modify product: Uncharacterized protein YaeQ => putative protein YaeQ
[07:02:11] Modify product: Uncharacterized methyltransferase YcgJ => putative methyltransferase YcgJ
[07:02:11] Modify product: Uncharacterized protein Rv2277c => putative protein
[07:02:11] Modify product: Uncharacterized N-acetyltransferase YafP => putative N-acetyltransferase YafP
[07:02:11] Modify product: Uncharacterized protein YjhP => putative protein YjhP
[07:02:11] Modify product: Probable fimbrial chaperone EcpB => putative fimbrial chaperone EcpB
[07:02:11] Modify product: Probable outer membrane usher protein EcpC => putative outer membrane usher protein EcpC
[07:02:11] Modify product: Probable fimbrial chaperone EcpE => putative fimbrial chaperone EcpE
[07:02:11] Modify product: Probable glutamine ABC transporter permease protein GlnP => putative glutamine ABC transporter permease protein GlnP
[07:02:11] Modify product: UPF0178 protein YaiI => hypothetical protein
[07:02:11] Modify product: Uncharacterized protein YaiA => putative protein YaiA
[07:02:11] Modify product: Uncharacterized lipoprotein YajI => putative lipoprotein YajI
[07:02:11] Modify product: Uncharacterized protein HI_1008 => putative protein
[07:02:11] Modify product: Uncharacterized lipoprotein YbaY => putative lipoprotein YbaY
[07:02:11] Modify product: Probable cyclic di-GMP phosphodiesterase PdeB => putative cyclic di-GMP phosphodiesterase PdeB
[07:02:11] Modify product: Probable iron export ATP-binding protein FetA => putative iron export ATP-binding protein FetA
[07:02:11] Modify product: Probable iron export permease protein FetB => putative iron export permease protein FetB
[07:02:11] Modify product: Bifunctional protein FolD => Bifunctional protein FolD protein
[07:02:11] Modify product: Probable fimbrial chaperone YadV => putative fimbrial chaperone YadV
[07:02:11] Modify product: Uncharacterized protein YncE => putative protein YncE
[07:02:11] Modify product: Uncharacterized protein Rv0906 => putative protein
[07:02:11] Modify product: Probable cation-transporting ATPase F => putative cation-transporting ATPase F
[07:02:11] Modify product: Probable D,D-dipeptide transport system permease protein DdpC => putative D,D-dipeptide transport system permease protein DdpC
[07:02:11] Modify product: Probable D,D-dipeptide-binding periplasmic protein DdpA => putative D,D-dipeptide-binding periplasmic protein DdpA
[07:02:11] Modify product: Probable ATP-binding protein YheS => putative ATP-binding protein YheS
[07:02:11] Modify product: Probable D,D-dipeptide transport system permease protein DdpC => putative D,D-dipeptide transport system permease protein DdpC
[07:02:11] Modify product: Probable nitrate reductase molybdenum cofactor assembly chaperone NarW => putative nitrate reductase molybdenum cofactor assembly chaperone NarW
[07:02:11] Modify product: Uncharacterized lipoprotein YgdR => putative lipoprotein YgdR
[07:02:11] Modify product: Uncharacterized protein YncE => putative protein YncE
[07:02:11] Modify product: UPF0381 protein YiiS => hypothetical protein
[07:02:11] Modify product: Uncharacterized protein YdcY => putative protein YdcY
[07:02:11] Modify product: 23S rRNA 5-hydroxycytidine C2501 synthase => 23S rRNA 5-hydroxycytidine synthase
[07:02:11] Modify product: Probable transporter SCO4007 => putative transporter
[07:02:11] Modify product: Uncharacterized oxidoreductase YdgJ => putative oxidoreductase YdgJ
[07:02:11] Modify product: Probable D,D-dipeptide transport ATP-binding protein DdpD => putative D,D-dipeptide transport ATP-binding protein DdpD
[07:02:11] Modify product: Probable chromate transport protein => putative chromate transport protein
[07:02:11] Modify product: Uncharacterized MFS-type transporter Rv2456c => putative MFS-type transporter
[07:02:11] Modify product: Probable succinyl-CoA:3-ketoacid coenzyme A transferase subunit A => putative succinyl-CoA:3-ketoacid coenzyme A transferase subunit A
[07:02:11] Modify product: Probable succinyl-CoA:3-ketoacid coenzyme A transferase subunit B => putative succinyl-CoA:3-ketoacid coenzyme A transferase subunit B
[07:02:11] Modify product: Probable murein peptide carboxypeptidase => putative murein peptide carboxypeptidase
[07:02:11] Modify product: Probable siderophore transport system permease protein YfiZ => putative siderophore transport system permease protein YfiZ
[07:02:11] Modify product: Probable siderophore transport system ATP-binding protein YusV => putative siderophore transport system ATP-binding protein YusV
[07:02:11] Modify product: Probable L,D-transpeptidase YnhG => putative L,D-transpeptidase YnhG
[07:02:11] Modify product: Probable ATP-dependent transporter SufC => putative ATP-dependent transporter SufC
[07:02:11] Modify product: Probable ketoamine kinase HMPREF0351_12196 => putative ketoamine kinase
[07:02:11] Modify product: UPF0056 inner membrane protein MarC => hypothetical protein
[07:02:11] Modify product: Uncharacterized NTE family protein Rv1063c => putative NTE family protein
[07:02:11] Modify product: UPF0225 protein YchJ => hypothetical protein
[07:02:12] Modify product: Uncharacterized protein Rv2569c => putative protein
[07:02:12] Modify product: Uncharacterized protein Rv2567 => putative protein
[07:02:12] Modify product: Uncharacterized protein Rv2411c => putative protein
[07:02:12] Modify product: Uncharacterized protein YeaR => putative protein YeaR
[07:02:12] Modify product: Nudix hydrolase DR_1184 => Nudix hydrolase
[07:02:12] Modify product: Probable cyclic di-GMP phosphodiesterase PdeD => putative cyclic di-GMP phosphodiesterase PdeD
[07:02:12] Modify product: UPF0053 inner membrane protein YoaE => hypothetical protein
[07:02:12] Modify product: UPF0053 inner membrane protein YoaE => hypothetical protein
[07:02:12] Modify product: UPF0266 membrane protein YobD => hypothetical protein
[07:02:12] Modify product: Probable manganese efflux pump MntP => putative manganese efflux pump MntP
[07:02:12] Modify product: Uncharacterized protein YebV => putative protein YebV
[07:02:12] Modify product: Uncharacterized protein HI_0461 => putative protein
[07:02:12] Modify product: Uncharacterized protein YebY => putative protein YebY
[07:02:12] Modify product: Probable transcriptional regulatory protein YebC => putative transcriptional regulatory protein YebC
[07:02:12] Modify product: Probable transport protein HsrA => putative transport protein HsrA
[07:02:12] Modify product: Probable diguanylate cyclase DgcQ => putative diguanylate cyclase DgcQ
[07:02:12] Modify product: Uncharacterized inner membrane transporter YedA => putative inner membrane transporter YedA
[07:02:12] Modify product: Uncharacterized protein YedJ => putative protein YedJ
[07:02:12] Modify product: HTH-type transcriptional regulator XC_2801 => HTH-type transcriptional regulator
[07:02:12] Modify product: Probable L,D-transpeptidase ErfK/SrfK => putative L,D-transpeptidase ErfK/SrfK
[07:02:12] Modify product: Probable acrylyl-CoA reductase AcuI => putative acrylyl-CoA reductase AcuI
[07:02:12] Modify product: Probable FMN/FAD exporter YeeO => putative FMN/FAD exporter YeeO
[07:02:12] Modify product: Uncharacterized protein YeaR => putative protein YeaR
[07:02:12] Modify product: UPF0053 inner membrane protein YoaE => hypothetical protein
[07:02:12] Modify product: Probable lipid kinase YegS => putative lipid kinase YegS
[07:02:12] Modify product: Uncharacterized N-acetyltransferase YafP => putative N-acetyltransferase YafP
[07:02:12] Modify product: UPF0387 membrane protein YohO => hypothetical protein
[07:02:12] Modify product: UPF0299 membrane protein YohJ => hypothetical protein
[07:02:12] Modify product: Uncharacterized HTH-type transcriptional regulator YeiE => putative HTH-type transcriptional regulator YeiE
[07:02:12] Modify product: UPF0324 inner membrane protein YeiH => hypothetical protein
[07:02:12] Modify product: Probable cyclic di-GMP phosphodiesterase PdeN => putative cyclic di-GMP phosphodiesterase PdeN
[07:02:12] Modify product: Uncharacterized protein YejA => putative protein YejA
[07:02:12] Modify product: Uncharacterized ABC transporter ATP-binding protein YejF => putative ABC transporter ATP-binding protein YejF
[07:02:12] Modify product: Uncharacterized protein YejG => putative protein YejG
[07:02:12] Modify product: UPF0352 protein YejL => hypothetical protein
[07:02:12] Modify product: Putative transport protein Rv1101c => Putative transport protein
[07:02:12] Modify product: Uncharacterized HTH-type transcriptional regulator RhmR => putative HTH-type transcriptional regulator RhmR
[07:02:12] Modify product: Probable HTH-type transcriptional regulator LrhA => putative HTH-type transcriptional regulator LrhA
[07:02:12] Modify product: UPF0304 protein YfbU => hypothetical protein
[07:02:12] Modify product: UPF0208 membrane protein YfbV => hypothetical protein
[07:02:12] Modify product: Uncharacterized Nudix hydrolase YfcD => putative Nudix hydrolase YfcD
[07:02:12] Modify product: Epimerase family protein SA0724 => Epimerase family protein
[07:02:12] Modify product: Uncharacterized MFS-type transporter YfcJ => putative MFS-type transporter YfcJ
[07:02:12] Modify product: Probable membrane transporter protein YfcA => putative membrane transporter protein YfcA
[07:02:12] Modify product: UPF0381 protein YiiS => hypothetical protein
[07:02:12] Modify product: Probable cyclic di-GMP phosphodiesterase PdeA => putative cyclic di-GMP phosphodiesterase PdeA
[07:02:12] Modify product: Uncharacterized protein YybH => putative protein YybH
[07:02:12] Modify product: Uncharacterized protein YfeY => putative protein YfeY
[07:02:12] Modify product: Probable ethanolamine permease EutH => putative ethanolamine permease EutH
[07:02:12] Modify product: Probable alcohol dehydrogenase EutG => putative alcohol dehydrogenase EutG
[07:02:12] Modify product: Probable acetate kinase EutP => putative acetate kinase EutP
[07:02:12] Modify product: Uncharacterized protein YfgD => putative protein YfgD
[07:02:12] Modify product: Uncharacterized protein YfgJ => putative protein YfgJ
[07:02:12] Modify product: Probable 3-phenylpropionic acid transporter => putative 3-phenylpropionic acid transporter
[07:02:12] Modify product: Uncharacterized protein YphB => putative protein YphB
[07:02:12] Modify product: Uncharacterized tRNA/rRNA methyltransferase YfiF => putative tRNA/rRNA methyltransferase YfiF
[07:02:12] Modify product: Uncharacterized protein YbdM => putative protein YbdM
[07:02:12] Modify product: Probable tellurium resistance transcriptional regulator TerW => putative tellurium resistance transcriptional regulator TerW
[07:02:13] Modify product: Zinc chaperone Rv0106 => Zinc chaperone
[07:02:13] Modify product: Aldo-keto reductase MSMEG_2408/MSMEI_2347 => Aldo-keto reductase/MSMEI_2347
[07:02:13] Modify product: Uncharacterized sugar kinase YdjH => putative sugar kinase YdjH
[07:02:13] Modify product: Uncharacterized protein YbdM => putative protein YbdM
[07:02:13] Modify product: Uncharacterized HTH-type transcriptional regulator YbdO => putative HTH-type transcriptional regulator YbdO
[07:02:13] Modify product: Uncharacterized HTH-type transcriptional regulator YbdO => putative HTH-type transcriptional regulator YbdO
[07:02:13] Modify product: UPF0250 protein YbeD => hypothetical protein
[07:02:13] Modify product: Uncharacterized lipoprotein ChiQ => putative lipoprotein ChiQ
[07:02:13] Modify product: Uncharacterized protein YbfE => putative protein YbfE
[07:02:13] Modify product: GTP cyclohydrolase 1 type 2 homolog => GTP cyclohydrolase 1 type 2 
[07:02:13] Modify product: Probable two-component-system connector protein AriR => putative two-component-system connector protein AriR
[07:02:13] Modify product: Probable two-component-system connector protein YcgZ => putative two-component-system connector protein YcgZ
[07:02:13] Modify product: Probable cation-transporting ATPase F => putative cation-transporting ATPase F
[07:02:13] Modify product: UPF0098 protein YbhB => hypothetical protein
[07:02:13] Modify product: Probable multidrug ABC transporter permease YbhR => putative multidrug ABC transporter permease YbhR
[07:02:13] Modify product: Probable multidrug ABC transporter permease YbhR => putative multidrug ABC transporter permease YbhR
[07:02:13] Modify product: Probable multidrug ABC transporter permease YbhS => putative multidrug ABC transporter permease YbhS
[07:02:13] Modify product: Probable multidrug ABC transporter ATP-binding protein YbhF => putative multidrug ABC transporter ATP-binding protein YbhF
[07:02:13] Modify product: UPF0194 membrane protein YbhG => hypothetical protein
[07:02:13] Modify product: Probable galactarate/D-glucarate transporter GudP => putative galactarate/D-glucarate transporter GudP
[07:02:13] Modify product: Uncharacterized protein YbiB => putative protein YbiB
[07:02:13] Modify product: Uncharacterized protein YbiB => putative protein YbiB
[07:02:13] Modify product: Uncharacterized protein YbiI => putative protein YbiI
[07:02:13] Modify product: Uncharacterized protein McbA => putative protein McbA
[07:02:13] Modify product: Probable L,D-transpeptidase YbiS => putative L,D-transpeptidase YbiS
[07:02:13] Modify product: Probable ATP-binding protein YbiT => putative ATP-binding protein YbiT
[07:02:13] Modify product: Uncharacterized protein YbiU => putative protein YbiU
[07:02:13] Modify product: Probable dehydratase YbiW => putative dehydratase YbiW
[07:02:13] Modify product: Uncharacterized protein YbjN => putative protein YbjN
[07:02:13] Modify product: Uncharacterized lipoprotein YbjP => putative lipoprotein YbjP
[07:02:13] Modify product: Uncharacterized MFS-type transporter YcaD => putative MFS-type transporter YcaD
[07:02:13] Modify product: UPF0434 protein YcaR => hypothetical protein
[07:02:13] Modify product: Probable L,D-transpeptidase YcbB => putative L,D-transpeptidase YcbB
[07:02:13] Modify product: Uncharacterized protein YcbX => putative protein YcbX
[07:02:13] Modify product: Uncharacterized protein YccU => putative protein YccU
[07:02:13] Modify product: UPF0098 protein YbcL => hypothetical protein
[07:02:13] Modify product: Putative anti-sigma factor antagonist TM_1442 => Putative anti-sigma factor antagonist
[07:02:13] Modify product: Probable cyclic di-GMP phosphodiesterase PdeG => putative cyclic di-GMP phosphodiesterase PdeG
[07:02:13] Modify product: Probable dehydratase PflD => putative dehydratase PflD
[07:02:13] Modify product: Uncharacterized protein YccJ => putative protein YccJ
[07:02:13] Modify product: Probable malonic semialdehyde reductase RutE => putative malonic semialdehyde reductase RutE
[07:02:13] Modify product: Probable hydrolase YcaC => putative hydrolase YcaC
[07:02:13] Modify product: HTH-type transcriptional regulator XC_2801 => HTH-type transcriptional regulator
[07:02:13] Modify product: Probable phosphatase YcdX => putative phosphatase YcdX
[07:02:13] Modify product: Uncharacterized protein YceO => putative protein YceO
[07:02:13] Modify product: Uncharacterized lipoprotein YceB => putative lipoprotein YceB
[07:02:13] Modify product: UPF0502 protein YceH => hypothetical protein
[07:02:13] Modify product: Probable lipid II flippase MurJ => putative lipid II flippase MurJ
[07:02:13] Modify product: Uncharacterized metal-dependent hydrolase YcfH => putative metal-dependent hydrolase YcfH
[07:02:13] Modify product: UPF0227 protein YcfP => hypothetical protein
[07:02:13] Modify product: Probable L,D-transpeptidase YcfS => putative L,D-transpeptidase YcfS
[07:02:13] Modify product: Putative virulence-regulating protein PA2146 => Putative virulence-regulating protein
[07:02:13] Modify product: Uncharacterized membrane protein YoaK => putative membrane protein YoaK
[07:02:13] Modify product: HTH-type transcriptional regulator XC_2801 => HTH-type transcriptional regulator
[07:02:13] Modify product: UPF0229 protein YeaH => hypothetical protein
[07:02:13] Modify product: Uncharacterized acyl-CoA thioester hydrolase HI_0827 => putative acyl-CoA thioester hydrolase
[07:02:13] Modify product: UPF0259 membrane protein YciC => hypothetical protein
[07:02:13] Modify product: PKHD-type hydroxylase Sbal_3634 => PKHD-type hydroxylase
[07:02:13] Modify product: Probable tartrate dehydrogenase/decarboxylase TtuC' => putative tartrate dehydrogenase/decarboxylase TtuC'
[07:02:13] Modify product: Uncharacterized protein YciO => putative protein YciO
[07:02:13] Modify product: Uncharacterized oxidoreductase YciK => putative oxidoreductase YciK
[07:02:13] Modify product: Probable protease SohB => putative protease SohB
[07:02:13] Modify product: Uncharacterized protein YciH => putative protein YciH
[07:02:13] Modify product: UPF0509 protein YciZ => hypothetical protein
[07:02:14] Modify product: UPF0283 membrane protein YcjF => hypothetical protein
[07:02:14] Modify product: Probable 6-phospho-beta-glucosidase => putative 6-phospho-beta-glucosidase
[07:02:14] Modify product: Uncharacterized protein PA2218 => putative protein
[07:02:14] Modify product: Uncharacterized oxidoreductase YtbE => putative oxidoreductase YtbE
[07:02:14] Modify product: HTH-type transcriptional regulator XC_2801 => HTH-type transcriptional regulator
[07:02:14] Modify product: HTH-type transcriptional regulator XC_2801 => HTH-type transcriptional regulator
[07:02:14] Modify product: Probable quorum-quenching lactonase YtnP => putative quorum-quenching lactonase YtnP
[07:02:14] Modify product: Probable D-methionine-binding lipoprotein MetQ => putative D-methionine-binding lipoprotein MetQ
[07:02:14] Modify product: Uncharacterized oxidoreductase YdgJ => putative oxidoreductase YdgJ
[07:02:14] Modify product: Probable phospholipid transport protein YdbH => putative phospholipid transport protein YdbH
[07:02:14] Modify product: Uncharacterized protein YdfO => putative protein YdfO
[07:02:14] Modify product: Probable transporter YedE => putative transporter YedE
[07:02:14] Modify product: Probable DNA endonuclease SmrA => putative DNA endonuclease SmrA
[07:02:14] Modify product: Uncharacterized serine protease YdgD => putative serine protease YdgD
[07:02:14] Modify product: Uncharacterized protein YnfD => putative protein YnfD
[07:02:14] Modify product: UPF0482 protein YnfB => hypothetical protein
[07:02:14] Modify product: UPF0060 membrane protein YnfA => hypothetical protein
[07:02:14] Modify product: Probable L-galactonate transporter => putative L-galactonate transporter
[07:02:14] Modify product: Probable amino-acid metabolite efflux pump => putative amino-acid metabolite efflux pump
[07:02:14] Modify product: UPF0056 inner membrane protein MarC => hypothetical protein
[07:02:14] Modify product: Uncharacterized isomerase YddE => putative isomerase YddE
[07:02:14] Modify product: Probable galactarate/D-glucarate transporter GudP => putative galactarate/D-glucarate transporter GudP
[07:02:14] Modify product: Uncharacterized MFS-type transporter YhhS => putative MFS-type transporter YhhS
[07:02:14] Modify product: Uncharacterized protein YycE => putative protein YycE
[07:02:14] Modify product: Probable fimbrial chaperone YraI => putative fimbrial chaperone YraI
[07:02:14] Modify product: Uncharacterized signaling protein CC_0091 => putative signaling protein
[07:02:14] Modify product: Uncharacterized oxidoreductase YkwC => putative oxidoreductase YkwC
[07:02:14] Modify product: HTH-type transcriptional regulator XC_2801 => HTH-type transcriptional regulator
[07:02:14] Modify product: Probable major fimbrial subunit LpfA => putative major fimbrial subunit LpfA
[07:02:14] Modify product: Probable outer membrane usher protein ElfC => putative outer membrane usher protein ElfC
[07:02:14] Modify product: Putative thiamine biosynthesis protein HI_0357 => Putative thiamine biosynthesis protein
[07:02:14] Modify product: Probable HTH-type transcriptional regulator LrhA => putative HTH-type transcriptional regulator LrhA
[07:02:14] Modify product: HTH-type transcriptional regulator XC_2801 => HTH-type transcriptional regulator
[07:02:14] Modify product: UPF0702 transmembrane protein YetF => hypothetical protein
[07:02:14] Modify product: Uncharacterized oxidoreductase YghA => putative oxidoreductase YghA
[07:02:14] Modify product: HTH-type transcriptional regulator XC_2801 => HTH-type transcriptional regulator
[07:02:14] Cleaned 319 /product names
[07:02:14] Deleting unwanted file: results/prokka_annotations/GCA_054952645.1/GCA_054952645.1.sprot.tmp.58301.faa
[07:02:14] Deleting unwanted file: results/prokka_annotations/GCA_054952645.1/GCA_054952645.1.sprot.tmp.58301.blast
[07:02:15] There are still 1224 unannotated CDS left (started with 5127)
[07:02:15] Will use hmmer3 to search against /opt/conda/envs/prokka_env/db/hmm/HAMAP.hmm with 2 CPUs
[07:02:15] Running: cat results\/prokka_annotations\/GCA_054952645\.1\/GCA_054952645\.1\.HAMAP\.hmm\.tmp\.58301\.faa | parallel --gnu --plain -j 2 --block 75943 --recstart '>' --pipe hmmscan --noali --notextw --acc -E 1e-09 --cpu 1 /opt/conda/envs/prokka_env/db/hmm/HAMAP.hmm /dev/stdin > results\/prokka_annotations\/GCA_054952645\.1\/GCA_054952645\.1\.HAMAP\.hmm\.tmp\.58301\.hmmer3 2> /dev/null
[07:03:09] Modify product: Uncharacterized MFS-type transporter YfcJ => putative MFS-type transporter YfcJ
[07:03:09] Modify product: Uncharacterized MFS-type transporter YhhS => putative MFS-type transporter YhhS
[07:03:09] Modify product: Uncharacterized MFS-type transporter YcaD => putative MFS-type transporter YcaD
[07:03:09] Cleaned 3 /product names
[07:03:09] Deleting unwanted file: results/prokka_annotations/GCA_054952645.1/GCA_054952645.1.HAMAP.hmm.tmp.58301.faa
[07:03:09] Deleting unwanted file: results/prokka_annotations/GCA_054952645.1/GCA_054952645.1.HAMAP.hmm.tmp.58301.hmmer3
[07:03:09] Labelling remaining 1088 proteins as 'hypothetical protein'
[07:03:09] Possible /pseudo 'Acetaldehyde dehydrogenase' at CM143112.1 position 70553
[07:03:09] Possible /pseudo 'Manganese transport system membrane protein MntB' at CM143112.1 position 158086
[07:03:09] Possible /pseudo 'Sulfate adenylyltransferase subunit 1' at CM143112.1 position 186272
[07:03:09] Possible /pseudo 'Cobyrinate a,c-diamide synthase' at CM143112.1 position 287844
[07:03:09] Possible /pseudo 'Propanediol uptake facilitator PduF' at CM143112.1 position 290898
[07:03:09] Possible /pseudo 'Arabinose-proton symporter' at CM143112.1 position 359334
[07:03:09] Possible /pseudo '2-dehydro-3-deoxy-D-gluconate 5-dehydrogenase' at CM143112.1 position 361155
[07:03:09] Possible /pseudo 'ISKra4 family transposase ISCep1' at CM143112.1 position 383317
[07:03:09] Possible /pseudo 'Intermembrane phospholipid transporter YhdP' at CM143112.1 position 760675
[07:03:09] Possible /pseudo 'Ribonuclease G' at CM143112.1 position 762445
[07:03:09] Possible /pseudo '3-dehydroquinate synthase' at CM143112.1 position 850432
[07:03:09] Possible /pseudo 'Rhomboid protease GlpG' at CM143112.1 position 886880
[07:03:09] Possible /pseudo 'Leucine-specific-binding protein' at CM143112.1 position 919820
[07:03:09] Possible /pseudo 'Cell division protein FtsX' at CM143112.1 position 932389
[07:03:09] Possible /pseudo 'Inner membrane metabolite transport protein YhjE' at CM143112.1 position 981204
[07:03:09] Possible /pseudo 'putative multidrug ABC transporter ATP-binding protein YbhF' at CM143112.1 position 1095120
[07:03:09] Possible /pseudo 'DNA ligase B' at CM143112.1 position 1104753
[07:03:09] Possible /pseudo 'Oxygen-independent coproporphyrinogen III oxidase' at CM143112.1 position 1289969
[07:03:09] Possible /pseudo 'Formate dehydrogenase-O major subunit' at CM143112.1 position 1307368
[07:03:09] Possible /pseudo 'Peptidyl-prolyl cis-trans isomerase C' at CM143112.1 position 1401916
[07:03:09] Possible /pseudo 'DNA-directed RNA polymerase subunit beta RpoB' at CM143112.1 position 1491912
[07:03:09] Possible /pseudo 'Phosphomethylpyrimidine synthase' at CM143112.1 position 1508023
[07:03:09] Possible /pseudo 'Formate dehydrogenase H' at CM143112.1 position 1621586
[07:03:09] Possible /pseudo 'Ascorbate-specific PTS system EIIC component' at CM143112.1 position 1724237
[07:03:09] Possible /pseudo 'IS3 family transposase IS1400' at CM143112.1 position 1868984
[07:03:09] Possible /pseudo 'Homoprotocatechuate catabolism bifunctional isomerase/decarboxylase' at CM143112.1 position 1959305
[07:03:09] Possible /pseudo '[Ribosomal protein bS18]-alanine N-acetyltransferase' at CM143112.1 position 1970177
[07:03:09] Possible /pseudo 'DNA-binding and peroxide stress resistance protein YaaA' at CM143112.1 position 2038774
[07:03:09] Possible /pseudo 'Inner membrane transport protein YdiM' at CM143112.1 position 2119090
[07:03:09] Possible /pseudo 'Pullulanase' at CM143112.1 position 2221004
[07:03:09] Possible /pseudo 'DNA polymerase III subunit alpha' at CM143112.1 position 2266960
[07:03:09] Possible /pseudo 'Thiamine-monophosphate kinase' at CM143112.1 position 2443599
[07:03:09] Possible /pseudo 'ISNCY family transposase ISSen7' at CM143112.1 position 2528050
[07:03:09] Possible /pseudo 'Enterobactin synthase component F' at CM143112.1 position 2712418
[07:03:09] Possible /pseudo 'Peptide transporter CstA' at CM143112.1 position 2728349
[07:03:09] Possible /pseudo 'IS3 family transposase ISKpn1' at CM143112.1 position 2900530
[07:03:09] Possible /pseudo 'putative multidrug ABC transporter permease YbhR' at CM143112.1 position 2933373
[07:03:09] Possible /pseudo 'ATP-dependent DNA helicase DinG' at CM143112.1 position 2947200
[07:03:09] Possible /pseudo 'putative protein YbiB' at CM143112.1 position 2948206
[07:03:09] Possible /pseudo 'Chromosome partition protein MukB' at CM143112.1 position 3099088
[07:03:09] Possible /pseudo 'Glucose-1-phosphatase' at CM143112.1 position 3218013
[07:03:09] Possible /pseudo 'Putative pyrimidine permease RutG' at CM143112.1 position 3222112
[07:03:09] Possible /pseudo 'Glucans biosynthesis glucosyltransferase H' at CM143112.1 position 3254912
[07:03:09] Possible /pseudo 'Catalase HPII' at CM143112.1 position 3416991
[07:03:09] Possible /pseudo 'AAA+ ATPase ClpV1' at CM143112.1 position 3594953
[07:03:09] Possible /pseudo 'Zinc transport protein ZntB' at CM143112.1 position 3636461
[07:03:09] Possible /pseudo 'Putative arginine/ornithine antiporter' at CM143112.1 position 3721944
[07:03:09] Possible /pseudo 'NAD(P) transhydrogenase subunit alpha' at CM143112.1 position 3725175
[07:03:09] Possible /pseudo 'p-aminobenzoyl-glutamate transport protein' at CM143112.1 position 3731957
[07:03:09] Possible /pseudo 'NADH:fumarate oxidoreductase' at CM143112.1 position 3750107
[07:03:09] Possible /pseudo 'putative MFS-type transporter YhhS' at CM143112.1 position 3852873
[07:03:09] Possible /pseudo '1-deoxyxylulose-5-phosphate synthase YajO' at CM143112.1 position 3915497
[07:03:09] Possible /pseudo 'Inhibitor of hydrogen peroxide resistance' at CM143112.1 position 3943884
[07:03:09] Possible /pseudo 'Formate dehydrogenase, nitrate-inducible, major subunit' at CM143112.1 position 4090008
[07:03:09] Possible /pseudo 'D-2-hydroxyglutarate dehydrogenase' at CM143112.1 position 4409839
[07:03:09] Possible /pseudo 'Phenylalanine--tRNA ligase beta subunit' at CM143112.1 position 4428610
[07:03:09] Possible /pseudo 'putative protein' at CM143112.1 position 4540661
[07:03:09] Possible /pseudo 'putative protein' at CM143112.1 position 4541584
[07:03:09] Possible /pseudo 'ATP-dependent DNA helicase YoaA' at CM143112.1 position 4568867
[07:03:09] Possible /pseudo 'Tyrosine-specific transport system' at CM143112.1 position 4651207
[07:03:09] Possible /pseudo 'Chorismate synthase' at CM143112.1 position 5066410
[07:03:09] Possible /pseudo 'Putative oxidoreductase AegA' at CM143112.1 position 5147254
[07:03:09] Possible /pseudo 'General stress protein 16U' at JBUCRN010000003.1 position 40559
[07:03:09] Possible /pseudo 'Putative transposase for insertion sequence element IS5376' at JBUCRN010000003.1 position 100151
[07:03:09] Possible /pseudo 'Cu(+)/Ag(+) efflux RND transporter permease subunit SilA' at JBUCRN010000003.1 position 157331
[07:03:09] Possible /pseudo 'Copper resistance protein A' at JBUCRN010000003.1 position 165111
[07:03:09] Possible /pseudo 'IS3 family transposase ISEc36' at JBUCRN010000003.1 position 181510
[07:03:09] Possible /pseudo 'Cysteine--tRNA ligase' at JBUCRN010000003.1 position 193863
[07:03:09] Found 3145 unique /gene codes.
[07:03:09] Fixed 2 duplicate /gene - trmL_1 trmL_2
[07:03:09] Fixed 2 duplicate /gene - nlpD_1 nlpD_2
[07:03:09] Fixed 2 duplicate /gene - sdaC_1 sdaC_2
[07:03:09] Fixed 2 duplicate /gene - btuF_1 btuF_2
[07:03:09] Fixed 3 duplicate /gene - fimC_1 fimC_2 fimC_3
[07:03:09] Fixed 2 duplicate /gene - citA_1 citA_2
[07:03:09] Fixed 3 duplicate /gene - lrp_1 lrp_2 lrp_3
[07:03:09] Fixed 2 duplicate /gene - ydiM_1 ydiM_2
[07:03:09] Fixed 2 duplicate /gene - mgtE_1 mgtE_2
[07:03:09] Fixed 2 duplicate /gene - fhuC_1 fhuC_2
[07:03:09] Fixed 2 duplicate /gene - rstB_1 rstB_2
[07:03:09] Fixed 10 duplicate /gene - fabG_1 fabG_2 fabG_3 fabG_4 fabG_5 fabG_6 fabG_7 fabG_8 fabG_9 fabG_10
[07:03:09] Fixed 2 duplicate /gene - iroN_1 iroN_2
[07:03:09] Fixed 2 duplicate /gene - apbE_1 apbE_2
[07:03:09] Fixed 2 duplicate /gene - dmsC_1 dmsC_2
[07:03:09] Fixed 4 duplicate /gene - gudP_1 gudP_2 gudP_3 gudP_4
[07:03:09] Fixed 2 duplicate /gene - artJ_1 artJ_2
[07:03:09] Fixed 2 duplicate /gene - cusF_1 cusF_2
[07:03:09] Fixed 2 duplicate /gene - dksA_1 dksA_2
[07:03:09] Fixed 2 duplicate /gene - tssK1_1 tssK1_2
[07:03:09] Fixed 2 duplicate /gene - acrB_1 acrB_2
[07:03:09] Fixed 2 duplicate /gene - alx_1 alx_2
[07:03:09] Fixed 2 duplicate /gene - mepS_1 mepS_2
[07:03:09] Fixed 2 duplicate /gene - lacI_1 lacI_2
[07:03:09] Fixed 2 duplicate /gene - shiA_1 shiA_2
[07:03:09] Fixed 4 duplicate /gene - metQ_1 metQ_2 metQ_3 metQ_4
[07:03:09] Fixed 3 duplicate /gene - dppF_1 dppF_2 dppF_3
[07:03:09] Fixed 3 duplicate /gene - tssF1_1 tssF1_2 tssF1_3
[07:03:09] Fixed 6 duplicate /gene - rcsC_1 rcsC_2 rcsC_3 rcsC_4 rcsC_5 rcsC_6
[07:03:09] Fixed 2 duplicate /gene - ppsC_1 ppsC_2
[07:03:09] Fixed 2 duplicate /gene - ybjG_1 ybjG_2
[07:03:09] Fixed 2 duplicate /gene - dmsA_1 dmsA_2
[07:03:09] Fixed 2 duplicate /gene - pduE_1 pduE_2
[07:03:09] Fixed 4 duplicate /gene - rbsK_1 rbsK_2 rbsK_3 rbsK_4
[07:03:09] Fixed 2 duplicate /gene - vapC_1 vapC_2
[07:03:09] Fixed 3 duplicate /gene - lptB_1 lptB_2 lptB_3
[07:03:09] Fixed 2 duplicate /gene - dgoK_1 dgoK_2
[07:03:09] Fixed 2 duplicate /gene - atoB_1 atoB_2
[07:03:09] Fixed 2 duplicate /gene - fucP_1 fucP_2
[07:03:09] Fixed 2 duplicate /gene - oadA_1 oadA_2
[07:03:09] Fixed 5 duplicate /gene - pgrR_1 pgrR_2 pgrR_3 pgrR_4 pgrR_5
[07:03:09] Fixed 3 duplicate /gene - hmuU_1 hmuU_2 hmuU_3
[07:03:09] Fixed 3 duplicate /gene - pduO_1 pduO_2 pduO_3
[07:03:09] Fixed 2 duplicate /gene - tyrP_1 tyrP_2
[07:03:09] Fixed 2 duplicate /gene - nikA_1 nikA_2
[07:03:09] Fixed 2 duplicate /gene - nupC_1 nupC_2
[07:03:09] Fixed 2 duplicate /gene - rafB_1 rafB_2
[07:03:09] Fixed 2 duplicate /gene - fhuA_1 fhuA_2
[07:03:09] Fixed 2 duplicate /gene - parC_1 parC_2
[07:03:09] Fixed 2 duplicate /gene - ompR_1 ompR_2
[07:03:09] Fixed 2 duplicate /gene - puuB_1 puuB_2
[07:03:09] Fixed 2 duplicate /gene - alsE_1 alsE_2
[07:03:09] Fixed 5 duplicate /gene - fimD_1 fimD_2 fimD_3 fimD_4 fimD_5
[07:03:09] Fixed 3 duplicate /gene - ybhF_1 ybhF_2 ybhF_3
[07:03:09] Fixed 2 duplicate /gene - rhtB_1 rhtB_2
[07:03:09] Fixed 2 duplicate /gene - umuC_1 umuC_2
[07:03:09] Fixed 2 duplicate /gene - cirA_1 cirA_2
[07:03:09] Fixed 5 duplicate /gene - dapA_1 dapA_2 dapA_3 dapA_4 dapA_5
[07:03:09] Fixed 2 duplicate /gene - ibpB_1 ibpB_2
[07:03:09] Fixed 3 duplicate /gene - lgoT_1 lgoT_2 lgoT_3
[07:03:09] Fixed 6 duplicate /gene - malP_1 malP_2 malP_3 malP_4 malP_5 malP_6
[07:03:09] Fixed 2 duplicate /gene - msuD_1 msuD_2
[07:03:09] Fixed 3 duplicate /gene - scrY_1 scrY_2 scrY_3
[07:03:09] Fixed 2 duplicate /gene - sad_1 sad_2
[07:03:09] Fixed 3 duplicate /gene - cytR_1 cytR_2 cytR_3
[07:03:09] Fixed 4 duplicate /gene - aegA_1 aegA_2 aegA_3 aegA_4
[07:03:09] Fixed 2 duplicate /gene - metC_1 metC_2
[07:03:09] Fixed 2 duplicate /gene - ftsX_1 ftsX_2
[07:03:09] Fixed 2 duplicate /gene - pntA_1 pntA_2
[07:03:09] Fixed 2 duplicate /gene - rutC_1 rutC_2
[07:03:09] Fixed 2 duplicate /gene - glmS_1 glmS_2
[07:03:09] Fixed 4 duplicate /gene - metI_1 metI_2 metI_3 metI_4
[07:03:09] Fixed 2 duplicate /gene - gmuD_1 gmuD_2
[07:03:09] Fixed 4 duplicate /gene - livF_1 livF_2 livF_3 livF_4
[07:03:09] Fixed 2 duplicate /gene - mepM_1 mepM_2
[07:03:09] Fixed 2 duplicate /gene - ulaB_1 ulaB_2
[07:03:09] Fixed 2 duplicate /gene - blc_1 blc_2
[07:03:09] Fixed 2 duplicate /gene - glnP_1 glnP_2
[07:03:09] Fixed 2 duplicate /gene - pheT_1 pheT_2
[07:03:09] Fixed 2 duplicate /gene - ftsI_1 ftsI_2
[07:03:09] Fixed 2 duplicate /gene - ramA_1 ramA_2
[07:03:09] Fixed 2 duplicate /gene - chcC2_1 chcC2_2
[07:03:09] Fixed 2 duplicate /gene - dnaK_1 dnaK_2
[07:03:09] Fixed 2 duplicate /gene - argE_1 argE_2
[07:03:09] Fixed 4 duplicate /gene - glnQ_1 glnQ_2 glnQ_3 glnQ_4
[07:03:09] Fixed 2 duplicate /gene - livK_1 livK_2
[07:03:09] Fixed 2 duplicate /gene - ybdM_1 ybdM_2
[07:03:09] Fixed 2 duplicate /gene - dinI_1 dinI_2
[07:03:09] Fixed 2 duplicate /gene - htrE_1 htrE_2
[07:03:09] Fixed 3 duplicate /gene - livH_1 livH_2 livH_3
[07:03:09] Fixed 2 duplicate /gene - acrR_1 acrR_2
[07:03:09] Fixed 2 duplicate /gene - fepA_1 fepA_2
[07:03:09] Fixed 2 duplicate /gene - glpG_1 glpG_2
[07:03:09] Fixed 2 duplicate /gene - ureF_1 ureF_2
[07:03:09] Fixed 2 duplicate /gene - thrS_1 thrS_2
[07:03:09] Fixed 3 duplicate /gene - ssuB_1 ssuB_2 ssuB_3
[07:03:09] Fixed 3 duplicate /gene - metN_1 metN_2 metN_3
[07:03:09] Fixed 2 duplicate /gene - xylG_1 xylG_2
[07:03:09] Fixed 3 duplicate /gene - fdhF_1 fdhF_2 fdhF_3
[07:03:09] Fixed 2 duplicate /gene - cobT_1 cobT_2
[07:03:09] Fixed 2 duplicate /gene - frlB_1 frlB_2
[07:03:09] Fixed 4 duplicate /gene - iprA_1 iprA_2 iprA_3 iprA_4
[07:03:09] Fixed 3 duplicate /gene - lsrB_1 lsrB_2 lsrB_3
[07:03:09] Fixed 4 duplicate /gene - iolG_1 iolG_2 iolG_3 iolG_4
[07:03:09] Fixed 2 duplicate /gene - lpxL_1 lpxL_2
[07:03:09] Fixed 2 duplicate /gene - hemN_1 hemN_2
[07:03:09] Fixed 2 duplicate /gene - cysG_1 cysG_2
[07:03:09] Fixed 2 duplicate /gene - ugpB_1 ugpB_2
[07:03:09] Fixed 2 duplicate /gene - def_1 def_2
[07:03:09] Fixed 2 duplicate /gene - iolU_1 iolU_2
[07:03:09] Fixed 2 duplicate /gene - yaaA_1 yaaA_2
[07:03:09] Fixed 2 duplicate /gene - hcpA_1 hcpA_2
[07:03:09] Fixed 2 duplicate /gene - ascG_1 ascG_2
[07:03:09] Fixed 2 duplicate /gene - can_1 can_2
[07:03:09] Fixed 2 duplicate /gene - bdcA_1 bdcA_2
[07:03:09] Fixed 2 duplicate /gene - gltJ_1 gltJ_2
[07:03:09] Fixed 2 duplicate /gene - araE_1 araE_2
[07:03:09] Fixed 2 duplicate /gene - dppD_1 dppD_2
[07:03:09] Fixed 2 duplicate /gene - mdoH_1 mdoH_2
[07:03:09] Fixed 2 duplicate /gene - ghrA_1 ghrA_2
[07:03:09] Fixed 3 duplicate /gene - garK_1 garK_2 garK_3
[07:03:09] Fixed 5 duplicate /gene - crgA_1 crgA_2 crgA_3 crgA_4 crgA_5
[07:03:09] Fixed 2 duplicate /gene - ureC_1 ureC_2
[07:03:09] Fixed 3 duplicate /gene - intS_1 intS_2 intS_3
[07:03:09] Fixed 2 duplicate /gene - intA_1 intA_2
[07:03:09] Fixed 2 duplicate /gene - cds1_1 cds1_2
[07:03:09] Fixed 2 duplicate /gene - azoR_1 azoR_2
[07:03:09] Fixed 2 duplicate /gene - gdhA_1 gdhA_2
[07:03:09] Fixed 2 duplicate /gene - astC_1 astC_2
[07:03:09] Fixed 3 duplicate /gene - silA_1 silA_2 silA_3
[07:03:09] Fixed 2 duplicate /gene - dhaK_1 dhaK_2
[07:03:09] Fixed 2 duplicate /gene - yqhC_1 yqhC_2
[07:03:09] Fixed 2 duplicate /gene - ahpC_1 ahpC_2
[07:03:09] Fixed 2 duplicate /gene - araB_1 araB_2
[07:03:09] Fixed 3 duplicate /gene - copA_1 copA_2 copA_3
[07:03:09] Fixed 2 duplicate /gene - yncE_1 yncE_2
[07:03:09] Fixed 2 duplicate /gene - yraJ_1 yraJ_2
[07:03:09] Fixed 3 duplicate /gene - tcyL_1 tcyL_2 tcyL_3
[07:03:09] Fixed 2 duplicate /gene - eutB_1 eutB_2
[07:03:09] Fixed 4 duplicate /gene - btuD_1 btuD_2 btuD_3 btuD_4
[07:03:09] Fixed 2 duplicate /gene - uxaB_1 uxaB_2
[07:03:09] Fixed 2 duplicate /gene - astA_1 astA_2
[07:03:09] Fixed 2 duplicate /gene - mntH_1 mntH_2
[07:03:09] Fixed 4 duplicate /gene - glpR_1 glpR_2 glpR_3 glpR_4
[07:03:09] Fixed 2 duplicate /gene - hisI_1 hisI_2
[07:03:09] Fixed 3 duplicate /gene - hisC_1 hisC_2 hisC_3
[07:03:09] Fixed 2 duplicate /gene - pspA_1 pspA_2
[07:03:09] Fixed 3 duplicate /gene - aaeR_1 aaeR_2 aaeR_3
[07:03:09] Fixed 2 duplicate /gene - yibH_1 yibH_2
[07:03:09] Fixed 2 duplicate /gene - xanP_1 xanP_2
[07:03:09] Fixed 2 duplicate /gene - jefA_1 jefA_2
[07:03:09] Fixed 3 duplicate /gene - yciC_1 yciC_2 yciC_3
[07:03:09] Fixed 7 duplicate /gene - rhaR_1 rhaR_2 rhaR_3 rhaR_4 rhaR_5 rhaR_6 rhaR_7
[07:03:09] Fixed 2 duplicate /gene - entF_1 entF_2
[07:03:09] Fixed 2 duplicate /gene - cydA_1 cydA_2
[07:03:09] Fixed 3 duplicate /gene - betI_1 betI_2 betI_3
[07:03:09] Fixed 2 duplicate /gene - aroC_1 aroC_2
[07:03:09] Fixed 2 duplicate /gene - mqo_1 mqo_2
[07:03:09] Fixed 2 duplicate /gene - ppa_1 ppa_2
[07:03:09] Fixed 5 duplicate /gene - oxyR_1 oxyR_2 oxyR_3 oxyR_4 oxyR_5
[07:03:09] Fixed 2 duplicate /gene - yeaX_1 yeaX_2
[07:03:09] Fixed 2 duplicate /gene - proP_1 proP_2
[07:03:09] Fixed 5 duplicate /gene - chbA_1 chbA_2 chbA_3 chbA_4 chbA_5
[07:03:09] Fixed 2 duplicate /gene - dnaC_1 dnaC_2
[07:03:09] Fixed 2 duplicate /gene - bhsA_1 bhsA_2
[07:03:09] Fixed 3 duplicate /gene - purR_1 purR_2 purR_3
[07:03:09] Fixed 2 duplicate /gene - cycA_1 cycA_2
[07:03:09] Fixed 3 duplicate /gene - dauA_1 dauA_2 dauA_3
[07:03:09] Fixed 2 duplicate /gene - bioD1_1 bioD1_2
[07:03:09] Fixed 2 duplicate /gene - dgoA_1 dgoA_2
[07:03:09] Fixed 3 duplicate /gene - kduD_1 kduD_2 kduD_3
[07:03:09] Fixed 2 duplicate /gene - decR_1 decR_2
[07:03:09] Fixed 2 duplicate /gene - proS_1 proS_2
[07:03:09] Fixed 4 duplicate /gene - rbsA_1 rbsA_2 rbsA_3 rbsA_4
[07:03:09] Fixed 2 duplicate /gene - glpT_1 glpT_2
[07:03:09] Fixed 2 duplicate /gene - yohK_1 yohK_2
[07:03:09] Fixed 4 duplicate /gene - iolE_1 iolE_2 iolE_3 iolE_4
[07:03:09] Fixed 2 duplicate /gene - glnH_1 glnH_2
[07:03:09] Fixed 2 duplicate /gene - lgdh_1 lgdh_2
[07:03:09] Fixed 2 duplicate /gene - pdeH_1 pdeH_2
[07:03:09] Fixed 2 duplicate /gene - ydgJ_1 ydgJ_2
[07:03:09] Fixed 2 duplicate /gene - mukB_1 mukB_2
[07:03:09] Fixed 2 duplicate /gene - glpE_1 glpE_2
[07:03:09] Fixed 2 duplicate /gene - map_1 map_2
[07:03:09] Fixed 2 duplicate /gene - ygaZ_1 ygaZ_2
[07:03:09] Fixed 2 duplicate /gene - ydhP_1 ydhP_2
[07:03:09] Fixed 5 duplicate /gene - nimR_1 nimR_2 nimR_3 nimR_4 nimR_5
[07:03:09] Fixed 2 duplicate /gene - lyx_1 lyx_2
[07:03:09] Fixed 2 duplicate /gene - feuC_1 feuC_2
[07:03:09] Fixed 2 duplicate /gene - ureD_1 ureD_2
[07:03:09] Fixed 2 duplicate /gene - astD_1 astD_2
[07:03:09] Fixed 2 duplicate /gene - aaeB_1 aaeB_2
[07:03:09] Fixed 2 duplicate /gene - ptxR_1 ptxR_2
[07:03:09] Fixed 2 duplicate /gene - clcB_1 clcB_2
[07:03:09] Fixed 2 duplicate /gene - fruB_1 fruB_2
[07:03:09] Fixed 2 duplicate /gene - hisQ_1 hisQ_2
[07:03:09] Fixed 4 duplicate /gene - xylB_1 xylB_2 xylB_3 xylB_4
[07:03:09] Fixed 2 duplicate /gene - katE_1 katE_2
[07:03:09] Fixed 2 duplicate /gene - malK_1 malK_2
[07:03:09] Fixed 3 duplicate /gene - suhB_1 suhB_2 suhB_3
[07:03:09] Fixed 2 duplicate /gene - mak_1 mak_2
[07:03:09] Fixed 2 duplicate /gene - repB_1 repB_2
[07:03:09] Fixed 3 duplicate /gene - lldR_1 lldR_2 lldR_3
[07:03:09] Fixed 2 duplicate /gene - mdtB_1 mdtB_2
[07:03:09] Fixed 2 duplicate /gene - yhhT_1 yhhT_2
[07:03:09] Fixed 2 duplicate /gene - fimF_1 fimF_2
[07:03:09] Fixed 3 duplicate /gene - gltR_1 gltR_2 gltR_3
[07:03:09] Fixed 4 duplicate /gene - yceD_1 yceD_2 yceD_3 yceD_4
[07:03:09] Fixed 2 duplicate /gene - abgT_1 abgT_2
[07:03:09] Fixed 2 duplicate /gene - sacP_1 sacP_2
[07:03:09] Fixed 3 duplicate /gene - bioC_1 bioC_2 bioC_3
[07:03:09] Fixed 2 duplicate /gene - rssB_1 rssB_2
[07:03:09] Fixed 2 duplicate /gene - manZ_1 manZ_2
[07:03:09] Fixed 2 duplicate /gene - kdgK_1 kdgK_2
[07:03:09] Fixed 3 duplicate /gene - emrA_1 emrA_2 emrA_3
[07:03:09] Fixed 3 duplicate /gene - yadV_1 yadV_2 yadV_3
[07:03:09] Fixed 3 duplicate /gene - gabR_1 gabR_2 gabR_3
[07:03:09] Fixed 9 duplicate /gene - rbsC_1 rbsC_2 rbsC_3 rbsC_4 rbsC_5 rbsC_6 rbsC_7 rbsC_8 rbsC_9
[07:03:09] Fixed 2 duplicate /gene - dppA_1 dppA_2
[07:03:09] Fixed 4 duplicate /gene - exuT_1 exuT_2 exuT_3 exuT_4
[07:03:09] Fixed 2 duplicate /gene - csbX_1 csbX_2
[07:03:09] Fixed 3 duplicate /gene - hdeB_1 hdeB_2 hdeB_3
[07:03:09] Fixed 2 duplicate /gene - ccpA_1 ccpA_2
[07:03:09] Fixed 2 duplicate /gene - pal_1 pal_2
[07:03:09] Fixed 3 duplicate /gene - pcaR_1 pcaR_2 pcaR_3
[07:03:09] Fixed 2 duplicate /gene - cusC_1 cusC_2
[07:03:09] Fixed 2 duplicate /gene - yafP_1 yafP_2
[07:03:09] Fixed 2 duplicate /gene - aroP_1 aroP_2
[07:03:09] Fixed 2 duplicate /gene - ribZ_1 ribZ_2
[07:03:09] Fixed 2 duplicate /gene - ybiB_1 ybiB_2
[07:03:09] Fixed 2 duplicate /gene - cstA_1 cstA_2
[07:03:09] Fixed 2 duplicate /gene - mngR_1 mngR_2
[07:03:09] Fixed 2 duplicate /gene - pduD_1 pduD_2
[07:03:09] Fixed 2 duplicate /gene - benM_1 benM_2
[07:03:09] Fixed 2 duplicate /gene - ugpC_1 ugpC_2
[07:03:09] Fixed 2 duplicate /gene - iutA_1 iutA_2
[07:03:09] Fixed 2 duplicate /gene - tyrB_1 tyrB_2
[07:03:09] Fixed 2 duplicate /gene - gntR_1 gntR_2
[07:03:09] Fixed 2 duplicate /gene - yedK_1 yedK_2
[07:03:09] Fixed 5 duplicate /gene - mntB_1 mntB_2 mntB_3 mntB_4 mntB_5
[07:03:09] Fixed 2 duplicate /gene - ssuC_1 ssuC_2
[07:03:09] Fixed 2 duplicate /gene - smoE_1 smoE_2
[07:03:09] Fixed 2 duplicate /gene - rbn_1 rbn_2
[07:03:09] Fixed 2 duplicate /gene - oppA_1 oppA_2
[07:03:09] Fixed 5 duplicate /gene - ulaA_1 ulaA_2 ulaA_3 ulaA_4 ulaA_5
[07:03:09] Fixed 2 duplicate /gene - fluC_1 fluC_2
[07:03:09] Fixed 2 duplicate /gene - amaB_1 amaB_2
[07:03:09] Fixed 2 duplicate /gene - fusA1_1 fusA1_2
[07:03:09] Fixed 2 duplicate /gene - gsiA_1 gsiA_2
[07:03:09] Fixed 2 duplicate /gene - tenA_1 tenA_2
[07:03:09] Fixed 2 duplicate /gene - dctA_1 dctA_2
[07:03:09] Fixed 2 duplicate /gene - cobC_1 cobC_2
[07:03:09] Fixed 2 duplicate /gene - kefC_1 kefC_2
[07:03:09] Fixed 3 duplicate /gene - phoP_1 phoP_2 phoP_3
[07:03:09] Fixed 2 duplicate /gene - sbnD_1 sbnD_2
[07:03:09] Fixed 2 duplicate /gene - codA_1 codA_2
[07:03:09] Fixed 4 duplicate /gene - lamB_1 lamB_2 lamB_3 lamB_4
[07:03:09] Fixed 2 duplicate /gene - ytfR_1 ytfR_2
[07:03:09] Fixed 4 duplicate /gene - evgA_1 evgA_2 evgA_3 evgA_4
[07:03:09] Fixed 5 duplicate /gene - gsiC_1 gsiC_2 gsiC_3 gsiC_4 gsiC_5
[07:03:09] Fixed 2 duplicate /gene - yfcJ_1 yfcJ_2
[07:03:09] Fixed 2 duplicate /gene - hemB_1 hemB_2
[07:03:09] Fixed 2 duplicate /gene - xerD_1 xerD_2
[07:03:09] Fixed 3 duplicate /gene - ulaC_1 ulaC_2 ulaC_3
[07:03:09] Fixed 4 duplicate /gene - yicJ_1 yicJ_2 yicJ_3 yicJ_4
[07:03:09] Fixed 3 duplicate /gene - pcaK_1 pcaK_2 pcaK_3
[07:03:09] Fixed 3 duplicate /gene - vldW_1 vldW_2 vldW_3
[07:03:09] Fixed 2 duplicate /gene - sgrR_1 sgrR_2
[07:03:09] Fixed 2 duplicate /gene - dsbD_1 dsbD_2
[07:03:09] Fixed 2 duplicate /gene - hpf_1 hpf_2
[07:03:09] Fixed 2 duplicate /gene - ydiJ_1 ydiJ_2
[07:03:09] Fixed 3 duplicate /gene - glcR_1 glcR_2 glcR_3
[07:03:09] Fixed 2 duplicate /gene - rutB_1 rutB_2
[07:03:09] Fixed 2 duplicate /gene - leuA_1 leuA_2
[07:03:09] Fixed 2 duplicate /gene - ugpA_1 ugpA_2
[07:03:09] Fixed 2 duplicate /gene - lspA_1 lspA_2
[07:03:09] Fixed 2 duplicate /gene - bamA_1 bamA_2
[07:03:09] Fixed 2 duplicate /gene - hsrA_1 hsrA_2
[07:03:09] Fixed 2 duplicate /gene - fabF_1 fabF_2
[07:03:09] Fixed 2 duplicate /gene - bcr_1 bcr_2
[07:03:09] Fixed 3 duplicate /gene - mglA_1 mglA_2 mglA_3
[07:03:09] Fixed 2 duplicate /gene - bglH_1 bglH_2
[07:03:09] Fixed 3 duplicate /gene - mrkD_1 mrkD_2 mrkD_3
[07:03:09] Fixed 3 duplicate /gene - potA_1 potA_2 potA_3
[07:03:09] Fixed 2 duplicate /gene - ydiB_1 ydiB_2
[07:03:09] Fixed 3 duplicate /gene - rhtC_1 rhtC_2 rhtC_3
[07:03:09] Fixed 2 duplicate /gene - pyrG_1 pyrG_2
[07:03:09] Fixed 3 duplicate /gene - yhaJ_1 yhaJ_2 yhaJ_3
[07:03:09] Fixed 3 duplicate /gene - ssuA_1 ssuA_2 ssuA_3
[07:03:09] Fixed 5 duplicate /gene - yajO_1 yajO_2 yajO_3 yajO_4 yajO_5
[07:03:09] Fixed 3 duplicate /gene - lsrD_1 lsrD_2 lsrD_3
[07:03:09] Fixed 2 duplicate /gene - guaD_1 guaD_2
[07:03:09] Fixed 2 duplicate /gene - fbaA_1 fbaA_2
[07:03:09] Fixed 2 duplicate /gene - yhdP_1 yhdP_2
[07:03:09] Fixed 2 duplicate /gene - ligB_1 ligB_2
[07:03:09] Fixed 3 duplicate /gene - srlR_1 srlR_2 srlR_3
[07:03:09] Fixed 2 duplicate /gene - glpF_1 glpF_2
[07:03:09] Fixed 2 duplicate /gene - ftnA_1 ftnA_2
[07:03:09] Fixed 2 duplicate /gene - ureG_1 ureG_2
[07:03:09] Fixed 3 duplicate /gene - mdtH_1 mdtH_2 mdtH_3
[07:03:09] Fixed 2 duplicate /gene - citB_1 citB_2
[07:03:09] Fixed 2 duplicate /gene - clpV1_1 clpV1_2
[07:03:09] Fixed 2 duplicate /gene - argP_1 argP_2
[07:03:09] Fixed 2 duplicate /gene - ptsJ_1 ptsJ_2
[07:03:09] Fixed 2 duplicate /gene - dsdC_1 dsdC_2
[07:03:09] Fixed 2 duplicate /gene - ybdO_1 ybdO_2
[07:03:09] Fixed 2 duplicate /gene - licH_1 licH_2
[07:03:09] Fixed 2 duplicate /gene - hin_1 hin_2
[07:03:09] Fixed 2 duplicate /gene - bluF_1 bluF_2
[07:03:09] Fixed 2 duplicate /gene - cobD_1 cobD_2
[07:03:09] Fixed 2 duplicate /gene - rng_1 rng_2
[07:03:09] Fixed 2 duplicate /gene - lacZ_1 lacZ_2
[07:03:09] Fixed 2 duplicate /gene - ppiC_1 ppiC_2
[07:03:09] Fixed 2 duplicate /gene - nikE_1 nikE_2
[07:03:09] Fixed 2 duplicate /gene - hcaR_1 hcaR_2
[07:03:09] Fixed 3 duplicate /gene - gsiD_1 gsiD_2 gsiD_3
[07:03:09] Fixed 3 duplicate /gene - xerC_1 xerC_2 xerC_3
[07:03:09] Fixed 3 duplicate /gene - sotB_1 sotB_2 sotB_3
[07:03:09] Fixed 4 duplicate /gene - uup_1 uup_2 uup_3 uup_4
[07:03:09] Fixed 3 duplicate /gene - yheS_1 yheS_2 yheS_3
[07:03:09] Fixed 2 duplicate /gene - dmsB_1 dmsB_2
[07:03:09] Fixed 2 duplicate /gene - nudK_1 nudK_2
[07:03:09] Fixed 2 duplicate /gene - era_1 era_2
[07:03:09] Fixed 2 duplicate /gene - amiC_1 amiC_2
[07:03:09] Fixed 2 duplicate /gene - ompN_1 ompN_2
[07:03:09] Fixed 2 duplicate /gene - malT_1 malT_2
[07:03:09] Fixed 2 duplicate /gene - kdpB_1 kdpB_2
[07:03:09] Fixed 4 duplicate /gene - hipO_1 hipO_2 hipO_3 hipO_4
[07:03:09] Fixed 2 duplicate /gene - mltF_1 mltF_2
[07:03:09] Fixed 3 duplicate /gene - uspG_1 uspG_2 uspG_3
[07:03:09] Fixed 2 duplicate /gene - cysH_1 cysH_2
[07:03:09] Fixed 2 duplicate /gene - tacA1_1 tacA1_2
[07:03:09] Fixed 2 duplicate /gene - galR_1 galR_2
[07:03:09] Fixed 2 duplicate /gene - oprM_1 oprM_2
[07:03:09] Fixed 3 duplicate /gene - oppD_1 oppD_2 oppD_3
[07:03:09] Fixed 3 duplicate /gene - menH_1 menH_2 menH_3
[07:03:09] Fixed 2 duplicate /gene - ompA_1 ompA_2
[07:03:09] Fixed 2 duplicate /gene - oadB_1 oadB_2
[07:03:09] Fixed 2 duplicate /gene - nagC_1 nagC_2
[07:03:09] Fixed 2 duplicate /gene - cysN_1 cysN_2
[07:03:09] Fixed 2 duplicate /gene - yeaR_1 yeaR_2
[07:03:09] Fixed 3 duplicate /gene - ridA_1 ridA_2 ridA_3
[07:03:09] Fixed 3 duplicate /gene - nepI_1 nepI_2 nepI_3
[07:03:09] Fixed 2 duplicate /gene - acrF_1 acrF_2
[07:03:09] Fixed 2 duplicate /gene - lon_1 lon_2
[07:03:09] Fixed 5 duplicate /gene - rbsB_1 rbsB_2 rbsB_3 rbsB_4 rbsB_5
[07:03:09] Fixed 4 duplicate /gene - hdfR_1 hdfR_2 hdfR_3 hdfR_4
[07:03:09] Fixed 7 duplicate /gene - licC_1 licC_2 licC_3 licC_4 licC_5 licC_6 licC_7
[07:03:09] Fixed 3 duplicate /gene - ddpC_1 ddpC_2 ddpC_3
[07:03:09] Fixed 2 duplicate /gene - rutG_1 rutG_2
[07:03:09] Fixed 2 duplicate /gene - yagG_1 yagG_2
[07:03:09] Fixed 8 duplicate /gene - rhaS_1 rhaS_2 rhaS_3 rhaS_4 rhaS_5 rhaS_6 rhaS_7 rhaS_8
[07:03:09] Fixed 3 duplicate /gene - cysS_1 cysS_2 cysS_3
[07:03:09] Fixed 2 duplicate /gene - lldD_1 lldD_2
[07:03:09] Fixed 2 duplicate /gene - fabD_1 fabD_2
[07:03:09] Fixed 2 duplicate /gene - glgC_1 glgC_2
[07:03:09] Fixed 4 duplicate /gene - dmlR_1 dmlR_2 dmlR_3 dmlR_4
[07:03:09] Fixed 2 duplicate /gene - aaeA_1 aaeA_2
[07:03:09] Fixed 2 duplicate /gene - xylA_1 xylA_2
[07:03:09] Fixed 2 duplicate /gene - dgoT_1 dgoT_2
[07:03:09] Fixed 3 duplicate /gene - fruA_1 fruA_2 fruA_3
[07:03:09] Fixed 2 duplicate /gene - roxA_1 roxA_2
[07:03:09] Fixed 3 duplicate /gene - agp_1 agp_2 agp_3
[07:03:09] Fixed 2 duplicate /gene - thiC_1 thiC_2
[07:03:09] Fixed 2 duplicate /gene - ydfK_1 ydfK_2
[07:03:09] Fixed 2 duplicate /gene - ctpF_1 ctpF_2
[07:03:09] Fixed 2 duplicate /gene - zur_1 zur_2
[07:03:09] Fixed 2 duplicate /gene - glgS_1 glgS_2
[07:03:09] Fixed 2 duplicate /gene - emrB_1 emrB_2
[07:03:09] Fixed 2 duplicate /gene - gabD_1 gabD_2
[07:03:09] Fixed 2 duplicate /gene - nfdA_1 nfdA_2
[07:03:09] Fixed 2 duplicate /gene - ydgI_1 ydgI_2
[07:03:09] Fixed 2 duplicate /gene - pduF_1 pduF_2
[07:03:09] Fixed 3 duplicate /gene - ybhR_1 ybhR_2 ybhR_3
[07:03:09] Fixed 2 duplicate /gene - zapE_1 zapE_2
[07:03:09] Fixed 2 duplicate /gene - por_1 por_2
[07:03:09] Fixed 2 duplicate /gene - pulA_1 pulA_2
[07:03:09] Fixed 4 duplicate /gene - mdtA_1 mdtA_2 mdtA_3 mdtA_4
[07:03:09] Fixed 3 duplicate /gene - pncC_1 pncC_2 pncC_3
[07:03:09] Fixed 2 duplicate /gene - yhjE_1 yhjE_2
[07:03:09] Fixed 2 duplicate /gene - asd_1 asd_2
[07:03:09] Fixed 2 duplicate /gene - mhpB_1 mhpB_2
[07:03:09] Fixed 4 duplicate /gene - cynR_1 cynR_2 cynR_3 cynR_4
[07:03:09] Fixed 2 duplicate /gene - ada_1 ada_2
[07:03:09] Fixed 3 duplicate /gene - dinG_1 dinG_2 dinG_3
[07:03:09] Fixed 2 duplicate /gene - pfkA_1 pfkA_2
[07:03:09] Fixed 2 duplicate /gene - ribX_1 ribX_2
[07:03:09] Fixed 3 duplicate /gene - thiL_1 thiL_2 thiL_3
[07:03:09] Fixed 2 duplicate /gene - uxuA_1 uxuA_2
[07:03:09] Fixed 3 duplicate /gene - yhhS_1 yhhS_2 yhhS_3
[07:03:09] Fixed 2 duplicate /gene - sasA_1 sasA_2
[07:03:09] Fixed 2 duplicate /gene - dppB_1 dppB_2
[07:03:09] Fixed 2 duplicate /gene - norW_1 norW_2
[07:03:09] Fixed 2 duplicate /gene - rob_1 rob_2
[07:03:09] Fixed 2 duplicate /gene - aspT_1 aspT_2
[07:03:09] Fixed 2 duplicate /gene - pdeG_1 pdeG_2
[07:03:09] Fixed 2 duplicate /gene - ygiW_1 ygiW_2
[07:03:09] Fixed 4 duplicate /gene - gstB_1 gstB_2 gstB_3 gstB_4
[07:03:09] Fixed 2 duplicate /gene - fdoG_1 fdoG_2
[07:03:09] Fixed 4 duplicate /gene - norR_1 norR_2 norR_3 norR_4
[07:03:09] Fixed 2 duplicate /gene - tufA_1 tufA_2
[07:03:09] Fixed 5 duplicate /gene - gcvA_1 gcvA_2 gcvA_3 gcvA_4 gcvA_5
[07:03:09] Fixed 2 duplicate /gene - deoC_1 deoC_2
[07:03:09] Fixed 2 duplicate /gene - aroB_1 aroB_2
[07:03:09] Fixed 2 duplicate /gene - exaC_1 exaC_2
[07:03:09] Fixed 2 duplicate /gene - hisJ_1 hisJ_2
[07:03:09] Fixed 2 duplicate /gene - yciE_1 yciE_2
[07:03:09] Fixed 2 duplicate /gene - silE_1 silE_2
[07:03:09] Fixed 2 duplicate /gene - hdeD_1 hdeD_2
[07:03:09] Fixed 2 duplicate /gene - dadA_1 dadA_2
[07:03:09] Fixed 2 duplicate /gene - aroE_1 aroE_2
[07:03:09] Fixed 3 duplicate /gene - slyA_1 slyA_2 slyA_3
[07:03:09] Fixed 3 duplicate /gene - bglA_1 bglA_2 bglA_3
[07:03:09] Fixed 2 duplicate /gene - rpoB_1 rpoB_2
[07:03:09] Fixed 2 duplicate /gene - mdtM_1 mdtM_2
[07:03:09] Fixed 2 duplicate /gene - hxpB_1 hxpB_2
[07:03:09] Fixed 2 duplicate /gene - murQ_1 murQ_2
[07:03:09] Fixed 2 duplicate /gene - fimG_1 fimG_2
[07:03:09] Fixed 2 duplicate /gene - gltA_1 gltA_2
[07:03:09] Fixed 2 duplicate /gene - eutC_1 eutC_2
[07:03:09] Fixed 4 duplicate /gene - hexR_1 hexR_2 hexR_3 hexR_4
[07:03:09] Fixed 2 duplicate /gene - oppF_1 oppF_2
[07:03:09] Fixed 2 duplicate /gene - manP_1 manP_2
[07:03:09] Fixed 2 duplicate /gene - yabI_1 yabI_2
[07:03:09] Fixed 2 duplicate /gene - lrhA_1 lrhA_2
[07:03:09] Fixed 2 duplicate /gene - dnaE_1 dnaE_2
[07:03:09] Fixed 2 duplicate /gene - nodD2_1 nodD2_2
[07:03:09] Fixed 3 duplicate /gene - tsaR_1 tsaR_2 tsaR_3
[07:03:09] Fixed 2 duplicate /gene - oadG_1 oadG_2
[07:03:09] Fixed 2 duplicate /gene - vgrG2b_1 vgrG2b_2
[07:03:09] Fixed 5 duplicate /gene - tcyJ_1 tcyJ_2 tcyJ_3 tcyJ_4 tcyJ_5
[07:03:09] Fixed 2 duplicate /gene - lsrF_1 lsrF_2
[07:03:09] Fixed 2 duplicate /gene - araC_1 araC_2
[07:03:09] Fixed 4 duplicate /gene - ygdR_1 ygdR_2 ygdR_3 ygdR_4
[07:03:09] Fixed 2 duplicate /gene - topA_1 topA_2
[07:03:09] Fixed 2 duplicate /gene - ureB_1 ureB_2
[07:03:09] Fixed 3 duplicate /gene - citG_1 citG_2 citG_3
[07:03:09] Fixed 2 duplicate /gene - cmoO_1 cmoO_2
[07:03:09] Fixed 2 duplicate /gene - carA_1 carA_2
[07:03:09] Fixed 2 duplicate /gene - zntB_1 zntB_2
[07:03:09] Fixed 3 duplicate /gene - sutR_1 sutR_2 sutR_3
[07:03:09] Fixed 3 duplicate /gene - gltC_1 gltC_2 gltC_3
[07:03:09] Fixed 2 duplicate /gene - ycaD_1 ycaD_2
[07:03:09] Fixed 2 duplicate /gene - astB_1 astB_2
[07:03:09] Fixed 2 duplicate /gene - talB_1 talB_2
[07:03:09] Fixed 4 duplicate /gene - yraI_1 yraI_2 yraI_3 yraI_4
[07:03:09] Fixed 2 duplicate /gene - aurI_1 aurI_2
[07:03:09] Fixed 2 duplicate /gene - ureE_1 ureE_2
[07:03:09] Fixed 2 duplicate /gene - rppH_1 rppH_2
[07:03:09] Fixed 2 duplicate /gene - hns_1 hns_2
[07:03:09] Fixed 2 duplicate /gene - yoaA_1 yoaA_2
[07:03:09] Fixed 4 duplicate /gene - ttuB_1 ttuB_2 ttuB_3 ttuB_4
[07:03:09] Fixed 2 duplicate /gene - pgl_1 pgl_2
[07:03:09] Fixed 2 duplicate /gene - lysN_1 lysN_2
[07:03:09] Fixed 2 duplicate /gene - astE_1 astE_2
[07:03:09] Fixed 2 duplicate /gene - fdnG_1 fdnG_2
[07:03:09] Fixed 3 duplicate /gene - rimI_1 rimI_2 rimI_3
[07:03:09] Fixed 4 duplicate /gene - rbsR_1 rbsR_2 rbsR_3 rbsR_4
[07:03:09] Fixed 2 duplicate /gene - kefF_1 kefF_2
[07:03:09] Fixed 4 duplicate /gene - celA_1 celA_2 celA_3 celA_4
[07:03:09] Fixed 2 duplicate /gene - cdaR_1 cdaR_2
[07:03:09] Fixed 2 duplicate /gene - ybdG_1 ybdG_2
[07:03:09] Fixed 2 duplicate /gene - dgoR_1 dgoR_2
[07:03:09] Fixed 2 duplicate /gene - feaB_1 feaB_2
[07:03:09] Fixed 2 duplicate /gene - cbiA_1 cbiA_2
[07:03:09] Fixed 3 duplicate /gene - cydB_1 cydB_2 cydB_3
[07:03:09] Fixed 2 duplicate /gene - hpcE_1 hpcE_2
[07:03:09] Fixed 2 duplicate /gene - cusR_1 cusR_2
[07:03:09] Fixed 468 colliding /gene names.
[07:03:09] Adding /locus_tag identifiers
[07:03:09] Assigned 5240 locus_tags to CDS and RNA features.
[07:03:09] Writing outputs to results/prokka_annotations/GCA_054952645.1/
[07:03:13] Generating annotation statistics file
[07:03:13] Generating Genbank and Sequin files
[07:03:13] Running: tbl2asn -V b -a r10k -l paired-ends -M n -N 1 -y 'Annotated using prokka 1.15.6 from https://github.com/tseemann/prokka' -Z results\/prokka_annotations\/GCA_054952645\.1\/GCA_054952645\.1\.err -i results\/prokka_annotations\/GCA_054952645\.1\/GCA_054952645\.1\.fsa 2> /dev/null
[07:03:28] Deleting unwanted file: results/prokka_annotations/GCA_054952645.1/errorsummary.val
[07:03:28] Deleting unwanted file: results/prokka_annotations/GCA_054952645.1/GCA_054952645.1.dr
[07:03:28] Deleting unwanted file: results/prokka_annotations/GCA_054952645.1/GCA_054952645.1.fixedproducts
[07:03:28] Deleting unwanted file: results/prokka_annotations/GCA_054952645.1/GCA_054952645.1.ecn
[07:03:28] Deleting unwanted file: results/prokka_annotations/GCA_054952645.1/GCA_054952645.1.val
[07:03:28] Repairing broken .GBK output that tbl2asn produces...
[07:03:28] Running: sed 's/COORDINATES: profile/COORDINATES:profile/' < results\/prokka_annotations\/GCA_054952645\.1\/GCA_054952645\.1\.gbf > results\/prokka_annotations\/GCA_054952645\.1\/GCA_054952645\.1\.gbk
[07:03:29] Deleting unwanted file: results/prokka_annotations/GCA_054952645.1/GCA_054952645.1.gbf
[07:03:29] Output files:
[07:03:29] results/prokka_annotations/GCA_054952645.1/GCA_054952645.1.tbl
[07:03:29] results/prokka_annotations/GCA_054952645.1/GCA_054952645.1.gff
[07:03:29] results/prokka_annotations/GCA_054952645.1/GCA_054952645.1.faa
[07:03:29] results/prokka_annotations/GCA_054952645.1/GCA_054952645.1.ffn
[07:03:29] results/prokka_annotations/GCA_054952645.1/GCA_054952645.1.txt
[07:03:29] results/prokka_annotations/GCA_054952645.1/GCA_054952645.1.fna
[07:03:29] results/prokka_annotations/GCA_054952645.1/GCA_054952645.1.gbk
[07:03:29] results/prokka_annotations/GCA_054952645.1/GCA_054952645.1.log
[07:03:29] results/prokka_annotations/GCA_054952645.1/GCA_054952645.1.tsv
[07:03:29] results/prokka_annotations/GCA_054952645.1/GCA_054952645.1.sqn
[07:03:29] results/prokka_annotations/GCA_054952645.1/GCA_054952645.1.fsa
[07:03:29] results/prokka_annotations/GCA_054952645.1/GCA_054952645.1.err
[07:03:29] Annotation finished successfully.
[07:03:29] Walltime used: 10.77 minutes
[07:03:29] If you use this result please cite the Prokka paper:
[07:03:29] Seemann T (2014) Prokka: rapid prokaryotic genome annotation. Bioinformatics. 30(14):2068-9.
[07:03:29] Type 'prokka --citation' for more details.
[07:03:29] Thank you, come again.
