/home/codespace/.python/current/bin/quast.py data/ncbi_dataset/data/GCA_053309155.1/GCA_053309155.1_ASM5330915v1_genomic.fna data/ncbi_dataset/data/GCA_053309175.1/GCA_053309175.1_ASM5330917v1_genomic.fna data/ncbi_dataset/data/GCA_053309195.1/GCA_053309195.1_ASM5330919v1_genomic.fna data/ncbi_dataset/data/GCA_053309215.1/GCA_053309215.1_ASM5330921v1_genomic.fna data/ncbi_dataset/data/GCA_054952405.1/GCA_054952405.1_ASM5495240v1_genomic.fna data/ncbi_dataset/data/GCA_054952445.1/GCA_054952445.1_ASM5495244v1_genomic.fna data/ncbi_dataset/data/GCA_054952645.1/GCA_054952645.1_ASM5495264v1_genomic.fna data/ncbi_dataset/data/GCA_055485485.1/GCA_055485485.1_ASM5548548v1_genomic.fna data/ncbi_dataset/data/GCA_055485515.1/GCA_055485515.1_ASM5548551v1_genomic.fna data/ncbi_dataset/data/GCA_055721525.1/GCA_055721525.1_ASM5572152v1_genomic.fna data/ncbi_dataset/data/GCA_055721545.1/GCA_055721545.1_ASM5572154v1_genomic.fna data/ncbi_dataset/data/GCA_055721565.1/GCA_055721565.1_ASM5572156v1_genomic.fna data/ncbi_dataset/data/GCA_055721585.1/GCA_055721585.1_ASM5572158v1_genomic.fna data/ncbi_dataset/data/GCA_055721605.1/GCA_055721605.1_ASM5572160v1_genomic.fna data/ncbi_dataset/data/GCA_055721625.1/GCA_055721625.1_ASM5572162v1_genomic.fna data/ncbi_dataset/data/GCA_055721645.1/GCA_055721645.1_ASM5572164v1_genomic.fna data/ncbi_dataset/data/GCA_055721665.1/GCA_055721665.1_ASM5572166v1_genomic.fna data/ncbi_dataset/data/GCA_055721685.1/GCA_055721685.1_ASM5572168v1_genomic.fna data/ncbi_dataset/data/GCA_055721705.1/GCA_055721705.1_ASM5572170v1_genomic.fna data/ncbi_dataset/data/GCA_060056565.1/GCA_060056565.1_ASM6005656v1_genomic.fna data/ncbi_dataset/data/GCA_060056645.1/GCA_060056645.1_ASM6005664v1_genomic.fna -o results/quast_report

Version: 5.2.0

System information:
  OS: Linux-6.8.0-1052-azure-x86_64-with-glibc2.39 (linux_64)
  Python version: 3.12.1
  CPUs number: 2

Started: 2026-08-25 08:31:35

Logging to /workspaces/abhinaya_Bioinformatics_projects/01-kpneumoniae-genomic-surveillance/results/quast_report/quast.log
NOTICE: Maximum number of threads is set to 1 (use --threads option to set it manually)

CWD: /workspaces/abhinaya_Bioinformatics_projects/01-kpneumoniae-genomic-surveillance
Main parameters: 
  MODE: default, threads: 1, min contig length: 500, min alignment length: 65, min alignment IDY: 95.0, \
  ambiguity: one, min local misassembly length: 200, min extensive misassembly length: 1000

WARNING: Can't draw plots: python-matplotlib is missing or corrupted.

Contigs:
  Pre-processing...
  1  data/ncbi_dataset/data/GCA_053309155.1/GCA_053309155.1_ASM5330915v1_genomic.fna ==> GCA_053309155.1_ASM5330915v1_genomic
  2  data/ncbi_dataset/data/GCA_053309175.1/GCA_053309175.1_ASM5330917v1_genomic.fna ==> GCA_053309175.1_ASM5330917v1_genomic
  3  data/ncbi_dataset/data/GCA_053309195.1/GCA_053309195.1_ASM5330919v1_genomic.fna ==> GCA_053309195.1_ASM5330919v1_genomic
  4  data/ncbi_dataset/data/GCA_053309215.1/GCA_053309215.1_ASM5330921v1_genomic.fna ==> GCA_053309215.1_ASM5330921v1_genomic
  5  data/ncbi_dataset/data/GCA_054952405.1/GCA_054952405.1_ASM5495240v1_genomic.fna ==> GCA_054952405.1_ASM5495240v1_genomic
  6  data/ncbi_dataset/data/GCA_054952445.1/GCA_054952445.1_ASM5495244v1_genomic.fna ==> GCA_054952445.1_ASM5495244v1_genomic
  7  data/ncbi_dataset/data/GCA_054952645.1/GCA_054952645.1_ASM5495264v1_genomic.fna ==> GCA_054952645.1_ASM5495264v1_genomic
  8  data/ncbi_dataset/data/GCA_055485485.1/GCA_055485485.1_ASM5548548v1_genomic.fna ==> GCA_055485485.1_ASM5548548v1_genomic
  9  data/ncbi_dataset/data/GCA_055485515.1/GCA_055485515.1_ASM5548551v1_genomic.fna ==> GCA_055485515.1_ASM5548551v1_genomic
  10 data/ncbi_dataset/data/GCA_055721525.1/GCA_055721525.1_ASM5572152v1_genomic.fna ==> GCA_055721525.1_ASM5572152v1_genomic
  11 data/ncbi_dataset/data/GCA_055721545.1/GCA_055721545.1_ASM5572154v1_genomic.fna ==> GCA_055721545.1_ASM5572154v1_genomic
  12 data/ncbi_dataset/data/GCA_055721565.1/GCA_055721565.1_ASM5572156v1_genomic.fna ==> GCA_055721565.1_ASM5572156v1_genomic
  13 data/ncbi_dataset/data/GCA_055721585.1/GCA_055721585.1_ASM5572158v1_genomic.fna ==> GCA_055721585.1_ASM5572158v1_genomic
  14 data/ncbi_dataset/data/GCA_055721605.1/GCA_055721605.1_ASM5572160v1_genomic.fna ==> GCA_055721605.1_ASM5572160v1_genomic
  15 data/ncbi_dataset/data/GCA_055721625.1/GCA_055721625.1_ASM5572162v1_genomic.fna ==> GCA_055721625.1_ASM5572162v1_genomic
  16 data/ncbi_dataset/data/GCA_055721645.1/GCA_055721645.1_ASM5572164v1_genomic.fna ==> GCA_055721645.1_ASM5572164v1_genomic
  17 data/ncbi_dataset/data/GCA_055721665.1/GCA_055721665.1_ASM5572166v1_genomic.fna ==> GCA_055721665.1_ASM5572166v1_genomic
  18 data/ncbi_dataset/data/GCA_055721685.1/GCA_055721685.1_ASM5572168v1_genomic.fna ==> GCA_055721685.1_ASM5572168v1_genomic
  19 data/ncbi_dataset/data/GCA_055721705.1/GCA_055721705.1_ASM5572170v1_genomic.fna ==> GCA_055721705.1_ASM5572170v1_genomic
  20 data/ncbi_dataset/data/GCA_060056565.1/GCA_060056565.1_ASM6005656v1_genomic.fna ==> GCA_060056565.1_ASM6005656v1_genomic
  21 data/ncbi_dataset/data/GCA_060056645.1/GCA_060056645.1_ASM6005664v1_genomic.fna ==> GCA_060056645.1_ASM6005664v1_genomic

2026-08-25 08:31:40
Running Basic statistics processor...
  Contig files: 
    1  GCA_053309155.1_ASM5330915v1_genomic
    2  GCA_053309175.1_ASM5330917v1_genomic
    3  GCA_053309195.1_ASM5330919v1_genomic
    4  GCA_053309215.1_ASM5330921v1_genomic
    5  GCA_054952405.1_ASM5495240v1_genomic
    6  GCA_054952445.1_ASM5495244v1_genomic
    7  GCA_054952645.1_ASM5495264v1_genomic
    8  GCA_055485485.1_ASM5548548v1_genomic
    9  GCA_055485515.1_ASM5548551v1_genomic
    10 GCA_055721525.1_ASM5572152v1_genomic
    11 GCA_055721545.1_ASM5572154v1_genomic
    12 GCA_055721565.1_ASM5572156v1_genomic
    13 GCA_055721585.1_ASM5572158v1_genomic
    14 GCA_055721605.1_ASM5572160v1_genomic
    15 GCA_055721625.1_ASM5572162v1_genomic
    16 GCA_055721645.1_ASM5572164v1_genomic
    17 GCA_055721665.1_ASM5572166v1_genomic
    18 GCA_055721685.1_ASM5572168v1_genomic
    19 GCA_055721705.1_ASM5572170v1_genomic
    20 GCA_060056565.1_ASM6005656v1_genomic
    21 GCA_060056645.1_ASM6005664v1_genomic
  Calculating N50 and L50...
    1  GCA_053309155.1_ASM5330915v1_genomic, N50 = 5315558, L50 = 1, auN = 4949932.4, Total length = 5729063, GC % = 56.82, # N's per 100 kbp =  0.00
    2  GCA_053309175.1_ASM5330917v1_genomic, N50 = 5346852, L50 = 1, auN = 4927668.7, Total length = 5820227, GC % = 56.70, # N's per 100 kbp =  0.00
    3  GCA_053309195.1_ASM5330919v1_genomic, N50 = 5480194, L50 = 1, auN = 5375405.0, Total length = 5587846, GC % = 57.02, # N's per 100 kbp =  0.00
    4  GCA_053309215.1_ASM5330921v1_genomic, N50 = 5289943, L50 = 1, auN = 5035159.0, Total length = 5567602, GC % = 57.12, # N's per 100 kbp =  0.00
    5  GCA_054952405.1_ASM5495240v1_genomic, N50 = 5406169, L50 = 1, auN = 5179337.3, Total length = 5653397, GC % = 57.10, # N's per 100 kbp =  0.00
    6  GCA_054952445.1_ASM5495244v1_genomic, N50 = 5234824, L50 = 1, auN = 4488342.3, Total length = 6139223, GC % = 56.61, # N's per 100 kbp =  0.00
    7  GCA_054952645.1_ASM5495264v1_genomic, N50 = 5274932, L50 = 1, auN = 5068539.4, Total length = 5499165, GC % = 57.15, # N's per 100 kbp =  0.00
    8  GCA_055485485.1_ASM5548548v1_genomic, N50 = 5501943, L50 = 1, auN = 5283829.8, Total length = 5734350, GC % = 57.18, # N's per 100 kbp =  0.00
    9  GCA_055485515.1_ASM5548551v1_genomic, N50 = 5503945, L50 = 1, auN = 5285826.8, Total length = 5736352, GC % = 57.18, # N's per 100 kbp =  0.00
    10 GCA_055721525.1_ASM5572152v1_genomic, N50 = 5368493, L50 = 1, auN = 5117764.5, Total length = 5642023, GC % = 57.16, # N's per 100 kbp =  0.09
    11 GCA_055721545.1_ASM5572154v1_genomic, N50 = 5440510, L50 = 1, auN = 4952405.9, Total length = 5996752, GC % = 56.67, # N's per 100 kbp =  0.00
    12 GCA_055721565.1_ASM5572156v1_genomic, N50 = 5316439, L50 = 1, auN = 4945851.7, Total length = 5735705, GC % = 56.81, # N's per 100 kbp =  0.00
    13 GCA_055721585.1_ASM5572158v1_genomic, N50 = 5385444, L50 = 1, auN = 5004844.9, Total length = 5817352, GC % = 56.74, # N's per 100 kbp =  0.00
    14 GCA_055721605.1_ASM5572160v1_genomic, N50 = 5319475, L50 = 1, auN = 5029196.7, Total length = 5646488, GC % = 56.82, # N's per 100 kbp =  0.00
    15 GCA_055721625.1_ASM5572162v1_genomic, N50 = 5357707, L50 = 1, auN = 5145673.6, Total length = 5584388, GC % = 57.18, # N's per 100 kbp =  0.00
    16 GCA_055721645.1_ASM5572164v1_genomic, N50 = 5332862, L50 = 1, auN = 4724845.4, Total length = 6047539, GC % = 56.48, # N's per 100 kbp =  0.00
    17 GCA_055721665.1_ASM5572166v1_genomic, N50 = 5397930, L50 = 1, auN = 5309642.7, Total length = 5488770, GC % = 57.21, # N's per 100 kbp =  0.00
    18 GCA_055721685.1_ASM5572168v1_genomic, N50 = 5480530, L50 = 1, auN = 5375749.5, Total length = 5588173, GC % = 57.02, # N's per 100 kbp =  0.00
    19 GCA_055721705.1_ASM5572170v1_genomic, N50 = 5279081, L50 = 1, auN = 4731897.9, Total length = 5911022, GC % = 56.66, # N's per 100 kbp =  0.00
    20 GCA_060056565.1_ASM6005656v1_genomic, N50 = 5410872, L50 = 1, auN = 5057053.0, Total length = 5801913, GC % = 56.95, # N's per 100 kbp =  0.00
    21 GCA_060056645.1_ASM6005664v1_genomic, N50 = 5489365, L50 = 1, auN = 5130236.7, Total length = 5899191, GC % = 56.82, # N's per 100 kbp =  0.00
Done.

NOTICE: Genes are not predicted by default. Use --gene-finding or --glimmer option to enable it.

2026-08-25 08:31:45
Creating large visual summaries...
This may take a while: press Ctrl-C to skip this step..
  1 of 1: Creating Icarus viewers...
Done

2026-08-25 08:31:46
RESULTS:
  Text versions of total report are saved to /workspaces/abhinaya_Bioinformatics_projects/01-kpneumoniae-genomic-surveillance/results/quast_report/report.txt, report.tsv, and report.tex
  Text versions of transposed total report are saved to /workspaces/abhinaya_Bioinformatics_projects/01-kpneumoniae-genomic-surveillance/results/quast_report/transposed_report.txt, transposed_report.tsv, and transposed_report.tex
  HTML version (interactive tables and plots) is saved to /workspaces/abhinaya_Bioinformatics_projects/01-kpneumoniae-genomic-surveillance/results/quast_report/report.html
  Icarus (contig browser) is saved to /workspaces/abhinaya_Bioinformatics_projects/01-kpneumoniae-genomic-surveillance/results/quast_report/icarus.html
  Log is saved to /workspaces/abhinaya_Bioinformatics_projects/01-kpneumoniae-genomic-surveillance/results/quast_report/quast.log

Finished: 2026-08-25 08:31:46
Elapsed time: 0:00:10.547930
NOTICEs: 2; WARNINGs: 1; non-fatal ERRORs: 0

Thank you for using QUAST!
