[10:36:23] This is prokka 1.15.6
[10:36:23] Written by Torsten Seemann <torsten.seemann@gmail.com>
[10:36:23] Homepage is https://github.com/tseemann/prokka
[10:36:23] Local time is Wed Aug 26 10:36:23 2026
[10:36:23] You are codespace
[10:36:23] Operating system is linux
[10:36:23] You have BioPerl 1.7.8
[10:36:23] System has 2 cores.
[10:36:23] Will use maximum of 2 cores.
[10:36:23] Annotating as >>> Bacteria <<<
[10:36:23] Generating locus_tag from 'data/ncbi_dataset/data/GCA_055721625.1/GCA_055721625.1_ASM5572162v1_genomic.fna' contents.
[10:36:24] Setting --locustag KAONMONA from MD5 4a87687a18f28602823aeffe589da239
[10:36:24] Creating new output folder: results/prokka_annotations/GCA_055721625.1
[10:36:24] Running: mkdir -p results\/prokka_annotations\/GCA_055721625\.1
[10:36:24] Using filename prefix: GCA_055721625.1.XXX
[10:36:24] Setting HMMER_NCPU=1
[10:36:24] Writing log to: results/prokka_annotations/GCA_055721625.1/GCA_055721625.1.log
[10:36:24] Command: /opt/conda/envs/prokka_env/bin/prokka --outdir results/prokka_annotations/GCA_055721625.1 --prefix GCA_055721625.1 --kingdom Bacteria --genus Klebsiella --species pneumoniae --cpus 2 --force data/ncbi_dataset/data/GCA_055721625.1/GCA_055721625.1_ASM5572162v1_genomic.fna
[10:36:24] Looking for 'aragorn' - found /opt/conda/envs/prokka_env/bin/aragorn
[10:36:24] Determined aragorn version is v1.2 from 'ARAGORN v1.2.41 Dean Laslett'
[10:36:24] Looking for 'barrnap' - found /opt/conda/envs/prokka_env/bin/barrnap
[10:36:24] Determined barrnap version is v1.10 from 'barrnap 1.10.5'
[10:36:24] Looking for 'blastp' - found /opt/conda/envs/prokka_env/bin/blastp
[10:36:24] Determined blastp version is v2.17 from 'blastp: 2.17.0+'
[10:36:24] Looking for 'cmpress' - found /opt/conda/envs/prokka_env/bin/cmpress
[10:36:24] Determined cmpress version is v1.1 from '# INFERNAL 1.1.5 (Sep 2023)'
[10:36:24] Looking for 'cmscan' - found /opt/conda/envs/prokka_env/bin/cmscan
[10:36:24] Determined cmscan version is v1.1 from '# INFERNAL 1.1.5 (Sep 2023)'
[10:36:24] Looking for 'egrep' - found /usr/bin/egrep
[10:36:24] Looking for 'find' - found /usr/bin/find
[10:36:24] Looking for 'grep' - found /usr/bin/grep
[10:36:24] Looking for 'hmmpress' - found /opt/conda/envs/prokka_env/bin/hmmpress
[10:36:24] Determined hmmpress version is v3.4 from '# HMMER 3.4 (Aug 2023); http://hmmer.org/'
[10:36:24] Looking for 'hmmscan' - found /opt/conda/envs/prokka_env/bin/hmmscan
[10:36:24] Determined hmmscan version is v3.4 from '# HMMER 3.4 (Aug 2023); http://hmmer.org/'
[10:36:24] Looking for 'java' - found /opt/conda/envs/prokka_env/bin/java
[10:36:24] Looking for 'makeblastdb' - found /opt/conda/envs/prokka_env/bin/makeblastdb
[10:36:24] Determined makeblastdb version is v2.17 from 'makeblastdb: 2.17.0+'
[10:36:24] Looking for 'minced' - found /opt/conda/envs/prokka_env/bin/minced
[10:36:24] Determined minced version is v4.2 from 'minced 0.4.2'
[10:36:24] Looking for 'parallel' - found /opt/conda/envs/prokka_env/bin/parallel
[10:36:24] Determined parallel version is 20260722 from 'GNU parallel 20260722'
[10:36:24] Looking for 'prodigal' - found /opt/conda/envs/prokka_env/bin/prodigal
[10:36:24] Determined prodigal version is v2.6 from 'Prodigal V2.6.3: February, 2016'
[10:36:24] Looking for 'prokka-genbank_to_fasta_db' - found /opt/conda/envs/prokka_env/bin/prokka-genbank_to_fasta_db
[10:36:24] Looking for 'sed' - found /usr/bin/sed
[10:36:24] Looking for 'tbl2asn' - found /opt/conda/envs/prokka_env/bin/tbl2asn
[10:36:24] Determined tbl2asn version is v25.7 from 'tbl2asn 25.7   arguments:'
[10:36:24] Using genetic code table 11.
[10:36:24] Loading and checking input file: data/ncbi_dataset/data/GCA_055721625.1/GCA_055721625.1_ASM5572162v1_genomic.fna
[10:36:25] Wrote 3 contigs totalling 5584388 bp.
[10:36:25] Predicting tRNAs and tmRNAs
[10:36:25] Running: aragorn -l -gc11  -w results\/prokka_annotations\/GCA_055721625\.1\/GCA_055721625\.1\.fna
[10:36:27] 1 tRNA-Ala c[22728,22803] 34 (ggc)
[10:36:27] 2 tRNA-Ala c[22845,22920] 34 (ggc)
[10:36:27] 3 tRNA-Val [25619,25694] 34 (tac)
[10:36:27] 4 tRNA-Val [25740,25815] 34 (tac)
[10:36:27] 5 tRNA-Val [25862,25937] 34 (tac)
[10:36:27] 6 tRNA-Lys [25942,26017] 34 (ttt)
[10:36:27] 7 tRNA-Glu c[208312,208387] 35 (ttc)
[10:36:27] 8 tmRNA [236887,237249] 90,125 ANDENYALAA**
[10:36:27] 9 tRNA-Arg c[298595,298671] 35 (acg)
[10:36:27] 10 tRNA-Arg c[298900,298976] 35 (acg)
[10:36:27] 11 tRNA-Arg c[299038,299114] 35 (acg)
[10:36:27] 12 tRNA-Arg c[299265,299341] 35 (acg)
[10:36:27] 13 tRNA-Ser c[299346,299438] 35 (gct)
[10:36:27] 14 tRNA-Met [465308,465384] 35 (cat)
[10:36:27] 15 tRNA-Met [465418,465494] 35 (cat)
[10:36:27] 16 tRNA-Met [465527,465603] 35 (cat)
[10:36:27] 17 tRNA-Gly c[626193,626266] 33 (ccc)
[10:36:27] 18 tRNA-Phe [710785,710860] 34 (gaa)
[10:36:27] 19 tRNA-Met [780438,780513] 34 (cat)
[10:36:27] 20 tRNA-Met c[888132,888208] 35 (cat)
[10:36:27] 21 tRNA-Leu c[892139,892225] 35 (gag)
[10:36:27] 22 tRNA-Thr c[992882,992957] 34 (ggt)
[10:36:27] 23 tRNA-Pro c[1229531,1229607] 35 (cgg)
[10:36:27] 24 tRNA-SeC [1359291,1359385] 35 (tca)
[10:36:27] 25 tRNA-Glu [1500493,1500568] 35 (ttc)
[10:36:27] 26 tRNA-Ile [1605085,1605161] 35 (gat)
[10:36:27] 27 tRNA-Ala [1605198,1605273] 34 (tgc)
[10:36:27] 28 tRNA-Asp [1608618,1608694] 35 (gtc)
[10:36:27] 29 tRNA-Trp [1608748,1608823] 34 (cca)
[10:36:27] 30 tRNA-Arg [1646857,1646933] 35 (ccg)
[10:36:27] 31 tRNA-His [1646989,1647064] 34 (gtg)
[10:36:27] 32 tRNA-Leu [1647088,1647174] 35 (cag)
[10:36:27] 33 tRNA-Pro [1647217,1647293] 35 (tgg)
[10:36:27] 34 tRNA-Ile [1696875,1696951] 35 (gat)
[10:36:27] 35 tRNA-Ala [1696988,1697063] 34 (tgc)
[10:36:27] 36 tRNA-Thr [1704155,1704230] 34 (tgt)
[10:36:27] tRNA [1704241,1704324] is a pseudo/wacky gene - skipping.
[10:36:27] 38 tRNA-Gly [1704440,1704514] 34 (tcc)
[10:36:27] 39 tRNA-Thr [1704520,1704595] 34 (ggt)
[10:36:27] 40 tRNA-Glu [1742019,1742094] 35 (ttc)
[10:36:27] 41 tRNA-Phe c[1888525,1888600] 34 (gaa)
[10:36:27] 42 tRNA-Gly [1929887,1929962] 34 (gcc)
[10:36:27] 43 tRNA-Gly [1930031,1930106] 34 (gcc)
[10:36:27] 44 tRNA-Gly [1930179,1930254] 34 (gcc)
[10:36:27] 45 tRNA-Leu [2068502,2068586] 35 (caa)
[10:36:27] 46 tRNA-Glu [2130747,2130822] 35 (ttc)
[10:36:27] 47 tRNA-Leu c[2231196,2231282] 35 (cag)
[10:36:27] 48 tRNA-Leu c[2231314,2231400] 35 (cag)
[10:36:27] 49 tRNA-Leu c[2231429,2231515] 35 (cag)
[10:36:27] 50 tRNA-Ile [2514223,2514299] 35 (gat)
[10:36:27] 51 tRNA-Ala [2514405,2514480] 34 (tgc)
[10:36:27] 52 tRNA-Asp [2517821,2517897] 35 (gtc)
[10:36:27] 53 tRNA-Asp [2527274,2527350] 35 (gtc)
[10:36:27] 54 tRNA-Thr c[2601943,2602018] 34 (cgt)
[10:36:27] 55 tRNA-Arg [2817092,2817168] 35 (tct)
[10:36:27] 56 tRNA-Asn [2834053,2834127] 33 (gtt)
[10:36:27] 57 tRNA-Arg [2834133,2834209] 35 (tct)
[10:36:27] 58 tRNA-Gln c[3102819,3102893] 33 (ctg)
[10:36:27] 59 tRNA-Gln c[3102969,3103043] 33 (ctg)
[10:36:27] 60 tRNA-Met c[3103091,3103167] 35 (cat)
[10:36:27] 61 tRNA-Gln c[3103191,3103265] 33 (ttg)
[10:36:27] 62 tRNA-Gln c[3103302,3103376] 33 (ttg)
[10:36:27] 63 tRNA-Leu c[3103400,3103484] 35 (tag)
[10:36:27] 64 tRNA-Met c[3103493,3103569] 35 (cat)
[10:36:27] 65 tRNA-Lys [3162190,3162265] 34 (ttt)
[10:36:27] 66 tRNA-Val [3162391,3162466] 34 (tac)
[10:36:27] 67 tRNA-Lys [3162469,3162544] 34 (ttt)
[10:36:27] 68 tRNA-Val [3162694,3162769] 34 (tac)
[10:36:27] 69 tRNA-Lys [3162773,3162848] 34 (ttt)
[10:36:27] 70 tRNA-Lys [3162995,3163070] 34 (ttt)
[10:36:27] 71 tRNA-Lys [3163203,3163278] 34 (ttt)
[10:36:27] 72 tRNA-Ser [3509790,3509877] 35 (tga)
[10:36:27] 73 tRNA-Ser c[3553872,3553959] 35 (gga)
[10:36:27] 74 tRNA-Ser c[3558930,3559017] 35 (gga)
[10:36:27] 75 tRNA-Val [4497604,4497680] 35 (gac)
[10:36:27] 76 tRNA-Val [4497685,4497761] 35 (gac)
[10:36:27] 77 tRNA-Val [4497766,4497842] 35 (gac)
[10:36:27] 78 tRNA-Tyr [4706334,4706418] 35 (gta)
[10:36:27] 79 tRNA-Tyr [4706634,4706718] 35 (gta)
[10:36:27] 80 tRNA-Leu c[4916830,4916916] 35 (taa)
[10:36:27] 81 tRNA-Cys c[4916930,4917003] 33 (gca)
[10:36:27] 82 tRNA-Gly c[4917044,4917119] 34 (gcc)
[10:36:27] 83 tRNA-Ser c[4938225,4938314] 35 (cga)
[10:36:27] 84 tRNA-Asn [4939306,4939381] 34 (gtt)
[10:36:27] 85 tRNA-Asn [4945026,4945101] 34 (gtt)
[10:36:27] 86 tRNA-Asn c[4953948,4954023] 34 (gtt)
[10:36:27] 87 tRNA-Asn [4955774,4955849] 34 (gtt)
[10:36:27] 88 tRNA-Pro [5164688,5164764] 35 (ggg)
[10:36:27] 89 tRNA-Arg [5322486,5322560] 34 (cct)
[10:36:27] Found 88 tRNAs
[10:36:27] Predicting Ribosomal RNAs
[10:36:27] Running Barrnap with 2 threads
[10:36:57] 1 CM146772.1 205008 5S ribosomal RNA
[10:36:57] 2 CM146772.1 205220 23S ribosomal RNA
[10:36:57] 3 CM146772.1 208473 16S ribosomal RNA
[10:36:57] 4 CM146772.1 992728 5S ribosomal RNA
[10:36:57] 5 CM146772.1 992972 5S ribosomal RNA
[10:36:57] 6 CM146772.1 993185 23S ribosomal RNA
[10:36:57] 7 CM146772.1 996285 16S ribosomal RNA
[10:36:57] 8 CM146772.1 1498868 16S ribosomal RNA
[10:36:57] 9 CM146772.1 1500756 23S ribosomal RNA
[10:36:57] 10 CM146772.1 1503754 5S ribosomal RNA
[10:36:57] 11 CM146772.1 1603474 16S ribosomal RNA
[10:36:57] 12 CM146772.1 1605443 23S ribosomal RNA
[10:36:57] 13 CM146772.1 1608446 5S ribosomal RNA
[10:36:57] 14 CM146772.1 1695267 16S ribosomal RNA
[10:36:57] 15 CM146772.1 1697233 23S ribosomal RNA
[10:36:57] 16 CM146772.1 1700231 5S ribosomal RNA
[10:36:57] 17 CM146772.1 1740394 16S ribosomal RNA
[10:36:57] 18 CM146772.1 1742277 23S ribosomal RNA
[10:36:57] 19 CM146772.1 1745275 5S ribosomal RNA
[10:36:57] 20 CM146772.1 2129122 16S ribosomal RNA
[10:36:57] 21 CM146772.1 2131005 23S ribosomal RNA
[10:36:57] 22 CM146772.1 2134003 5S ribosomal RNA
[10:36:57] 23 CM146772.1 2512612 16S ribosomal RNA
[10:36:57] 24 CM146772.1 2514650 23S ribosomal RNA
[10:36:57] 25 CM146772.1 2517648 5S ribosomal RNA
[10:36:57] Found 25 rRNAs
[10:36:57] Skipping ncRNA search, enable with --rfam if desired.
[10:36:57] Total of 112 tRNA + rRNA features
[10:36:57] Searching for CRISPR repeats
[10:36:58] Found 0 CRISPRs
[10:36:58] Predicting coding sequences
[10:36:58] Contigs total 5584388 bp, so using single mode
[10:36:58] Running: prodigal -i results\/prokka_annotations\/GCA_055721625\.1\/GCA_055721625\.1\.fna -c -m -g 11 -p single -f sco -q
[10:37:07] Excluding CDS which overlaps existing RNA (tRNA) at CM146772.1:888033..888239 on + strand
[10:37:08] Excluding CDS which overlaps existing RNA (tRNA) at CM146772.1:1647193..1647345 on - strand
[10:37:11] Excluding CDS which overlaps existing RNA (tRNA) at CM146772.1:4497355..4497840 on - strand
[10:37:12] Found 5252 CDS
[10:37:12] Connecting features back to sequences
[10:37:12] Not using genus-specific database. Try --usegenus to enable it.
[10:37:12] Annotating CDS, please be patient.
[10:37:12] Will use 2 CPUs for similarity searching.
[10:37:13] There are still 5252 unannotated CDS left (started with 5252)
[10:37:13] Will use blast to search against /opt/conda/envs/prokka_env/db/kingdom/Bacteria/IS with 2 CPUs
[10:37:13] Running: cat results\/prokka_annotations\/GCA_055721625\.1\/GCA_055721625\.1\.IS\.tmp\.92292\.faa | parallel --gnu --plain -j 2 --block 416536 --recstart '>' --pipe blastp -query - -db /opt/conda/envs/prokka_env/db/kingdom/Bacteria/IS -evalue 1e-30 -qcov_hsp_perc 90 -num_threads 1 -num_descriptions 1 -num_alignments 1 -seg no > results\/prokka_annotations\/GCA_055721625\.1\/GCA_055721625\.1\.IS\.tmp\.92292\.blast 2> /dev/null
[10:38:14] Deleting unwanted file: results/prokka_annotations/GCA_055721625.1/GCA_055721625.1.IS.tmp.92292.faa
[10:38:14] Deleting unwanted file: results/prokka_annotations/GCA_055721625.1/GCA_055721625.1.IS.tmp.92292.blast
[10:38:15] There are still 5185 unannotated CDS left (started with 5252)
[10:38:15] Will use blast to search against /opt/conda/envs/prokka_env/db/kingdom/Bacteria/AMR with 2 CPUs
[10:38:15] Running: cat results\/prokka_annotations\/GCA_055721625\.1\/GCA_055721625\.1\.AMR\.tmp\.92292\.faa | parallel --gnu --plain -j 2 --block 412667 --recstart '>' --pipe blastp -query - -db /opt/conda/envs/prokka_env/db/kingdom/Bacteria/AMR -evalue 1e-300 -qcov_hsp_perc 90 -num_threads 1 -num_descriptions 1 -num_alignments 1 -seg no > results\/prokka_annotations\/GCA_055721625\.1\/GCA_055721625\.1\.AMR\.tmp\.92292\.blast 2> /dev/null
[10:39:57] Deleting unwanted file: results/prokka_annotations/GCA_055721625.1/GCA_055721625.1.AMR.tmp.92292.faa
[10:39:57] Deleting unwanted file: results/prokka_annotations/GCA_055721625.1/GCA_055721625.1.AMR.tmp.92292.blast
[10:39:58] There are still 5142 unannotated CDS left (started with 5252)
[10:39:58] Will use blast to search against /opt/conda/envs/prokka_env/db/kingdom/Bacteria/sprot with 2 CPUs
[10:39:58] Running: cat results\/prokka_annotations\/GCA_055721625\.1\/GCA_055721625\.1\.sprot\.tmp\.92292\.faa | parallel --gnu --plain -j 2 --block 404839 --recstart '>' --pipe blastp -query - -db /opt/conda/envs/prokka_env/db/kingdom/Bacteria/sprot -evalue 1e-09 -qcov_hsp_perc 80 -num_threads 1 -num_descriptions 1 -num_alignments 1 -seg no > results\/prokka_annotations\/GCA_055721625\.1\/GCA_055721625\.1\.sprot\.tmp\.92292\.blast 2> /dev/null
[10:44:59] Modify product: Uncharacterized transporter YycB => putative transporter YycB
[10:44:59] Modify product: Probable cyclic di-GMP phosphodiesterase PdeA => putative cyclic di-GMP phosphodiesterase PdeA
[10:44:59] Modify product: Uncharacterized protein YybH => putative protein YybH
[10:44:59] Modify product: Uncharacterized protein YfeY => putative protein YfeY
[10:44:59] Modify product: Probable ethanolamine permease EutH => putative ethanolamine permease EutH
[10:44:59] Modify product: Probable alcohol dehydrogenase EutG => putative alcohol dehydrogenase EutG
[10:44:59] Modify product: Probable acetate kinase EutP => putative acetate kinase EutP
[10:44:59] Modify product: Uncharacterized protein YfgD => putative protein YfgD
[10:45:00] Modify product: Uncharacterized protein YfgJ => putative protein YfgJ
[10:45:00] Modify product: Probable 3-phenylpropionic acid transporter => putative 3-phenylpropionic acid transporter
[10:45:00] Modify product: Uncharacterized protein YphB => putative protein YphB
[10:45:00] Modify product: Uncharacterized tRNA/rRNA methyltransferase YfiF => putative tRNA/rRNA methyltransferase YfiF
[10:45:00] Modify product: UPF0053 inner membrane protein YfjD => hypothetical protein
[10:45:00] Modify product: UPF0125 protein RatB => hypothetical protein
[10:45:00] Modify product: HTH-type transcriptional regulator XC_2801 => HTH-type transcriptional regulator
[10:45:00] Modify product: Probable fimbrial chaperone YadV => putative fimbrial chaperone YadV
[10:45:00] Modify product: Probable fimbrial chaperone YraI => putative fimbrial chaperone YraI
[10:45:00] Modify product: Uncharacterized protein YgaM => putative protein YgaM
[10:45:00] Modify product: Probable UbiX-like flavin prenyltransferase => putative UbiX-like flavin prenyltransferase
[10:45:00] Modify product: Probable galactarate/D-glucarate transporter GudP => putative galactarate/D-glucarate transporter GudP
[10:45:00] Modify product: Uncharacterized protein YqcC => putative protein YqcC
[10:45:00] Modify product: Uncharacterized HTH-type transcriptional regulator YdjF => putative HTH-type transcriptional regulator YdjF
[10:45:00] Modify product: UPF0382 inner membrane protein YgdD => hypothetical protein
[10:45:00] Modify product: Uncharacterized lipoprotein YgdR => putative lipoprotein YgdR
[10:45:00] Modify product: Probable cobalt-factor III C(17)-methyltransferase => putative cobalt-factor III C(17)-methyltransferase
[10:45:00] Modify product: UPF0053 inner membrane protein YgdQ => hypothetical protein
[10:45:00] Modify product: Uncharacterized lipoprotein YgdR => putative lipoprotein YgdR
[10:45:00] Modify product: Probable fimbrial chaperone YadV => putative fimbrial chaperone YadV
[10:45:00] Modify product: Uncharacterized protein YjdJ => putative protein YjdJ
[10:45:00] Modify product: UPF0073 inner membrane protein YqfA => hypothetical protein
[10:45:00] Modify product: Uncharacterized oxidoreductase YgfF => putative oxidoreductase YgfF
[10:45:00] Modify product: UPF0149 protein HI_0817 => hypothetical protein
[10:45:00] Modify product: Probable sulfoacetate transporter SauU => putative sulfoacetate transporter SauU
[10:45:00] Modify product: Probable L-galactonate transporter => putative L-galactonate transporter
[10:45:00] Modify product: UPF0301 protein YqgE => hypothetical protein
[10:45:00] Modify product: Uncharacterized protein YggR => putative protein YggR
[10:45:00] Modify product: UPF0235 protein YggU => hypothetical protein
[10:45:00] Modify product: Uncharacterized protein HI_0341 => putative protein
[10:45:00] Modify product: Probable Fe(2+)-trafficking protein => putative Fe(2+)-trafficking protein
[10:45:00] Modify product: Uncharacterized membrane protein YdfK => putative membrane protein YdfK
[10:45:00] Modify product: HTH-type transcriptional regulator XC_2801 => HTH-type transcriptional regulator
[10:45:00] Modify product: Probable HTH-type transcriptional regulator STM3175 => putative HTH-type transcriptional regulator
[10:45:00] Modify product: Probable quinol monooxygenase YgiN => putative quinol monooxygenase YgiN
[10:45:00] Modify product: Probable glycerol-3-phosphate acyltransferase => putative glycerol-3-phosphate acyltransferase
[10:45:00] Modify product: Uncharacterized protein YqjD => putative protein YqjD
[10:45:00] Modify product: Probable galactarate/D-glucarate transporter GarP => putative galactarate/D-glucarate transporter GarP
[10:45:00] Modify product: UPF0102 protein RPA0323 => hypothetical protein
[10:45:00] Modify product: Uncharacterized inner membrane transporter YhbE => putative inner membrane transporter YhbE
[10:45:00] Modify product: Uncharacterized protein YhcO => putative protein YhcO
[10:45:00] Modify product: Uncharacterized membrane protein YhdT => putative membrane protein YhdT
[10:45:00] Modify product: Protein SlyX homolog => Protein SlyX 
[10:45:00] Modify product: Probable ATP-binding protein YheS => putative ATP-binding protein YheS
[10:45:00] Modify product: UPF0270 protein PA3463 => hypothetical protein
[10:45:00] Modify product: Probable protein adenylyltransferase Fic => putative protein adenylyltransferase Fic
[10:45:00] Modify product: Uncharacterized protein YhfG => putative protein YhfG
[10:45:00] Modify product: Probable [Fe-S]-dependent transcriptional repressor => putative [Fe-S]-dependent transcriptional repressor
[10:45:00] Modify product: Uncharacterized oxidoreductase YhhX => putative oxidoreductase YhhX
[10:45:00] Modify product: Uncharacterized protein YhhA => putative protein YhhA
[10:45:01] Modify product: Uncharacterized MFS-type transporter YhhS => putative MFS-type transporter YhhS
[10:45:01] Modify product: Probable 4-amino-4-deoxy-L-arabinose-phosphoundecaprenol flippase subunit ArnF => putative 4-amino-4-deoxy-L-arabinose-phosphoundecaprenol flippase subunit ArnF
[10:45:01] Modify product: Probable 4-amino-4-deoxy-L-arabinose-phosphoundecaprenol flippase subunit ArnE => putative 4-amino-4-deoxy-L-arabinose-phosphoundecaprenol flippase subunit ArnE
[10:45:01] Modify product: Probable 4-deoxy-4-formamido-L-arabinose-phosphoundecaprenol deformylase ArnD => putative 4-deoxy-4-formamido-L-arabinose-phosphoundecaprenol deformylase ArnD
[10:45:01] Modify product: Probable cyclic di-GMP phosphodiesterase PdeK => putative cyclic di-GMP phosphodiesterase PdeK
[10:45:01] Modify product: Uncharacterized MFS-type transporter YhjX => putative MFS-type transporter YhjX
[10:45:01] Modify product: Probable lipoprotein YiaD => putative lipoprotein YiaD
[10:45:01] Modify product: Uncharacterized GST-like protein YibF => putative GST-like protein YibF
[10:45:01] Modify product: Uncharacterized protein YibL => putative protein YibL
[10:45:01] Modify product: Uncharacterized protein YibN => putative protein YibN
[10:45:01] Modify product: UPF0758 protein YsxA => hypothetical protein
[10:45:01] Modify product: Probable multidrug ABC transporter permease YbhR => putative multidrug ABC transporter permease YbhR
[10:45:01] Modify product: Probable multidrug ABC transporter ATP-binding protein YbhF => putative multidrug ABC transporter ATP-binding protein YbhF
[10:45:01] Modify product: UPF0194 membrane protein YbhG => hypothetical protein
[10:45:01] Modify product: Uncharacterized protein MT2054 => putative protein
[10:45:01] Modify product: UPF0126 inner membrane protein YicG => hypothetical protein
[10:45:01] Modify product: UPF0311 protein CA_C3321 => hypothetical protein
[10:45:01] Modify product: Zinc-type alcohol dehydrogenase-like protein SA1988 => Zinc-type alcohol dehydrogenase-like protein
[10:45:01] Modify product: Acetyltransferase Atu2258 => Acetyltransferase
[10:45:01] Modify product: Uncharacterized inner membrane transporter YicL => putative inner membrane transporter YicL
[10:45:01] Modify product: HTH-type transcriptional regulator Cphy_2742 => HTH-type transcriptional regulator
[10:45:01] Modify product: Probable transport protein HsrA => putative transport protein HsrA
[10:45:01] Modify product: Probable GTP-binding protein EngB => putative GTP-binding protein EngB
[10:45:01] Modify product: UPF0761 membrane protein YihY => hypothetical protein
[10:45:01] Modify product: Probable acyltransferase FabY => putative acyltransferase FabY
[10:45:01] Modify product: Probable fructose-bisphosphate aldolase => putative fructose-bisphosphate aldolase
[10:45:01] Modify product: Probable cystine transporter YijE => putative cystine transporter YijE
[10:45:01] Modify product: Uncharacterized membrane protein YdfK => putative membrane protein YdfK
[10:45:01] Modify product: Probable ECA polymerase => putative ECA polymerase
[10:45:01] Modify product: Probable protein kinase UbiB => putative protein kinase UbiB
[10:45:01] Modify product: Uncharacterized protein HI_0431 => putative protein
[10:45:01] Modify product: Shikimate dehydrogenase-like protein HI_0607 => Shikimate dehydrogenase-like protein
[10:45:01] Modify product: UPF0597 protein YhaM => hypothetical protein
[10:45:01] Modify product: UPF0337 protein YjbJ => hypothetical protein
[10:45:01] Modify product: Uncharacterized protein YjbR => putative protein YjbR
[10:45:01] Modify product: Probable cyclic di-GMP phosphodiesterase PdeC => putative cyclic di-GMP phosphodiesterase PdeC
[10:45:01] Modify product: Uncharacterized fimbrial-like protein YcbV => putative fimbrial-like protein YcbV
[10:45:01] Modify product: Probable fimbrial chaperone LpfB => putative fimbrial chaperone LpfB
[10:45:01] Modify product: Probable transcriptional regulator PhnF => putative transcriptional regulator PhnF
[10:45:01] Modify product: UPF0716 protein FxsA => hypothetical protein
[10:45:01] Modify product: Probable outer membrane usher protein ElfC => putative outer membrane usher protein ElfC
[10:45:01] Modify product: Probable L-ascorbate-6-phosphate lactonase UlaG => putative L-ascorbate-6-phosphate lactonase UlaG
[10:45:01] Modify product: Uncharacterized protein YtfJ => putative protein YtfJ
[10:45:01] Modify product: Deacetylase EF_0837 => Deacetylase
[10:45:01] Modify product: Probable licABCH operon regulator => putative licABCH operon regulator
[10:45:01] Modify product: Probable 6-phospho-beta-glucosidase => putative 6-phospho-beta-glucosidase
[10:45:01] Modify product: Uncharacterized HTH-type transcriptional regulator YurK => putative HTH-type transcriptional regulator YurK
[10:45:02] Modify product: Probable succinate transporter subunit YjjB => putative succinate transporter subunit YjjB
[10:45:02] Modify product: Probable succinate transporter subunit YjjP => putative succinate transporter subunit YjjP
[10:45:02] Modify product: Uncharacterized metal-dependent hydrolase YjjV => putative metal-dependent hydrolase YjjV
[10:45:02] Modify product: Probable inner membrane protein Smp => putative inner membrane protein Smp
[10:45:02] Modify product: Uncharacterized lipoprotein YgdR => putative lipoprotein YgdR
[10:45:02] Modify product: Probable galactarate/D-glucarate transporter GudP => putative galactarate/D-glucarate transporter GudP
[10:45:02] Modify product: Probable peptidoglycan glycosyltransferase FtsW => putative peptidoglycan glycosyltransferase FtsW
[10:45:02] Modify product: UPF0231 protein YacL => hypothetical protein
[10:45:02] Modify product: Uncharacterized ABC transporter ATP-binding protein YadG => putative ABC transporter ATP-binding protein YadG
[10:45:02] Modify product: UPF0126 inner membrane protein YadS => hypothetical protein
[10:45:02] Modify product: UPF0253 protein YaeP => hypothetical protein
[10:45:02] Modify product: Uncharacterized protein YaeQ => putative protein YaeQ
[10:45:02] Modify product: Uncharacterized methyltransferase YcgJ => putative methyltransferase YcgJ
[10:45:02] Modify product: Uncharacterized protein Rv2277c => putative protein
[10:45:02] Modify product: Uncharacterized N-acetyltransferase YafP => putative N-acetyltransferase YafP
[10:45:02] Modify product: Uncharacterized protein YjhP => putative protein YjhP
[10:45:02] Modify product: Probable fimbrial chaperone YfcS => putative fimbrial chaperone YfcS
[10:45:02] Modify product: Uncharacterized fimbrial-like protein YfcR => putative fimbrial-like protein YfcR
[10:45:02] Modify product: Probable fimbrial chaperone EcpB => putative fimbrial chaperone EcpB
[10:45:02] Modify product: Probable outer membrane usher protein EcpC => putative outer membrane usher protein EcpC
[10:45:02] Modify product: Probable fimbrial chaperone EcpE => putative fimbrial chaperone EcpE
[10:45:02] Modify product: Probable glutamine ABC transporter permease protein GlnP => putative glutamine ABC transporter permease protein GlnP
[10:45:02] Modify product: UPF0178 protein YaiI => hypothetical protein
[10:45:02] Modify product: Uncharacterized protein YaiA => putative protein YaiA
[10:45:02] Modify product: Uncharacterized lipoprotein YajI => putative lipoprotein YajI
[10:45:02] Modify product: Uncharacterized protein HI_1008 => putative protein
[10:45:02] Modify product: Uncharacterized lipoprotein YbaY => putative lipoprotein YbaY
[10:45:02] Modify product: Probable cyclic di-GMP phosphodiesterase PdeB => putative cyclic di-GMP phosphodiesterase PdeB
[10:45:02] Modify product: Probable fimbrial chaperone YraI => putative fimbrial chaperone YraI
[10:45:02] Modify product: Uncharacterized signaling protein CC_0091 => putative signaling protein
[10:45:02] Modify product: Uncharacterized oxidoreductase YkwC => putative oxidoreductase YkwC
[10:45:02] Modify product: HTH-type transcriptional regulator XC_2801 => HTH-type transcriptional regulator
[10:45:02] Modify product: Putative thiamine biosynthesis protein HI_0357 => Putative thiamine biosynthesis protein
[10:45:02] Modify product: Probable HTH-type transcriptional regulator LrhA => putative HTH-type transcriptional regulator LrhA
[10:45:02] Modify product: HTH-type transcriptional regulator XC_2801 => HTH-type transcriptional regulator
[10:45:02] Modify product: UPF0702 transmembrane protein YetF => hypothetical protein
[10:45:02] Modify product: Uncharacterized oxidoreductase YghA => putative oxidoreductase YghA
[10:45:02] Modify product: HTH-type transcriptional regulator XC_2801 => HTH-type transcriptional regulator
[10:45:02] Modify product: Probable ATP-binding protein YheS => putative ATP-binding protein YheS
[10:45:02] Modify product: Probable D,D-dipeptide transport system permease protein DdpC => putative D,D-dipeptide transport system permease protein DdpC
[10:45:02] Modify product: Probable nitrate reductase molybdenum cofactor assembly chaperone NarW => putative nitrate reductase molybdenum cofactor assembly chaperone NarW
[10:45:02] Modify product: Uncharacterized lipoprotein YgdR => putative lipoprotein YgdR
[10:45:02] Modify product: Uncharacterized protein YncE => putative protein YncE
[10:45:02] Modify product: UPF0381 protein YiiS => hypothetical protein
[10:45:02] Modify product: Uncharacterized protein YdcY => putative protein YdcY
[10:45:02] Modify product: 23S rRNA 5-hydroxycytidine C2501 synthase => 23S rRNA 5-hydroxycytidine synthase
[10:45:02] Modify product: Probable transporter SCO4007 => putative transporter
[10:45:02] Modify product: Uncharacterized oxidoreductase YdgJ => putative oxidoreductase YdgJ
[10:45:02] Modify product: Probable D,D-dipeptide transport ATP-binding protein DdpD => putative D,D-dipeptide transport ATP-binding protein DdpD
[10:45:02] Modify product: Probable succinyl-CoA:3-ketoacid coenzyme A transferase subunit A => putative succinyl-CoA:3-ketoacid coenzyme A transferase subunit A
[10:45:02] Modify product: Probable succinyl-CoA:3-ketoacid coenzyme A transferase subunit B => putative succinyl-CoA:3-ketoacid coenzyme A transferase subunit B
[10:45:02] Modify product: Probable murein peptide carboxypeptidase => putative murein peptide carboxypeptidase
[10:45:02] Modify product: Probable siderophore transport system permease protein YfiZ => putative siderophore transport system permease protein YfiZ
[10:45:02] Modify product: Probable siderophore transport system ATP-binding protein YusV => putative siderophore transport system ATP-binding protein YusV
[10:45:02] Modify product: Probable L,D-transpeptidase YnhG => putative L,D-transpeptidase YnhG
[10:45:02] Modify product: Probable ATP-dependent transporter SufC => putative ATP-dependent transporter SufC
[10:45:02] Modify product: Probable aminoglycoside efflux pump => putative aminoglycoside efflux pump
[10:45:03] Modify product: Probable ketoamine kinase HMPREF0351_12196 => putative ketoamine kinase
[10:45:03] Modify product: UPF0056 inner membrane protein MarC => hypothetical protein
[10:45:03] Modify product: Uncharacterized NTE family protein Rv1063c => putative NTE family protein
[10:45:03] Modify product: UPF0225 protein YchJ => hypothetical protein
[10:45:03] Modify product: Uncharacterized protein Rv2569c => putative protein
[10:45:03] Modify product: Uncharacterized protein Rv2567 => putative protein
[10:45:03] Modify product: Uncharacterized protein Rv2411c => putative protein
[10:45:03] Modify product: Uncharacterized protein YeaR => putative protein YeaR
[10:45:03] Modify product: Nudix hydrolase DR_1184 => Nudix hydrolase
[10:45:03] Modify product: Probable cyclic di-GMP phosphodiesterase PdeD => putative cyclic di-GMP phosphodiesterase PdeD
[10:45:03] Modify product: UPF0053 inner membrane protein YoaE => hypothetical protein
[10:45:03] Modify product: UPF0266 membrane protein YobD => hypothetical protein
[10:45:03] Modify product: Probable manganese efflux pump MntP => putative manganese efflux pump MntP
[10:45:03] Modify product: Uncharacterized protein YebV => putative protein YebV
[10:45:03] Modify product: Uncharacterized protein HI_0461 => putative protein
[10:45:03] Modify product: Uncharacterized protein YebY => putative protein YebY
[10:45:03] Modify product: Probable transcriptional regulatory protein YebC => putative transcriptional regulatory protein YebC
[10:45:03] Modify product: Probable transport protein HsrA => putative transport protein HsrA
[10:45:03] Modify product: Probable diguanylate cyclase DgcQ => putative diguanylate cyclase DgcQ
[10:45:03] Modify product: Uncharacterized inner membrane transporter YedA => putative inner membrane transporter YedA
[10:45:03] Modify product: Uncharacterized protein YedJ => putative protein YedJ
[10:45:03] Modify product: HTH-type transcriptional regulator XC_2801 => HTH-type transcriptional regulator
[10:45:03] Modify product: Probable L,D-transpeptidase ErfK/SrfK => putative L,D-transpeptidase ErfK/SrfK
[10:45:03] Modify product: Probable acrylyl-CoA reductase AcuI => putative acrylyl-CoA reductase AcuI
[10:45:03] Modify product: Probable FMN/FAD exporter YeeO => putative FMN/FAD exporter YeeO
[10:45:03] Modify product: Uncharacterized protein YeaR => putative protein YeaR
[10:45:03] Modify product: Uncharacterized glycosyltransferase YkoT => putative glycosyltransferase YkoT
[10:45:03] Modify product: UPF0053 inner membrane protein YoaE => hypothetical protein
[10:45:03] Modify product: Probable lipid kinase YegS => putative lipid kinase YegS
[10:45:03] Modify product: Probable D,D-dipeptide transport system permease protein DdpC => putative D,D-dipeptide transport system permease protein DdpC
[10:45:03] Modify product: Probable D,D-dipeptide-binding periplasmic protein DdpA => putative D,D-dipeptide-binding periplasmic protein DdpA
[10:45:03] Modify product: Uncharacterized N-acetyltransferase YafP => putative N-acetyltransferase YafP
[10:45:03] Modify product: UPF0387 membrane protein YohO => hypothetical protein
[10:45:03] Modify product: UPF0299 membrane protein YohJ => hypothetical protein
[10:45:03] Modify product: Uncharacterized HTH-type transcriptional regulator YeiE => putative HTH-type transcriptional regulator YeiE
[10:45:03] Modify product: UPF0324 inner membrane protein YeiH => hypothetical protein
[10:45:03] Modify product: Probable cyclic di-GMP phosphodiesterase PdeN => putative cyclic di-GMP phosphodiesterase PdeN
[10:45:03] Modify product: Uncharacterized protein YejA => putative protein YejA
[10:45:03] Modify product: Uncharacterized ABC transporter ATP-binding protein YejF => putative ABC transporter ATP-binding protein YejF
[10:45:03] Modify product: Uncharacterized protein YejG => putative protein YejG
[10:45:03] Modify product: UPF0352 protein YejL => hypothetical protein
[10:45:03] Modify product: Putative transport protein Rv1101c => Putative transport protein
[10:45:03] Modify product: Uncharacterized HTH-type transcriptional regulator RhmR => putative HTH-type transcriptional regulator RhmR
[10:45:03] Modify product: Probable HTH-type transcriptional regulator LrhA => putative HTH-type transcriptional regulator LrhA
[10:45:03] Modify product: UPF0304 protein YfbU => hypothetical protein
[10:45:03] Modify product: UPF0208 membrane protein YfbV => hypothetical protein
[10:45:03] Modify product: Uncharacterized Nudix hydrolase YfcD => putative Nudix hydrolase YfcD
[10:45:03] Modify product: Epimerase family protein SA0724 => Epimerase family protein
[10:45:03] Modify product: Uncharacterized MFS-type transporter YfcJ => putative MFS-type transporter YfcJ
[10:45:03] Modify product: Probable membrane transporter protein YfcA => putative membrane transporter protein YfcA
[10:45:03] Modify product: UPF0381 protein YiiS => hypothetical protein
[10:45:03] Modify product: Uncharacterized HTH-type transcriptional regulator HI_1476 => putative HTH-type transcriptional regulator
[10:45:03] Modify product: HTH-type transcriptional regulator XC_2801 => HTH-type transcriptional regulator
[10:45:03] Modify product: Probable cyclic di-GMP phosphodiesterase PdeC => putative cyclic di-GMP phosphodiesterase PdeC
[10:45:03] Modify product: Cyclic di-GMP phosphodiesterase PA2567 => Cyclic di-GMP phosphodiesterase
[10:45:03] Modify product: Probable iron export ATP-binding protein FetA => putative iron export ATP-binding protein FetA
[10:45:03] Modify product: Probable iron export permease protein FetB => putative iron export permease protein FetB
[10:45:03] Modify product: Uncharacterized ABC transporter ATP-binding protein Rv0986 => putative ABC transporter ATP-binding protein
[10:45:03] Modify product: Bifunctional protein FolD => Bifunctional protein FolD protein
[10:45:03] Modify product: Uncharacterized protein HI_1410 => putative protein
[10:45:03] Modify product: Probable fimbrial chaperone YadV => putative fimbrial chaperone YadV
[10:45:03] Modify product: Uncharacterized protein YncE => putative protein YncE
[10:45:03] Modify product: Uncharacterized protein Rv0906 => putative protein
[10:45:03] Modify product: Probable cation-transporting ATPase F => putative cation-transporting ATPase F
[10:45:03] Modify product: Probable D,D-dipeptide transport system permease protein DdpC => putative D,D-dipeptide transport system permease protein DdpC
[10:45:03] Modify product: Probable D,D-dipeptide-binding periplasmic protein DdpA => putative D,D-dipeptide-binding periplasmic protein DdpA
[10:45:03] Modify product: Uncharacterized sugar kinase YdjH => putative sugar kinase YdjH
[10:45:03] Modify product: Uncharacterized protein YbdM => putative protein YbdM
[10:45:03] Modify product: Uncharacterized HTH-type transcriptional regulator YbdO => putative HTH-type transcriptional regulator YbdO
[10:45:03] Modify product: Uncharacterized HTH-type transcriptional regulator YbdO => putative HTH-type transcriptional regulator YbdO
[10:45:03] Modify product: UPF0250 protein YbeD => hypothetical protein
[10:45:04] Modify product: Uncharacterized lipoprotein ChiQ => putative lipoprotein ChiQ
[10:45:04] Modify product: Uncharacterized protein YbfE => putative protein YbfE
[10:45:04] Modify product: GTP cyclohydrolase 1 type 2 homolog => GTP cyclohydrolase 1 type 2 
[10:45:04] Modify product: Probable two-component-system connector protein AriR => putative two-component-system connector protein AriR
[10:45:04] Modify product: Probable two-component-system connector protein YcgZ => putative two-component-system connector protein YcgZ
[10:45:04] Modify product: Probable cation-transporting ATPase F => putative cation-transporting ATPase F
[10:45:04] Modify product: UPF0098 protein YbhB => hypothetical protein
[10:45:04] Modify product: Probable multidrug ABC transporter permease YbhR => putative multidrug ABC transporter permease YbhR
[10:45:04] Modify product: Probable multidrug ABC transporter permease YbhS => putative multidrug ABC transporter permease YbhS
[10:45:04] Modify product: Probable multidrug ABC transporter ATP-binding protein YbhF => putative multidrug ABC transporter ATP-binding protein YbhF
[10:45:04] Modify product: UPF0194 membrane protein YbhG => hypothetical protein
[10:45:04] Modify product: Probable galactarate/D-glucarate transporter GudP => putative galactarate/D-glucarate transporter GudP
[10:45:04] Modify product: Uncharacterized protein YbiB => putative protein YbiB
[10:45:04] Modify product: Uncharacterized protein YbiI => putative protein YbiI
[10:45:04] Modify product: Uncharacterized protein McbA => putative protein McbA
[10:45:04] Modify product: Probable L,D-transpeptidase YbiS => putative L,D-transpeptidase YbiS
[10:45:04] Modify product: Probable ATP-binding protein YbiT => putative ATP-binding protein YbiT
[10:45:04] Modify product: Uncharacterized protein YbiU => putative protein YbiU
[10:45:04] Modify product: Probable dehydratase YbiW => putative dehydratase YbiW
[10:45:04] Modify product: Uncharacterized protein YbiI => putative protein YbiI
[10:45:04] Modify product: Uncharacterized protein YbjN => putative protein YbjN
[10:45:04] Modify product: Uncharacterized lipoprotein YbjP => putative lipoprotein YbjP
[10:45:04] Modify product: Uncharacterized MFS-type transporter YcaD => putative MFS-type transporter YcaD
[10:45:04] Modify product: UPF0434 protein YcaR => hypothetical protein
[10:45:04] Modify product: Probable L,D-transpeptidase YcbB => putative L,D-transpeptidase YcbB
[10:45:04] Modify product: Uncharacterized protein YcbX => putative protein YcbX
[10:45:04] Modify product: Uncharacterized protein YccU => putative protein YccU
[10:45:04] Modify product: UPF0098 protein YbcL => hypothetical protein
[10:45:04] Modify product: Probable cyclic di-GMP phosphodiesterase PdeG => putative cyclic di-GMP phosphodiesterase PdeG
[10:45:04] Modify product: Uncharacterized protein YccJ => putative protein YccJ
[10:45:04] Modify product: Probable malonic semialdehyde reductase RutE => putative malonic semialdehyde reductase RutE
[10:45:04] Modify product: Probable hydrolase YcaC => putative hydrolase YcaC
[10:45:04] Modify product: HTH-type transcriptional regulator XC_2801 => HTH-type transcriptional regulator
[10:45:04] Modify product: Probable phosphatase YcdX => putative phosphatase YcdX
[10:45:04] Modify product: Uncharacterized lipoprotein YceB => putative lipoprotein YceB
[10:45:04] Modify product: UPF0502 protein YceH => hypothetical protein
[10:45:04] Modify product: Probable lipid II flippase MurJ => putative lipid II flippase MurJ
[10:45:04] Modify product: Uncharacterized metal-dependent hydrolase YcfH => putative metal-dependent hydrolase YcfH
[10:45:04] Modify product: UPF0227 protein YcfP => hypothetical protein
[10:45:04] Modify product: Probable L,D-transpeptidase YcfS => putative L,D-transpeptidase YcfS
[10:45:04] Modify product: Putative virulence-regulating protein PA2146 => Putative virulence-regulating protein
[10:45:04] Modify product: Uncharacterized membrane protein YoaK => putative membrane protein YoaK
[10:45:04] Modify product: HTH-type transcriptional regulator XC_2801 => HTH-type transcriptional regulator
[10:45:04] Modify product: UPF0229 protein YeaH => hypothetical protein
[10:45:04] Modify product: Uncharacterized acyl-CoA thioester hydrolase HI_0827 => putative acyl-CoA thioester hydrolase
[10:45:04] Modify product: UPF0259 membrane protein YciC => hypothetical protein
[10:45:04] Modify product: PKHD-type hydroxylase Sbal_3634 => PKHD-type hydroxylase
[10:45:04] Modify product: Uncharacterized protein YciO => putative protein YciO
[10:45:04] Modify product: Uncharacterized oxidoreductase YciK => putative oxidoreductase YciK
[10:45:04] Modify product: Probable protease SohB => putative protease SohB
[10:45:04] Modify product: Uncharacterized protein YciH => putative protein YciH
[10:45:04] Modify product: UPF0509 protein YciZ => hypothetical protein
[10:45:04] Modify product: UPF0283 membrane protein YcjF => hypothetical protein
[10:45:04] Modify product: Probable 6-phospho-beta-glucosidase => putative 6-phospho-beta-glucosidase
[10:45:04] Modify product: Uncharacterized protein PA2218 => putative protein
[10:45:04] Modify product: Uncharacterized oxidoreductase YtbE => putative oxidoreductase YtbE
[10:45:04] Modify product: HTH-type transcriptional regulator XC_2801 => HTH-type transcriptional regulator
[10:45:04] Modify product: HTH-type transcriptional regulator XC_2801 => HTH-type transcriptional regulator
[10:45:04] Modify product: Probable D-methionine-binding lipoprotein MetQ => putative D-methionine-binding lipoprotein MetQ
[10:45:04] Modify product: Uncharacterized oxidoreductase YdgJ => putative oxidoreductase YdgJ
[10:45:04] Modify product: Probable phospholipid transport protein YdbH => putative phospholipid transport protein YdbH
[10:45:04] Modify product: Uncharacterized protein YdfO => putative protein YdfO
[10:45:04] Modify product: Probable transporter YedE => putative transporter YedE
[10:45:04] Modify product: Probable DNA endonuclease SmrA => putative DNA endonuclease SmrA
[10:45:04] Modify product: Uncharacterized serine protease YdgD => putative serine protease YdgD
[10:45:04] Modify product: Uncharacterized protein YnfD => putative protein YnfD
[10:45:04] Modify product: UPF0482 protein YnfB => hypothetical protein
[10:45:04] Modify product: UPF0060 membrane protein YnfA => hypothetical protein
[10:45:04] Modify product: Probable L-galactonate transporter => putative L-galactonate transporter
[10:45:04] Modify product: Probable amino-acid metabolite efflux pump => putative amino-acid metabolite efflux pump
[10:45:04] Modify product: UPF0056 inner membrane protein MarC => hypothetical protein
[10:45:04] Modify product: Uncharacterized isomerase YddE => putative isomerase YddE
[10:45:04] Modify product: Probable galactarate/D-glucarate transporter GudP => putative galactarate/D-glucarate transporter GudP
[10:45:04] Modify product: Uncharacterized MFS-type transporter YhhS => putative MFS-type transporter YhhS
[10:45:04] Modify product: Uncharacterized protein YycE => putative protein YycE
[10:45:04] Cleaned 308 /product names
[10:45:04] Deleting unwanted file: results/prokka_annotations/GCA_055721625.1/GCA_055721625.1.sprot.tmp.92292.faa
[10:45:04] Deleting unwanted file: results/prokka_annotations/GCA_055721625.1/GCA_055721625.1.sprot.tmp.92292.blast
[10:45:05] There are still 1336 unannotated CDS left (started with 5252)
[10:45:05] Will use hmmer3 to search against /opt/conda/envs/prokka_env/db/hmm/HAMAP.hmm with 2 CPUs
[10:45:05] Running: cat results\/prokka_annotations\/GCA_055721625\.1\/GCA_055721625\.1\.HAMAP\.hmm\.tmp\.92292\.faa | parallel --gnu --plain -j 2 --block 82213 --recstart '>' --pipe hmmscan --noali --notextw --acc -E 1e-09 --cpu 1 /opt/conda/envs/prokka_env/db/hmm/HAMAP.hmm /dev/stdin > results\/prokka_annotations\/GCA_055721625\.1\/GCA_055721625\.1\.HAMAP\.hmm\.tmp\.92292\.hmmer3 2> /dev/null
[10:45:54] Modify product: Uncharacterized MFS-type transporter YfcJ => putative MFS-type transporter YfcJ
[10:45:54] Modify product: Uncharacterized MFS-type transporter YcaD => putative MFS-type transporter YcaD
[10:45:54] Cleaned 2 /product names
[10:45:54] Deleting unwanted file: results/prokka_annotations/GCA_055721625.1/GCA_055721625.1.HAMAP.hmm.tmp.92292.faa
[10:45:54] Deleting unwanted file: results/prokka_annotations/GCA_055721625.1/GCA_055721625.1.HAMAP.hmm.tmp.92292.hmmer3
[10:45:54] Labelling remaining 1208 proteins as 'hypothetical protein'
[10:45:54] Possible /pseudo 'Alpha-ketoglutarate permease' at CM146772.1 position 203893
[10:45:54] Possible /pseudo 'Manganese transport system membrane protein MntB' at CM146772.1 position 355083
[10:45:54] Possible /pseudo 'Pyrimidine/purine nucleotide 5'-monophosphate nucleosidase' at CM146772.1 position 432538
[10:45:54] Possible /pseudo '2-dehydro-3-deoxy-D-gluconate 5-dehydrogenase' at CM146772.1 position 576488
[10:45:54] Possible /pseudo 'ISKra4 family transposase ISCep1' at CM146772.1 position 598647
[10:45:54] Possible /pseudo 'Putative membrane-bound redox modulator Alx' at CM146772.1 position 823762
[10:45:54] Possible /pseudo 'Malonyl-S-ACP:biotin-protein carboxyltransferase MADC' at CM146772.1 position 873671
[10:45:54] Possible /pseudo 'Tryptophan-specific transport protein' at CM146772.1 position 874791
[10:45:54] Possible /pseudo 'Serine endoprotease DegS' at CM146772.1 position 941407
[10:45:54] Possible /pseudo 'Intermembrane phospholipid transporter YhdP' at CM146772.1 position 953675
[10:45:54] Possible /pseudo 'Siroheme synthase' at CM146772.1 position 1053513
[10:45:54] Possible /pseudo 'Glyoxylate/hydroxypyruvate reductase B' at CM146772.1 position 1244239
[10:45:54] Possible /pseudo 'Glycerol uptake facilitator protein' at CM146772.1 position 1344231
[10:45:54] Possible /pseudo 'ATP synthase subunit beta' at CM146772.1 position 1473756
[10:45:54] Possible /pseudo 'Formate dehydrogenase-O major subunit' at CM146772.1 position 1531545
[10:45:54] Possible /pseudo 'ATP-dependent protease ATPase subunit HslU' at CM146772.1 position 1566769
[10:45:54] Possible /pseudo 'Peptidyl-prolyl cis-trans isomerase C' at CM146772.1 position 1621706
[10:45:54] Possible /pseudo 'Formate dehydrogenase H' at CM146772.1 position 1847202
[10:45:54] Possible /pseudo 'IS3 family transposase ISKpn1' at CM146772.1 position 1887312
[10:45:54] Possible /pseudo 'Epoxyqueuosine reductase' at CM146772.1 position 1930950
[10:45:54] Possible /pseudo '3D-(3,5/4)-trihydroxycyclohexane-1,2-dione hydrolase' at CM146772.1 position 2055062
[10:45:54] Possible /pseudo 'IS3 family transposase IS1400' at CM146772.1 position 2088342
[10:45:54] Possible /pseudo 'IS3 family transposase ISYpe1' at CM146772.1 position 2095046
[10:45:54] Possible /pseudo 'IS3 family transposase ISKpn1' at CM146772.1 position 2108457
[10:45:54] Possible /pseudo 'Glutathione transferase FosA' at CM146772.1 position 2157427
[10:45:54] Possible /pseudo 'Homoprotocatechuate catabolism bifunctional isomerase/decarboxylase' at CM146772.1 position 2187847
[10:45:54] Possible /pseudo '[Ribosomal protein bS18]-alanine N-acetyltransferase' at CM146772.1 position 2207256
[10:45:54] Possible /pseudo 'Nickel/cobalt efflux system RcnA' at CM146772.1 position 2750906
[10:45:54] Possible /pseudo 'IS3 family transposase ISKpn1' at CM146772.1 position 3032286
[10:45:54] Possible /pseudo 'Dipeptide permease D' at CM146772.1 position 3132747
[10:45:54] Possible /pseudo 'Pyridoxal phosphate phosphatase YbhA' at CM146772.1 position 3188686
[10:45:54] Possible /pseudo 'IS3 family transposase ISKpn1' at CM146772.1 position 3205829
[10:45:54] Possible /pseudo '5-amino-6-(5-phospho-D-ribitylamino)uracil phosphatase YbjI' at CM146772.1 position 3306700
[10:45:54] Possible /pseudo 'L-carnitine/gamma-butyrobetaine antiporter' at CM146772.1 position 3516357
[10:45:54] Possible /pseudo 'IS3 family transposase ISKpn1' at CM146772.1 position 3710219
[10:45:54] Possible /pseudo '3-oxo-tetronate kinase' at CM146772.1 position 4072386
[10:45:54] Possible /pseudo 'High-affinity branched-chain amino acid transport ATP-binding protein LivF' at CM146772.1 position 4092250
[10:45:54] Possible /pseudo 'Formate dehydrogenase, nitrate-inducible, major subunit' at CM146772.1 position 4355810
[10:45:54] Possible /pseudo '3-(3-hydroxy-phenyl)propionate transporter' at CM146772.1 position 4607533
[10:45:54] Possible /pseudo 'Molybdate-binding protein MolA' at CM146772.1 position 4616537
[10:45:54] Possible /pseudo 'Periplasmic oligopeptide-binding protein OppA' at CM146772.1 position 4694999
[10:45:54] Possible /pseudo 'putative protein' at CM146772.1 position 4800971
[10:45:54] Possible /pseudo 'putative protein' at CM146772.1 position 4801894
[10:45:54] Possible /pseudo 'HTH-type transcriptional regulator cbl' at CM146772.1 position 4943531
[10:45:54] Possible /pseudo 'IS3 family transposase ISKpn1' at CM146772.1 position 4980164
[10:45:54] Possible /pseudo 'Histidine biosynthesis bifunctional protein HisIE' at CM146772.1 position 4994617
[10:45:54] Possible /pseudo 'Multidrug resistance protein MdtC' at CM146772.1 position 5051055
[10:45:54] Possible /pseudo 'HTH-type transcriptional regulator GalS' at CM146772.1 position 5120406
[10:45:54] Possible /pseudo 'Multiphosphoryl transfer protein' at CM146772.1 position 5134926
[10:45:54] Possible /pseudo 'Sugar efflux transporter B' at CM146772.1 position 5136536
[10:45:54] Possible /pseudo '3-ketoacyl-CoA thiolase FadI' at CM146772.1 position 5276615
[10:45:54] Possible /pseudo 'IS3 family transposase ISEcl1' at CM146772.1 position 5320117
[10:45:54] Possible /pseudo 'IS3 family transposase ISKpn38' at JBVQRW010000003.1 position 27990
[10:45:54] Possible /pseudo 'Arsenical pump-driving ATPase' at JBVQRW010000003.1 position 40385
[10:45:54] Possible /pseudo 'ISL3 family transposase ISEc38' at JBVQRW010000003.1 position 46192
[10:45:54] Possible /pseudo 'IS3 family transposase ISEcl1' at JBVQRW010000003.1 position 70465
[10:45:54] Possible /pseudo 'Coupling protein TraD' at JBVQRW010000003.1 position 139731
[10:45:54] Found 3155 unique /gene codes.
[10:45:54] Fixed 2 duplicate /gene - cbl_1 cbl_2
[10:45:54] Fixed 2 duplicate /gene - arsC_1 arsC_2
[10:45:54] Fixed 2 duplicate /gene - mqo_1 mqo_2
[10:45:54] Fixed 2 duplicate /gene - bcr_1 bcr_2
[10:45:54] Fixed 3 duplicate /gene - fdhF_1 fdhF_2 fdhF_3
[10:45:54] Fixed 2 duplicate /gene - yagG_1 yagG_2
[10:45:54] Fixed 2 duplicate /gene - oppF_1 oppF_2
[10:45:54] Fixed 3 duplicate /gene - rhtC_1 rhtC_2 rhtC_3
[10:45:54] Fixed 2 duplicate /gene - ybjI_1 ybjI_2
[10:45:54] Fixed 2 duplicate /gene - cutC_1 cutC_2
[10:45:54] Fixed 2 duplicate /gene - fhuC_1 fhuC_2
[10:45:54] Fixed 2 duplicate /gene - cobC_1 cobC_2
[10:45:54] Fixed 2 duplicate /gene - trmL_1 trmL_2
[10:45:54] Fixed 2 duplicate /gene - alx_1 alx_2
[10:45:54] Fixed 2 duplicate /gene - pgl_1 pgl_2
[10:45:54] Fixed 5 duplicate /gene - mntB_1 mntB_2 mntB_3 mntB_4 mntB_5
[10:45:54] Fixed 2 duplicate /gene - ybhF_1 ybhF_2
[10:45:54] Fixed 4 duplicate /gene - rbsA_1 rbsA_2 rbsA_3 rbsA_4
[10:45:54] Fixed 4 duplicate /gene - xylB_1 xylB_2 xylB_3 xylB_4
[10:45:54] Fixed 5 duplicate /gene - pgrR_1 pgrR_2 pgrR_3 pgrR_4 pgrR_5
[10:45:54] Fixed 2 duplicate /gene - hpf_1 hpf_2
[10:45:54] Fixed 6 duplicate /gene - cynR_1 cynR_2 cynR_3 cynR_4 cynR_5 cynR_6
[10:45:54] Fixed 2 duplicate /gene - dctA_1 dctA_2
[10:45:54] Fixed 2 duplicate /gene - otnK_1 otnK_2
[10:45:54] Fixed 2 duplicate /gene - norW_1 norW_2
[10:45:54] Fixed 4 duplicate /gene - lptB_1 lptB_2 lptB_3 lptB_4
[10:45:54] Fixed 2 duplicate /gene - mak_1 mak_2
[10:45:54] Fixed 8 duplicate /gene - rbsC_1 rbsC_2 rbsC_3 rbsC_4 rbsC_5 rbsC_6 rbsC_7 rbsC_8
[10:45:54] Fixed 4 duplicate /gene - exuT_1 exuT_2 exuT_3 exuT_4
[10:45:54] Fixed 3 duplicate /gene - mglA_1 mglA_2 mglA_3
[10:45:54] Fixed 2 duplicate /gene - oadG_1 oadG_2
[10:45:54] Fixed 2 duplicate /gene - purR_1 purR_2
[10:45:54] Fixed 2 duplicate /gene - ydhP_1 ydhP_2
[10:45:54] Fixed 3 duplicate /gene - bglH_1 bglH_2 bglH_3
[10:45:54] Fixed 3 duplicate /gene - glmS_1 glmS_2 glmS_3
[10:45:54] Fixed 3 duplicate /gene - ridA_1 ridA_2 ridA_3
[10:45:54] Fixed 2 duplicate /gene - fhuA_1 fhuA_2
[10:45:54] Fixed 4 duplicate /gene - hexR_1 hexR_2 hexR_3 hexR_4
[10:45:54] Fixed 2 duplicate /gene - rluA_1 rluA_2
[10:45:54] Fixed 2 duplicate /gene - ramA_1 ramA_2
[10:45:54] Fixed 2 duplicate /gene - cusF_1 cusF_2
[10:45:54] Fixed 2 duplicate /gene - parM_1 parM_2
[10:45:54] Fixed 2 duplicate /gene - cobD_1 cobD_2
[10:45:54] Fixed 2 duplicate /gene - ftnA_1 ftnA_2
[10:45:54] Fixed 2 duplicate /gene - fadI_1 fadI_2
[10:45:54] Fixed 2 duplicate /gene - mhpT_1 mhpT_2
[10:45:54] Fixed 4 duplicate /gene - gstB_1 gstB_2 gstB_3 gstB_4
[10:45:54] Fixed 2 duplicate /gene - ybdG_1 ybdG_2
[10:45:54] Fixed 3 duplicate /gene - pduJ_1 pduJ_2 pduJ_3
[10:45:54] Fixed 3 duplicate /gene - ttuB_1 ttuB_2 ttuB_3
[10:45:54] Fixed 2 duplicate /gene - cycA_1 cycA_2
[10:45:54] Fixed 2 duplicate /gene - rppH_1 rppH_2
[10:45:54] Fixed 5 duplicate /gene - crgA_1 crgA_2 crgA_3 crgA_4 crgA_5
[10:45:54] Fixed 2 duplicate /gene - ppnN_1 ppnN_2
[10:45:54] Fixed 3 duplicate /gene - pduO_1 pduO_2 pduO_3
[10:45:54] Fixed 2 duplicate /gene - atpD_1 atpD_2
[10:45:54] Fixed 3 duplicate /gene - arsA_1 arsA_2 arsA_3
[10:45:54] Fixed 2 duplicate /gene - arsD_1 arsD_2
[10:45:54] Fixed 3 duplicate /gene - tsaR_1 tsaR_2 tsaR_3
[10:45:54] Fixed 2 duplicate /gene - ilvB_1 ilvB_2
[10:45:54] Fixed 4 duplicate /gene - glpR_1 glpR_2 glpR_3 glpR_4
[10:45:54] Fixed 2 duplicate /gene - murQ_1 murQ_2
[10:45:54] Fixed 2 duplicate /gene - azoR_1 azoR_2
[10:45:54] Fixed 2 duplicate /gene - ssuC_1 ssuC_2
[10:45:54] Fixed 2 duplicate /gene - rstB_1 rstB_2
[10:45:54] Fixed 2 duplicate /gene - bamA_1 bamA_2
[10:45:54] Fixed 7 duplicate /gene - licC_1 licC_2 licC_3 licC_4 licC_5 licC_6 licC_7
[10:45:54] Fixed 2 duplicate /gene - dtpD_1 dtpD_2
[10:45:54] Fixed 2 duplicate /gene - ibpB_1 ibpB_2
[10:45:54] Fixed 2 duplicate /gene - ybdO_1 ybdO_2
[10:45:54] Fixed 3 duplicate /gene - xerC_1 xerC_2 xerC_3
[10:45:54] Fixed 2 duplicate /gene - fabD_1 fabD_2
[10:45:54] Fixed 2 duplicate /gene - pdxA2_1 pdxA2_2
[10:45:54] Fixed 3 duplicate /gene - glnH_1 glnH_2 glnH_3
[10:45:54] Fixed 3 duplicate /gene - madC_1 madC_2 madC_3
[10:45:54] Fixed 2 duplicate /gene - uxuA_1 uxuA_2
[10:45:54] Fixed 5 duplicate /gene - chbA_1 chbA_2 chbA_3 chbA_4 chbA_5
[10:45:54] Fixed 2 duplicate /gene - alsE_1 alsE_2
[10:45:54] Fixed 2 duplicate /gene - oadB_1 oadB_2
[10:45:54] Fixed 2 duplicate /gene - gatC_1 gatC_2
[10:45:54] Fixed 4 duplicate /gene - hcpA_1 hcpA_2 hcpA_3 hcpA_4
[10:45:54] Fixed 2 duplicate /gene - lpxL_1 lpxL_2
[10:45:54] Fixed 3 duplicate /gene - ulaC_1 ulaC_2 ulaC_3
[10:45:54] Fixed 2 duplicate /gene - bglF_1 bglF_2
[10:45:54] Fixed 2 duplicate /gene - artJ_1 artJ_2
[10:45:54] Fixed 2 duplicate /gene - glpE_1 glpE_2
[10:45:54] Fixed 2 duplicate /gene - yabI_1 yabI_2
[10:45:54] Fixed 2 duplicate /gene - nodD2_1 nodD2_2
[10:45:54] Fixed 2 duplicate /gene - topA_1 topA_2
[10:45:54] Fixed 2 duplicate /gene - hslU_1 hslU_2
[10:45:54] Fixed 2 duplicate /gene - glgS_1 glgS_2
[10:45:54] Fixed 2 duplicate /gene - lsrD_1 lsrD_2
[10:45:54] Fixed 2 duplicate /gene - puuB_1 puuB_2
[10:45:54] Fixed 4 duplicate /gene - norR_1 norR_2 norR_3 norR_4
[10:45:54] Fixed 4 duplicate /gene - dmlR_1 dmlR_2 dmlR_3 dmlR_4
[10:45:54] Fixed 3 duplicate /gene - ascG_1 ascG_2 ascG_3
[10:45:54] Fixed 2 duplicate /gene - eutC_1 eutC_2
[10:45:54] Fixed 4 duplicate /gene - rbsR_1 rbsR_2 rbsR_3 rbsR_4
[10:45:54] Fixed 2 duplicate /gene - traI_1 traI_2
[10:45:54] Fixed 2 duplicate /gene - gntR_1 gntR_2
[10:45:54] Fixed 2 duplicate /gene - dsbD_1 dsbD_2
[10:45:54] Fixed 2 duplicate /gene - kefC_1 kefC_2
[10:45:54] Fixed 4 duplicate /gene - ulaA_1 ulaA_2 ulaA_3 ulaA_4
[10:45:54] Fixed 2 duplicate /gene - ctpF_1 ctpF_2
[10:45:54] Fixed 2 duplicate /gene - nfdA_1 nfdA_2
[10:45:54] Fixed 2 duplicate /gene - rcnA_1 rcnA_2
[10:45:54] Fixed 4 duplicate /gene - sorC_1 sorC_2 sorC_3 sorC_4
[10:45:54] Fixed 2 duplicate /gene - hisJ_1 hisJ_2
[10:45:54] Fixed 2 duplicate /gene - xylG_1 xylG_2
[10:45:54] Fixed 3 duplicate /gene - metN_1 metN_2 metN_3
[10:45:54] Fixed 2 duplicate /gene - xerD_1 xerD_2
[10:45:54] Fixed 4 duplicate /gene - tssK1_1 tssK1_2 tssK1_3 tssK1_4
[10:45:54] Fixed 2 duplicate /gene - csbX_1 csbX_2
[10:45:54] Fixed 2 duplicate /gene - fepA_1 fepA_2
[10:45:54] Fixed 2 duplicate /gene - ugpB_1 ugpB_2
[10:45:54] Fixed 2 duplicate /gene - pcpR_1 pcpR_2
[10:45:54] Fixed 2 duplicate /gene - madA_1 madA_2
[10:45:54] Fixed 5 duplicate /gene - malP_1 malP_2 malP_3 malP_4 malP_5
[10:45:54] Fixed 3 duplicate /gene - adhE_1 adhE_2 adhE_3
[10:45:54] Fixed 2 duplicate /gene - malK_1 malK_2
[10:45:54] Fixed 2 duplicate /gene - fbaA_1 fbaA_2
[10:45:54] Fixed 2 duplicate /gene - feaB_1 feaB_2
[10:45:54] Fixed 3 duplicate /gene - ssuA_1 ssuA_2 ssuA_3
[10:45:54] Fixed 2 duplicate /gene - bioH_1 bioH_2
[10:45:54] Fixed 2 duplicate /gene - yjiE_1 yjiE_2
[10:45:54] Fixed 3 duplicate /gene - talB_1 talB_2 talB_3
[10:45:54] Fixed 3 duplicate /gene - hmuU_1 hmuU_2 hmuU_3
[10:45:54] Fixed 2 duplicate /gene - leuA_1 leuA_2
[10:45:54] Fixed 4 duplicate /gene - iolG_1 iolG_2 iolG_3 iolG_4
[10:45:54] Fixed 4 duplicate /gene - betI_1 betI_2 betI_3 betI_4
[10:45:54] Fixed 2 duplicate /gene - acrR_1 acrR_2
[10:45:54] Fixed 4 duplicate /gene - mdtA_1 mdtA_2 mdtA_3 mdtA_4
[10:45:54] Fixed 2 duplicate /gene - htrE_1 htrE_2
[10:45:54] Fixed 2 duplicate /gene - ydfK_1 ydfK_2
[10:45:54] Fixed 2 duplicate /gene - yiaW_1 yiaW_2
[10:45:54] Fixed 2 duplicate /gene - rafB_1 rafB_2
[10:45:54] Fixed 2 duplicate /gene - glnP_1 glnP_2
[10:45:54] Fixed 2 duplicate /gene - fimC_1 fimC_2
[10:45:54] Fixed 2 duplicate /gene - ddpA_1 ddpA_2
[10:45:54] Fixed 2 duplicate /gene - lgdh_1 lgdh_2
[10:45:54] Fixed 2 duplicate /gene - aspT_1 aspT_2
[10:45:54] Fixed 2 duplicate /gene - aaeB_1 aaeB_2
[10:45:54] Fixed 2 duplicate /gene - tktA_1 tktA_2
[10:45:54] Fixed 4 duplicate /gene - lamB_1 lamB_2 lamB_3 lamB_4
[10:45:54] Fixed 2 duplicate /gene - fosA_1 fosA_2
[10:45:54] Fixed 2 duplicate /gene - ompN_1 ompN_2
[10:45:54] Fixed 3 duplicate /gene - dppF_1 dppF_2 dppF_3
[10:45:54] Fixed 3 duplicate /gene - aegA_1 aegA_2 aegA_3
[10:45:54] Fixed 2 duplicate /gene - glpT_1 glpT_2
[10:45:54] Fixed 2 duplicate /gene - shiA_1 shiA_2
[10:45:54] Fixed 2 duplicate /gene - rutB_1 rutB_2
[10:45:54] Fixed 2 duplicate /gene - cmoO_1 cmoO_2
[10:45:54] Fixed 2 duplicate /gene - yeaX_1 yeaX_2
[10:45:54] Fixed 3 duplicate /gene - ddpC_1 ddpC_2 ddpC_3
[10:45:54] Fixed 4 duplicate /gene - fimD_1 fimD_2 fimD_3 fimD_4
[10:45:54] Fixed 2 duplicate /gene - dgoK_1 dgoK_2
[10:45:54] Fixed 2 duplicate /gene - srlB_1 srlB_2
[10:45:54] Fixed 2 duplicate /gene - deoC_1 deoC_2
[10:45:54] Fixed 4 duplicate /gene - menH_1 menH_2 menH_3 menH_4
[10:45:54] Fixed 2 duplicate /gene - aroP_1 aroP_2
[10:45:54] Fixed 2 duplicate /gene - gdhA_1 gdhA_2
[10:45:54] Fixed 3 duplicate /gene - yhaJ_1 yhaJ_2 yhaJ_3
[10:45:54] Fixed 2 duplicate /gene - agp_1 agp_2
[10:45:54] Fixed 2 duplicate /gene - dmsB_1 dmsB_2
[10:45:54] Fixed 2 duplicate /gene - chcC2_1 chcC2_2
[10:45:54] Fixed 2 duplicate /gene - dsdC_1 dsdC_2
[10:45:54] Fixed 2 duplicate /gene - cysH_1 cysH_2
[10:45:54] Fixed 2 duplicate /gene - cdaR_1 cdaR_2
[10:45:54] Fixed 3 duplicate /gene - phoP_1 phoP_2 phoP_3
[10:45:54] Fixed 2 duplicate /gene - atoB_1 atoB_2
[10:45:54] Fixed 2 duplicate /gene - smoE_1 smoE_2
[10:45:54] Fixed 2 duplicate /gene - nagC_1 nagC_2
[10:45:54] Fixed 2 duplicate /gene - pdeH_1 pdeH_2
[10:45:54] Fixed 3 duplicate /gene - amiC_1 amiC_2 amiC_3
[10:45:54] Fixed 2 duplicate /gene - mdtC_1 mdtC_2
[10:45:54] Fixed 2 duplicate /gene - tssB1_1 tssB1_2
[10:45:54] Fixed 4 duplicate /gene - hipO_1 hipO_2 hipO_3 hipO_4
[10:45:54] Fixed 2 duplicate /gene - citA_1 citA_2
[10:45:54] Fixed 3 duplicate /gene - cytR_1 cytR_2 cytR_3
[10:45:54] Fixed 4 duplicate /gene - livH_1 livH_2 livH_3 livH_4
[10:45:54] Fixed 2 duplicate /gene - ygiW_1 ygiW_2
[10:45:54] Fixed 2 duplicate /gene - ghrA_1 ghrA_2
[10:45:54] Fixed 2 duplicate /gene - klcA_1 klcA_2
[10:45:54] Fixed 7 duplicate /gene - livF_1 livF_2 livF_3 livF_4 livF_5 livF_6 livF_7
[10:45:54] Fixed 2 duplicate /gene - asd_1 asd_2
[10:45:54] Fixed 3 duplicate /gene - pcaK_1 pcaK_2 pcaK_3
[10:45:54] Fixed 2 duplicate /gene - ettA_1 ettA_2
[10:45:54] Fixed 3 duplicate /gene - dam_1 dam_2 dam_3
[10:45:54] Fixed 2 duplicate /gene - codA_1 codA_2
[10:45:54] Fixed 4 duplicate /gene - tssF1_1 tssF1_2 tssF1_3 tssF1_4
[10:45:54] Fixed 3 duplicate /gene - cysG_1 cysG_2 cysG_3
[10:45:54] Fixed 3 duplicate /gene - umuC_1 umuC_2 umuC_3
[10:45:54] Fixed 3 duplicate /gene - cydB_1 cydB_2 cydB_3
[10:45:54] Fixed 2 duplicate /gene - lgoT_1 lgoT_2
[10:45:54] Fixed 2 duplicate /gene - bcsB_1 bcsB_2
[10:45:54] Fixed 2 duplicate /gene - pckA_1 pckA_2
[10:45:54] Fixed 2 duplicate /gene - rusA_1 rusA_2
[10:45:54] Fixed 3 duplicate /gene - uspG_1 uspG_2 uspG_3
[10:45:54] Fixed 3 duplicate /gene - tcyL_1 tcyL_2 tcyL_3
[10:45:54] Fixed 3 duplicate /gene - argP_1 argP_2 argP_3
[10:45:54] Fixed 2 duplicate /gene - lexA_1 lexA_2
[10:45:54] Fixed 3 duplicate /gene - slyA_1 slyA_2 slyA_3
[10:45:54] Fixed 6 duplicate /gene - vgrG2b_1 vgrG2b_2 vgrG2b_3 vgrG2b_4 vgrG2b_5 vgrG2b_6
[10:45:54] Fixed 2 duplicate /gene - hdeB_1 hdeB_2
[10:45:54] Fixed 2 duplicate /gene - htpX_1 htpX_2
[10:45:54] Fixed 2 duplicate /gene - qorA_1 qorA_2
[10:45:54] Fixed 2 duplicate /gene - hsrA_1 hsrA_2
[10:45:54] Fixed 2 duplicate /gene - tehA_1 tehA_2
[10:45:54] Fixed 2 duplicate /gene - traD_1 traD_2
[10:45:54] Fixed 3 duplicate /gene - yibH_1 yibH_2 yibH_3
[10:45:54] Fixed 2 duplicate /gene - yraI_1 yraI_2
[10:45:54] Fixed 2 duplicate /gene - yhhT_1 yhhT_2
[10:45:54] Fixed 3 duplicate /gene - manZ_1 manZ_2 manZ_3
[10:45:54] Fixed 3 duplicate /gene - dppB_1 dppB_2 dppB_3
[10:45:54] Fixed 5 duplicate /gene - rhaR_1 rhaR_2 rhaR_3 rhaR_4 rhaR_5
[10:45:54] Fixed 2 duplicate /gene - lysN_1 lysN_2
[10:45:54] Fixed 2 duplicate /gene - astB_1 astB_2
[10:45:54] Fixed 2 duplicate /gene - nupC_1 nupC_2
[10:45:54] Fixed 2 duplicate /gene - mgtE_1 mgtE_2
[10:45:54] Fixed 2 duplicate /gene - araB_1 araB_2
[10:45:54] Fixed 2 duplicate /gene - map_1 map_2
[10:45:54] Fixed 2 duplicate /gene - mtr_1 mtr_2
[10:45:54] Fixed 3 duplicate /gene - btuD_1 btuD_2 btuD_3
[10:45:54] Fixed 3 duplicate /gene - fruB_1 fruB_2 fruB_3
[10:45:54] Fixed 5 duplicate /gene - yajO_1 yajO_2 yajO_3 yajO_4 yajO_5
[10:45:54] Fixed 2 duplicate /gene - rhlE_1 rhlE_2
[10:45:54] Fixed 3 duplicate /gene - umuD_1 umuD_2 umuD_3
[10:45:54] Fixed 2 duplicate /gene - nlpD_1 nlpD_2
[10:45:54] Fixed 2 duplicate /gene - gltJ_1 gltJ_2
[10:45:54] Fixed 2 duplicate /gene - ybiI_1 ybiI_2
[10:45:54] Fixed 2 duplicate /gene - cobT_1 cobT_2
[10:45:54] Fixed 4 duplicate /gene - gabR_1 gabR_2 gabR_3 gabR_4
[10:45:54] Fixed 2 duplicate /gene - recF_1 recF_2
[10:45:54] Fixed 2 duplicate /gene - gltA_1 gltA_2
[10:45:54] Fixed 2 duplicate /gene - sgrR_1 sgrR_2
[10:45:54] Fixed 2 duplicate /gene - molA_1 molA_2
[10:45:54] Fixed 3 duplicate /gene - kgtP_1 kgtP_2 kgtP_3
[10:45:54] Fixed 2 duplicate /gene - xanP_1 xanP_2
[10:45:54] Fixed 3 duplicate /gene - yadV_1 yadV_2 yadV_3
[10:45:54] Fixed 4 duplicate /gene - aaeR_1 aaeR_2 aaeR_3 aaeR_4
[10:45:54] Fixed 2 duplicate /gene - ribZ_1 ribZ_2
[10:45:54] Fixed 2 duplicate /gene - sasA_1 sasA_2
[10:45:54] Fixed 2 duplicate /gene - dppD_1 dppD_2
[10:45:54] Fixed 2 duplicate /gene - dppA_1 dppA_2
[10:45:54] Fixed 2 duplicate /gene - astA_1 astA_2
[10:45:54] Fixed 2 duplicate /gene - sdaC_1 sdaC_2
[10:45:54] Fixed 2 duplicate /gene - astD_1 astD_2
[10:45:54] Fixed 2 duplicate /gene - ompA_1 ompA_2
[10:45:54] Fixed 2 duplicate /gene - mrkD_1 mrkD_2
[10:45:54] Fixed 3 duplicate /gene - intA_1 intA_2 intA_3
[10:45:54] Fixed 3 duplicate /gene - acrB_1 acrB_2 acrB_3
[10:45:54] Fixed 2 duplicate /gene - iolU_1 iolU_2
[10:45:54] Fixed 3 duplicate /gene - fruA_1 fruA_2 fruA_3
[10:45:54] Fixed 2 duplicate /gene - setB_1 setB_2
[10:45:54] Fixed 2 duplicate /gene - cds1_1 cds1_2
[10:45:54] Fixed 2 duplicate /gene - hisI_1 hisI_2
[10:45:54] Fixed 2 duplicate /gene - astE_1 astE_2
[10:45:54] Fixed 2 duplicate /gene - ppiC_1 ppiC_2
[10:45:54] Fixed 3 duplicate /gene - yicJ_1 yicJ_2 yicJ_3
[10:45:54] Fixed 2 duplicate /gene - rbn_1 rbn_2
[10:45:54] Fixed 2 duplicate /gene - clcB_1 clcB_2
[10:45:54] Fixed 3 duplicate /gene - kduD_1 kduD_2 kduD_3
[10:45:54] Fixed 2 duplicate /gene - ydiB_1 ydiB_2
[10:45:54] Fixed 2 duplicate /gene - queG_1 queG_2
[10:45:54] Fixed 2 duplicate /gene - lyx_1 lyx_2
[10:45:54] Fixed 2 duplicate /gene - ghrB_1 ghrB_2
[10:45:54] Fixed 2 duplicate /gene - repA_1 repA_2
[10:45:54] Fixed 4 duplicate /gene - sotB_1 sotB_2 sotB_3 sotB_4
[10:45:54] Fixed 2 duplicate /gene - yciE_1 yciE_2
[10:45:54] Fixed 2 duplicate /gene - yhdP_1 yhdP_2
[10:45:54] Fixed 2 duplicate /gene - pyrG_1 pyrG_2
[10:45:54] Fixed 2 duplicate /gene - dnaK_1 dnaK_2
[10:45:54] Fixed 3 duplicate /gene - lrp_1 lrp_2 lrp_3
[10:45:54] Fixed 3 duplicate /gene - citG_1 citG_2 citG_3
[10:45:54] Fixed 2 duplicate /gene - dadA_1 dadA_2
[10:45:54] Fixed 2 duplicate /gene - lacI_1 lacI_2
[10:45:54] Fixed 2 duplicate /gene - yheS_1 yheS_2
[10:45:54] Fixed 2 duplicate /gene - kdgK_1 kdgK_2
[10:45:54] Fixed 2 duplicate /gene - cydA_1 cydA_2
[10:45:54] Fixed 2 duplicate /gene - ada_1 ada_2
[10:45:54] Fixed 3 duplicate /gene - scrY_1 scrY_2 scrY_3
[10:45:54] Fixed 2 duplicate /gene - araC_1 araC_2
[10:45:54] Fixed 2 duplicate /gene - arnC_1 arnC_2
[10:45:54] Fixed 2 duplicate /gene - pncC_1 pncC_2
[10:45:54] Fixed 4 duplicate /gene - rbsK_1 rbsK_2 rbsK_3 rbsK_4
[10:45:54] Fixed 2 duplicate /gene - astC_1 astC_2
[10:45:54] Fixed 2 duplicate /gene - gmuD_1 gmuD_2
[10:45:54] Fixed 2 duplicate /gene - yhhS_1 yhhS_2
[10:45:54] Fixed 3 duplicate /gene - gltC_1 gltC_2 gltC_3
[10:45:54] Fixed 5 duplicate /gene - srlR_1 srlR_2 srlR_3 srlR_4 srlR_5
[10:45:54] Fixed 2 duplicate /gene - apbE_1 apbE_2
[10:45:54] Fixed 4 duplicate /gene - ygdR_1 ygdR_2 ygdR_3 ygdR_4
[10:45:54] Fixed 2 duplicate /gene - nudK_1 nudK_2
[10:45:54] Fixed 2 duplicate /gene - sacP_1 sacP_2
[10:45:54] Fixed 2 duplicate /gene - bepA_1 bepA_2
[10:45:54] Fixed 2 duplicate /gene - dmsA_1 dmsA_2
[10:45:54] Fixed 5 duplicate /gene - tcyJ_1 tcyJ_2 tcyJ_3 tcyJ_4 tcyJ_5
[10:45:54] Fixed 5 duplicate /gene - nimR_1 nimR_2 nimR_3 nimR_4 nimR_5
[10:45:54] Fixed 2 duplicate /gene - sad_1 sad_2
[10:45:54] Fixed 2 duplicate /gene - bcsQ_1 bcsQ_2
[10:45:54] Fixed 2 duplicate /gene - dgoT_1 dgoT_2
[10:45:54] Fixed 2 duplicate /gene - yncE_1 yncE_2
[10:45:54] Fixed 2 duplicate /gene - yedS_1 yedS_2
[10:45:54] Fixed 2 duplicate /gene - citB_1 citB_2
[10:45:54] Fixed 4 duplicate /gene - metI_1 metI_2 metI_3 metI_4
[10:45:54] Fixed 5 duplicate /gene - rcsC_1 rcsC_2 rcsC_3 rcsC_4 rcsC_5
[10:45:54] Fixed 2 duplicate /gene - ydgJ_1 ydgJ_2
[10:45:54] Fixed 2 duplicate /gene - dhaK_1 dhaK_2
[10:45:54] Fixed 2 duplicate /gene - ompR_1 ompR_2
[10:45:54] Fixed 3 duplicate /gene - iprA_1 iprA_2 iprA_3
[10:45:54] Fixed 2 duplicate /gene - btuF_1 btuF_2
[10:45:54] Fixed 2 duplicate /gene - tufA_1 tufA_2
[10:45:54] Fixed 4 duplicate /gene - pal_1 pal_2 pal_3 pal_4
[10:45:54] Fixed 2 duplicate /gene - tssC1_1 tssC1_2
[10:45:54] Fixed 2 duplicate /gene - glgC_1 glgC_2
[10:45:54] Fixed 3 duplicate /gene - frlB_1 frlB_2 frlB_3
[10:45:54] Fixed 2 duplicate /gene - ribX_1 ribX_2
[10:45:54] Fixed 2 duplicate /gene - dmsC_1 dmsC_2
[10:45:54] Fixed 2 duplicate /gene - fdnG_1 fdnG_2
[10:45:54] Fixed 2 duplicate /gene - pdeC_1 pdeC_2
[10:45:54] Fixed 2 duplicate /gene - msuD_1 msuD_2
[10:45:54] Fixed 2 duplicate /gene - jefA_1 jefA_2
[10:45:54] Fixed 2 duplicate /gene - mdtH_1 mdtH_2
[10:45:54] Fixed 3 duplicate /gene - gltR_1 gltR_2 gltR_3
[10:45:54] Fixed 3 duplicate /gene - rob_1 rob_2 rob_3
[10:45:54] Fixed 2 duplicate /gene - mltF_1 mltF_2
[10:45:54] Fixed 2 duplicate /gene - gabD_1 gabD_2
[10:45:54] Fixed 2 duplicate /gene - aaeA_1 aaeA_2
[10:45:54] Fixed 5 duplicate /gene - gcvA_1 gcvA_2 gcvA_3 gcvA_4 gcvA_5
[10:45:54] Fixed 2 duplicate /gene - yeaR_1 yeaR_2
[10:45:54] Fixed 2 duplicate /gene - oprM_1 oprM_2
[10:45:54] Fixed 2 duplicate /gene - yohK_1 yohK_2
[10:45:54] Fixed 2 duplicate /gene - rutC_1 rutC_2
[10:45:54] Fixed 3 duplicate /gene - nepI_1 nepI_2 nepI_3
[10:45:54] Fixed 2 duplicate /gene - mdtJ_1 mdtJ_2
[10:45:54] Fixed 3 duplicate /gene - rimI_1 rimI_2 rimI_3
[10:45:54] Fixed 2 duplicate /gene - por_1 por_2
[10:45:54] Fixed 2 duplicate /gene - lsrB_1 lsrB_2
[10:45:54] Fixed 4 duplicate /gene - metQ_1 metQ_2 metQ_3 metQ_4
[10:45:54] Fixed 2 duplicate /gene - norG_1 norG_2
[10:45:54] Fixed 2 duplicate /gene - ppa_1 ppa_2
[10:45:54] Fixed 2 duplicate /gene - dgoA_1 dgoA_2
[10:45:54] Fixed 2 duplicate /gene - caiT_1 caiT_2
[10:45:54] Fixed 2 duplicate /gene - cusC_1 cusC_2
[10:45:54] Fixed 2 duplicate /gene - silE_1 silE_2
[10:45:54] Fixed 2 duplicate /gene - proP_1 proP_2
[10:45:54] Fixed 2 duplicate /gene - yfcJ_1 yfcJ_2
[10:45:54] Fixed 2 duplicate /gene - tenA_1 tenA_2
[10:45:54] Fixed 2 duplicate /gene - malT_1 malT_2
[10:45:54] Fixed 2 duplicate /gene - ybhA_1 ybhA_2
[10:45:54] Fixed 3 duplicate /gene - glcR_1 glcR_2 glcR_3
[10:45:54] Fixed 2 duplicate /gene - ulaB_1 ulaB_2
[10:45:54] Fixed 2 duplicate /gene - guaD_1 guaD_2
[10:45:54] Fixed 2 duplicate /gene - yafP_1 yafP_2
[10:45:54] Fixed 2 duplicate /gene - mepM_1 mepM_2
[10:45:54] Fixed 2 duplicate /gene - clsA_1 clsA_2
[10:45:54] Fixed 4 duplicate /gene - bla_1 bla_2 bla_3 bla_4
[10:45:54] Fixed 2 duplicate /gene - ugpA_1 ugpA_2
[10:45:54] Fixed 2 duplicate /gene - dauA_1 dauA_2
[10:45:54] Fixed 3 duplicate /gene - oppA_1 oppA_2 oppA_3
[10:45:54] Fixed 2 duplicate /gene - licH_1 licH_2
[10:45:54] Fixed 2 duplicate /gene - oppD_1 oppD_2
[10:45:54] Fixed 3 duplicate /gene - ssuB_1 ssuB_2 ssuB_3
[10:45:54] Fixed 4 duplicate /gene - uup_1 uup_2 uup_3 uup_4
[10:45:54] Fixed 4 duplicate /gene - dapA_1 dapA_2 dapA_3 dapA_4
[10:45:54] Fixed 2 duplicate /gene - lon_1 lon_2
[10:45:54] Fixed 2 duplicate /gene - aroE_1 aroE_2
[10:45:54] Fixed 2 duplicate /gene - ftsI_1 ftsI_2
[10:45:54] Fixed 3 duplicate /gene - pcaR_1 pcaR_2 pcaR_3
[10:45:54] Fixed 2 duplicate /gene - emrA_1 emrA_2
[10:45:54] Fixed 2 duplicate /gene - lrhA_1 lrhA_2
[10:45:54] Fixed 2 duplicate /gene - lysU_1 lysU_2
[10:45:54] Fixed 9 duplicate /gene - rhaS_1 rhaS_2 rhaS_3 rhaS_4 rhaS_5 rhaS_6 rhaS_7 rhaS_8 rhaS_9
[10:45:54] Fixed 2 duplicate /gene - silA_1 silA_2
[10:45:54] Fixed 2 duplicate /gene - tyrB_1 tyrB_2
[10:45:54] Fixed 2 duplicate /gene - bdcA_1 bdcA_2
[10:45:54] Fixed 2 duplicate /gene - hpcE_1 hpcE_2
[10:45:54] Fixed 2 duplicate /gene - fusA1_1 fusA1_2
[10:45:54] Fixed 2 duplicate /gene - ycaD_1 ycaD_2
[10:45:54] Fixed 2 duplicate /gene - proS_1 proS_2
[10:45:54] Fixed 2 duplicate /gene - sutR_1 sutR_2
[10:45:54] Fixed 2 duplicate /gene - ugpC_1 ugpC_2
[10:45:54] Fixed 2 duplicate /gene - mepS_1 mepS_2
[10:45:54] Fixed 2 duplicate /gene - yqhC_1 yqhC_2
[10:45:54] Fixed 2 duplicate /gene - hisC_1 hisC_2
[10:45:54] Fixed 3 duplicate /gene - lldR_1 lldR_2 lldR_3
[10:45:54] Fixed 2 duplicate /gene - oadA_1 oadA_2
[10:45:54] Fixed 2 duplicate /gene - bioD1_1 bioD1_2
[10:45:54] Fixed 2 duplicate /gene - zapE_1 zapE_2
[10:45:54] Fixed 2 duplicate /gene - pat_1 pat_2
[10:45:54] Fixed 2 duplicate /gene - aqpZ_1 aqpZ_2
[10:45:54] Fixed 3 duplicate /gene - sorB_1 sorB_2 sorB_3
[10:45:54] Fixed 2 duplicate /gene - sbnD_1 sbnD_2
[10:45:54] Fixed 2 duplicate /gene - galS_1 galS_2
[10:45:54] Fixed 2 duplicate /gene - eutB_1 eutB_2
[10:45:54] Fixed 5 duplicate /gene - oxyR_1 oxyR_2 oxyR_3 oxyR_4 oxyR_5
[10:45:54] Fixed 2 duplicate /gene - roxA_1 roxA_2
[10:45:54] Fixed 2 duplicate /gene - mdtM_1 mdtM_2
[10:45:54] Fixed 2 duplicate /gene - pduL_1 pduL_2
[10:45:54] Fixed 2 duplicate /gene - lldD_1 lldD_2
[10:45:54] Fixed 5 duplicate /gene - glnQ_1 glnQ_2 glnQ_3 glnQ_4 glnQ_5
[10:45:54] Fixed 2 duplicate /gene - kefF_1 kefF_2
[10:45:54] Fixed 3 duplicate /gene - bglA_1 bglA_2 bglA_3
[10:45:54] Fixed 4 duplicate /gene - hdfR_1 hdfR_2 hdfR_3 hdfR_4
[10:45:54] Fixed 2 duplicate /gene - bhsA_1 bhsA_2
[10:45:54] Fixed 2 duplicate /gene - fucP_1 fucP_2
[10:45:54] Fixed 2 duplicate /gene - pduD_1 pduD_2
[10:45:54] Fixed 2 duplicate /gene - blc_1 blc_2
[10:45:54] Fixed 2 duplicate /gene - cusR_1 cusR_2
[10:45:54] Fixed 2 duplicate /gene - artQ_1 artQ_2
[10:45:54] Fixed 3 duplicate /gene - gsiC_1 gsiC_2 gsiC_3
[10:45:54] Fixed 2 duplicate /gene - ptxR_1 ptxR_2
[10:45:54] Fixed 2 duplicate /gene - pduE_1 pduE_2
[10:45:54] Fixed 2 duplicate /gene - bluF_1 bluF_2
[10:45:54] Fixed 2 duplicate /gene - mngR_1 mngR_2
[10:45:54] Fixed 2 duplicate /gene - hxpB_1 hxpB_2
[10:45:54] Fixed 2 duplicate /gene - rssB_1 rssB_2
[10:45:54] Fixed 3 duplicate /gene - garK_1 garK_2 garK_3
[10:45:54] Fixed 4 duplicate /gene - celA_1 celA_2 celA_3 celA_4
[10:45:54] Fixed 2 duplicate /gene - ygaZ_1 ygaZ_2
[10:45:54] Fixed 2 duplicate /gene - fabF_1 fabF_2
[10:45:54] Fixed 3 duplicate /gene - potA_1 potA_2 potA_3
[10:45:54] Fixed 2 duplicate /gene - metC_1 metC_2
[10:45:54] Fixed 3 duplicate /gene - glpF_1 glpF_2 glpF_3
[10:45:54] Fixed 10 duplicate /gene - fabG_1 fabG_2 fabG_3 fabG_4 fabG_5 fabG_6 fabG_7 fabG_8 fabG_9 fabG_10
[10:45:54] Fixed 2 duplicate /gene - rhtB_1 rhtB_2
[10:45:54] Fixed 2 duplicate /gene - fumB_1 fumB_2
[10:45:54] Fixed 2 duplicate /gene - mexB_1 mexB_2
[10:45:54] Fixed 2 duplicate /gene - degS_1 degS_2
[10:45:54] Fixed 2 duplicate /gene - betB_1 betB_2
[10:45:54] Fixed 2 duplicate /gene - vldW_1 vldW_2
[10:45:54] Fixed 2 duplicate /gene - fdoG_1 fdoG_2
[10:45:54] Fixed 2 duplicate /gene - ahpC_1 ahpC_2
[10:45:54] Fixed 2 duplicate /gene - argE_1 argE_2
[10:45:54] Fixed 2 duplicate /gene - iolD_1 iolD_2
[10:45:54] Fixed 2 duplicate /gene - lsrF_1 lsrF_2
[10:45:54] Fixed 4 duplicate /gene - iolE_1 iolE_2 iolE_3 iolE_4
[10:45:54] Fixed 2 duplicate /gene - ymoA_1 ymoA_2
[10:45:54] Fixed 3 duplicate /gene - suhB_1 suhB_2 suhB_3
[10:45:54] Fixed 2 duplicate /gene - hisQ_1 hisQ_2
[10:45:54] Fixed 2 duplicate /gene - dgoR_1 dgoR_2
[10:45:54] Fixed 2 duplicate /gene - gsiD_1 gsiD_2
[10:45:54] Fixed 2 duplicate /gene - gsiA_1 gsiA_2
[10:45:54] Fixed 2 duplicate /gene - amaB_1 amaB_2
[10:45:54] Fixed 2 duplicate /gene - ybhR_1 ybhR_2
[10:45:54] Fixed 2 duplicate /gene - can_1 can_2
[10:45:54] Fixed 2 duplicate /gene - xylA_1 xylA_2
[10:45:54] Fixed 5 duplicate /gene - rbsB_1 rbsB_2 rbsB_3 rbsB_4 rbsB_5
[10:45:54] Fixed 4 duplicate /gene - gudP_1 gudP_2 gudP_3 gudP_4
[10:45:54] Fixed 2 duplicate /gene - carA_1 carA_2
[10:45:54] Fixed 450 colliding /gene names.
[10:45:54] Adding /locus_tag identifiers
[10:45:54] Assigned 5365 locus_tags to CDS and RNA features.
[10:45:54] Writing outputs to results/prokka_annotations/GCA_055721625.1/
[10:45:57] Generating annotation statistics file
[10:45:58] Generating Genbank and Sequin files
[10:45:58] Running: tbl2asn -V b -a r10k -l paired-ends -M n -N 1 -y 'Annotated using prokka 1.15.6 from https://github.com/tseemann/prokka' -Z results\/prokka_annotations\/GCA_055721625\.1\/GCA_055721625\.1\.err -i results\/prokka_annotations\/GCA_055721625\.1\/GCA_055721625\.1\.fsa 2> /dev/null
[10:46:07] Deleting unwanted file: results/prokka_annotations/GCA_055721625.1/errorsummary.val
[10:46:07] Deleting unwanted file: results/prokka_annotations/GCA_055721625.1/GCA_055721625.1.dr
[10:46:07] Deleting unwanted file: results/prokka_annotations/GCA_055721625.1/GCA_055721625.1.fixedproducts
[10:46:07] Deleting unwanted file: results/prokka_annotations/GCA_055721625.1/GCA_055721625.1.ecn
[10:46:07] Deleting unwanted file: results/prokka_annotations/GCA_055721625.1/GCA_055721625.1.val
[10:46:07] Repairing broken .GBK output that tbl2asn produces...
[10:46:07] Running: sed 's/COORDINATES: profile/COORDINATES:profile/' < results\/prokka_annotations\/GCA_055721625\.1\/GCA_055721625\.1\.gbf > results\/prokka_annotations\/GCA_055721625\.1\/GCA_055721625\.1\.gbk
[10:46:08] Deleting unwanted file: results/prokka_annotations/GCA_055721625.1/GCA_055721625.1.gbf
[10:46:08] Output files:
[10:46:08] results/prokka_annotations/GCA_055721625.1/GCA_055721625.1.sqn
[10:46:08] results/prokka_annotations/GCA_055721625.1/GCA_055721625.1.tsv
[10:46:08] results/prokka_annotations/GCA_055721625.1/GCA_055721625.1.gbk
[10:46:08] results/prokka_annotations/GCA_055721625.1/GCA_055721625.1.txt
[10:46:08] results/prokka_annotations/GCA_055721625.1/GCA_055721625.1.log
[10:46:08] results/prokka_annotations/GCA_055721625.1/GCA_055721625.1.ffn
[10:46:08] results/prokka_annotations/GCA_055721625.1/GCA_055721625.1.tbl
[10:46:08] results/prokka_annotations/GCA_055721625.1/GCA_055721625.1.gff
[10:46:08] results/prokka_annotations/GCA_055721625.1/GCA_055721625.1.err
[10:46:08] results/prokka_annotations/GCA_055721625.1/GCA_055721625.1.fna
[10:46:08] results/prokka_annotations/GCA_055721625.1/GCA_055721625.1.fsa
[10:46:08] results/prokka_annotations/GCA_055721625.1/GCA_055721625.1.faa
[10:46:08] Annotation finished successfully.
[10:46:08] Walltime used: 9.75 minutes
[10:46:08] If you use this result please cite the Prokka paper:
[10:46:08] Seemann T (2014) Prokka: rapid prokaryotic genome annotation. Bioinformatics. 30(14):2068-9.
[10:46:08] Type 'prokka --citation' for more details.
[10:46:08] Share and enjoy!
