[10:06:10] This is prokka 1.15.6
[10:06:10] Written by Torsten Seemann <torsten.seemann@gmail.com>
[10:06:10] Homepage is https://github.com/tseemann/prokka
[10:06:10] Local time is Wed Aug 26 10:06:10 2026
[10:06:10] You are codespace
[10:06:10] Operating system is linux
[10:06:10] You have BioPerl 1.7.8
[10:06:10] System has 2 cores.
[10:06:10] Will use maximum of 2 cores.
[10:06:10] Annotating as >>> Bacteria <<<
[10:06:10] Generating locus_tag from 'data/ncbi_dataset/data/GCA_055721565.1/GCA_055721565.1_ASM5572156v1_genomic.fna' contents.
[10:06:13] Setting --locustag BFKKNDMN from MD5 bf447d672e9005c4b8fa13757dc5a757
[10:06:13] Creating new output folder: results/prokka_annotations/GCA_055721565.1
[10:06:13] Running: mkdir -p results\/prokka_annotations\/GCA_055721565\.1
[10:06:13] Using filename prefix: GCA_055721565.1.XXX
[10:06:13] Setting HMMER_NCPU=1
[10:06:13] Writing log to: results/prokka_annotations/GCA_055721565.1/GCA_055721565.1.log
[10:06:13] Command: /opt/conda/envs/prokka_env/bin/prokka --outdir results/prokka_annotations/GCA_055721565.1 --prefix GCA_055721565.1 --kingdom Bacteria --genus Klebsiella --species pneumoniae --cpus 2 --force data/ncbi_dataset/data/GCA_055721565.1/GCA_055721565.1_ASM5572156v1_genomic.fna
[10:06:13] Looking for 'aragorn' - found /opt/conda/envs/prokka_env/bin/aragorn
[10:06:13] Determined aragorn version is v1.2 from 'ARAGORN v1.2.41 Dean Laslett'
[10:06:13] Looking for 'barrnap' - found /opt/conda/envs/prokka_env/bin/barrnap
[10:06:13] Determined barrnap version is v1.10 from 'barrnap 1.10.5'
[10:06:13] Looking for 'blastp' - found /opt/conda/envs/prokka_env/bin/blastp
[10:06:13] Determined blastp version is v2.17 from 'blastp: 2.17.0+'
[10:06:13] Looking for 'cmpress' - found /opt/conda/envs/prokka_env/bin/cmpress
[10:06:13] Determined cmpress version is v1.1 from '# INFERNAL 1.1.5 (Sep 2023)'
[10:06:13] Looking for 'cmscan' - found /opt/conda/envs/prokka_env/bin/cmscan
[10:06:13] Determined cmscan version is v1.1 from '# INFERNAL 1.1.5 (Sep 2023)'
[10:06:13] Looking for 'egrep' - found /usr/bin/egrep
[10:06:13] Looking for 'find' - found /usr/bin/find
[10:06:13] Looking for 'grep' - found /usr/bin/grep
[10:06:13] Looking for 'hmmpress' - found /opt/conda/envs/prokka_env/bin/hmmpress
[10:06:13] Determined hmmpress version is v3.4 from '# HMMER 3.4 (Aug 2023); http://hmmer.org/'
[10:06:13] Looking for 'hmmscan' - found /opt/conda/envs/prokka_env/bin/hmmscan
[10:06:13] Determined hmmscan version is v3.4 from '# HMMER 3.4 (Aug 2023); http://hmmer.org/'
[10:06:13] Looking for 'java' - found /opt/conda/envs/prokka_env/bin/java
[10:06:13] Looking for 'makeblastdb' - found /opt/conda/envs/prokka_env/bin/makeblastdb
[10:06:13] Determined makeblastdb version is v2.17 from 'makeblastdb: 2.17.0+'
[10:06:13] Looking for 'minced' - found /opt/conda/envs/prokka_env/bin/minced
[10:06:13] Determined minced version is v4.2 from 'minced 0.4.2'
[10:06:13] Looking for 'parallel' - found /opt/conda/envs/prokka_env/bin/parallel
[10:06:13] Determined parallel version is 20260722 from 'GNU parallel 20260722'
[10:06:13] Looking for 'prodigal' - found /opt/conda/envs/prokka_env/bin/prodigal
[10:06:13] Determined prodigal version is v2.6 from 'Prodigal V2.6.3: February, 2016'
[10:06:13] Looking for 'prokka-genbank_to_fasta_db' - found /opt/conda/envs/prokka_env/bin/prokka-genbank_to_fasta_db
[10:06:13] Looking for 'sed' - found /usr/bin/sed
[10:06:13] Looking for 'tbl2asn' - found /opt/conda/envs/prokka_env/bin/tbl2asn
[10:06:13] Determined tbl2asn version is v25.7 from 'tbl2asn 25.7   arguments:'
[10:06:13] Using genetic code table 11.
[10:06:13] Loading and checking input file: data/ncbi_dataset/data/GCA_055721565.1/GCA_055721565.1_ASM5572156v1_genomic.fna
[10:06:13] Wrote 4 contigs totalling 5735705 bp.
[10:06:13] Predicting tRNAs and tmRNAs
[10:06:13] Running: aragorn -l -gc11  -w results\/prokka_annotations\/GCA_055721565\.1\/GCA_055721565\.1\.fna
[10:06:16] 1 tRNA-Glu c[3303,3378] 35 (ttc)
[10:06:16] 2 tRNA-Leu c[64673,64757] 35 (caa)
[10:06:16] 3 tRNA-Gly c[195710,195785] 34 (gcc)
[10:06:16] 4 tRNA-Gly c[195858,195933] 34 (gcc)
[10:06:16] 5 tRNA-Gly c[196002,196077] 34 (gcc)
[10:06:16] 6 tRNA-Phe [236917,236992] 34 (gaa)
[10:06:16] 7 tRNA-Glu c[375362,375437] 35 (ttc)
[10:06:16] 8 tRNA-Thr c[412861,412936] 34 (ggt)
[10:06:16] 9 tRNA-Gly c[412942,413016] 34 (tcc)
[10:06:16] 10 tRNA-Tyr c[413132,413216] 35 (gta)
[10:06:16] 11 tRNA-Thr c[413227,413302] 34 (tgt)
[10:06:16] 12 tRNA-Ala c[420264,420339] 34 (tgc)
[10:06:16] 13 tRNA-Ile c[420376,420452] 35 (gat)
[10:06:16] 14 tRNA-Pro c[470306,470382] 35 (tgg)
[10:06:16] 15 tRNA-Leu c[470425,470511] 35 (cag)
[10:06:16] 16 tRNA-His c[470535,470610] 34 (gtg)
[10:06:16] 17 tRNA-Arg c[470666,470742] 35 (ccg)
[10:06:16] 18 tRNA-Trp c[508773,508848] 34 (cca)
[10:06:16] 19 tRNA-Asp c[508902,508978] 35 (gtc)
[10:06:16] 20 tRNA-Ala c[512331,512406] 34 (tgc)
[10:06:16] 21 tRNA-Ile c[512443,512519] 35 (gat)
[10:06:16] 22 tRNA-Glu c[611672,611747] 35 (ttc)
[10:06:16] 23 tRNA-SeC c[767267,767361] 35 (tca)
[10:06:16] 24 tRNA-Pro [897981,898057] 35 (cgg)
[10:06:16] 25 tRNA-Thr [1155610,1155685] 34 (ggt)
[10:06:16] 26 tRNA-Leu [1248636,1248722] 35 (gag)
[10:06:16] 27 tRNA-Met [1252653,1252729] 35 (cat)
[10:06:16] 28 tRNA-Met c[1346103,1346178] 34 (cat)
[10:06:16] 29 tRNA-Phe c[1430456,1430531] 34 (gaa)
[10:06:16] 30 tRNA-Gly [1506465,1506538] 33 (ccc)
[10:06:16] 31 tRNA-Met c[1664047,1664123] 35 (cat)
[10:06:16] 32 tRNA-Met c[1664156,1664232] 35 (cat)
[10:06:16] 33 tRNA-Met c[1664266,1664342] 35 (cat)
[10:06:16] 34 tRNA-Ser [1816441,1816533] 35 (gct)
[10:06:16] 35 tRNA-Arg [1816538,1816614] 35 (acg)
[10:06:16] 36 tRNA-Arg [1816765,1816841] 35 (acg)
[10:06:16] 37 tRNA-Arg [1816903,1816979] 35 (acg)
[10:06:16] 38 tRNA-Arg [1817208,1817284] 35 (acg)
[10:06:16] 39 tmRNA c[1879552,1879914] 90,125 ANDENYALAA**
[10:06:16] 40 tRNA-Glu [1908414,1908489] 35 (ttc)
[10:06:16] 41 tRNA-Lys c[2156400,2156475] 34 (ttt)
[10:06:16] 42 tRNA-Val c[2156480,2156555] 34 (tac)
[10:06:16] 43 tRNA-Val c[2156602,2156677] 34 (tac)
[10:06:16] 44 tRNA-Val c[2156723,2156798] 34 (tac)
[10:06:16] 45 tRNA-Ala [2159497,2159572] 34 (ggc)
[10:06:16] 46 tRNA-Arg c[2179896,2179970] 34 (cct)
[10:06:16] 47 tRNA-Pro c[2296745,2296821] 35 (ggg)
[10:06:16] 48 tRNA-Asn c[2508395,2508470] 34 (gtt)
[10:06:16] 49 tRNA-Asn [2510228,2510303] 34 (gtt)
[10:06:16] 50 tRNA-Asn c[2519151,2519226] 34 (gtt)
[10:06:16] 51 tRNA-Asn c[2524397,2524472] 34 (gtt)
[10:06:16] 52 tRNA-Ser [2525464,2525553] 35 (cga)
[10:06:16] 53 tRNA-Gly [2546658,2546733] 34 (gcc)
[10:06:16] 54 tRNA-Cys [2546774,2546847] 33 (gca)
[10:06:16] 55 tRNA-Leu [2546861,2546947] 35 (taa)
[10:06:16] 56 tRNA-Tyr c[2804029,2804113] 35 (gta)
[10:06:16] 57 tRNA-Tyr c[2804505,2804589] 35 (gta)
[10:06:16] 58 tRNA-Val c[3033919,3033995] 35 (gac)
[10:06:16] 59 tRNA-Val c[3034000,3034076] 35 (gac)
[10:06:16] 60 tRNA-Val c[3034081,3034157] 35 (gac)
[10:06:16] 61 tRNA-Ser [4022585,4022672] 35 (gga)
[10:06:16] 62 tRNA-Ser [4025666,4025753] 35 (gga)
[10:06:16] 63 tRNA-Ser c[4088219,4088306] 35 (tga)
[10:06:16] 64 tRNA-Lys c[4384924,4384999] 34 (ttt)
[10:06:16] 65 tRNA-Lys c[4385133,4385208] 34 (ttt)
[10:06:16] 66 tRNA-Lys c[4385355,4385430] 34 (ttt)
[10:06:16] 67 tRNA-Val c[4385434,4385509] 34 (tac)
[10:06:16] 68 tRNA-Lys c[4385659,4385734] 34 (ttt)
[10:06:16] 69 tRNA-Val c[4385737,4385812] 34 (tac)
[10:06:16] 70 tRNA-Lys c[4385938,4386013] 34 (ttt)
[10:06:16] 71 tRNA-Met [4444634,4444710] 35 (cat)
[10:06:16] 72 tRNA-Leu [4444719,4444803] 35 (tag)
[10:06:16] 73 tRNA-Gln [4444827,4444901] 33 (ttg)
[10:06:16] 74 tRNA-Gln [4444938,4445012] 33 (ttg)
[10:06:16] 75 tRNA-Met [4445036,4445112] 35 (cat)
[10:06:16] 76 tRNA-Gln [4445160,4445234] 33 (ctg)
[10:06:16] 77 tRNA-Gln [4445310,4445384] 33 (ctg)
[10:06:16] 78 tRNA-Arg c[4680715,4680791] 35 (tct)
[10:06:16] 79 tRNA-Thr [4895455,4895530] 34 (cgt)
[10:06:16] 80 tRNA-Asp c[4951205,4951281] 35 (gtc)
[10:06:16] 81 tRNA-Asp c[4960658,4960734] 35 (gtc)
[10:06:16] 82 tRNA-Ala c[4964176,4964251] 34 (tgc)
[10:06:16] 83 tRNA-Ile c[4964357,4964433] 35 (gat)
[10:06:16] 84 tRNA-Leu [5235293,5235379] 35 (cag)
[10:06:16] 85 tRNA-Leu [5235407,5235492] 36 (cag)
[10:06:16] 86 tRNA-Leu [5235525,5235611] 35 (cag)
[10:06:16] Found 86 tRNAs
[10:06:16] Predicting Ribosomal RNAs
[10:06:16] Running Barrnap with 2 threads
[10:06:47] 1 CM146769.1 7 5S ribosomal RNA
[10:06:47] 2 CM146769.1 219 23S ribosomal RNA
[10:06:47] 3 CM146769.1 3464 16S ribosomal RNA
[10:06:47] 4 CM146769.1 372062 5S ribosomal RNA
[10:06:47] 5 CM146769.1 372278 23S ribosomal RNA
[10:06:47] 6 CM146769.1 375523 16S ribosomal RNA
[10:06:47] 7 CM146769.1 416976 5S ribosomal RNA
[10:06:47] 8 CM146769.1 417188 23S ribosomal RNA
[10:06:47] 9 CM146769.1 420522 16S ribosomal RNA
[10:06:47] 10 CM146769.1 509036 5S ribosomal RNA
[10:06:47] 11 CM146769.1 509252 23S ribosomal RNA
[10:06:47] 12 CM146769.1 512589 16S ribosomal RNA
[10:06:47] 13 CM146769.1 608376 5S ribosomal RNA
[10:06:47] 14 CM146769.1 608588 23S ribosomal RNA
[10:06:47] 15 CM146769.1 611833 16S ribosomal RNA
[10:06:47] 16 CM146769.1 1150744 16S ribosomal RNA
[10:06:47] 17 CM146769.1 1152482 23S ribosomal RNA
[10:06:47] 18 CM146769.1 1155480 5S ribosomal RNA
[10:06:47] 19 CM146769.1 1155724 5S ribosomal RNA
[10:06:47] 20 CM146769.1 1906789 16S ribosomal RNA
[10:06:47] 21 CM146769.1 1908672 23S ribosomal RNA
[10:06:47] 22 CM146769.1 1911768 5S ribosomal RNA
[10:06:47] 23 CM146769.1 4960792 5S ribosomal RNA
[10:06:47] 24 CM146769.1 4961097 23S ribosomal RNA
[10:06:47] 25 CM146769.1 4964505 16S ribosomal RNA
[10:06:47] Found 25 rRNAs
[10:06:47] Skipping ncRNA search, enable with --rfam if desired.
[10:06:47] Total of 110 tRNA + rRNA features
[10:06:47] Searching for CRISPR repeats
[10:06:48] CRISPR1 CM146769.1 2938327 with 10 spacers
[10:06:48] CRISPR2 CM146769.1 2947657 with 13 spacers
[10:06:48] CRISPR3 JBVQRT010000002.1 104967 with 13 spacers
[10:06:48] Found 3 CRISPRs
[10:06:48] Predicting coding sequences
[10:06:48] Contigs total 5735705 bp, so using single mode
[10:06:48] Running: prodigal -i results\/prokka_annotations\/GCA_055721565\.1\/GCA_055721565\.1\.fna -c -m -g 11 -p single -f sco -q
[10:06:56] Excluding CDS which overlaps existing RNA (tRNA) at CM146769.1:470254..470406 on + strand
[10:06:57] Excluding CDS which overlaps existing RNA (tRNA) at CM146769.1:1252622..1252828 on - strand
[10:07:00] Excluding CDS which overlaps existing RNA (tRNA) at CM146769.1:3033921..3034406 on + strand
[10:07:02] Found 5323 CDS
[10:07:02] Connecting features back to sequences
[10:07:02] Not using genus-specific database. Try --usegenus to enable it.
[10:07:02] Annotating CDS, please be patient.
[10:07:02] Will use 2 CPUs for similarity searching.
[10:07:03] There are still 5323 unannotated CDS left (started with 5323)
[10:07:03] Will use blast to search against /opt/conda/envs/prokka_env/db/kingdom/Bacteria/IS with 2 CPUs
[10:07:03] Running: cat results\/prokka_annotations\/GCA_055721565\.1\/GCA_055721565\.1\.IS\.tmp\.73288\.faa | parallel --gnu --plain -j 2 --block 424762 --recstart '>' --pipe blastp -query - -db /opt/conda/envs/prokka_env/db/kingdom/Bacteria/IS -evalue 1e-30 -qcov_hsp_perc 90 -num_threads 1 -num_descriptions 1 -num_alignments 1 -seg no > results\/prokka_annotations\/GCA_055721565\.1\/GCA_055721565\.1\.IS\.tmp\.73288\.blast 2> /dev/null
[10:08:06] Deleting unwanted file: results/prokka_annotations/GCA_055721565.1/GCA_055721565.1.IS.tmp.73288.faa
[10:08:06] Deleting unwanted file: results/prokka_annotations/GCA_055721565.1/GCA_055721565.1.IS.tmp.73288.blast
[10:08:08] There are still 5250 unannotated CDS left (started with 5323)
[10:08:08] Will use blast to search against /opt/conda/envs/prokka_env/db/kingdom/Bacteria/AMR with 2 CPUs
[10:08:08] Running: cat results\/prokka_annotations\/GCA_055721565\.1\/GCA_055721565\.1\.AMR\.tmp\.73288\.faa | parallel --gnu --plain -j 2 --block 419639 --recstart '>' --pipe blastp -query - -db /opt/conda/envs/prokka_env/db/kingdom/Bacteria/AMR -evalue 1e-300 -qcov_hsp_perc 90 -num_threads 1 -num_descriptions 1 -num_alignments 1 -seg no > results\/prokka_annotations\/GCA_055721565\.1\/GCA_055721565\.1\.AMR\.tmp\.73288\.blast 2> /dev/null
[10:09:51] Deleting unwanted file: results/prokka_annotations/GCA_055721565.1/GCA_055721565.1.AMR.tmp.73288.faa
[10:09:51] Deleting unwanted file: results/prokka_annotations/GCA_055721565.1/GCA_055721565.1.AMR.tmp.73288.blast
[10:09:52] There are still 5213 unannotated CDS left (started with 5323)
[10:09:52] Will use blast to search against /opt/conda/envs/prokka_env/db/kingdom/Bacteria/sprot with 2 CPUs
[10:09:52] Running: cat results\/prokka_annotations\/GCA_055721565\.1\/GCA_055721565\.1\.sprot\.tmp\.73288\.faa | parallel --gnu --plain -j 2 --block 412799 --recstart '>' --pipe blastp -query - -db /opt/conda/envs/prokka_env/db/kingdom/Bacteria/sprot -evalue 1e-09 -qcov_hsp_perc 80 -num_threads 1 -num_descriptions 1 -num_alignments 1 -seg no > results\/prokka_annotations\/GCA_055721565\.1\/GCA_055721565\.1\.sprot\.tmp\.73288\.blast 2> /dev/null
[10:15:06] Modify product: UPF0235 protein YggU => hypothetical protein
[10:15:06] Modify product: Uncharacterized protein YggR => putative protein YggR
[10:15:06] Modify product: UPF0301 protein YqgE => hypothetical protein
[10:15:06] Modify product: UPF0149 protein HI_0817 => hypothetical protein
[10:15:06] Modify product: Uncharacterized oxidoreductase YgfF => putative oxidoreductase YgfF
[10:15:06] Modify product: UPF0073 inner membrane protein YqfA => hypothetical protein
[10:15:06] Modify product: Uncharacterized membrane protein YdfK => putative membrane protein YdfK
[10:15:06] Modify product: Uncharacterized protein YjdJ => putative protein YjdJ
[10:15:06] Modify product: Uncharacterized lipoprotein YgdR => putative lipoprotein YgdR
[10:15:06] Modify product: UPF0053 inner membrane protein YgdQ => hypothetical protein
[10:15:06] Modify product: Probable cobalt-factor III C(17)-methyltransferase => putative cobalt-factor III C(17)-methyltransferase
[10:15:06] Modify product: Uncharacterized lipoprotein YgdR => putative lipoprotein YgdR
[10:15:06] Modify product: UPF0382 inner membrane protein YgdD => hypothetical protein
[10:15:06] Modify product: Uncharacterized HTH-type transcriptional regulator YdjF => putative HTH-type transcriptional regulator YdjF
[10:15:06] Modify product: Uncharacterized protein YqcC => putative protein YqcC
[10:15:06] Modify product: Probable galactarate/D-glucarate transporter GudP => putative galactarate/D-glucarate transporter GudP
[10:15:06] Modify product: Probable UbiX-like flavin prenyltransferase => putative UbiX-like flavin prenyltransferase
[10:15:06] Modify product: Uncharacterized protein YgaM => putative protein YgaM
[10:15:06] Modify product: Probable fimbrial chaperone YraI => putative fimbrial chaperone YraI
[10:15:06] Modify product: Probable fimbrial chaperone YadV => putative fimbrial chaperone YadV
[10:15:06] Modify product: HTH-type transcriptional regulator XC_2801 => HTH-type transcriptional regulator
[10:15:06] Modify product: UPF0125 protein RatB => hypothetical protein
[10:15:06] Modify product: UPF0053 inner membrane protein YfjD => hypothetical protein
[10:15:06] Modify product: Uncharacterized tRNA/rRNA methyltransferase YfiF => putative tRNA/rRNA methyltransferase YfiF
[10:15:07] Modify product: Uncharacterized protein YphB => putative protein YphB
[10:15:07] Modify product: Probable 3-phenylpropionic acid transporter => putative 3-phenylpropionic acid transporter
[10:15:07] Modify product: Uncharacterized protein YfgJ => putative protein YfgJ
[10:15:07] Modify product: Uncharacterized protein YfgD => putative protein YfgD
[10:15:07] Modify product: Probable acetate kinase EutP => putative acetate kinase EutP
[10:15:07] Modify product: Probable alcohol dehydrogenase EutG => putative alcohol dehydrogenase EutG
[10:15:07] Modify product: Probable ethanolamine permease EutH => putative ethanolamine permease EutH
[10:15:07] Modify product: Uncharacterized protein YfeY => putative protein YfeY
[10:15:07] Modify product: Uncharacterized protein YybH => putative protein YybH
[10:15:07] Modify product: Probable cyclic di-GMP phosphodiesterase PdeA => putative cyclic di-GMP phosphodiesterase PdeA
[10:15:07] Modify product: Uncharacterized transporter YycB => putative transporter YycB
[10:15:07] Modify product: UPF0381 protein YiiS => hypothetical protein
[10:15:07] Modify product: Probable membrane transporter protein YfcA => putative membrane transporter protein YfcA
[10:15:07] Modify product: Uncharacterized MFS-type transporter YfcJ => putative MFS-type transporter YfcJ
[10:15:07] Modify product: Epimerase family protein SA0724 => Epimerase family protein
[10:15:07] Modify product: Uncharacterized Nudix hydrolase YfcD => putative Nudix hydrolase YfcD
[10:15:07] Modify product: UPF0208 membrane protein YfbV => hypothetical protein
[10:15:07] Modify product: UPF0304 protein YfbU => hypothetical protein
[10:15:07] Modify product: Probable HTH-type transcriptional regulator LrhA => putative HTH-type transcriptional regulator LrhA
[10:15:07] Modify product: Uncharacterized HTH-type transcriptional regulator RhmR => putative HTH-type transcriptional regulator RhmR
[10:15:07] Modify product: Putative transport protein Rv1101c => Putative transport protein
[10:15:07] Modify product: UPF0352 protein YejL => hypothetical protein
[10:15:07] Modify product: Uncharacterized protein YejG => putative protein YejG
[10:15:07] Modify product: Uncharacterized ABC transporter ATP-binding protein YejF => putative ABC transporter ATP-binding protein YejF
[10:15:07] Modify product: Uncharacterized protein YejA => putative protein YejA
[10:15:07] Modify product: Probable cyclic di-GMP phosphodiesterase PdeN => putative cyclic di-GMP phosphodiesterase PdeN
[10:15:07] Modify product: UPF0153 protein YeiW => hypothetical protein
[10:15:07] Modify product: UPF0324 inner membrane protein YeiH => hypothetical protein
[10:15:07] Modify product: Uncharacterized HTH-type transcriptional regulator YeiE => putative HTH-type transcriptional regulator YeiE
[10:15:07] Modify product: UPF0299 membrane protein YohJ => hypothetical protein
[10:15:07] Modify product: UPF0387 membrane protein YohO => hypothetical protein
[10:15:07] Modify product: Uncharacterized N-acetyltransferase YafP => putative N-acetyltransferase YafP
[10:15:07] Modify product: Probable D,D-dipeptide-binding periplasmic protein DdpA => putative D,D-dipeptide-binding periplasmic protein DdpA
[10:15:07] Modify product: Probable D,D-dipeptide transport system permease protein DdpC => putative D,D-dipeptide transport system permease protein DdpC
[10:15:07] Modify product: Probable lipid kinase YegS => putative lipid kinase YegS
[10:15:07] Modify product: UPF0053 inner membrane protein YoaE => hypothetical protein
[10:15:07] Modify product: Uncharacterized protein YeaR => putative protein YeaR
[10:15:07] Modify product: Probable FMN/FAD exporter YeeO => putative FMN/FAD exporter YeeO
[10:15:07] Modify product: Probable acrylyl-CoA reductase AcuI => putative acrylyl-CoA reductase AcuI
[10:15:07] Modify product: Probable L,D-transpeptidase ErfK/SrfK => putative L,D-transpeptidase ErfK/SrfK
[10:15:07] Modify product: HTH-type transcriptional regulator XC_2801 => HTH-type transcriptional regulator
[10:15:07] Modify product: Uncharacterized protein YedJ => putative protein YedJ
[10:15:07] Modify product: Uncharacterized inner membrane transporter YedA => putative inner membrane transporter YedA
[10:15:07] Modify product: Probable diguanylate cyclase DgcQ => putative diguanylate cyclase DgcQ
[10:15:07] Modify product: Probable transport protein HsrA => putative transport protein HsrA
[10:15:07] Modify product: Probable transcriptional regulatory protein YebC => putative transcriptional regulatory protein YebC
[10:15:07] Modify product: Uncharacterized protein YebY => putative protein YebY
[10:15:07] Modify product: Uncharacterized protein HI_0461 => putative protein
[10:15:07] Modify product: Uncharacterized protein YebV => putative protein YebV
[10:15:07] Modify product: Probable manganese efflux pump MntP => putative manganese efflux pump MntP
[10:15:07] Modify product: UPF0266 membrane protein YobD => hypothetical protein
[10:15:07] Modify product: UPF0053 inner membrane protein YoaE => hypothetical protein
[10:15:07] Modify product: Probable cyclic di-GMP phosphodiesterase PdeD => putative cyclic di-GMP phosphodiesterase PdeD
[10:15:07] Modify product: Nudix hydrolase DR_1184 => Nudix hydrolase
[10:15:07] Modify product: Uncharacterized protein YeaR => putative protein YeaR
[10:15:07] Modify product: Uncharacterized protein Rv2411c => putative protein
[10:15:07] Modify product: Uncharacterized protein Rv2567 => putative protein
[10:15:07] Modify product: Uncharacterized protein Rv2569c => putative protein
[10:15:07] Modify product: Probable hydrogen peroxide-inducible genes activator => putative hydrogen peroxide-inducible genes activator
[10:15:07] Modify product: UPF0225 protein YchJ => hypothetical protein
[10:15:07] Modify product: Uncharacterized NTE family protein Rv1063c => putative NTE family protein
[10:15:07] Modify product: UPF0056 inner membrane protein MarC => hypothetical protein
[10:15:07] Modify product: Probable ketoamine kinase HMPREF0351_12196 => putative ketoamine kinase
[10:15:08] Modify product: Probable 6-phospho-beta-glucosidase => putative 6-phospho-beta-glucosidase
[10:15:08] Modify product: Probable licABCH operon regulator => putative licABCH operon regulator
[10:15:08] Modify product: Deacetylase EF_0837 => Deacetylase
[10:15:08] Modify product: Uncharacterized protein YtfJ => putative protein YtfJ
[10:15:08] Modify product: Probable L-ascorbate-6-phosphate lactonase UlaG => putative L-ascorbate-6-phosphate lactonase UlaG
[10:15:08] Modify product: Probable outer membrane usher protein ElfC => putative outer membrane usher protein ElfC
[10:15:08] Modify product: UPF0716 protein FxsA => hypothetical protein
[10:15:08] Modify product: Probable transcriptional regulator PhnF => putative transcriptional regulator PhnF
[10:15:08] Modify product: Probable fimbrial chaperone LpfB => putative fimbrial chaperone LpfB
[10:15:08] Modify product: Uncharacterized fimbrial-like protein YcbV => putative fimbrial-like protein YcbV
[10:15:08] Modify product: Probable cyclic di-GMP phosphodiesterase PdeC => putative cyclic di-GMP phosphodiesterase PdeC
[10:15:08] Modify product: Uncharacterized protein YjbR => putative protein YjbR
[10:15:08] Modify product: UPF0337 protein YjbJ => hypothetical protein
[10:15:08] Modify product: UPF0597 protein YhaM => hypothetical protein
[10:15:08] Modify product: Uncharacterized protein HI_0431 => putative protein
[10:15:08] Modify product: Probable protein kinase UbiB => putative protein kinase UbiB
[10:15:08] Modify product: Probable ECA polymerase => putative ECA polymerase
[10:15:08] Modify product: Uncharacterized membrane protein YdfK => putative membrane protein YdfK
[10:15:08] Modify product: Probable cystine transporter YijE => putative cystine transporter YijE
[10:15:08] Modify product: Probable acyltransferase FabY => putative acyltransferase FabY
[10:15:08] Modify product: UPF0761 membrane protein YihY => hypothetical protein
[10:15:08] Modify product: Uncharacterized protein YshB => putative protein YshB
[10:15:08] Modify product: Probable GTP-binding protein EngB => putative GTP-binding protein EngB
[10:15:08] Modify product: Probable transport protein HsrA => putative transport protein HsrA
[10:15:08] Modify product: Uncharacterized inner membrane transporter YicL => putative inner membrane transporter YicL
[10:15:08] Modify product: Acetyltransferase Atu2258 => Acetyltransferase
[10:15:08] Modify product: Zinc-type alcohol dehydrogenase-like protein SA1988 => Zinc-type alcohol dehydrogenase-like protein
[10:15:08] Modify product: UPF0311 protein CA_C3321 => hypothetical protein
[10:15:08] Modify product: UPF0126 inner membrane protein YicG => hypothetical protein
[10:15:08] Modify product: Uncharacterized protein MT2054 => putative protein
[10:15:08] Modify product: UPF0194 membrane protein YbhG => hypothetical protein
[10:15:08] Modify product: Probable multidrug ABC transporter ATP-binding protein YbhF => putative multidrug ABC transporter ATP-binding protein YbhF
[10:15:08] Modify product: Probable multidrug ABC transporter permease YbhR => putative multidrug ABC transporter permease YbhR
[10:15:08] Modify product: UPF0758 protein YsxA => hypothetical protein
[10:15:08] Modify product: Uncharacterized protein YibN => putative protein YibN
[10:15:08] Modify product: Uncharacterized protein YibL => putative protein YibL
[10:15:08] Modify product: Uncharacterized GST-like protein YibF => putative GST-like protein YibF
[10:15:08] Modify product: Probable ATP-binding protein YheS => putative ATP-binding protein YheS
[10:15:08] Modify product: Probable lipoprotein YiaD => putative lipoprotein YiaD
[10:15:08] Modify product: Uncharacterized MFS-type transporter YhjX => putative MFS-type transporter YhjX
[10:15:08] Modify product: Probable cyclic di-GMP phosphodiesterase PdeK => putative cyclic di-GMP phosphodiesterase PdeK
[10:15:08] Modify product: Probable 4-deoxy-4-formamido-L-arabinose-phosphoundecaprenol deformylase ArnD => putative 4-deoxy-4-formamido-L-arabinose-phosphoundecaprenol deformylase ArnD
[10:15:08] Modify product: Probable 4-amino-4-deoxy-L-arabinose-phosphoundecaprenol flippase subunit ArnE => putative 4-amino-4-deoxy-L-arabinose-phosphoundecaprenol flippase subunit ArnE
[10:15:08] Modify product: Probable 4-amino-4-deoxy-L-arabinose-phosphoundecaprenol flippase subunit ArnF => putative 4-amino-4-deoxy-L-arabinose-phosphoundecaprenol flippase subunit ArnF
[10:15:08] Modify product: Uncharacterized MFS-type transporter YhhS => putative MFS-type transporter YhhS
[10:15:08] Modify product: Uncharacterized protein YhhA => putative protein YhhA
[10:15:08] Modify product: Uncharacterized oxidoreductase YhhX => putative oxidoreductase YhhX
[10:15:08] Modify product: Probable [Fe-S]-dependent transcriptional repressor => putative [Fe-S]-dependent transcriptional repressor
[10:15:08] Modify product: Uncharacterized protein YhfG => putative protein YhfG
[10:15:08] Modify product: Probable protein adenylyltransferase Fic => putative protein adenylyltransferase Fic
[10:15:08] Modify product: UPF0270 protein PA3463 => hypothetical protein
[10:15:08] Modify product: Probable ATP-binding protein YheS => putative ATP-binding protein YheS
[10:15:08] Modify product: Protein SlyX homolog => Protein SlyX 
[10:15:09] Modify product: Uncharacterized membrane protein YhdT => putative membrane protein YhdT
[10:15:09] Modify product: Uncharacterized protein YhcO => putative protein YhcO
[10:15:09] Modify product: Uncharacterized inner membrane transporter YhbE => putative inner membrane transporter YhbE
[10:15:09] Modify product: UPF0102 protein RPA0323 => hypothetical protein
[10:15:09] Modify product: Probable galactarate/D-glucarate transporter GarP => putative galactarate/D-glucarate transporter GarP
[10:15:09] Modify product: Uncharacterized protein YqjD => putative protein YqjD
[10:15:09] Modify product: Probable glycerol-3-phosphate acyltransferase => putative glycerol-3-phosphate acyltransferase
[10:15:09] Modify product: Probable quinol monooxygenase YgiN => putative quinol monooxygenase YgiN
[10:15:09] Modify product: Probable HTH-type transcriptional regulator STM3175 => putative HTH-type transcriptional regulator
[10:15:09] Modify product: HTH-type transcriptional regulator XC_2801 => HTH-type transcriptional regulator
[10:15:09] Modify product: Probable fimbrial chaperone protein ElfD => putative fimbrial chaperone protein ElfD
[10:15:09] Modify product: Probable fimbrial chaperone protein ElfD => putative fimbrial chaperone protein ElfD
[10:15:09] Modify product: Probable fimbrial chaperone YraI => putative fimbrial chaperone YraI
[10:15:09] Modify product: Uncharacterized membrane protein YdfK => putative membrane protein YdfK
[10:15:09] Modify product: Probable Fe(2+)-trafficking protein => putative Fe(2+)-trafficking protein
[10:15:09] Modify product: Uncharacterized protein HI_0341 => putative protein
[10:15:09] Modify product: Uncharacterized protein YbjN => putative protein YbjN
[10:15:09] Modify product: Probable dehydratase YbiW => putative dehydratase YbiW
[10:15:09] Modify product: Uncharacterized protein YbiU => putative protein YbiU
[10:15:09] Modify product: Probable ATP-binding protein YbiT => putative ATP-binding protein YbiT
[10:15:09] Modify product: Probable L,D-transpeptidase YbiS => putative L,D-transpeptidase YbiS
[10:15:09] Modify product: Uncharacterized protein McbA => putative protein McbA
[10:15:09] Modify product: Uncharacterized protein YbiI => putative protein YbiI
[10:15:09] Modify product: Uncharacterized protein YbiB => putative protein YbiB
[10:15:09] Modify product: Probable galactarate/D-glucarate transporter GudP => putative galactarate/D-glucarate transporter GudP
[10:15:09] Modify product: UPF0194 membrane protein YbhG => hypothetical protein
[10:15:09] Modify product: Probable multidrug ABC transporter ATP-binding protein YbhF => putative multidrug ABC transporter ATP-binding protein YbhF
[10:15:09] Modify product: Probable multidrug ABC transporter permease YbhS => putative multidrug ABC transporter permease YbhS
[10:15:09] Modify product: Probable multidrug ABC transporter permease YbhR => putative multidrug ABC transporter permease YbhR
[10:15:09] Modify product: Probable multidrug ABC transporter permease YbhR => putative multidrug ABC transporter permease YbhR
[10:15:09] Modify product: UPF0098 protein YbhB => hypothetical protein
[10:15:09] Modify product: Probable cation-transporting ATPase F => putative cation-transporting ATPase F
[10:15:09] Modify product: Probable two-component-system connector protein YcgZ => putative two-component-system connector protein YcgZ
[10:15:09] Modify product: Probable two-component-system connector protein AriR => putative two-component-system connector protein AriR
[10:15:09] Modify product: GTP cyclohydrolase 1 type 2 homolog => GTP cyclohydrolase 1 type 2 
[10:15:09] Modify product: Uncharacterized protein YbfE => putative protein YbfE
[10:15:09] Modify product: Uncharacterized lipoprotein ChiQ => putative lipoprotein ChiQ
[10:15:09] Modify product: UPF0250 protein YbeD => hypothetical protein
[10:15:09] Modify product: Uncharacterized HTH-type transcriptional regulator YbdO => putative HTH-type transcriptional regulator YbdO
[10:15:09] Modify product: Uncharacterized HTH-type transcriptional regulator YbdO => putative HTH-type transcriptional regulator YbdO
[10:15:09] Modify product: Uncharacterized protein YbdM => putative protein YbdM
[10:15:09] Modify product: Uncharacterized sugar kinase YdjH => putative sugar kinase YdjH
[10:15:09] Modify product: Probable D,D-dipeptide-binding periplasmic protein DdpA => putative D,D-dipeptide-binding periplasmic protein DdpA
[10:15:09] Modify product: Probable D,D-dipeptide transport system permease protein DdpC => putative D,D-dipeptide transport system permease protein DdpC
[10:15:09] Modify product: Probable cation-transporting ATPase F => putative cation-transporting ATPase F
[10:15:09] Modify product: Uncharacterized protein Rv0906 => putative protein
[10:15:09] Modify product: Uncharacterized protein YncE => putative protein YncE
[10:15:09] Modify product: Bifunctional protein FolD => Bifunctional protein FolD protein
[10:15:09] Modify product: Probable iron export permease protein FetB => putative iron export permease protein FetB
[10:15:09] Modify product: Probable iron export ATP-binding protein FetA => putative iron export ATP-binding protein FetA
[10:15:09] Modify product: Probable cyclic di-GMP phosphodiesterase PdeB => putative cyclic di-GMP phosphodiesterase PdeB
[10:15:09] Modify product: Uncharacterized lipoprotein YbaY => putative lipoprotein YbaY
[10:15:09] Modify product: Uncharacterized protein HI_1008 => putative protein
[10:15:09] Modify product: Uncharacterized lipoprotein YajI => putative lipoprotein YajI
[10:15:09] Modify product: Uncharacterized protein YaiA => putative protein YaiA
[10:15:09] Modify product: UPF0178 protein YaiI => hypothetical protein
[10:15:10] Modify product: Probable glutamine ABC transporter permease protein GlnP => putative glutamine ABC transporter permease protein GlnP
[10:15:10] Modify product: Probable fimbrial chaperone EcpE => putative fimbrial chaperone EcpE
[10:15:10] Modify product: Probable outer membrane usher protein EcpC => putative outer membrane usher protein EcpC
[10:15:10] Modify product: Probable fimbrial chaperone EcpB => putative fimbrial chaperone EcpB
[10:15:10] Modify product: Uncharacterized protein YjhP => putative protein YjhP
[10:15:10] Modify product: Uncharacterized N-acetyltransferase YafP => putative N-acetyltransferase YafP
[10:15:10] Modify product: Uncharacterized protein Rv2277c => putative protein
[10:15:10] Modify product: Uncharacterized methyltransferase YcgJ => putative methyltransferase YcgJ
[10:15:10] Modify product: Uncharacterized protein YaeQ => putative protein YaeQ
[10:15:10] Modify product: UPF0253 protein YaeP => hypothetical protein
[10:15:10] Modify product: UPF0126 inner membrane protein YadS => hypothetical protein
[10:15:10] Modify product: Uncharacterized ABC transporter ATP-binding protein YadG => putative ABC transporter ATP-binding protein YadG
[10:15:10] Modify product: UPF0231 protein YacL => hypothetical protein
[10:15:10] Modify product: Probable peptidoglycan glycosyltransferase FtsW => putative peptidoglycan glycosyltransferase FtsW
[10:15:10] Modify product: Probable galactarate/D-glucarate transporter GudP => putative galactarate/D-glucarate transporter GudP
[10:15:10] Modify product: Uncharacterized lipoprotein YgdR => putative lipoprotein YgdR
[10:15:10] Modify product: Probable inner membrane protein Smp => putative inner membrane protein Smp
[10:15:10] Modify product: Uncharacterized metal-dependent hydrolase YjjV => putative metal-dependent hydrolase YjjV
[10:15:10] Modify product: Probable succinate transporter subunit YjjP => putative succinate transporter subunit YjjP
[10:15:10] Modify product: Probable succinate transporter subunit YjjB => putative succinate transporter subunit YjjB
[10:15:10] Modify product: Probable tellurium resistance transcriptional regulator TerW => putative tellurium resistance transcriptional regulator TerW
[10:15:10] Modify product: Probable cyclic di-GMP phosphodiesterase PdeC => putative cyclic di-GMP phosphodiesterase PdeC
[10:15:10] Modify product: Cyclic di-GMP phosphodiesterase PA2567 => Cyclic di-GMP phosphodiesterase
[10:15:10] Modify product: UPF0401 protein YkfF => hypothetical protein
[10:15:10] Modify product: Probable aminoglycoside efflux pump => putative aminoglycoside efflux pump
[10:15:10] Modify product: Probable ATP-dependent transporter SufC => putative ATP-dependent transporter SufC
[10:15:10] Modify product: Probable L,D-transpeptidase YnhG => putative L,D-transpeptidase YnhG
[10:15:10] Modify product: Probable siderophore transport system ATP-binding protein YusV => putative siderophore transport system ATP-binding protein YusV
[10:15:10] Modify product: Probable siderophore transport system permease protein YfiZ => putative siderophore transport system permease protein YfiZ
[10:15:10] Modify product: Probable succinyl-CoA:3-ketoacid coenzyme A transferase subunit B => putative succinyl-CoA:3-ketoacid coenzyme A transferase subunit B
[10:15:10] Modify product: Probable succinyl-CoA:3-ketoacid coenzyme A transferase subunit A => putative succinyl-CoA:3-ketoacid coenzyme A transferase subunit A
[10:15:10] Modify product: Probable cyclic di-GMP phosphodiesterase PdeB => putative cyclic di-GMP phosphodiesterase PdeB
[10:15:10] Modify product: Probable D,D-dipeptide transport ATP-binding protein DdpD => putative D,D-dipeptide transport ATP-binding protein DdpD
[10:15:10] Modify product: Uncharacterized oxidoreductase YdgJ => putative oxidoreductase YdgJ
[10:15:10] Modify product: Probable transporter SCO4007 => putative transporter
[10:15:10] Modify product: 23S rRNA 5-hydroxycytidine C2501 synthase => 23S rRNA 5-hydroxycytidine synthase
[10:15:10] Modify product: Uncharacterized protein YdcY => putative protein YdcY
[10:15:10] Modify product: UPF0381 protein YiiS => hypothetical protein
[10:15:10] Modify product: Uncharacterized protein YncE => putative protein YncE
[10:15:10] Modify product: Uncharacterized lipoprotein YgdR => putative lipoprotein YgdR
[10:15:10] Modify product: Probable nitrate reductase molybdenum cofactor assembly chaperone NarW => putative nitrate reductase molybdenum cofactor assembly chaperone NarW
[10:15:10] Modify product: Probable D,D-dipeptide transport system permease protein DdpC => putative D,D-dipeptide transport system permease protein DdpC
[10:15:10] Modify product: Probable ATP-binding protein YheS => putative ATP-binding protein YheS
[10:15:10] Modify product: HTH-type transcriptional regulator XC_2801 => HTH-type transcriptional regulator
[10:15:10] Modify product: Uncharacterized oxidoreductase YghA => putative oxidoreductase YghA
[10:15:10] Modify product: UPF0702 transmembrane protein YetF => hypothetical protein
[10:15:10] Modify product: Probable HTH-type transcriptional regulator LrhA => putative HTH-type transcriptional regulator LrhA
[10:15:10] Modify product: Putative thiamine biosynthesis protein HI_0357 => Putative thiamine biosynthesis protein
[10:15:11] Modify product: HTH-type transcriptional regulator XC_2801 => HTH-type transcriptional regulator
[10:15:11] Modify product: Probable succinyl-diaminopimelate desuccinylase => putative succinyl-diaminopimelate desuccinylase
[10:15:11] Modify product: Probable L-galactonate transporter => putative L-galactonate transporter
[10:15:11] Modify product: Uncharacterized oxidoreductase YkwC => putative oxidoreductase YkwC
[10:15:11] Modify product: Uncharacterized signaling protein CC_0091 => putative signaling protein
[10:15:11] Modify product: Probable fimbrial chaperone YraI => putative fimbrial chaperone YraI
[10:15:11] Modify product: Uncharacterized protein YycE => putative protein YycE
[10:15:11] Modify product: Uncharacterized MFS-type transporter YhhS => putative MFS-type transporter YhhS
[10:15:11] Modify product: Probable galactarate/D-glucarate transporter GudP => putative galactarate/D-glucarate transporter GudP
[10:15:11] Modify product: Uncharacterized isomerase YddE => putative isomerase YddE
[10:15:11] Modify product: UPF0056 inner membrane protein MarC => hypothetical protein
[10:15:11] Modify product: Probable amino-acid metabolite efflux pump => putative amino-acid metabolite efflux pump
[10:15:11] Modify product: Probable L-galactonate transporter => putative L-galactonate transporter
[10:15:11] Modify product: UPF0482 protein YnfB => hypothetical protein
[10:15:11] Modify product: Uncharacterized protein YnfD => putative protein YnfD
[10:15:11] Modify product: Uncharacterized serine protease YdgD => putative serine protease YdgD
[10:15:11] Modify product: Probable DNA endonuclease SmrA => putative DNA endonuclease SmrA
[10:15:11] Modify product: Probable transporter YedE => putative transporter YedE
[10:15:11] Modify product: Uncharacterized protein YdfO => putative protein YdfO
[10:15:11] Modify product: Probable phospholipid transport protein YdbH => putative phospholipid transport protein YdbH
[10:15:11] Modify product: Uncharacterized oxidoreductase YdgJ => putative oxidoreductase YdgJ
[10:15:11] Modify product: Probable D-methionine-binding lipoprotein MetQ => putative D-methionine-binding lipoprotein MetQ
[10:15:11] Modify product: Probable quorum-quenching lactonase YtnP => putative quorum-quenching lactonase YtnP
[10:15:11] Modify product: HTH-type transcriptional regulator XC_2801 => HTH-type transcriptional regulator
[10:15:11] Modify product: HTH-type transcriptional regulator XC_2801 => HTH-type transcriptional regulator
[10:15:11] Modify product: Uncharacterized oxidoreductase YtbE => putative oxidoreductase YtbE
[10:15:11] Modify product: Uncharacterized protein PA2218 => putative protein
[10:15:11] Modify product: Probable 6-phospho-beta-glucosidase => putative 6-phospho-beta-glucosidase
[10:15:11] Modify product: UPF0283 membrane protein YcjF => hypothetical protein
[10:15:11] Modify product: UPF0509 protein YciZ => hypothetical protein
[10:15:11] Modify product: Uncharacterized protein YciH => putative protein YciH
[10:15:11] Modify product: Probable protease SohB => putative protease SohB
[10:15:11] Modify product: Uncharacterized oxidoreductase YciK => putative oxidoreductase YciK
[10:15:11] Modify product: Uncharacterized protein YciO => putative protein YciO
[10:15:11] Modify product: Probable tartrate dehydrogenase/decarboxylase TtuC' => putative tartrate dehydrogenase/decarboxylase TtuC'
[10:15:11] Modify product: PKHD-type hydroxylase Sbal_3634 => PKHD-type hydroxylase
[10:15:11] Modify product: UPF0259 membrane protein YciC => hypothetical protein
[10:15:11] Modify product: Uncharacterized acyl-CoA thioester hydrolase HI_0827 => putative acyl-CoA thioester hydrolase
[10:15:11] Modify product: UPF0229 protein YeaH => hypothetical protein
[10:15:11] Modify product: HTH-type transcriptional regulator XC_2801 => HTH-type transcriptional regulator
[10:15:11] Modify product: Uncharacterized membrane protein YoaK => putative membrane protein YoaK
[10:15:11] Modify product: Putative virulence-regulating protein PA2146 => Putative virulence-regulating protein
[10:15:11] Modify product: Probable L,D-transpeptidase YcfS => putative L,D-transpeptidase YcfS
[10:15:11] Modify product: UPF0227 protein YcfP => hypothetical protein
[10:15:11] Modify product: Uncharacterized metal-dependent hydrolase YcfH => putative metal-dependent hydrolase YcfH
[10:15:11] Modify product: Probable lipid II flippase MurJ => putative lipid II flippase MurJ
[10:15:11] Modify product: UPF0502 protein YceH => hypothetical protein
[10:15:11] Modify product: Uncharacterized lipoprotein YceB => putative lipoprotein YceB
[10:15:11] Modify product: Uncharacterized protein YceO => putative protein YceO
[10:15:11] Modify product: Probable phosphatase YcdX => putative phosphatase YcdX
[10:15:11] Modify product: HTH-type transcriptional regulator XC_2801 => HTH-type transcriptional regulator
[10:15:11] Modify product: Probable hydrolase YcaC => putative hydrolase YcaC
[10:15:11] Modify product: Probable malonic semialdehyde reductase RutE => putative malonic semialdehyde reductase RutE
[10:15:11] Modify product: Uncharacterized protein YccJ => putative protein YccJ
[10:15:11] Modify product: Probable dehydratase PflD => putative dehydratase PflD
[10:15:11] Modify product: Probable cyclic di-GMP phosphodiesterase PdeG => putative cyclic di-GMP phosphodiesterase PdeG
[10:15:11] Modify product: Putative anti-sigma factor antagonist TM_1442 => Putative anti-sigma factor antagonist
[10:15:11] Modify product: UPF0098 protein YbcL => hypothetical protein
[10:15:11] Modify product: Uncharacterized protein YccU => putative protein YccU
[10:15:11] Modify product: Uncharacterized protein YcbX => putative protein YcbX
[10:15:11] Modify product: Probable L,D-transpeptidase YcbB => putative L,D-transpeptidase YcbB
[10:15:11] Modify product: UPF0434 protein YcaR => hypothetical protein
[10:15:11] Modify product: Uncharacterized MFS-type transporter YcaD => putative MFS-type transporter YcaD
[10:15:11] Modify product: Uncharacterized lipoprotein YbjP => putative lipoprotein YbjP
[10:15:11] Cleaned 308 /product names
[10:15:11] Deleting unwanted file: results/prokka_annotations/GCA_055721565.1/GCA_055721565.1.sprot.tmp.73288.faa
[10:15:11] Deleting unwanted file: results/prokka_annotations/GCA_055721565.1/GCA_055721565.1.sprot.tmp.73288.blast
[10:15:12] There are still 1438 unannotated CDS left (started with 5323)
[10:15:12] Will use hmmer3 to search against /opt/conda/envs/prokka_env/db/hmm/HAMAP.hmm with 2 CPUs
[10:15:12] Running: cat results\/prokka_annotations\/GCA_055721565\.1\/GCA_055721565\.1\.HAMAP\.hmm\.tmp\.73288\.faa | parallel --gnu --plain -j 2 --block 90382 --recstart '>' --pipe hmmscan --noali --notextw --acc -E 1e-09 --cpu 1 /opt/conda/envs/prokka_env/db/hmm/HAMAP.hmm /dev/stdin > results\/prokka_annotations\/GCA_055721565\.1\/GCA_055721565\.1\.HAMAP\.hmm\.tmp\.73288\.hmmer3 2> /dev/null
[10:16:11] Modify product: Uncharacterized MFS-type transporter YfcJ => putative MFS-type transporter YfcJ
[10:16:11] Modify product: Uncharacterized MFS-type transporter YcaD => putative MFS-type transporter YcaD
[10:16:12] Cleaned 2 /product names
[10:16:12] Deleting unwanted file: results/prokka_annotations/GCA_055721565.1/GCA_055721565.1.HAMAP.hmm.tmp.73288.faa
[10:16:12] Deleting unwanted file: results/prokka_annotations/GCA_055721565.1/GCA_055721565.1.HAMAP.hmm.tmp.73288.hmmer3
[10:16:12] Labelling remaining 1310 proteins as 'hypothetical protein'
[10:16:12] Possible /pseudo 'IS3 family transposase ISYpe1' at CM146769.1 position 37722
[10:16:12] Possible /pseudo 'IS3 family transposase IS1400' at CM146769.1 position 44486
[10:16:12] Possible /pseudo 'Formate dehydrogenase H' at CM146769.1 position 276271
[10:16:12] Possible /pseudo 'Methionine synthase' at CM146769.1 position 362803
[10:16:12] Possible /pseudo 'Peptidyl-prolyl cis-trans isomerase C' at CM146769.1 position 495943
[10:16:12] Possible /pseudo 'L-Rhamnulokinase' at CM146769.1 position 563643
[10:16:12] Possible /pseudo 'Formate dehydrogenase-O major subunit' at CM146769.1 position 580899
[10:16:12] Possible /pseudo 'Protein FdhE' at CM146769.1 position 585606
[10:16:12] Possible /pseudo 'Aerobic C4-dicarboxylate transport protein' at CM146769.1 position 933770
[10:16:12] Possible /pseudo 'sn-glycerol-3-phosphate import ATP-binding protein UgpC' at CM146769.1 position 1028621
[10:16:12] Possible /pseudo 'Autoinducer 2 import ATP-binding protein LsrA' at CM146769.1 position 1313282
[10:16:12] Possible /pseudo 'ISKra4 family transposase ISCep1' at CM146769.1 position 1534550
[10:16:12] Possible /pseudo 'Oligogalacturonate lyase' at CM146769.1 position 1554657
[10:16:12] Possible /pseudo '2-dehydro-3-deoxy-D-gluconate 5-dehydrogenase' at CM146769.1 position 1555930
[10:16:12] Possible /pseudo 'Manganese transport system membrane protein MntB' at CM146769.1 position 1760644
[10:16:12] Possible /pseudo '3-ketoacyl-CoA thiolase FadI' at CM146769.1 position 2184919
[10:16:12] Possible /pseudo 'Chorismate synthase' at CM146769.1 position 2190721
[10:16:12] Possible /pseudo 'Glycerophosphodiester phosphodiesterase, periplasmic' at CM146769.1 position 2268381
[10:16:12] Possible /pseudo 'D-alanyl-D-alanine carboxypeptidase DacD' at CM146769.1 position 2489281
[10:16:12] Possible /pseudo 'L-serine dehydratase 1' at CM146769.1 position 2675210
[10:16:12] Possible /pseudo 'putative protein' at CM146769.1 position 2706204
[10:16:12] Possible /pseudo 'putative protein' at CM146769.1 position 2707130
[10:16:12] Possible /pseudo 'Hercynine oxygenase' at CM146769.1 position 2745564
[10:16:12] Possible /pseudo 'Hercynine oxygenase' at CM146769.1 position 2746633
[10:16:12] Possible /pseudo 'Nitrate/nitrite sensor protein NarX' at CM146769.1 position 2792078
[10:16:12] Possible /pseudo 'Dipeptide-binding protein' at CM146769.1 position 3120418
[10:16:12] Possible /pseudo 'Formate dehydrogenase, nitrate-inducible, major subunit' at CM146769.1 position 3175476
[10:16:12] Possible /pseudo 'High-affinity branched-chain amino acid transport ATP-binding protein LivF' at CM146769.1 position 3444921
[10:16:12] Possible /pseudo 'Catalase HPII' at CM146769.1 position 3802869
[10:16:12] Possible /pseudo 'putative multidrug ABC transporter permease YbhR' at CM146769.1 position 4320266
[10:16:12] Possible /pseudo 'Shikimate dehydrogenase (NADP(+))' at CM146769.1 position 5127604
[10:16:12] Possible /pseudo '[Ribosomal protein bS18]-alanine N-acetyltransferase' at CM146769.1 position 5259581
[10:16:12] Possible /pseudo 'Homoprotocatechuate catabolism bifunctional isomerase/decarboxylase' at CM146769.1 position 5270415
[10:16:12] Possible /pseudo 'General stress protein 16U' at JBVQRT010000002.1 position 4857
[10:16:12] Possible /pseudo 'IS3 family transposase ISEc36' at JBVQRT010000002.1 position 57222
[10:16:12] Possible /pseudo 'IS3 family transposase ISEcl1' at JBVQRT010000003.1 position 53741
[10:16:12] Possible /pseudo 'IS200/IS605 family transposase IS609' at JBVQRT010000003.1 position 73519
[10:16:12] Found 3148 unique /gene codes.
[10:16:12] Fixed 3 duplicate /gene - dppA_1 dppA_2 dppA_3
[10:16:12] Fixed 2 duplicate /gene - rhtB_1 rhtB_2
[10:16:12] Fixed 2 duplicate /gene - hemB_1 hemB_2
[10:16:12] Fixed 2 duplicate /gene - fimC_1 fimC_2
[10:16:12] Fixed 2 duplicate /gene - ybhF_1 ybhF_2
[10:16:12] Fixed 2 duplicate /gene - ccpA_1 ccpA_2
[10:16:12] Fixed 2 duplicate /gene - norG_1 norG_2
[10:16:12] Fixed 2 duplicate /gene - xylG_1 xylG_2
[10:16:12] Fixed 2 duplicate /gene - mdtM_1 mdtM_2
[10:16:12] Fixed 2 duplicate /gene - roxA_1 roxA_2
[10:16:12] Fixed 2 duplicate /gene - hsdM_1 hsdM_2
[10:16:12] Fixed 2 duplicate /gene - lsrF_1 lsrF_2
[10:16:12] Fixed 2 duplicate /gene - hisQ_1 hisQ_2
[10:16:12] Fixed 2 duplicate /gene - pckA_1 pckA_2
[10:16:12] Fixed 2 duplicate /gene - codA_1 codA_2
[10:16:12] Fixed 3 duplicate /gene - lsrD_1 lsrD_2 lsrD_3
[10:16:12] Fixed 3 duplicate /gene - ssuB_1 ssuB_2 ssuB_3
[10:16:12] Fixed 3 duplicate /gene - garK_1 garK_2 garK_3
[10:16:12] Fixed 2 duplicate /gene - iolU_1 iolU_2
[10:16:12] Fixed 5 duplicate /gene - pgrR_1 pgrR_2 pgrR_3 pgrR_4 pgrR_5
[10:16:12] Fixed 2 duplicate /gene - proP_1 proP_2
[10:16:12] Fixed 2 duplicate /gene - cydA_1 cydA_2
[10:16:12] Fixed 2 duplicate /gene - ulaB_1 ulaB_2
[10:16:12] Fixed 2 duplicate /gene - clcB_1 clcB_2
[10:16:12] Fixed 2 duplicate /gene - oppA_1 oppA_2
[10:16:12] Fixed 2 duplicate /gene - scmP_1 scmP_2
[10:16:12] Fixed 2 duplicate /gene - chcC2_1 chcC2_2
[10:16:12] Fixed 2 duplicate /gene - yeaX_1 yeaX_2
[10:16:12] Fixed 2 duplicate /gene - leuA_1 leuA_2
[10:16:12] Fixed 4 duplicate /gene - bglA_1 bglA_2 bglA_3 bglA_4
[10:16:12] Fixed 3 duplicate /gene - iprA_1 iprA_2 iprA_3
[10:16:12] Fixed 3 duplicate /gene - potA_1 potA_2 potA_3
[10:16:12] Fixed 2 duplicate /gene - sad_1 sad_2
[10:16:12] Fixed 2 duplicate /gene - tktA_1 tktA_2
[10:16:12] Fixed 4 duplicate /gene - metI_1 metI_2 metI_3 metI_4
[10:16:12] Fixed 2 duplicate /gene - glmS_1 glmS_2
[10:16:12] Fixed 3 duplicate /gene - ridA_1 ridA_2 ridA_3
[10:16:12] Fixed 3 duplicate /gene - uspG_1 uspG_2 uspG_3
[10:16:12] Fixed 3 duplicate /gene - glnH_1 glnH_2 glnH_3
[10:16:12] Fixed 3 duplicate /gene - hcpA_1 hcpA_2 hcpA_3
[10:16:12] Fixed 2 duplicate /gene - tenA_1 tenA_2
[10:16:12] Fixed 2 duplicate /gene - rsxC_1 rsxC_2
[10:16:12] Fixed 2 duplicate /gene - ada_1 ada_2
[10:16:12] Fixed 2 duplicate /gene - mrkD_1 mrkD_2
[10:16:12] Fixed 2 duplicate /gene - amiC_1 amiC_2
[10:16:12] Fixed 2 duplicate /gene - alx_1 alx_2
[10:16:12] Fixed 2 duplicate /gene - gmuD_1 gmuD_2
[10:16:12] Fixed 2 duplicate /gene - bcr_1 bcr_2
[10:16:12] Fixed 2 duplicate /gene - fabF_1 fabF_2
[10:16:12] Fixed 2 duplicate /gene - fadI_1 fadI_2
[10:16:12] Fixed 3 duplicate /gene - aroE_1 aroE_2 aroE_3
[10:16:12] Fixed 2 duplicate /gene - ydgJ_1 ydgJ_2
[10:16:12] Fixed 2 duplicate /gene - kgtP_1 kgtP_2
[10:16:12] Fixed 2 duplicate /gene - emrB_1 emrB_2
[10:16:12] Fixed 2 duplicate /gene - lacZ_1 lacZ_2
[10:16:12] Fixed 2 duplicate /gene - aaeA_1 aaeA_2
[10:16:12] Fixed 2 duplicate /gene - nudK_1 nudK_2
[10:16:12] Fixed 2 duplicate /gene - dmsA_1 dmsA_2
[10:16:12] Fixed 2 duplicate /gene - astD_1 astD_2
[10:16:12] Fixed 3 duplicate /gene - vgrG2b_1 vgrG2b_2 vgrG2b_3
[10:16:12] Fixed 2 duplicate /gene - dksA_1 dksA_2
[10:16:12] Fixed 2 duplicate /gene - amaB_1 amaB_2
[10:16:12] Fixed 2 duplicate /gene - bioD1_1 bioD1_2
[10:16:12] Fixed 2 duplicate /gene - dmsC_1 dmsC_2
[10:16:12] Fixed 2 duplicate /gene - ugpB_1 ugpB_2
[10:16:12] Fixed 2 duplicate /gene - map_1 map_2
[10:16:12] Fixed 2 duplicate /gene - cat_1 cat_2
[10:16:12] Fixed 2 duplicate /gene - lpxD_1 lpxD_2
[10:16:12] Fixed 2 duplicate /gene - glgS_1 glgS_2
[10:16:12] Fixed 3 duplicate /gene - rimI_1 rimI_2 rimI_3
[10:16:12] Fixed 4 duplicate /gene - mdtA_1 mdtA_2 mdtA_3 mdtA_4
[10:16:12] Fixed 2 duplicate /gene - ribZ_1 ribZ_2
[10:16:12] Fixed 3 duplicate /gene - ybhR_1 ybhR_2 ybhR_3
[10:16:12] Fixed 2 duplicate /gene - sgrR_1 sgrR_2
[10:16:12] Fixed 6 duplicate /gene - gcvA_1 gcvA_2 gcvA_3 gcvA_4 gcvA_5 gcvA_6
[10:16:12] Fixed 2 duplicate /gene - higA_1 higA_2
[10:16:12] Fixed 4 duplicate /gene - lamB_1 lamB_2 lamB_3 lamB_4
[10:16:12] Fixed 2 duplicate /gene - xylA_1 xylA_2
[10:16:12] Fixed 2 duplicate /gene - metH_1 metH_2
[10:16:12] Fixed 2 duplicate /gene - aacA4_1 aacA4_2
[10:16:12] Fixed 2 duplicate /gene - lexA_1 lexA_2
[10:16:12] Fixed 2 duplicate /gene - gltA_1 gltA_2
[10:16:12] Fixed 2 duplicate /gene - topA_1 topA_2
[10:16:12] Fixed 3 duplicate /gene - gltC_1 gltC_2 gltC_3
[10:16:12] Fixed 3 duplicate /gene - yheS_1 yheS_2 yheS_3
[10:16:12] Fixed 2 duplicate /gene - fabD_1 fabD_2
[10:16:12] Fixed 2 duplicate /gene - mngR_1 mngR_2
[10:16:12] Fixed 2 duplicate /gene - dgoK_1 dgoK_2
[10:16:12] Fixed 2 duplicate /gene - astE_1 astE_2
[10:16:12] Fixed 2 duplicate /gene - dsbC_1 dsbC_2
[10:16:12] Fixed 3 duplicate /gene - vldW_1 vldW_2 vldW_3
[10:16:12] Fixed 2 duplicate /gene - pat_1 pat_2
[10:16:12] Fixed 2 duplicate /gene - eutC_1 eutC_2
[10:16:12] Fixed 2 duplicate /gene - dsbA_1 dsbA_2
[10:16:12] Fixed 2 duplicate /gene - mak_1 mak_2
[10:16:12] Fixed 3 duplicate /gene - dgoT_1 dgoT_2 dgoT_3
[10:16:12] Fixed 2 duplicate /gene - dgoA_1 dgoA_2
[10:16:12] Fixed 2 duplicate /gene - fdnG_1 fdnG_2
[10:16:12] Fixed 2 duplicate /gene - nupC_1 nupC_2
[10:16:12] Fixed 2 duplicate /gene - nfdA_1 nfdA_2
[10:16:12] Fixed 2 duplicate /gene - bcsB_1 bcsB_2
[10:16:12] Fixed 2 duplicate /gene - sutR_1 sutR_2
[10:16:12] Fixed 6 duplicate /gene - rhaR_1 rhaR_2 rhaR_3 rhaR_4 rhaR_5 rhaR_6
[10:16:12] Fixed 3 duplicate /gene - scrY_1 scrY_2 scrY_3
[10:16:12] Fixed 2 duplicate /gene - traC_1 traC_2
[10:16:12] Fixed 2 duplicate /gene - fepA_1 fepA_2
[10:16:12] Fixed 3 duplicate /gene - lldR_1 lldR_2 lldR_3
[10:16:12] Fixed 2 duplicate /gene - ctpF_1 ctpF_2
[10:16:12] Fixed 3 duplicate /gene - lysN_1 lysN_2 lysN_3
[10:16:12] Fixed 2 duplicate /gene - lgdh_1 lgdh_2
[10:16:12] Fixed 2 duplicate /gene - cobD_1 cobD_2
[10:16:12] Fixed 2 duplicate /gene - catM_1 catM_2
[10:16:12] Fixed 4 duplicate /gene - gudP_1 gudP_2 gudP_3 gudP_4
[10:16:12] Fixed 2 duplicate /gene - bdcA_1 bdcA_2
[10:16:12] Fixed 2 duplicate /gene - ompR_1 ompR_2
[10:16:12] Fixed 2 duplicate /gene - narX_1 narX_2
[10:16:12] Fixed 4 duplicate /gene - rbsR_1 rbsR_2 rbsR_3 rbsR_4
[10:16:12] Fixed 2 duplicate /gene - lpxL_1 lpxL_2
[10:16:12] Fixed 2 duplicate /gene - ppiC_1 ppiC_2
[10:16:12] Fixed 2 duplicate /gene - citG_1 citG_2
[10:16:12] Fixed 2 duplicate /gene - bhsA_1 bhsA_2
[10:16:12] Fixed 3 duplicate /gene - dppB_1 dppB_2 dppB_3
[10:16:12] Fixed 2 duplicate /gene - xylH_1 xylH_2
[10:16:12] Fixed 3 duplicate /gene - rhtC_1 rhtC_2 rhtC_3
[10:16:12] Fixed 2 duplicate /gene - mdtH_1 mdtH_2
[10:16:12] Fixed 3 duplicate /gene - metC_1 metC_2 metC_3
[10:16:12] Fixed 2 duplicate /gene - tssK1_1 tssK1_2
[10:16:12] Fixed 2 duplicate /gene - ghrA_1 ghrA_2
[10:16:12] Fixed 2 duplicate /gene - tnsA_1 tnsA_2
[10:16:12] Fixed 2 duplicate /gene - rbn_1 rbn_2
[10:16:12] Fixed 4 duplicate /gene - ygdR_1 ygdR_2 ygdR_3 ygdR_4
[10:16:12] Fixed 2 duplicate /gene - dhaK_1 dhaK_2
[10:16:12] Fixed 2 duplicate /gene - lyx_1 lyx_2
[10:16:12] Fixed 2 duplicate /gene - cdaR_1 cdaR_2
[10:16:12] Fixed 2 duplicate /gene - dapE_1 dapE_2
[10:16:12] Fixed 2 duplicate /gene - yfcJ_1 yfcJ_2
[10:16:12] Fixed 3 duplicate /gene - argP_1 argP_2 argP_3
[10:16:12] Fixed 2 duplicate /gene - ygiW_1 ygiW_2
[10:16:12] Fixed 2 duplicate /gene - fimI_1 fimI_2
[10:16:12] Fixed 5 duplicate /gene - nimR_1 nimR_2 nimR_3 nimR_4 nimR_5
[10:16:12] Fixed 2 duplicate /gene - glcR_1 glcR_2
[10:16:12] Fixed 2 duplicate /gene - ulaC_1 ulaC_2
[10:16:12] Fixed 2 duplicate /gene - ftsI_1 ftsI_2
[10:16:12] Fixed 2 duplicate /gene - yibH_1 yibH_2
[10:16:12] Fixed 2 duplicate /gene - ogl_1 ogl_2
[10:16:12] Fixed 3 duplicate /gene - ulaA_1 ulaA_2 ulaA_3
[10:16:12] Fixed 3 duplicate /gene - cydB_1 cydB_2 cydB_3
[10:16:12] Fixed 2 duplicate /gene - ppa_1 ppa_2
[10:16:12] Fixed 2 duplicate /gene - glpT_1 glpT_2
[10:16:12] Fixed 3 duplicate /gene - ssuA_1 ssuA_2 ssuA_3
[10:16:12] Fixed 2 duplicate /gene - bioH_1 bioH_2
[10:16:12] Fixed 2 duplicate /gene - guaD_1 guaD_2
[10:16:12] Fixed 2 duplicate /gene - glnP_1 glnP_2
[10:16:12] Fixed 3 duplicate /gene - ascG_1 ascG_2 ascG_3
[10:16:12] Fixed 4 duplicate /gene - iolE_1 iolE_2 iolE_3 iolE_4
[10:16:12] Fixed 2 duplicate /gene - ssuC_1 ssuC_2
[10:16:12] Fixed 5 duplicate /gene - xerC_1 xerC_2 xerC_3 xerC_4 xerC_5
[10:16:12] Fixed 6 duplicate /gene - livF_1 livF_2 livF_3 livF_4 livF_5 livF_6
[10:16:12] Fixed 3 duplicate /gene - mltF_1 mltF_2 mltF_3
[10:16:12] Fixed 2 duplicate /gene - ugpA_1 ugpA_2
[10:16:12] Fixed 2 duplicate /gene - srlB_1 srlB_2
[10:16:12] Fixed 2 duplicate /gene - dmsB_1 dmsB_2
[10:16:12] Fixed 3 duplicate /gene - ugpC_1 ugpC_2 ugpC_3
[10:16:12] Fixed 2 duplicate /gene - aaeB_1 aaeB_2
[10:16:12] Fixed 2 duplicate /gene - fhuC_1 fhuC_2
[10:16:12] Fixed 2 duplicate /gene - glgC_1 glgC_2
[10:16:12] Fixed 2 duplicate /gene - hisJ_1 hisJ_2
[10:16:12] Fixed 2 duplicate /gene - smoE_1 smoE_2
[10:16:12] Fixed 2 duplicate /gene - gsiA_1 gsiA_2
[10:16:12] Fixed 2 duplicate /gene - fhuA_1 fhuA_2
[10:16:12] Fixed 2 duplicate /gene - OXA-1_1 OXA-1_2
[10:16:12] Fixed 3 duplicate /gene - menH_1 menH_2 menH_3
[10:16:12] Fixed 3 duplicate /gene - emrA_1 emrA_2 emrA_3
[10:16:12] Fixed 2 duplicate /gene - ptxR_1 ptxR_2
[10:16:12] Fixed 4 duplicate /gene - gsiC_1 gsiC_2 gsiC_3 gsiC_4
[10:16:12] Fixed 2 duplicate /gene - hsdS_1 hsdS_2
[10:16:12] Fixed 2 duplicate /gene - hin_1 hin_2
[10:16:12] Fixed 2 duplicate /gene - yncE_1 yncE_2
[10:16:12] Fixed 2 duplicate /gene - bglH_1 bglH_2
[10:16:12] Fixed 2 duplicate /gene - mqo_1 mqo_2
[10:16:12] Fixed 2 duplicate /gene - mhpB_1 mhpB_2
[10:16:12] Fixed 3 duplicate /gene - repB_1 repB_2 repB_3
[10:16:12] Fixed 2 duplicate /gene - cusC_1 cusC_2
[10:16:12] Fixed 2 duplicate /gene - lldD_1 lldD_2
[10:16:12] Fixed 4 duplicate /gene - exuT_1 exuT_2 exuT_3 exuT_4
[10:16:12] Fixed 2 duplicate /gene - ramA_1 ramA_2
[10:16:12] Fixed 3 duplicate /gene - umuC_1 umuC_2 umuC_3
[10:16:12] Fixed 2 duplicate /gene - acsAB_1 acsAB_2
[10:16:12] Fixed 2 duplicate /gene - ydiB_1 ydiB_2
[10:16:12] Fixed 2 duplicate /gene - acrB_1 acrB_2
[10:16:12] Fixed 2 duplicate /gene - apbE_1 apbE_2
[10:16:12] Fixed 2 duplicate /gene - ibpB_1 ibpB_2
[10:16:12] Fixed 3 duplicate /gene - pncC_1 pncC_2 pncC_3
[10:16:12] Fixed 4 duplicate /gene - hipO_1 hipO_2 hipO_3 hipO_4
[10:16:12] Fixed 2 duplicate /gene - lon_1 lon_2
[10:16:12] Fixed 2 duplicate /gene - rhlE_1 rhlE_2
[10:16:12] Fixed 2 duplicate /gene - kefC_1 kefC_2
[10:16:12] Fixed 2 duplicate /gene - mepS_1 mepS_2
[10:16:12] Fixed 2 duplicate /gene - relE_1 relE_2
[10:16:12] Fixed 2 duplicate /gene - eutB_1 eutB_2
[10:16:12] Fixed 3 duplicate /gene - sotB_1 sotB_2 sotB_3
[10:16:12] Fixed 2 duplicate /gene - frcA_1 frcA_2
[10:16:12] Fixed 2 duplicate /gene - trmL_1 trmL_2
[10:16:12] Fixed 2 duplicate /gene - yqhC_1 yqhC_2
[10:16:12] Fixed 2 duplicate /gene - proS_1 proS_2
[10:16:12] Fixed 2 duplicate /gene - norW_1 norW_2
[10:16:12] Fixed 3 duplicate /gene - pduO_1 pduO_2 pduO_3
[10:16:12] Fixed 2 duplicate /gene - manP_1 manP_2
[10:16:12] Fixed 2 duplicate /gene - can_1 can_2
[10:16:12] Fixed 2 duplicate /gene - yabI_1 yabI_2
[10:16:12] Fixed 2 duplicate /gene - rafB_1 rafB_2
[10:16:12] Fixed 3 duplicate /gene - xylB_1 xylB_2 xylB_3
[10:16:12] Fixed 2 duplicate /gene - kdgK_1 kdgK_2
[10:16:12] Fixed 3 duplicate /gene - tsaR_1 tsaR_2 tsaR_3
[10:16:12] Fixed 3 duplicate /gene - pcaR_1 pcaR_2 pcaR_3
[10:16:12] Fixed 2 duplicate /gene - ompN_1 ompN_2
[10:16:12] Fixed 2 duplicate /gene - araB_1 araB_2
[10:16:12] Fixed 3 duplicate /gene - pcaK_1 pcaK_2 pcaK_3
[10:16:12] Fixed 3 duplicate /gene - metN_1 metN_2 metN_3
[10:16:12] Fixed 2 duplicate /gene - elfD_1 elfD_2
[10:16:12] Fixed 2 duplicate /gene - agp_1 agp_2
[10:16:12] Fixed 2 duplicate /gene - blc_1 blc_2
[10:16:12] Fixed 3 duplicate /gene - tssF1_1 tssF1_2 tssF1_3
[10:16:12] Fixed 2 duplicate /gene - yhhS_1 yhhS_2
[10:16:12] Fixed 2 duplicate /gene - murR_1 murR_2
[10:16:12] Fixed 2 duplicate /gene - bcsQ_1 bcsQ_2
[10:16:12] Fixed 2 duplicate /gene - hisC_1 hisC_2
[10:16:12] Fixed 2 duplicate /gene - deoR_1 deoR_2
[10:16:12] Fixed 2 duplicate /gene - ybdO_1 ybdO_2
[10:16:12] Fixed 2 duplicate /gene - ycaD_1 ycaD_2
[10:16:12] Fixed 2 duplicate /gene - dnaK_1 dnaK_2
[10:16:12] Fixed 2 duplicate /gene - bamA_1 bamA_2
[10:16:12] Fixed 2 duplicate /gene - hdeB_1 hdeB_2
[10:16:12] Fixed 2 duplicate /gene - galR_1 galR_2
[10:16:12] Fixed 2 duplicate /gene - hpf_1 hpf_2
[10:16:12] Fixed 2 duplicate /gene - pdeB_1 pdeB_2
[10:16:12] Fixed 3 duplicate /gene - yraI_1 yraI_2 yraI_3
[10:16:12] Fixed 2 duplicate /gene - cycA_1 cycA_2
[10:16:12] Fixed 2 duplicate /gene - nagC_1 nagC_2
[10:16:12] Fixed 3 duplicate /gene - lsrB_1 lsrB_2 lsrB_3
[10:16:12] Fixed 2 duplicate /gene - cysH_1 cysH_2
[10:16:12] Fixed 2 duplicate /gene - pdxA2_1 pdxA2_2
[10:16:12] Fixed 2 duplicate /gene - sbnD_1 sbnD_2
[10:16:12] Fixed 3 duplicate /gene - dnaC_1 dnaC_2 dnaC_3
[10:16:12] Fixed 2 duplicate /gene - ribX_1 ribX_2
[10:16:12] Fixed 2 duplicate /gene - tyrB_1 tyrB_2
[10:16:12] Fixed 2 duplicate /gene - ahpC_1 ahpC_2
[10:16:12] Fixed 2 duplicate /gene - rppH_1 rppH_2
[10:16:12] Fixed 2 duplicate /gene - lpdC_1 lpdC_2
[10:16:12] Fixed 3 duplicate /gene - intA_1 intA_2 intA_3
[10:16:12] Fixed 2 duplicate /gene - aspT_1 aspT_2
[10:16:12] Fixed 2 duplicate /gene - glpF_1 glpF_2
[10:16:12] Fixed 2 duplicate /gene - cobC_1 cobC_2
[10:16:12] Fixed 2 duplicate /gene - ydhP_1 ydhP_2
[10:16:12] Fixed 2 duplicate /gene - rffG_1 rffG_2
[10:16:12] Fixed 2 duplicate /gene - feaB_1 feaB_2
[10:16:12] Fixed 2 duplicate /gene - gdhA_1 gdhA_2
[10:16:12] Fixed 4 duplicate /gene - hdfR_1 hdfR_2 hdfR_3 hdfR_4
[10:16:12] Fixed 2 duplicate /gene - cobT_1 cobT_2
[10:16:12] Fixed 3 duplicate /gene - dapA_1 dapA_2 dapA_3
[10:16:12] Fixed 7 duplicate /gene - licC_1 licC_2 licC_3 licC_4 licC_5 licC_6 licC_7
[10:16:12] Fixed 3 duplicate /gene - egtB_1 egtB_2 egtB_3
[10:16:12] Fixed 2 duplicate /gene - puuB_1 puuB_2
[10:16:12] Fixed 2 duplicate /gene - sdaC_1 sdaC_2
[10:16:12] Fixed 2 duplicate /gene - dinG_1 dinG_2
[10:16:12] Fixed 3 duplicate /gene - hmuU_1 hmuU_2 hmuU_3
[10:16:12] Fixed 2 duplicate /gene - zapE_1 zapE_2
[10:16:12] Fixed 3 duplicate /gene - talB_1 talB_2 talB_3
[10:16:12] Fixed 2 duplicate /gene - glpE_1 glpE_2
[10:16:12] Fixed 4 duplicate /gene - gstB_1 gstB_2 gstB_3 gstB_4
[10:16:12] Fixed 2 duplicate /gene - sdaA_1 sdaA_2
[10:16:12] Fixed 2 duplicate /gene - hpcE_1 hpcE_2
[10:16:12] Fixed 2 duplicate /gene - dsdC_1 dsdC_2
[10:16:12] Fixed 3 duplicate /gene - fruA_1 fruA_2 fruA_3
[10:16:12] Fixed 2 duplicate /gene - vapC_1 vapC_2
[10:16:12] Fixed 4 duplicate /gene - glpR_1 glpR_2 glpR_3 glpR_4
[10:16:12] Fixed 4 duplicate /gene - iolG_1 iolG_2 iolG_3 iolG_4
[10:16:12] Fixed 4 duplicate /gene - hexR_1 hexR_2 hexR_3 hexR_4
[10:16:12] Fixed 3 duplicate /gene - fdhF_1 fdhF_2 fdhF_3
[10:16:12] Fixed 2 duplicate /gene - shiA_1 shiA_2
[10:16:12] Fixed 2 duplicate /gene - hxpB_1 hxpB_2
[10:16:12] Fixed 3 duplicate /gene - lrp_1 lrp_2 lrp_3
[10:16:12] Fixed 2 duplicate /gene - lrhA_1 lrhA_2
[10:16:12] Fixed 2 duplicate /gene - pyrG_1 pyrG_2
[10:16:12] Fixed 3 duplicate /gene - aegA_1 aegA_2 aegA_3
[10:16:12] Fixed 2 duplicate /gene - fdhE_1 fdhE_2
[10:16:12] Fixed 2 duplicate /gene - rutB_1 rutB_2
[10:16:12] Fixed 2 duplicate /gene - atoB_1 atoB_2
[10:16:12] Fixed 2 duplicate /gene - asd_1 asd_2
[10:16:12] Fixed 2 duplicate /gene - yafP_1 yafP_2
[10:16:12] Fixed 2 duplicate /gene - sasA_1 sasA_2
[10:16:12] Fixed 3 duplicate /gene - rob_1 rob_2 rob_3
[10:16:12] Fixed 2 duplicate /gene - ecoRIIM_1 ecoRIIM_2
[10:16:12] Fixed 2 duplicate /gene - hsrA_1 hsrA_2
[10:16:12] Fixed 2 duplicate /gene - uxuA_1 uxuA_2
[10:16:12] Fixed 2 duplicate /gene - ompA_1 ompA_2
[10:16:12] Fixed 4 duplicate /gene - ttuB_1 ttuB_2 ttuB_3 ttuB_4
[10:16:12] Fixed 9 duplicate /gene - rbsC_1 rbsC_2 rbsC_3 rbsC_4 rbsC_5 rbsC_6 rbsC_7 rbsC_8 rbsC_9
[10:16:12] Fixed 5 duplicate /gene - crgA_1 crgA_2 crgA_3 crgA_4 crgA_5
[10:16:12] Fixed 2 duplicate /gene - astB_1 astB_2
[10:16:12] Fixed 2 duplicate /gene - artQ_1 artQ_2
[10:16:12] Fixed 2 duplicate /gene - fdoG_1 fdoG_2
[10:16:12] Fixed 3 duplicate /gene - rbsA_1 rbsA_2 rbsA_3
[10:16:12] Fixed 2 duplicate /gene - dacD_1 dacD_2
[10:16:12] Fixed 3 duplicate /gene - dauA_1 dauA_2 dauA_3
[10:16:12] Fixed 2 duplicate /gene - metR_1 metR_2
[10:16:12] Fixed 3 duplicate /gene - gsiD_1 gsiD_2 gsiD_3
[10:16:12] Fixed 3 duplicate /gene - csbX_1 csbX_2 csbX_3
[10:16:12] Fixed 2 duplicate /gene - ddpA_1 ddpA_2
[10:16:12] Fixed 3 duplicate /gene - kduD_1 kduD_2 kduD_3
[10:16:12] Fixed 2 duplicate /gene - flmA_1 flmA_2
[10:16:12] Fixed 3 duplicate /gene - ydfK_1 ydfK_2 ydfK_3
[10:16:12] Fixed 3 duplicate /gene - tcyL_1 tcyL_2 tcyL_3
[10:16:12] Fixed 3 duplicate /gene - rbsK_1 rbsK_2 rbsK_3
[10:16:12] Fixed 3 duplicate /gene - ddpC_1 ddpC_2 ddpC_3
[10:16:12] Fixed 2 duplicate /gene - thrS_1 thrS_2
[10:16:12] Fixed 2 duplicate /gene - pdeH_1 pdeH_2
[10:16:12] Fixed 2 duplicate /gene - fusA1_1 fusA1_2
[10:16:12] Fixed 4 duplicate /gene - cynR_1 cynR_2 cynR_3 cynR_4
[10:16:12] Fixed 3 duplicate /gene - nepI_1 nepI_2 nepI_3
[10:16:12] Fixed 5 duplicate /gene - chbA_1 chbA_2 chbA_3 chbA_4 chbA_5
[10:16:12] Fixed 2 duplicate /gene - ftnA_1 ftnA_2
[10:16:12] Fixed 3 duplicate /gene - umuD_1 umuD_2 umuD_3
[10:16:12] Fixed 2 duplicate /gene - kefF_1 kefF_2
[10:16:12] Fixed 2 duplicate /gene - bepA_1 bepA_2
[10:16:12] Fixed 2 duplicate /gene - rfbD_1 rfbD_2
[10:16:12] Fixed 2 duplicate /gene - lgoT_1 lgoT_2
[10:16:12] Fixed 2 duplicate /gene - jefA_1 jefA_2
[10:16:12] Fixed 2 duplicate /gene - benM_1 benM_2
[10:16:12] Fixed 3 duplicate /gene - pal_1 pal_2 pal_3
[10:16:12] Fixed 2 duplicate /gene - gabD_1 gabD_2
[10:16:12] Fixed 2 duplicate /gene - lsrA_1 lsrA_2
[10:16:12] Fixed 2 duplicate /gene - pduE_1 pduE_2
[10:16:12] Fixed 3 duplicate /gene - oppD_1 oppD_2 oppD_3
[10:16:12] Fixed 4 duplicate /gene - metQ_1 metQ_2 metQ_3 metQ_4
[10:16:12] Fixed 2 duplicate /gene - decR_1 decR_2
[10:16:12] Fixed 2 duplicate /gene - cds1_1 cds1_2
[10:16:12] Fixed 2 duplicate /gene - dgoR_1 dgoR_2
[10:16:12] Fixed 3 duplicate /gene - yicJ_1 yicJ_2 yicJ_3
[10:16:12] Fixed 2 duplicate /gene - pdeC_1 pdeC_2
[10:16:12] Fixed 3 duplicate /gene - slyA_1 slyA_2 slyA_3
[10:16:12] Fixed 2 duplicate /gene - hsdR_1 hsdR_2
[10:16:12] Fixed 2 duplicate /gene - cysG_1 cysG_2
[10:16:12] Fixed 2 duplicate /gene - lacI_1 lacI_2
[10:16:12] Fixed 4 duplicate /gene - dmlR_1 dmlR_2 dmlR_3 dmlR_4
[10:16:12] Fixed 6 duplicate /gene - oxyR_1 oxyR_2 oxyR_3 oxyR_4 oxyR_5 oxyR_6
[10:16:12] Fixed 3 duplicate /gene - suhB_1 suhB_2 suhB_3
[10:16:12] Fixed 2 duplicate /gene - xanP_1 xanP_2
[10:16:12] Fixed 3 duplicate /gene - norR_1 norR_2 norR_3
[10:16:12] Fixed 2 duplicate /gene - mgtE_1 mgtE_2
[10:16:12] Fixed 2 duplicate /gene - katE_1 katE_2
[10:16:12] Fixed 3 duplicate /gene - gltR_1 gltR_2 gltR_3
[10:16:12] Fixed 3 duplicate /gene - dppF_1 dppF_2 dppF_3
[10:16:12] Fixed 2 duplicate /gene - araC_1 araC_2
[10:16:12] Fixed 2 duplicate /gene - ybdG_1 ybdG_2
[10:16:12] Fixed 2 duplicate /gene - bluF_1 bluF_2
[10:16:12] Fixed 4 duplicate /gene - fimD_1 fimD_2 fimD_3 fimD_4
[10:16:12] Fixed 4 duplicate /gene - livH_1 livH_2 livH_3 livH_4
[10:16:12] Fixed 2 duplicate /gene - glpQ_1 glpQ_2
[10:16:12] Fixed 2 duplicate /gene - yhhT_1 yhhT_2
[10:16:12] Fixed 2 duplicate /gene - rffH_1 rffH_2
[10:16:12] Fixed 2 duplicate /gene - leuE_1 leuE_2
[10:16:12] Fixed 3 duplicate /gene - aaeR_1 aaeR_2 aaeR_3
[10:16:12] Fixed 2 duplicate /gene - dam_1 dam_2
[10:16:12] Fixed 2 duplicate /gene - dppD_1 dppD_2
[10:16:12] Fixed 2 duplicate /gene - def_1 def_2
[10:16:12] Fixed 9 duplicate /gene - fabG_1 fabG_2 fabG_3 fabG_4 fabG_5 fabG_6 fabG_7 fabG_8 fabG_9
[10:16:12] Fixed 2 duplicate /gene - por_1 por_2
[10:16:12] Fixed 2 duplicate /gene - phoP_1 phoP_2
[10:16:12] Fixed 2 duplicate /gene - gltJ_1 gltJ_2
[10:16:12] Fixed 2 duplicate /gene - srlR_1 srlR_2
[10:16:12] Fixed 2 duplicate /gene - nodD2_1 nodD2_2
[10:16:12] Fixed 6 duplicate /gene - malP_1 malP_2 malP_3 malP_4 malP_5 malP_6
[10:16:12] Fixed 2 duplicate /gene - msuD_1 msuD_2
[10:16:12] Fixed 2 duplicate /gene - pduD_1 pduD_2
[10:16:12] Fixed 2 duplicate /gene - acrR_1 acrR_2
[10:16:12] Fixed 4 duplicate /gene - celA_1 celA_2 celA_3 celA_4
[10:16:12] Fixed 2 duplicate /gene - artJ_1 artJ_2
[10:16:12] Fixed 3 duplicate /gene - oppF_1 oppF_2 oppF_3
[10:16:12] Fixed 2 duplicate /gene - trxA_1 trxA_2
[10:16:12] Fixed 2 duplicate /gene - mbeC_1 mbeC_2
[10:16:12] Fixed 2 duplicate /gene - pgl_1 pgl_2
[10:16:12] Fixed 2 duplicate /gene - yciE_1 yciE_2
[10:16:12] Fixed 5 duplicate /gene - mntB_1 mntB_2 mntB_3 mntB_4 mntB_5
[10:16:12] Fixed 2 duplicate /gene - yagG_1 yagG_2
[10:16:12] Fixed 2 duplicate /gene - nlpD_1 nlpD_2
[10:16:12] Fixed 2 duplicate /gene - oprM_1 oprM_2
[10:16:12] Fixed 4 duplicate /gene - uup_1 uup_2 uup_3 uup_4
[10:16:12] Fixed 2 duplicate /gene - aroP_1 aroP_2
[10:16:12] Fixed 3 duplicate /gene - lptB_1 lptB_2 lptB_3
[10:16:12] Fixed 2 duplicate /gene - aroC_1 aroC_2
[10:16:12] Fixed 3 duplicate /gene - dctA_1 dctA_2 dctA_3
[10:16:12] Fixed 5 duplicate /gene - tcyJ_1 tcyJ_2 tcyJ_3 tcyJ_4 tcyJ_5
[10:16:12] Fixed 2 duplicate /gene - iutA_1 iutA_2
[10:16:12] Fixed 2 duplicate /gene - carA_1 carA_2
[10:16:12] Fixed 2 duplicate /gene - surE_1 surE_2
[10:16:12] Fixed 2 duplicate /gene - pcpR_1 pcpR_2
[10:16:12] Fixed 2 duplicate /gene - yeaR_1 yeaR_2
[10:16:12] Fixed 2 duplicate /gene - rluA_1 rluA_2
[10:16:12] Fixed 2 duplicate /gene - rutC_1 rutC_2
[10:16:12] Fixed 2 duplicate /gene - rssB_1 rssB_2
[10:16:12] Fixed 5 duplicate /gene - rcsC_1 rcsC_2 rcsC_3 rcsC_4 rcsC_5
[10:16:12] Fixed 2 duplicate /gene - adh_1 adh_2
[10:16:12] Fixed 5 duplicate /gene - glnQ_1 glnQ_2 glnQ_3 glnQ_4 glnQ_5
[10:16:12] Fixed 2 duplicate /gene - malT_1 malT_2
[10:16:12] Fixed 5 duplicate /gene - yajO_1 yajO_2 yajO_3 yajO_4 yajO_5
[10:16:12] Fixed 3 duplicate /gene - btuF_1 btuF_2 btuF_3
[10:16:12] Fixed 2 duplicate /gene - dsbD_1 dsbD_2
[10:16:12] Fixed 2 duplicate /gene - ygaZ_1 ygaZ_2
[10:16:12] Fixed 3 duplicate /gene - gabR_1 gabR_2 gabR_3
[10:16:12] Fixed 2 duplicate /gene - cmoO_1 cmoO_2
[10:16:12] Fixed 2 duplicate /gene - licH_1 licH_2
[10:16:12] Fixed 2 duplicate /gene - malK_1 malK_2
[10:16:12] Fixed 8 duplicate /gene - rhaS_1 rhaS_2 rhaS_3 rhaS_4 rhaS_5 rhaS_6 rhaS_7 rhaS_8
[10:16:12] Fixed 2 duplicate /gene - ubiX_1 ubiX_2
[10:16:12] Fixed 2 duplicate /gene - sacP_1 sacP_2
[10:16:12] Fixed 2 duplicate /gene - yedK_1 yedK_2
[10:16:12] Fixed 2 duplicate /gene - fruB_1 fruB_2
[10:16:12] Fixed 2 duplicate /gene - cytR_1 cytR_2
[10:16:12] Fixed 2 duplicate /gene - dinI_1 dinI_2
[10:16:12] Fixed 2 duplicate /gene - ecoRIIR_1 ecoRIIR_2
[10:16:12] Fixed 2 duplicate /gene - gntR_1 gntR_2
[10:16:12] Fixed 2 duplicate /gene - ytfR_1 ytfR_2
[10:16:12] Fixed 2 duplicate /gene - azoR_1 azoR_2
[10:16:12] Fixed 2 duplicate /gene - manZ_1 manZ_2
[10:16:12] Fixed 4 duplicate /gene - yceD_1 yceD_2 yceD_3 yceD_4
[10:16:12] Fixed 2 duplicate /gene - wecD_1 wecD_2
[10:16:12] Fixed 2 duplicate /gene - murQ_1 murQ_2
[10:16:12] Fixed 2 duplicate /gene - btuD_1 btuD_2
[10:16:12] Fixed 3 duplicate /gene - mglA_1 mglA_2 mglA_3
[10:16:12] Fixed 2 duplicate /gene - araG_1 araG_2
[10:16:12] Fixed 2 duplicate /gene - rhaB_1 rhaB_2
[10:16:12] Fixed 3 duplicate /gene - betI_1 betI_2 betI_3
[10:16:12] Fixed 2 duplicate /gene - dadA_1 dadA_2
[10:16:12] Fixed 3 duplicate /gene - yhaJ_1 yhaJ_2 yhaJ_3
[10:16:12] Fixed 2 duplicate /gene - tufA_1 tufA_2
[10:16:12] Fixed 2 duplicate /gene - astA_1 astA_2
[10:16:12] Fixed 2 duplicate /gene - xylF_1 xylF_2
[10:16:12] Fixed 5 duplicate /gene - rbsB_1 rbsB_2 rbsB_3 rbsB_4 rbsB_5
[10:16:12] Fixed 2 duplicate /gene - astC_1 astC_2
[10:16:12] Fixed 2 duplicate /gene - purR_1 purR_2
[10:16:12] Fixed 2 duplicate /gene - yohK_1 yohK_2
[10:16:12] Fixed 442 colliding /gene names.
[10:16:12] Adding /locus_tag identifiers
[10:16:12] Assigned 5434 locus_tags to CDS and RNA features.
[10:16:12] Writing outputs to results/prokka_annotations/GCA_055721565.1/
[10:16:15] Generating annotation statistics file
[10:16:15] Generating Genbank and Sequin files
[10:16:15] Running: tbl2asn -V b -a r10k -l paired-ends -M n -N 1 -y 'Annotated using prokka 1.15.6 from https://github.com/tseemann/prokka' -Z results\/prokka_annotations\/GCA_055721565\.1\/GCA_055721565\.1\.err -i results\/prokka_annotations\/GCA_055721565\.1\/GCA_055721565\.1\.fsa 2> /dev/null
[10:16:26] Deleting unwanted file: results/prokka_annotations/GCA_055721565.1/errorsummary.val
[10:16:26] Deleting unwanted file: results/prokka_annotations/GCA_055721565.1/GCA_055721565.1.dr
[10:16:26] Deleting unwanted file: results/prokka_annotations/GCA_055721565.1/GCA_055721565.1.fixedproducts
[10:16:26] Deleting unwanted file: results/prokka_annotations/GCA_055721565.1/GCA_055721565.1.ecn
[10:16:26] Deleting unwanted file: results/prokka_annotations/GCA_055721565.1/GCA_055721565.1.val
[10:16:26] Repairing broken .GBK output that tbl2asn produces...
[10:16:26] Running: sed 's/COORDINATES: profile/COORDINATES:profile/' < results\/prokka_annotations\/GCA_055721565\.1\/GCA_055721565\.1\.gbf > results\/prokka_annotations\/GCA_055721565\.1\/GCA_055721565\.1\.gbk
[10:16:26] Deleting unwanted file: results/prokka_annotations/GCA_055721565.1/GCA_055721565.1.gbf
[10:16:26] Output files:
[10:16:26] results/prokka_annotations/GCA_055721565.1/GCA_055721565.1.tbl
[10:16:26] results/prokka_annotations/GCA_055721565.1/GCA_055721565.1.ffn
[10:16:26] results/prokka_annotations/GCA_055721565.1/GCA_055721565.1.log
[10:16:26] results/prokka_annotations/GCA_055721565.1/GCA_055721565.1.tsv
[10:16:26] results/prokka_annotations/GCA_055721565.1/GCA_055721565.1.err
[10:16:26] results/prokka_annotations/GCA_055721565.1/GCA_055721565.1.gff
[10:16:26] results/prokka_annotations/GCA_055721565.1/GCA_055721565.1.gbk
[10:16:26] results/prokka_annotations/GCA_055721565.1/GCA_055721565.1.txt
[10:16:26] results/prokka_annotations/GCA_055721565.1/GCA_055721565.1.fsa
[10:16:26] results/prokka_annotations/GCA_055721565.1/GCA_055721565.1.faa
[10:16:26] results/prokka_annotations/GCA_055721565.1/GCA_055721565.1.sqn
[10:16:26] results/prokka_annotations/GCA_055721565.1/GCA_055721565.1.fna
[10:16:26] Annotation finished successfully.
[10:16:26] Walltime used: 10.27 minutes
[10:16:26] If you use this result please cite the Prokka paper:
[10:16:26] Seemann T (2014) Prokka: rapid prokaryotic genome annotation. Bioinformatics. 30(14):2068-9.
[10:16:26] Type 'prokka --citation' for more details.
[10:16:26] Thank you, come again.
