[08:36:58] This is prokka 1.15.6
[08:36:58] Written by Torsten Seemann <torsten.seemann@gmail.com>
[08:36:58] Homepage is https://github.com/tseemann/prokka
[08:36:58] Local time is Wed Aug 26 08:36:58 2026
[08:36:58] You are codespace
[08:36:58] Operating system is linux
[08:36:58] You have BioPerl 1.7.8
[08:36:58] System has 2 cores.
[08:36:58] Will use maximum of 2 cores.
[08:36:58] Annotating as >>> Bacteria <<<
[08:36:58] Generating locus_tag from 'data/ncbi_dataset/data/GCA_053309195.1/GCA_053309195.1_ASM5330919v1_genomic.fna' contents.
[08:36:58] Setting --locustag AEDCGGIJ from MD5 aedc0023d2150ebf56295185de724c16
[08:36:58] Creating new output folder: results/prokka_annotations/GCA_053309195.1
[08:36:58] Running: mkdir -p results\/prokka_annotations\/GCA_053309195\.1
[08:36:58] Using filename prefix: GCA_053309195.1.XXX
[08:36:58] Setting HMMER_NCPU=1
[08:36:58] Writing log to: results/prokka_annotations/GCA_053309195.1/GCA_053309195.1.log
[08:36:58] Command: /opt/conda/envs/prokka_env/bin/prokka --outdir results/prokka_annotations/GCA_053309195.1 --prefix GCA_053309195.1 --kingdom Bacteria --genus Klebsiella --species pneumoniae --cpus 2 --force data/ncbi_dataset/data/GCA_053309195.1/GCA_053309195.1_ASM5330919v1_genomic.fna
[08:36:58] Looking for 'aragorn' - found /opt/conda/envs/prokka_env/bin/aragorn
[08:36:58] Determined aragorn version is v1.2 from 'ARAGORN v1.2.41 Dean Laslett'
[08:36:58] Looking for 'barrnap' - found /opt/conda/envs/prokka_env/bin/barrnap
[08:36:58] Determined barrnap version is v1.10 from 'barrnap 1.10.5'
[08:36:58] Looking for 'blastp' - found /opt/conda/envs/prokka_env/bin/blastp
[08:36:58] Determined blastp version is v2.17 from 'blastp: 2.17.0+'
[08:36:58] Looking for 'cmpress' - found /opt/conda/envs/prokka_env/bin/cmpress
[08:36:58] Determined cmpress version is v1.1 from '# INFERNAL 1.1.5 (Sep 2023)'
[08:36:58] Looking for 'cmscan' - found /opt/conda/envs/prokka_env/bin/cmscan
[08:36:58] Determined cmscan version is v1.1 from '# INFERNAL 1.1.5 (Sep 2023)'
[08:36:58] Looking for 'egrep' - found /usr/bin/egrep
[08:36:58] Looking for 'find' - found /usr/bin/find
[08:36:58] Looking for 'grep' - found /usr/bin/grep
[08:36:58] Looking for 'hmmpress' - found /opt/conda/envs/prokka_env/bin/hmmpress
[08:36:58] Determined hmmpress version is v3.4 from '# HMMER 3.4 (Aug 2023); http://hmmer.org/'
[08:36:58] Looking for 'hmmscan' - found /opt/conda/envs/prokka_env/bin/hmmscan
[08:36:58] Determined hmmscan version is v3.4 from '# HMMER 3.4 (Aug 2023); http://hmmer.org/'
[08:36:58] Looking for 'java' - found /opt/conda/envs/prokka_env/bin/java
[08:36:58] Looking for 'makeblastdb' - found /opt/conda/envs/prokka_env/bin/makeblastdb
[08:36:58] Determined makeblastdb version is v2.17 from 'makeblastdb: 2.17.0+'
[08:36:58] Looking for 'minced' - found /opt/conda/envs/prokka_env/bin/minced
[08:36:58] Determined minced version is v4.2 from 'minced 0.4.2'
[08:36:58] Looking for 'parallel' - found /opt/conda/envs/prokka_env/bin/parallel
[08:36:58] Determined parallel version is 20260722 from 'GNU parallel 20260722'
[08:36:58] Looking for 'prodigal' - found /opt/conda/envs/prokka_env/bin/prodigal
[08:36:59] Determined prodigal version is v2.6 from 'Prodigal V2.6.3: February, 2016'
[08:36:59] Looking for 'prokka-genbank_to_fasta_db' - found /opt/conda/envs/prokka_env/bin/prokka-genbank_to_fasta_db
[08:36:59] Looking for 'sed' - found /usr/bin/sed
[08:36:59] Looking for 'tbl2asn' - found /opt/conda/envs/prokka_env/bin/tbl2asn
[08:36:59] Determined tbl2asn version is v25.7 from 'tbl2asn 25.7   arguments:'
[08:36:59] Using genetic code table 11.
[08:36:59] Loading and checking input file: data/ncbi_dataset/data/GCA_053309195.1/GCA_053309195.1_ASM5330919v1_genomic.fna
[08:36:59] Wrote 5 contigs totalling 5587846 bp.
[08:36:59] Predicting tRNAs and tmRNAs
[08:36:59] Running: aragorn -l -gc11  -w results\/prokka_annotations\/GCA_053309195\.1\/GCA_053309195\.1\.fna
[08:37:01] 1 tRNA-Ile [1938,2014] 35 (gat)
[08:37:01] 2 tRNA-Ala [2051,2126] 34 (tgc)
[08:37:01] 3 tRNA-Asp [5468,5544] 35 (gtc)
[08:37:01] 4 tRNA-Trp [5598,5673] 34 (cca)
[08:37:01] 5 tRNA-Arg [43703,43779] 35 (ccg)
[08:37:01] 6 tRNA-His [43835,43910] 34 (gtg)
[08:37:01] 7 tRNA-Leu [43933,44018] 36 (cag)
[08:37:01] 8 tRNA-Pro [44062,44138] 35 (tgg)
[08:37:01] 9 tRNA-Ile [93819,93895] 35 (gat)
[08:37:01] 10 tRNA-Ala [93932,94007] 34 (tgc)
[08:37:01] 11 tRNA-Thr [100933,101008] 34 (tgt)
[08:37:01] 12 tRNA-Tyr [101019,101103] 35 (gta)
[08:37:01] 13 tRNA-Gly [101219,101293] 34 (tcc)
[08:37:01] 14 tRNA-Thr [101299,101374] 34 (ggt)
[08:37:01] 15 tRNA-Glu [138732,138807] 35 (ttc)
[08:37:01] 16 tRNA-Phe c[321896,321971] 34 (gaa)
[08:37:01] 17 tRNA-Gly [362936,363011] 34 (gcc)
[08:37:01] 18 tRNA-Gly [363080,363155] 34 (gcc)
[08:37:01] 19 tRNA-Gly [363228,363303] 34 (gcc)
[08:37:01] 20 tRNA-Leu [510940,511024] 35 (caa)
[08:37:01] 21 tRNA-Glu [565486,565561] 35 (ttc)
[08:37:01] 22 tRNA-Leu c[649853,649939] 35 (cag)
[08:37:01] 23 tRNA-Leu c[649972,650057] 36 (cag)
[08:37:01] 24 tRNA-Ile [920774,920850] 35 (gat)
[08:37:01] 25 tRNA-Ala [920956,921031] 34 (tgc)
[08:37:01] 26 tRNA-Asp [924474,924550] 35 (gtc)
[08:37:01] 27 tRNA-Asp [933927,934003] 35 (gtc)
[08:37:01] 28 tRNA-Thr c[990325,990400] 34 (cgt)
[08:37:01] 29 tRNA-Arg [1204847,1204923] 35 (tct)
[08:37:01] 30 tRNA-Asn [1224242,1224316] 33 (gtt)
[08:37:01] 31 tRNA-Arg [1224322,1224398] 35 (tct)
[08:37:01] 32 tRNA-Gln c[1495971,1496045] 33 (ctg)
[08:37:01] 33 tRNA-Gln c[1496121,1496195] 33 (ctg)
[08:37:01] 34 tRNA-Met c[1496243,1496319] 35 (cat)
[08:37:01] 35 tRNA-Gln c[1496343,1496417] 33 (ttg)
[08:37:01] 36 tRNA-Leu c[1496441,1496525] 35 (tag)
[08:37:01] 37 tRNA-Met c[1496534,1496610] 35 (cat)
[08:37:01] 38 tRNA-Lys [1555226,1555301] 34 (ttt)
[08:37:01] 39 tRNA-Val [1555427,1555502] 34 (tac)
[08:37:01] 40 tRNA-Lys [1555505,1555580] 34 (ttt)
[08:37:01] 41 tRNA-Val [1555730,1555805] 34 (tac)
[08:37:01] 42 tRNA-Lys [1555809,1555884] 34 (ttt)
[08:37:01] 43 tRNA-Lys [1556019,1556094] 34 (ttt)
[08:37:01] 44 tRNA-Ser [1870709,1870796] 35 (tga)
[08:37:01] 45 tRNA-Ser c[1963230,1963317] 35 (gga)
[08:37:01] 46 tRNA-Ser c[1966386,1966473] 35 (gga)
[08:37:01] 47 tRNA-Val [2886221,2886297] 35 (gac)
[08:37:01] 48 tRNA-Val [2886302,2886378] 35 (gac)
[08:37:01] 49 tRNA-Val [2886383,2886459] 35 (gac)
[08:37:01] 50 tRNA-Tyr [3107334,3107418] 35 (gta)
[08:37:01] 51 tRNA-Tyr [3107634,3107718] 35 (gta)
[08:37:01] 52 tRNA-Leu c[3331820,3331906] 35 (taa)
[08:37:01] 53 tRNA-Cys c[3331920,3331993] 33 (gca)
[08:37:01] 54 tRNA-Gly c[3332034,3332109] 34 (gcc)
[08:37:01] 55 tRNA-Ser c[3393008,3393097] 35 (cga)
[08:37:01] 56 tRNA-Asn [3394089,3394164] 34 (gtt)
[08:37:01] 57 tRNA-Asn [3399807,3399882] 34 (gtt)
[08:37:01] 58 tRNA-Asn c[3473262,3473337] 34 (gtt)
[08:37:01] 59 tRNA-Asn [3475095,3475170] 34 (gtt)
[08:37:01] 60 tRNA-Pro [3685704,3685780] 35 (ggg)
[08:37:01] 61 tRNA-Arg [3802538,3802612] 34 (cct)
[08:37:01] 62 tRNA-Ala c[3857645,3857720] 34 (ggc)
[08:37:01] 63 tRNA-Ala c[3857762,3857837] 34 (ggc)
[08:37:01] 64 tRNA-Val [3860536,3860611] 34 (tac)
[08:37:01] 65 tRNA-Val [3860657,3860732] 34 (tac)
[08:37:01] 66 tRNA-Val [3860779,3860854] 34 (tac)
[08:37:01] 67 tRNA-Lys [3860859,3860934] 34 (ttt)
[08:37:01] 68 tRNA-Glu c[4097203,4097278] 35 (ttc)
[08:37:01] 69 tmRNA [4125777,4126139] 90,125 ANDENYALAA**
[08:37:01] 70 tRNA-Arg c[4241762,4241838] 35 (acg)
[08:37:01] 71 tRNA-Arg c[4242067,4242143] 35 (acg)
[08:37:01] 72 tRNA-Arg c[4242205,4242281] 35 (acg)
[08:37:01] 73 tRNA-Arg c[4242432,4242508] 35 (acg)
[08:37:01] 74 tRNA-Ser c[4242513,4242605] 35 (gct)
[08:37:01] 75 tRNA-Met [4394860,4394936] 35 (cat)
[08:37:01] 76 tRNA-Met [4394970,4395046] 35 (cat)
[08:37:01] 77 tRNA-Met [4395079,4395155] 35 (cat)
[08:37:01] 78 tRNA-Gly c[4533466,4533539] 33 (ccc)
[08:37:01] 79 tRNA-Phe [4606005,4606080] 34 (gaa)
[08:37:01] 80 tRNA-Met [4675648,4675723] 34 (cat)
[08:37:01] 81 tRNA-Met c[4782235,4782311] 35 (cat)
[08:37:01] 82 tRNA-Leu c[4786242,4786328] 35 (gag)
[08:37:01] 83 tRNA-Thr c[4870672,4870747] 34 (ggt)
[08:37:01] 84 tRNA-Pro c[5105804,5105880] 35 (cgg)
[08:37:01] 85 tRNA-SeC [5235395,5235489] 35 (tca)
[08:37:01] 86 tRNA-Glu [5377440,5377515] 35 (ttc)
[08:37:01] Found 86 tRNAs
[08:37:01] Predicting Ribosomal RNAs
[08:37:01] Running Barrnap with 2 threads
[08:37:34] 1 CM129999.1 329 16S ribosomal RNA
[08:37:34] 2 CM129999.1 2296 23S ribosomal RNA
[08:37:34] 3 CM129999.1 5295 5S ribosomal RNA
[08:37:34] 4 CM129999.1 92210 16S ribosomal RNA
[08:37:34] 5 CM129999.1 94177 23S ribosomal RNA
[08:37:34] 6 CM129999.1 97176 5S ribosomal RNA
[08:37:34] 7 CM129999.1 137107 16S ribosomal RNA
[08:37:34] 8 CM129999.1 138986 23S ribosomal RNA
[08:37:34] 9 CM129999.1 141989 5S ribosomal RNA
[08:37:34] 10 CM129999.1 563861 16S ribosomal RNA
[08:37:34] 11 CM129999.1 565740 23S ribosomal RNA
[08:37:34] 12 CM129999.1 568743 5S ribosomal RNA
[08:37:34] 13 CM129999.1 919163 16S ribosomal RNA
[08:37:34] 14 CM129999.1 921209 23S ribosomal RNA
[08:37:34] 15 CM129999.1 924301 5S ribosomal RNA
[08:37:34] 16 CM129999.1 4093812 5S ribosomal RNA
[08:37:34] 17 CM129999.1 4094123 23S ribosomal RNA
[08:37:34] 18 CM129999.1 4097364 16S ribosomal RNA
[08:37:34] 19 CM129999.1 4870518 5S ribosomal RNA
[08:37:34] 20 CM129999.1 4870762 5S ribosomal RNA
[08:37:34] 21 CM129999.1 4870974 23S ribosomal RNA
[08:37:34] 22 CM129999.1 4874074 16S ribosomal RNA
[08:37:34] 23 CM129999.1 5375815 16S ribosomal RNA
[08:37:34] 24 CM129999.1 5377694 23S ribosomal RNA
[08:37:34] 25 CM129999.1 5380791 5S ribosomal RNA
[08:37:34] Found 25 rRNAs
[08:37:34] Skipping ncRNA search, enable with --rfam if desired.
[08:37:34] Total of 110 tRNA + rRNA features
[08:37:34] Searching for CRISPR repeats
[08:37:35] Found 0 CRISPRs
[08:37:35] Predicting coding sequences
[08:37:35] Contigs total 5587846 bp, so using single mode
[08:37:35] Running: prodigal -i results\/prokka_annotations\/GCA_053309195\.1\/GCA_053309195\.1\.fna -c -m -g 11 -p single -f sco -q
[08:37:42] Excluding CDS which overlaps existing RNA (tRNA) at CM129999.1:44038..44190 on - strand
[08:37:44] Excluding CDS which overlaps existing RNA (tRNA) at CM129999.1:1962808..1963365 on + strand
[08:37:45] Excluding CDS which overlaps existing RNA (tRNA) at CM129999.1:2885972..2886457 on - strand
[08:37:47] Excluding CDS which overlaps existing RNA (tRNA) at CM129999.1:4782136..4782342 on + strand
[08:37:48] Found 5268 CDS
[08:37:48] Connecting features back to sequences
[08:37:48] Not using genus-specific database. Try --usegenus to enable it.
[08:37:48] Annotating CDS, please be patient.
[08:37:48] Will use 2 CPUs for similarity searching.
[08:37:49] There are still 5268 unannotated CDS left (started with 5268)
[08:37:49] Will use blast to search against /opt/conda/envs/prokka_env/db/kingdom/Bacteria/IS with 2 CPUs
[08:37:49] Running: cat results\/prokka_annotations\/GCA_053309195\.1\/GCA_053309195\.1\.IS\.tmp\.16500\.faa | parallel --gnu --plain -j 2 --block 415502 --recstart '>' --pipe blastp -query - -db /opt/conda/envs/prokka_env/db/kingdom/Bacteria/IS -evalue 1e-30 -qcov_hsp_perc 90 -num_threads 1 -num_descriptions 1 -num_alignments 1 -seg no > results\/prokka_annotations\/GCA_053309195\.1\/GCA_053309195\.1\.IS\.tmp\.16500\.blast 2> /dev/null
[08:38:49] Deleting unwanted file: results/prokka_annotations/GCA_053309195.1/GCA_053309195.1.IS.tmp.16500.faa
[08:38:49] Deleting unwanted file: results/prokka_annotations/GCA_053309195.1/GCA_053309195.1.IS.tmp.16500.blast
[08:38:50] There are still 5199 unannotated CDS left (started with 5268)
[08:38:50] Will use blast to search against /opt/conda/envs/prokka_env/db/kingdom/Bacteria/AMR with 2 CPUs
[08:38:50] Running: cat results\/prokka_annotations\/GCA_053309195\.1\/GCA_053309195\.1\.AMR\.tmp\.16500\.faa | parallel --gnu --plain -j 2 --block 412045 --recstart '>' --pipe blastp -query - -db /opt/conda/envs/prokka_env/db/kingdom/Bacteria/AMR -evalue 1e-300 -qcov_hsp_perc 90 -num_threads 1 -num_descriptions 1 -num_alignments 1 -seg no > results\/prokka_annotations\/GCA_053309195\.1\/GCA_053309195\.1\.AMR\.tmp\.16500\.blast 2> /dev/null
[08:40:30] Deleting unwanted file: results/prokka_annotations/GCA_053309195.1/GCA_053309195.1.AMR.tmp.16500.faa
[08:40:30] Deleting unwanted file: results/prokka_annotations/GCA_053309195.1/GCA_053309195.1.AMR.tmp.16500.blast
[08:40:31] There are still 5163 unannotated CDS left (started with 5268)
[08:40:31] Will use blast to search against /opt/conda/envs/prokka_env/db/kingdom/Bacteria/sprot with 2 CPUs
[08:40:31] Running: cat results\/prokka_annotations\/GCA_053309195\.1\/GCA_053309195\.1\.sprot\.tmp\.16500\.faa | parallel --gnu --plain -j 2 --block 405392 --recstart '>' --pipe blastp -query - -db /opt/conda/envs/prokka_env/db/kingdom/Bacteria/sprot -evalue 1e-09 -qcov_hsp_perc 80 -num_threads 1 -num_descriptions 1 -num_alignments 1 -seg no > results\/prokka_annotations\/GCA_053309195\.1\/GCA_053309195\.1\.sprot\.tmp\.16500\.blast 2> /dev/null
[08:45:25] Modify product: Uncharacterized membrane protein YdfK => putative membrane protein YdfK
[08:45:25] Modify product: Probable ECA polymerase => putative ECA polymerase
[08:45:25] Modify product: Probable protein kinase UbiB => putative protein kinase UbiB
[08:45:25] Modify product: Uncharacterized protein HI_0431 => putative protein
[08:45:25] Modify product: UPF0597 protein YhaM => hypothetical protein
[08:45:25] Modify product: UPF0337 protein YjbJ => hypothetical protein
[08:45:25] Modify product: Uncharacterized HTH-type transcriptional regulator CBU_1416 => putative HTH-type transcriptional regulator
[08:45:25] Modify product: Uncharacterized protein YjbR => putative protein YjbR
[08:45:25] Modify product: Probable cyclic di-GMP phosphodiesterase PdeC => putative cyclic di-GMP phosphodiesterase PdeC
[08:45:25] Modify product: Uncharacterized fimbrial-like protein YcbV => putative fimbrial-like protein YcbV
[08:45:25] Modify product: Probable fimbrial chaperone LpfB => putative fimbrial chaperone LpfB
[08:45:25] Modify product: Probable transcriptional regulator PhnF => putative transcriptional regulator PhnF
[08:45:25] Modify product: UPF0716 protein FxsA => hypothetical protein
[08:45:25] Modify product: Probable outer membrane usher protein ElfC => putative outer membrane usher protein ElfC
[08:45:25] Modify product: Probable L-ascorbate-6-phosphate lactonase UlaG => putative L-ascorbate-6-phosphate lactonase UlaG
[08:45:25] Modify product: Uncharacterized protein YtfJ => putative protein YtfJ
[08:45:25] Modify product: Deacetylase EF_0837 => Deacetylase
[08:45:25] Modify product: Probable licABCH operon regulator => putative licABCH operon regulator
[08:45:25] Modify product: Probable 6-phospho-beta-glucosidase => putative 6-phospho-beta-glucosidase
[08:45:25] Modify product: Uncharacterized HTH-type transcriptional regulator YurK => putative HTH-type transcriptional regulator YurK
[08:45:25] Modify product: Probable succinate transporter subunit YjjB => putative succinate transporter subunit YjjB
[08:45:25] Modify product: Probable succinate transporter subunit YjjP => putative succinate transporter subunit YjjP
[08:45:25] Modify product: Uncharacterized metal-dependent hydrolase YjjV => putative metal-dependent hydrolase YjjV
[08:45:25] Modify product: Probable inner membrane protein Smp => putative inner membrane protein Smp
[08:45:25] Modify product: Uncharacterized lipoprotein YgdR => putative lipoprotein YgdR
[08:45:25] Modify product: Probable galactarate/D-glucarate transporter GudP => putative galactarate/D-glucarate transporter GudP
[08:45:25] Modify product: Probable peptidoglycan glycosyltransferase FtsW => putative peptidoglycan glycosyltransferase FtsW
[08:45:25] Modify product: UPF0231 protein YacL => hypothetical protein
[08:45:25] Modify product: Uncharacterized ABC transporter ATP-binding protein YadG => putative ABC transporter ATP-binding protein YadG
[08:45:25] Modify product: UPF0126 inner membrane protein YadS => hypothetical protein
[08:45:25] Modify product: UPF0253 protein YaeP => hypothetical protein
[08:45:25] Modify product: Uncharacterized protein YaeQ => putative protein YaeQ
[08:45:25] Modify product: Uncharacterized methyltransferase YcgJ => putative methyltransferase YcgJ
[08:45:25] Modify product: Uncharacterized protein Rv2277c => putative protein
[08:45:25] Modify product: Uncharacterized N-acetyltransferase YafP => putative N-acetyltransferase YafP
[08:45:25] Modify product: Uncharacterized protein YjhP => putative protein YjhP
[08:45:25] Modify product: Probable fimbrial chaperone YadV => putative fimbrial chaperone YadV
[08:45:25] Modify product: Probable fimbrial chaperone YadV => putative fimbrial chaperone YadV
[08:45:25] Modify product: Probable cyclic di-GMP phosphodiesterase PdeN => putative cyclic di-GMP phosphodiesterase PdeN
[08:45:25] Modify product: Probable major fimbrial subunit LpfA => putative major fimbrial subunit LpfA
[08:45:25] Modify product: Probable fimbrial chaperone SfmC => putative fimbrial chaperone SfmC
[08:45:25] Modify product: Probable fimbrial chaperone EcpB => putative fimbrial chaperone EcpB
[08:45:25] Modify product: Probable outer membrane usher protein EcpC => putative outer membrane usher protein EcpC
[08:45:25] Modify product: Probable fimbrial chaperone EcpE => putative fimbrial chaperone EcpE
[08:45:25] Modify product: Probable glutamine ABC transporter permease protein GlnP => putative glutamine ABC transporter permease protein GlnP
[08:45:25] Modify product: UPF0178 protein YaiI => hypothetical protein
[08:45:25] Modify product: Uncharacterized protein YaiA => putative protein YaiA
[08:45:25] Modify product: Uncharacterized lipoprotein YajI => putative lipoprotein YajI
[08:45:25] Modify product: Uncharacterized protein HI_1008 => putative protein
[08:45:25] Modify product: Uncharacterized lipoprotein YbaY => putative lipoprotein YbaY
[08:45:25] Modify product: Probable cyclic di-GMP phosphodiesterase PdeB => putative cyclic di-GMP phosphodiesterase PdeB
[08:45:25] Modify product: Probable iron export ATP-binding protein FetA => putative iron export ATP-binding protein FetA
[08:45:25] Modify product: Probable iron export permease protein FetB => putative iron export permease protein FetB
[08:45:25] Modify product: Bifunctional protein FolD => Bifunctional protein FolD protein
[08:45:25] Modify product: Probable fimbrial chaperone YadV => putative fimbrial chaperone YadV
[08:45:26] Modify product: Uncharacterized protein YncE => putative protein YncE
[08:45:26] Modify product: Uncharacterized protein Rv0906 => putative protein
[08:45:26] Modify product: Probable cation-transporting ATPase F => putative cation-transporting ATPase F
[08:45:26] Modify product: Probable D,D-dipeptide transport system permease protein DdpC => putative D,D-dipeptide transport system permease protein DdpC
[08:45:26] Modify product: Probable D,D-dipeptide-binding periplasmic protein DdpA => putative D,D-dipeptide-binding periplasmic protein DdpA
[08:45:26] Modify product: Uncharacterized sugar kinase YdjH => putative sugar kinase YdjH
[08:45:26] Modify product: Uncharacterized protein YbdM => putative protein YbdM
[08:45:26] Modify product: Uncharacterized HTH-type transcriptional regulator YbdO => putative HTH-type transcriptional regulator YbdO
[08:45:26] Modify product: Uncharacterized HTH-type transcriptional regulator YbdO => putative HTH-type transcriptional regulator YbdO
[08:45:26] Modify product: UPF0250 protein YbeD => hypothetical protein
[08:45:26] Modify product: Uncharacterized lipoprotein ChiQ => putative lipoprotein ChiQ
[08:45:26] Modify product: Uncharacterized protein YbfE => putative protein YbfE
[08:45:26] Modify product: GTP cyclohydrolase 1 type 2 homolog => GTP cyclohydrolase 1 type 2 
[08:45:26] Modify product: Probable two-component-system connector protein AriR => putative two-component-system connector protein AriR
[08:45:26] Modify product: Probable two-component-system connector protein YcgZ => putative two-component-system connector protein YcgZ
[08:45:26] Modify product: Probable cation-transporting ATPase F => putative cation-transporting ATPase F
[08:45:26] Modify product: UPF0098 protein YbhB => hypothetical protein
[08:45:26] Modify product: Probable multidrug ABC transporter permease YbhR => putative multidrug ABC transporter permease YbhR
[08:45:26] Modify product: Probable multidrug ABC transporter permease YbhR => putative multidrug ABC transporter permease YbhR
[08:45:26] Modify product: Probable multidrug ABC transporter permease YbhS => putative multidrug ABC transporter permease YbhS
[08:45:26] Modify product: Probable multidrug ABC transporter ATP-binding protein YbhF => putative multidrug ABC transporter ATP-binding protein YbhF
[08:45:26] Modify product: UPF0194 membrane protein YbhG => hypothetical protein
[08:45:26] Modify product: Probable galactarate/D-glucarate transporter GudP => putative galactarate/D-glucarate transporter GudP
[08:45:26] Modify product: Uncharacterized protein YbiB => putative protein YbiB
[08:45:26] Modify product: Uncharacterized protein YbiI => putative protein YbiI
[08:45:26] Modify product: Uncharacterized protein McbA => putative protein McbA
[08:45:26] Modify product: Probable L,D-transpeptidase YbiS => putative L,D-transpeptidase YbiS
[08:45:26] Modify product: Probable ATP-binding protein YbiT => putative ATP-binding protein YbiT
[08:45:26] Modify product: Uncharacterized protein YbiU => putative protein YbiU
[08:45:26] Modify product: Probable dehydratase YbiW => putative dehydratase YbiW
[08:45:26] Modify product: Uncharacterized protein YbjN => putative protein YbjN
[08:45:26] Modify product: Uncharacterized lipoprotein YbjP => putative lipoprotein YbjP
[08:45:26] Modify product: Uncharacterized MFS-type transporter YcaD => putative MFS-type transporter YcaD
[08:45:26] Modify product: UPF0434 protein YcaR => hypothetical protein
[08:45:26] Modify product: Probable L,D-transpeptidase YcbB => putative L,D-transpeptidase YcbB
[08:45:26] Modify product: Uncharacterized protein YcbX => putative protein YcbX
[08:45:26] Modify product: Uncharacterized protein YccU => putative protein YccU
[08:45:26] Modify product: UPF0098 protein YbcL => hypothetical protein
[08:45:26] Modify product: Putative anti-sigma factor antagonist TM_1442 => Putative anti-sigma factor antagonist
[08:45:26] Modify product: Probable cyclic di-GMP phosphodiesterase PdeG => putative cyclic di-GMP phosphodiesterase PdeG
[08:45:26] Modify product: Probable dehydratase PflD => putative dehydratase PflD
[08:45:26] Modify product: Uncharacterized protein YccJ => putative protein YccJ
[08:45:26] Modify product: Probable malonic semialdehyde reductase RutE => putative malonic semialdehyde reductase RutE
[08:45:26] Modify product: Probable hydrolase YcaC => putative hydrolase YcaC
[08:45:26] Modify product: HTH-type transcriptional regulator XC_2801 => HTH-type transcriptional regulator
[08:45:26] Modify product: Probable phosphatase YcdX => putative phosphatase YcdX
[08:45:26] Modify product: Uncharacterized protein YceO => putative protein YceO
[08:45:26] Modify product: Uncharacterized lipoprotein YceB => putative lipoprotein YceB
[08:45:26] Modify product: UPF0502 protein YceH => hypothetical protein
[08:45:26] Modify product: Probable lipid II flippase MurJ => putative lipid II flippase MurJ
[08:45:26] Modify product: Uncharacterized metal-dependent hydrolase YcfH => putative metal-dependent hydrolase YcfH
[08:45:26] Modify product: UPF0227 protein YcfP => hypothetical protein
[08:45:26] Modify product: Probable L,D-transpeptidase YcfS => putative L,D-transpeptidase YcfS
[08:45:26] Modify product: Putative virulence-regulating protein PA2146 => Putative virulence-regulating protein
[08:45:26] Modify product: Uncharacterized membrane protein YoaK => putative membrane protein YoaK
[08:45:26] Modify product: HTH-type transcriptional regulator XC_2801 => HTH-type transcriptional regulator
[08:45:26] Modify product: UPF0229 protein YeaH => hypothetical protein
[08:45:26] Modify product: Uncharacterized acyl-CoA thioester hydrolase HI_0827 => putative acyl-CoA thioester hydrolase
[08:45:26] Modify product: UPF0259 membrane protein YciC => hypothetical protein
[08:45:26] Modify product: PKHD-type hydroxylase Sbal_3634 => PKHD-type hydroxylase
[08:45:26] Modify product: Uncharacterized protein YciO => putative protein YciO
[08:45:26] Modify product: Uncharacterized oxidoreductase YciK => putative oxidoreductase YciK
[08:45:26] Modify product: Probable protease SohB => putative protease SohB
[08:45:26] Modify product: Uncharacterized protein YciH => putative protein YciH
[08:45:26] Modify product: UPF0509 protein YciZ => hypothetical protein
[08:45:26] Modify product: UPF0283 membrane protein YcjF => hypothetical protein
[08:45:26] Modify product: Probable 6-phospho-beta-glucosidase => putative 6-phospho-beta-glucosidase
[08:45:26] Modify product: Uncharacterized protein PA2218 => putative protein
[08:45:26] Modify product: Uncharacterized oxidoreductase YtbE => putative oxidoreductase YtbE
[08:45:26] Modify product: HTH-type transcriptional regulator XC_2801 => HTH-type transcriptional regulator
[08:45:26] Modify product: HTH-type transcriptional regulator XC_2801 => HTH-type transcriptional regulator
[08:45:26] Modify product: Probable quorum-quenching lactonase YtnP => putative quorum-quenching lactonase YtnP
[08:45:26] Modify product: Probable D-methionine-binding lipoprotein MetQ => putative D-methionine-binding lipoprotein MetQ
[08:45:26] Modify product: Uncharacterized oxidoreductase YdgJ => putative oxidoreductase YdgJ
[08:45:26] Modify product: Probable phospholipid transport protein YdbH => putative phospholipid transport protein YdbH
[08:45:26] Modify product: Uncharacterized protein YdfO => putative protein YdfO
[08:45:26] Modify product: Probable transporter YedE => putative transporter YedE
[08:45:26] Modify product: Probable DNA endonuclease SmrA => putative DNA endonuclease SmrA
[08:45:26] Modify product: Uncharacterized serine protease YdgD => putative serine protease YdgD
[08:45:26] Modify product: Uncharacterized protein YnfD => putative protein YnfD
[08:45:26] Modify product: UPF0482 protein YnfB => hypothetical protein
[08:45:26] Modify product: UPF0060 membrane protein YnfA => hypothetical protein
[08:45:26] Modify product: Probable L-galactonate transporter => putative L-galactonate transporter
[08:45:27] Modify product: Probable amino-acid metabolite efflux pump => putative amino-acid metabolite efflux pump
[08:45:27] Modify product: UPF0056 inner membrane protein MarC => hypothetical protein
[08:45:27] Modify product: Uncharacterized isomerase YddE => putative isomerase YddE
[08:45:27] Modify product: Uncharacterized MFS-type transporter YhhS => putative MFS-type transporter YhhS
[08:45:27] Modify product: Uncharacterized protein YycE => putative protein YycE
[08:45:27] Modify product: Probable fimbrial chaperone YraI => putative fimbrial chaperone YraI
[08:45:27] Modify product: Uncharacterized signaling protein CC_0091 => putative signaling protein
[08:45:27] Modify product: Uncharacterized oxidoreductase YkwC => putative oxidoreductase YkwC
[08:45:27] Modify product: Uncharacterized protein PA2218 => putative protein
[08:45:27] Modify product: Putative thiamine biosynthesis protein HI_0357 => Putative thiamine biosynthesis protein
[08:45:27] Modify product: Probable HTH-type transcriptional regulator LrhA => putative HTH-type transcriptional regulator LrhA
[08:45:27] Modify product: HTH-type transcriptional regulator XC_2801 => HTH-type transcriptional regulator
[08:45:27] Modify product: UPF0702 transmembrane protein YetF => hypothetical protein
[08:45:27] Modify product: Uncharacterized oxidoreductase YghA => putative oxidoreductase YghA
[08:45:27] Modify product: HTH-type transcriptional regulator XC_2801 => HTH-type transcriptional regulator
[08:45:27] Modify product: Probable ATP-binding protein YheS => putative ATP-binding protein YheS
[08:45:27] Modify product: Probable D,D-dipeptide transport system permease protein DdpC => putative D,D-dipeptide transport system permease protein DdpC
[08:45:27] Modify product: Probable nitrate reductase molybdenum cofactor assembly chaperone NarW => putative nitrate reductase molybdenum cofactor assembly chaperone NarW
[08:45:27] Modify product: Uncharacterized lipoprotein YgdR => putative lipoprotein YgdR
[08:45:27] Modify product: Uncharacterized protein YncE => putative protein YncE
[08:45:27] Modify product: UPF0381 protein YiiS => hypothetical protein
[08:45:27] Modify product: Uncharacterized protein YdcY => putative protein YdcY
[08:45:27] Modify product: 23S rRNA 5-hydroxycytidine C2501 synthase => 23S rRNA 5-hydroxycytidine synthase
[08:45:27] Modify product: Probable transporter SCO4007 => putative transporter
[08:45:27] Modify product: Uncharacterized oxidoreductase YdgJ => putative oxidoreductase YdgJ
[08:45:27] Modify product: Probable D,D-dipeptide transport ATP-binding protein DdpD => putative D,D-dipeptide transport ATP-binding protein DdpD
[08:45:27] Modify product: Probable chromate transport protein => putative chromate transport protein
[08:45:27] Modify product: Uncharacterized MFS-type transporter Rv2456c => putative MFS-type transporter
[08:45:27] Modify product: Probable succinyl-CoA:3-ketoacid coenzyme A transferase subunit A => putative succinyl-CoA:3-ketoacid coenzyme A transferase subunit A
[08:45:27] Modify product: Probable succinyl-CoA:3-ketoacid coenzyme A transferase subunit B => putative succinyl-CoA:3-ketoacid coenzyme A transferase subunit B
[08:45:27] Modify product: Probable siderophore transport system permease protein YfiZ => putative siderophore transport system permease protein YfiZ
[08:45:27] Modify product: Probable siderophore transport system ATP-binding protein YusV => putative siderophore transport system ATP-binding protein YusV
[08:45:27] Modify product: Probable L,D-transpeptidase YnhG => putative L,D-transpeptidase YnhG
[08:45:27] Modify product: Probable ATP-dependent transporter SufC => putative ATP-dependent transporter SufC
[08:45:27] Modify product: Probable ketoamine kinase HMPREF0351_12196 => putative ketoamine kinase
[08:45:27] Modify product: UPF0056 inner membrane protein MarC => hypothetical protein
[08:45:27] Modify product: Uncharacterized NTE family protein Rv1063c => putative NTE family protein
[08:45:27] Modify product: UPF0225 protein YchJ => hypothetical protein
[08:45:27] Modify product: Uncharacterized protein Rv2569c => putative protein
[08:45:27] Modify product: Uncharacterized protein Rv2567 => putative protein
[08:45:27] Modify product: Uncharacterized protein Rv2411c => putative protein
[08:45:27] Modify product: Uncharacterized protein YeaR => putative protein YeaR
[08:45:27] Modify product: Nudix hydrolase DR_1184 => Nudix hydrolase
[08:45:27] Modify product: Probable cyclic di-GMP phosphodiesterase PdeD => putative cyclic di-GMP phosphodiesterase PdeD
[08:45:27] Modify product: UPF0053 inner membrane protein YoaE => hypothetical protein
[08:45:27] Modify product: UPF0266 membrane protein YobD => hypothetical protein
[08:45:27] Modify product: Probable manganese efflux pump MntP => putative manganese efflux pump MntP
[08:45:27] Modify product: Uncharacterized protein YebV => putative protein YebV
[08:45:27] Modify product: Uncharacterized protein HI_0461 => putative protein
[08:45:27] Modify product: Uncharacterized protein YebY => putative protein YebY
[08:45:27] Modify product: Probable transcriptional regulatory protein YebC => putative transcriptional regulatory protein YebC
[08:45:27] Modify product: Probable diguanylate cyclase DgcQ => putative diguanylate cyclase DgcQ
[08:45:27] Modify product: Uncharacterized inner membrane transporter YedA => putative inner membrane transporter YedA
[08:45:27] Modify product: Uncharacterized protein YedJ => putative protein YedJ
[08:45:27] Modify product: Uncharacterized HTH-type transcriptional regulator CBU_1416 => putative HTH-type transcriptional regulator
[08:45:27] Modify product: HTH-type transcriptional regulator XC_2801 => HTH-type transcriptional regulator
[08:45:27] Modify product: Probable L,D-transpeptidase ErfK/SrfK => putative L,D-transpeptidase ErfK/SrfK
[08:45:27] Modify product: Probable acrylyl-CoA reductase AcuI => putative acrylyl-CoA reductase AcuI
[08:45:27] Modify product: Probable FMN/FAD exporter YeeO => putative FMN/FAD exporter YeeO
[08:45:27] Modify product: Uncharacterized protein YeaR => putative protein YeaR
[08:45:27] Modify product: UPF0053 inner membrane protein YoaE => hypothetical protein
[08:45:27] Modify product: Probable lipid kinase YegS => putative lipid kinase YegS
[08:45:27] Modify product: Probable D,D-dipeptide transport system permease protein DdpC => putative D,D-dipeptide transport system permease protein DdpC
[08:45:27] Modify product: Probable D,D-dipeptide-binding periplasmic protein DdpA => putative D,D-dipeptide-binding periplasmic protein DdpA
[08:45:27] Modify product: Uncharacterized N-acetyltransferase YafP => putative N-acetyltransferase YafP
[08:45:27] Modify product: UPF0387 membrane protein YohO => hypothetical protein
[08:45:27] Modify product: UPF0299 membrane protein YohJ => hypothetical protein
[08:45:27] Modify product: Uncharacterized HTH-type transcriptional regulator YeiE => putative HTH-type transcriptional regulator YeiE
[08:45:27] Modify product: UPF0324 inner membrane protein YeiH => hypothetical protein
[08:45:27] Modify product: Probable cyclic di-GMP phosphodiesterase PdeN => putative cyclic di-GMP phosphodiesterase PdeN
[08:45:27] Modify product: Uncharacterized protein YejA => putative protein YejA
[08:45:27] Modify product: Uncharacterized ABC transporter ATP-binding protein YejF => putative ABC transporter ATP-binding protein YejF
[08:45:27] Modify product: Uncharacterized protein YejG => putative protein YejG
[08:45:27] Modify product: UPF0352 protein YejL => hypothetical protein
[08:45:27] Modify product: Putative transport protein Rv1101c => Putative transport protein
[08:45:27] Modify product: Uncharacterized HTH-type transcriptional regulator RhmR => putative HTH-type transcriptional regulator RhmR
[08:45:27] Modify product: Probable HTH-type transcriptional regulator LrhA => putative HTH-type transcriptional regulator LrhA
[08:45:27] Modify product: UPF0304 protein YfbU => hypothetical protein
[08:45:27] Modify product: UPF0208 membrane protein YfbV => hypothetical protein
[08:45:27] Modify product: Uncharacterized Nudix hydrolase YfcD => putative Nudix hydrolase YfcD
[08:45:27] Modify product: Epimerase family protein Rv2216 => Epimerase family protein
[08:45:27] Modify product: Uncharacterized MFS-type transporter YfcJ => putative MFS-type transporter YfcJ
[08:45:27] Modify product: Probable membrane transporter protein YfcA => putative membrane transporter protein YfcA
[08:45:27] Modify product: UPF0381 protein YiiS => hypothetical protein
[08:45:27] Modify product: Uncharacterized transporter YycB => putative transporter YycB
[08:45:27] Modify product: Probable cyclic di-GMP phosphodiesterase PdeA => putative cyclic di-GMP phosphodiesterase PdeA
[08:45:27] Modify product: Uncharacterized protein YybH => putative protein YybH
[08:45:28] Modify product: Uncharacterized protein YfeY => putative protein YfeY
[08:45:28] Modify product: Probable ethanolamine permease EutH => putative ethanolamine permease EutH
[08:45:28] Modify product: Probable alcohol dehydrogenase EutG => putative alcohol dehydrogenase EutG
[08:45:28] Modify product: Probable acetate kinase EutP => putative acetate kinase EutP
[08:45:28] Modify product: Uncharacterized protein YfgD => putative protein YfgD
[08:45:28] Modify product: Uncharacterized protein YfgJ => putative protein YfgJ
[08:45:28] Modify product: Probable 3-phenylpropionic acid transporter => putative 3-phenylpropionic acid transporter
[08:45:28] Modify product: Uncharacterized protein YphB => putative protein YphB
[08:45:28] Modify product: Uncharacterized tRNA/rRNA methyltransferase YfiF => putative tRNA/rRNA methyltransferase YfiF
[08:45:28] Modify product: UPF0053 inner membrane protein YfjD => hypothetical protein
[08:45:28] Modify product: UPF0125 protein RatB => hypothetical protein
[08:45:28] Modify product: Uncharacterized protein YbiI => putative protein YbiI
[08:45:28] Modify product: HTH-type transcriptional regulator XC_2801 => HTH-type transcriptional regulator
[08:45:28] Modify product: Probable fimbrial chaperone LpfB => putative fimbrial chaperone LpfB
[08:45:28] Modify product: Probable fimbrial chaperone LpfB => putative fimbrial chaperone LpfB
[08:45:28] Modify product: Uncharacterized protein YgaM => putative protein YgaM
[08:45:28] Modify product: Probable UbiX-like flavin prenyltransferase => putative UbiX-like flavin prenyltransferase
[08:45:28] Modify product: Probable galactarate/D-glucarate transporter GudP => putative galactarate/D-glucarate transporter GudP
[08:45:28] Modify product: Uncharacterized protein YqcC => putative protein YqcC
[08:45:28] Modify product: Uncharacterized HTH-type transcriptional regulator YdjF => putative HTH-type transcriptional regulator YdjF
[08:45:28] Modify product: UPF0382 inner membrane protein YgdD => hypothetical protein
[08:45:28] Modify product: Uncharacterized lipoprotein YgdR => putative lipoprotein YgdR
[08:45:28] Modify product: Probable cobalt-factor III C(17)-methyltransferase => putative cobalt-factor III C(17)-methyltransferase
[08:45:28] Modify product: UPF0053 inner membrane protein YgdQ => hypothetical protein
[08:45:28] Modify product: Uncharacterized lipoprotein YgdR => putative lipoprotein YgdR
[08:45:28] Modify product: Probable fimbrial chaperone YadV => putative fimbrial chaperone YadV
[08:45:28] Modify product: Uncharacterized protein YjdJ => putative protein YjdJ
[08:45:28] Modify product: Uncharacterized membrane protein YdfK => putative membrane protein YdfK
[08:45:28] Modify product: UPF0073 inner membrane protein YqfA => hypothetical protein
[08:45:28] Modify product: Uncharacterized oxidoreductase YgfF => putative oxidoreductase YgfF
[08:45:28] Modify product: UPF0149 protein HI_0817 => hypothetical protein
[08:45:28] Modify product: UPF0301 protein YqgE => hypothetical protein
[08:45:28] Modify product: Uncharacterized protein YggR => putative protein YggR
[08:45:28] Modify product: UPF0235 protein YggU => hypothetical protein
[08:45:28] Modify product: Uncharacterized protein HI_0341 => putative protein
[08:45:28] Modify product: Probable Fe(2+)-trafficking protein => putative Fe(2+)-trafficking protein
[08:45:28] Modify product: Uncharacterized membrane protein YdfK => putative membrane protein YdfK
[08:45:28] Modify product: HTH-type transcriptional regulator XC_2801 => HTH-type transcriptional regulator
[08:45:28] Modify product: Probable HTH-type transcriptional regulator STM3175 => putative HTH-type transcriptional regulator
[08:45:28] Modify product: Probable quinol monooxygenase YgiN => putative quinol monooxygenase YgiN
[08:45:28] Modify product: Probable glycerol-3-phosphate acyltransferase => putative glycerol-3-phosphate acyltransferase
[08:45:28] Modify product: Probable cyclic di-GMP phosphodiesterase PdeG => putative cyclic di-GMP phosphodiesterase PdeG
[08:45:28] Modify product: Uncharacterized protein YqjD => putative protein YqjD
[08:45:28] Modify product: Probable galactarate/D-glucarate transporter GarP => putative galactarate/D-glucarate transporter GarP
[08:45:28] Modify product: UPF0102 protein RPA0323 => hypothetical protein
[08:45:28] Modify product: Uncharacterized inner membrane transporter YhbE => putative inner membrane transporter YhbE
[08:45:28] Modify product: Uncharacterized protein YhcO => putative protein YhcO
[08:45:28] Modify product: Uncharacterized membrane protein YhdT => putative membrane protein YhdT
[08:45:28] Modify product: Protein SlyX homolog => Protein SlyX 
[08:45:28] Modify product: Probable ATP-binding protein YheS => putative ATP-binding protein YheS
[08:45:28] Modify product: UPF0270 protein PA3463 => hypothetical protein
[08:45:28] Modify product: Probable protein adenylyltransferase Fic => putative protein adenylyltransferase Fic
[08:45:28] Modify product: Uncharacterized protein YhfG => putative protein YhfG
[08:45:28] Modify product: Probable [Fe-S]-dependent transcriptional repressor => putative [Fe-S]-dependent transcriptional repressor
[08:45:28] Modify product: Uncharacterized oxidoreductase YhhX => putative oxidoreductase YhhX
[08:45:28] Modify product: Uncharacterized protein YhhA => putative protein YhhA
[08:45:29] Modify product: Uncharacterized MFS-type transporter YhhS => putative MFS-type transporter YhhS
[08:45:29] Modify product: Probable 4-amino-4-deoxy-L-arabinose-phosphoundecaprenol flippase subunit ArnF => putative 4-amino-4-deoxy-L-arabinose-phosphoundecaprenol flippase subunit ArnF
[08:45:29] Modify product: Probable 4-amino-4-deoxy-L-arabinose-phosphoundecaprenol flippase subunit ArnE => putative 4-amino-4-deoxy-L-arabinose-phosphoundecaprenol flippase subunit ArnE
[08:45:29] Modify product: Probable 4-deoxy-4-formamido-L-arabinose-phosphoundecaprenol deformylase ArnD => putative 4-deoxy-4-formamido-L-arabinose-phosphoundecaprenol deformylase ArnD
[08:45:29] Modify product: Probable cyclic di-GMP phosphodiesterase PdeK => putative cyclic di-GMP phosphodiesterase PdeK
[08:45:29] Modify product: Uncharacterized MFS-type transporter YhjX => putative MFS-type transporter YhjX
[08:45:29] Modify product: Probable lipoprotein YiaD => putative lipoprotein YiaD
[08:45:29] Modify product: Probable ATP-binding protein YheS => putative ATP-binding protein YheS
[08:45:29] Modify product: Uncharacterized GST-like protein YibF => putative GST-like protein YibF
[08:45:29] Modify product: Uncharacterized protein YibL => putative protein YibL
[08:45:29] Modify product: Uncharacterized protein YibN => putative protein YibN
[08:45:29] Modify product: UPF0758 protein YsxA => hypothetical protein
[08:45:29] Modify product: Probable multidrug ABC transporter permease YbhR => putative multidrug ABC transporter permease YbhR
[08:45:29] Modify product: Probable multidrug ABC transporter ATP-binding protein YbhF => putative multidrug ABC transporter ATP-binding protein YbhF
[08:45:29] Modify product: UPF0194 membrane protein YbhG => hypothetical protein
[08:45:29] Modify product: Uncharacterized protein MT2054 => putative protein
[08:45:29] Modify product: UPF0126 inner membrane protein YicG => hypothetical protein
[08:45:29] Modify product: UPF0311 protein CA_C3321 => hypothetical protein
[08:45:29] Modify product: Zinc-type alcohol dehydrogenase-like protein SA1988 => Zinc-type alcohol dehydrogenase-like protein
[08:45:29] Modify product: Acetyltransferase Atu2258 => Acetyltransferase
[08:45:29] Modify product: Uncharacterized inner membrane transporter YicL => putative inner membrane transporter YicL
[08:45:29] Modify product: HTH-type transcriptional regulator Cphy_2742 => HTH-type transcriptional regulator
[08:45:29] Modify product: Probable transport protein HsrA => putative transport protein HsrA
[08:45:29] Modify product: Probable GTP-binding protein EngB => putative GTP-binding protein EngB
[08:45:29] Modify product: Uncharacterized protein YshB => putative protein YshB
[08:45:29] Modify product: UPF0761 membrane protein YihY => hypothetical protein
[08:45:29] Modify product: Probable acyltransferase FabY => putative acyltransferase FabY
[08:45:29] Modify product: Probable fructose-bisphosphate aldolase => putative fructose-bisphosphate aldolase
[08:45:29] Modify product: Probable cystine transporter YijE => putative cystine transporter YijE
[08:45:29] Modify product: Uncharacterized protein YncE => putative protein YncE
[08:45:29] Cleaned 311 /product names
[08:45:29] Deleting unwanted file: results/prokka_annotations/GCA_053309195.1/GCA_053309195.1.sprot.tmp.16500.faa
[08:45:29] Deleting unwanted file: results/prokka_annotations/GCA_053309195.1/GCA_053309195.1.sprot.tmp.16500.blast
[08:45:29] There are still 1414 unannotated CDS left (started with 5268)
[08:45:29] Will use hmmer3 to search against /opt/conda/envs/prokka_env/db/hmm/HAMAP.hmm with 2 CPUs
[08:45:29] Running: cat results\/prokka_annotations\/GCA_053309195\.1\/GCA_053309195\.1\.HAMAP\.hmm\.tmp\.16500\.faa | parallel --gnu --plain -j 2 --block 86657 --recstart '>' --pipe hmmscan --noali --notextw --acc -E 1e-09 --cpu 1 /opt/conda/envs/prokka_env/db/hmm/HAMAP.hmm /dev/stdin > results\/prokka_annotations\/GCA_053309195\.1\/GCA_053309195\.1\.HAMAP\.hmm\.tmp\.16500\.hmmer3 2> /dev/null
[08:46:15] Modify product: Uncharacterized MFS-type transporter YfcJ => putative MFS-type transporter YfcJ
[08:46:15] Modify product: Uncharacterized MFS-type transporter YcaD => putative MFS-type transporter YcaD
[08:46:15] Cleaned 2 /product names
[08:46:15] Deleting unwanted file: results/prokka_annotations/GCA_053309195.1/GCA_053309195.1.HAMAP.hmm.tmp.16500.faa
[08:46:15] Deleting unwanted file: results/prokka_annotations/GCA_053309195.1/GCA_053309195.1.HAMAP.hmm.tmp.16500.hmmer3
[08:46:15] Labelling remaining 1294 proteins as 'hypothetical protein'
[08:46:15] Possible /pseudo 'Peptidyl-prolyl cis-trans isomerase C' at CM129999.1 position 18554
[08:46:15] Possible /pseudo 'Formate dehydrogenase H' at CM129999.1 position 278357
[08:46:15] Possible /pseudo 'IS3 family transposase ISKpn1' at CM129999.1 position 317851
[08:46:15] Possible /pseudo 'Putative acyl-CoA dehydrogenase AidB' at CM129999.1 position 381722
[08:46:15] Possible /pseudo 'Inositol 2-dehydrogenase/D-chiro-inositol 3-dehydrogenase' at CM129999.1 position 499668
[08:46:15] Possible /pseudo 'IS3 family transposase IS1400' at CM129999.1 position 523796
[08:46:15] Possible /pseudo 'Homoprotocatechuate catabolism bifunctional isomerase/decarboxylase' at CM129999.1 position 614914
[08:46:15] Possible /pseudo '[Ribosomal protein bS18]-alanine N-acetyltransferase' at CM129999.1 position 625915
[08:46:15] Possible /pseudo 'L-cysteine desulfhydrase Cds1' at CM129999.1 position 1125557
[08:46:15] Possible /pseudo 'Fosmidomycin resistance protein' at CM129999.1 position 1179953
[08:46:15] Possible /pseudo 'IS3 family transposase ISKpn1' at CM129999.1 position 1651810
[08:46:15] Possible /pseudo 'putative multidrug ABC transporter permease YbhR' at CM129999.1 position 1656784
[08:46:15] Possible /pseudo 'Outer membrane protein YedS' at CM129999.1 position 1824384
[08:46:15] Possible /pseudo 'Putative dimethyl sulfoxide reductase chain YnfE' at CM129999.1 position 2450165
[08:46:15] Possible /pseudo 'High-affinity branched-chain amino acid transport ATP-binding protein LivF' at CM129999.1 position 2493886
[08:46:15] Possible /pseudo 'Formate dehydrogenase, nitrate-inducible, major subunit' at CM129999.1 position 2744752
[08:46:15] Possible /pseudo 'IS3 family transposase ISSty2' at CM129999.1 position 2888083
[08:46:15] Possible /pseudo 'IS3 family transposase ISSty2' at CM129999.1 position 2920685
[08:46:15] Possible /pseudo 'Phenylalanine--tRNA ligase beta subunit' at CM129999.1 position 3074459
[08:46:15] Possible /pseudo 'putative protein' at CM129999.1 position 3200220
[08:46:15] Possible /pseudo 'putative protein' at CM129999.1 position 3201143
[08:46:15] Possible /pseudo 'ATP-dependent DNA helicase YoaA' at CM129999.1 position 3228428
[08:46:15] Possible /pseudo 'IS1 family transposase ISKpn14' at CM129999.1 position 3325290
[08:46:15] Possible /pseudo 'Signal transduction histidine-protein kinase BaeS' at CM129999.1 position 3574946
[08:46:15] Possible /pseudo 'PTS system fructose-specific EIIB'BC component' at CM129999.1 position 3653598
[08:46:15] Possible /pseudo 'Putative oxidoreductase AegA' at CM129999.1 position 3907335
[08:46:15] Possible /pseudo 'Manganese transport system membrane protein MntB' at CM129999.1 position 4298552
[08:46:15] Possible /pseudo '2-dehydro-3-deoxy-D-gluconate 5-dehydrogenase' at CM129999.1 position 4483564
[08:46:15] Possible /pseudo 'ISKra4 family transposase ISCep1' at CM129999.1 position 4505737
[08:46:15] Possible /pseudo 'Ribonuclease G' at CM129999.1 position 4849232
[08:46:15] Possible /pseudo 'Siroheme synthase' at CM129999.1 position 4931304
[08:46:15] Possible /pseudo 'Periplasmic alpha-amylase' at CM129999.1 position 5144462
[08:46:15] Possible /pseudo 'Formate dehydrogenase-O major subunit' at CM129999.1 position 5408583
[08:46:15] Possible /pseudo 'IS1 family transposase ISKpn14' at JBRYHJ010000002.1 position 438
[08:46:15] Found 3118 unique /gene codes.
[08:46:15] Fixed 5 duplicate /gene - rcsC_1 rcsC_2 rcsC_3 rcsC_4 rcsC_5
[08:46:15] Fixed 2 duplicate /gene - metC_1 metC_2
[08:46:15] Fixed 3 duplicate /gene - ssuB_1 ssuB_2 ssuB_3
[08:46:15] Fixed 2 duplicate /gene - ompN_1 ompN_2
[08:46:15] Fixed 3 duplicate /gene - uspG_1 uspG_2 uspG_3
[08:46:15] Fixed 2 duplicate /gene - fabF_1 fabF_2
[08:46:15] Fixed 2 duplicate /gene - ygiW_1 ygiW_2
[08:46:15] Fixed 2 duplicate /gene - astE_1 astE_2
[08:46:15] Fixed 2 duplicate /gene - hns_1 hns_2
[08:46:15] Fixed 2 duplicate /gene - carA_1 carA_2
[08:46:15] Fixed 2 duplicate /gene - dgoR_1 dgoR_2
[08:46:15] Fixed 3 duplicate /gene - yicJ_1 yicJ_2 yicJ_3
[08:46:15] Fixed 4 duplicate /gene - xylB_1 xylB_2 xylB_3 xylB_4
[08:46:15] Fixed 2 duplicate /gene - htrE_1 htrE_2
[08:46:15] Fixed 2 duplicate /gene - hxpB_1 hxpB_2
[08:46:15] Fixed 2 duplicate /gene - talB_1 talB_2
[08:46:15] Fixed 3 duplicate /gene - rhtC_1 rhtC_2 rhtC_3
[08:46:15] Fixed 3 duplicate /gene - scrY_1 scrY_2 scrY_3
[08:46:15] Fixed 2 duplicate /gene - bepA_1 bepA_2
[08:46:15] Fixed 2 duplicate /gene - phoP_1 phoP_2
[08:46:15] Fixed 2 duplicate /gene - ada_1 ada_2
[08:46:15] Fixed 2 duplicate /gene - dgoK_1 dgoK_2
[08:46:15] Fixed 2 duplicate /gene - ygaZ_1 ygaZ_2
[08:46:15] Fixed 2 duplicate /gene - ydgJ_1 ydgJ_2
[08:46:15] Fixed 2 duplicate /gene - yibH_1 yibH_2
[08:46:15] Fixed 2 duplicate /gene - gabD_1 gabD_2
[08:46:15] Fixed 4 duplicate /gene - lamB_1 lamB_2 lamB_3 lamB_4
[08:46:15] Fixed 2 duplicate /gene - azoR_1 azoR_2
[08:46:15] Fixed 2 duplicate /gene - cof_1 cof_2
[08:46:15] Fixed 4 duplicate /gene - dapA_1 dapA_2 dapA_3 dapA_4
[08:46:15] Fixed 3 duplicate /gene - gabR_1 gabR_2 gabR_3
[08:46:15] Fixed 2 duplicate /gene - sbnD_1 sbnD_2
[08:46:15] Fixed 2 duplicate /gene - rffH_1 rffH_2
[08:46:15] Fixed 2 duplicate /gene - btuD_1 btuD_2
[08:46:15] Fixed 2 duplicate /gene - astB_1 astB_2
[08:46:15] Fixed 2 duplicate /gene - dctA_1 dctA_2
[08:46:15] Fixed 2 duplicate /gene - cysH_1 cysH_2
[08:46:15] Fixed 4 duplicate /gene - rbsB_1 rbsB_2 rbsB_3 rbsB_4
[08:46:15] Fixed 3 duplicate /gene - lexA_1 lexA_2 lexA_3
[08:46:15] Fixed 2 duplicate /gene - rssB_1 rssB_2
[08:46:15] Fixed 2 duplicate /gene - aaeA_1 aaeA_2
[08:46:15] Fixed 3 duplicate /gene - gltC_1 gltC_2 gltC_3
[08:46:15] Fixed 2 duplicate /gene - yoaA_1 yoaA_2
[08:46:15] Fixed 2 duplicate /gene - hpf_1 hpf_2
[08:46:15] Fixed 2 duplicate /gene - proS_1 proS_2
[08:46:15] Fixed 2 duplicate /gene - hisJ_1 hisJ_2
[08:46:15] Fixed 2 duplicate /gene - xerD_1 xerD_2
[08:46:15] Fixed 2 duplicate /gene - agp_1 agp_2
[08:46:15] Fixed 3 duplicate /gene - yhaJ_1 yhaJ_2 yhaJ_3
[08:46:15] Fixed 2 duplicate /gene - ompA_1 ompA_2
[08:46:15] Fixed 3 duplicate /gene - cydB_1 cydB_2 cydB_3
[08:46:15] Fixed 2 duplicate /gene - pdeG_1 pdeG_2
[08:46:15] Fixed 3 duplicate /gene - iprA_1 iprA_2 iprA_3
[08:46:15] Fixed 2 duplicate /gene - fimG_1 fimG_2
[08:46:15] Fixed 2 duplicate /gene - dppD_1 dppD_2
[08:46:15] Fixed 2 duplicate /gene - ddpA_1 ddpA_2
[08:46:15] Fixed 5 duplicate /gene - intA_1 intA_2 intA_3 intA_4 intA_5
[08:46:15] Fixed 3 duplicate /gene - pphA_1 pphA_2 pphA_3
[08:46:15] Fixed 2 duplicate /gene - cdaR_1 cdaR_2
[08:46:15] Fixed 2 duplicate /gene - vapC_1 vapC_2
[08:46:15] Fixed 2 duplicate /gene - cmoO_1 cmoO_2
[08:46:15] Fixed 2 duplicate /gene - mqo_1 mqo_2
[08:46:15] Fixed 3 duplicate /gene - norR_1 norR_2 norR_3
[08:46:15] Fixed 2 duplicate /gene - dsdC_1 dsdC_2
[08:46:15] Fixed 4 duplicate /gene - ygdR_1 ygdR_2 ygdR_3 ygdR_4
[08:46:15] Fixed 2 duplicate /gene - mepS_1 mepS_2
[08:46:15] Fixed 2 duplicate /gene - kdsr_1 kdsr_2
[08:46:15] Fixed 2 duplicate /gene - glmS_1 glmS_2
[08:46:15] Fixed 3 duplicate /gene - yqhC_1 yqhC_2 yqhC_3
[08:46:15] Fixed 2 duplicate /gene - kefF_1 kefF_2
[08:46:15] Fixed 2 duplicate /gene - yeaR_1 yeaR_2
[08:46:15] Fixed 2 duplicate /gene - fusA1_1 fusA1_2
[08:46:15] Fixed 3 duplicate /gene - tssF1_1 tssF1_2 tssF1_3
[08:46:15] Fixed 2 duplicate /gene - rusA_1 rusA_2
[08:46:15] Fixed 2 duplicate /gene - amaB_1 amaB_2
[08:46:15] Fixed 2 duplicate /gene - lrhA_1 lrhA_2
[08:46:15] Fixed 2 duplicate /gene - galR_1 galR_2
[08:46:15] Fixed 3 duplicate /gene - bcr_1 bcr_2 bcr_3
[08:46:15] Fixed 2 duplicate /gene - nodD2_1 nodD2_2
[08:46:15] Fixed 2 duplicate /gene - srlE_1 srlE_2
[08:46:15] Fixed 2 duplicate /gene - fhuC_1 fhuC_2
[08:46:15] Fixed 2 duplicate /gene - malS_1 malS_2
[08:46:15] Fixed 2 duplicate /gene - dnaT_1 dnaT_2
[08:46:15] Fixed 2 duplicate /gene - ugpA_1 ugpA_2
[08:46:15] Fixed 2 duplicate /gene - pyrG_1 pyrG_2
[08:46:15] Fixed 3 duplicate /gene - potA_1 potA_2 potA_3
[08:46:15] Fixed 2 duplicate /gene - glgS_1 glgS_2
[08:46:15] Fixed 5 duplicate /gene - chbA_1 chbA_2 chbA_3 chbA_4 chbA_5
[08:46:15] Fixed 3 duplicate /gene - slyA_1 slyA_2 slyA_3
[08:46:15] Fixed 2 duplicate /gene - gsiA_1 gsiA_2
[08:46:15] Fixed 2 duplicate /gene - benM_1 benM_2
[08:46:15] Fixed 2 duplicate /gene - pdeN_1 pdeN_2
[08:46:15] Fixed 3 duplicate /gene - vldW_1 vldW_2 vldW_3
[08:46:15] Fixed 4 duplicate /gene - ulaA_1 ulaA_2 ulaA_3 ulaA_4
[08:46:15] Fixed 2 duplicate /gene - lysN_1 lysN_2
[08:46:15] Fixed 2 duplicate /gene - srlB_1 srlB_2
[08:46:15] Fixed 2 duplicate /gene - ubiX_1 ubiX_2
[08:46:15] Fixed 2 duplicate /gene - tssC1_1 tssC1_2
[08:46:15] Fixed 2 duplicate /gene - acrF_1 acrF_2
[08:46:15] Fixed 2 duplicate /gene - map_1 map_2
[08:46:15] Fixed 2 duplicate /gene - leuA_1 leuA_2
[08:46:15] Fixed 2 duplicate /gene - kefC_1 kefC_2
[08:46:15] Fixed 2 duplicate /gene - rdgC_1 rdgC_2
[08:46:15] Fixed 3 duplicate /gene - cytR_1 cytR_2 cytR_3
[08:46:15] Fixed 2 duplicate /gene - gap_1 gap_2
[08:46:15] Fixed 4 duplicate /gene - hin_1 hin_2 hin_3 hin_4
[08:46:15] Fixed 2 duplicate /gene - amiC_1 amiC_2
[08:46:15] Fixed 4 duplicate /gene - fruA_1 fruA_2 fruA_3 fruA_4
[08:46:15] Fixed 3 duplicate /gene - lsrB_1 lsrB_2 lsrB_3
[08:46:15] Fixed 2 duplicate /gene - ftnA_1 ftnA_2
[08:46:15] Fixed 2 duplicate /gene - ybhF_1 ybhF_2
[08:46:15] Fixed 2 duplicate /gene - bioD1_1 bioD1_2
[08:46:15] Fixed 4 duplicate /gene - dam_1 dam_2 dam_3 dam_4
[08:46:15] Fixed 2 duplicate /gene - nagC_1 nagC_2
[08:46:15] Fixed 2 duplicate /gene - apbE_1 apbE_2
[08:46:15] Fixed 2 duplicate /gene - uxuA_1 uxuA_2
[08:46:15] Fixed 2 duplicate /gene - dnaB_1 dnaB_2
[08:46:15] Fixed 2 duplicate /gene - pgl_1 pgl_2
[08:46:15] Fixed 2 duplicate /gene - fimI_1 fimI_2
[08:46:15] Fixed 2 duplicate /gene - yhhT_1 yhhT_2
[08:46:15] Fixed 2 duplicate /gene - lgdh_1 lgdh_2
[08:46:15] Fixed 3 duplicate /gene - rimI_1 rimI_2 rimI_3
[08:46:15] Fixed 3 duplicate /gene - umuC_1 umuC_2 umuC_3
[08:46:15] Fixed 2 duplicate /gene - fdoG_1 fdoG_2
[08:46:15] Fixed 3 duplicate /gene - argP_1 argP_2 argP_3
[08:46:15] Fixed 2 duplicate /gene - oprM_1 oprM_2
[08:46:15] Fixed 2 duplicate /gene - pduD_1 pduD_2
[08:46:15] Fixed 4 duplicate /gene - hexR_1 hexR_2 hexR_3 hexR_4
[08:46:15] Fixed 2 duplicate /gene - pcpR_1 pcpR_2
[08:46:15] Fixed 2 duplicate /gene - tssB1_1 tssB1_2
[08:46:15] Fixed 2 duplicate /gene - bhsA_1 bhsA_2
[08:46:15] Fixed 3 duplicate /gene - gsiD_1 gsiD_2 gsiD_3
[08:46:15] Fixed 2 duplicate /gene - nupC_1 nupC_2
[08:46:15] Fixed 4 duplicate /gene - glpR_1 glpR_2 glpR_3 glpR_4
[08:46:15] Fixed 4 duplicate /gene - oxyR_1 oxyR_2 oxyR_3 oxyR_4
[08:46:15] Fixed 2 duplicate /gene - roxA_1 roxA_2
[08:46:15] Fixed 3 duplicate /gene - ridA_1 ridA_2 ridA_3
[08:46:15] Fixed 4 duplicate /gene - fimD_1 fimD_2 fimD_3 fimD_4
[08:46:15] Fixed 5 duplicate /gene - hdfR_1 hdfR_2 hdfR_3 hdfR_4 hdfR_5
[08:46:15] Fixed 2 duplicate /gene - dppA_1 dppA_2
[08:46:15] Fixed 3 duplicate /gene - hisC_1 hisC_2 hisC_3
[08:46:15] Fixed 2 duplicate /gene - rluA_1 rluA_2
[08:46:15] Fixed 2 duplicate /gene - ghrA_1 ghrA_2
[08:46:15] Fixed 2 duplicate /gene - gltJ_1 gltJ_2
[08:46:15] Fixed 2 duplicate /gene - pheT_1 pheT_2
[08:46:15] Fixed 2 duplicate /gene - dhaK_1 dhaK_2
[08:46:15] Fixed 2 duplicate /gene - yciE_1 yciE_2
[08:46:15] Fixed 2 duplicate /gene - bamA_1 bamA_2
[08:46:15] Fixed 2 duplicate /gene - lpdC_1 lpdC_2
[08:46:15] Fixed 2 duplicate /gene - emrB_1 emrB_2
[08:46:15] Fixed 2 duplicate /gene - acrB_1 acrB_2
[08:46:15] Fixed 2 duplicate /gene - smoE_1 smoE_2
[08:46:15] Fixed 7 duplicate /gene - licC_1 licC_2 licC_3 licC_4 licC_5 licC_6 licC_7
[08:46:15] Fixed 2 duplicate /gene - malK_1 malK_2
[08:46:15] Fixed 2 duplicate /gene - msuD_1 msuD_2
[08:46:15] Fixed 2 duplicate /gene - xanP_1 xanP_2
[08:46:15] Fixed 2 duplicate /gene - mngR_1 mngR_2
[08:46:15] Fixed 2 duplicate /gene - por_1 por_2
[08:46:15] Fixed 2 duplicate /gene - gmuD_1 gmuD_2
[08:46:15] Fixed 2 duplicate /gene - deoC_1 deoC_2
[08:46:15] Fixed 2 duplicate /gene - glnH_1 glnH_2
[08:46:15] Fixed 5 duplicate /gene - hcpA_1 hcpA_2 hcpA_3 hcpA_4 hcpA_5
[08:46:15] Fixed 3 duplicate /gene - oppF_1 oppF_2 oppF_3
[08:46:15] Fixed 5 duplicate /gene - mntB_1 mntB_2 mntB_3 mntB_4 mntB_5
[08:46:15] Fixed 2 duplicate /gene - sasA_1 sasA_2
[08:46:15] Fixed 2 duplicate /gene - astC_1 astC_2
[08:46:15] Fixed 8 duplicate /gene - rbsC_1 rbsC_2 rbsC_3 rbsC_4 rbsC_5 rbsC_6 rbsC_7 rbsC_8
[08:46:15] Fixed 2 duplicate /gene - cycA_1 cycA_2
[08:46:15] Fixed 2 duplicate /gene - ompR_1 ompR_2
[08:46:15] Fixed 2 duplicate /gene - hcaB_1 hcaB_2
[08:46:15] Fixed 2 duplicate /gene - ybdG_1 ybdG_2
[08:46:15] Fixed 3 duplicate /gene - ydfK_1 ydfK_2 ydfK_3
[08:46:15] Fixed 2 duplicate /gene - atoB_1 atoB_2
[08:46:15] Fixed 4 duplicate /gene - aaeR_1 aaeR_2 aaeR_3 aaeR_4
[08:46:15] Fixed 5 duplicate /gene - nimR_1 nimR_2 nimR_3 nimR_4 nimR_5
[08:46:15] Fixed 5 duplicate /gene - tcyJ_1 tcyJ_2 tcyJ_3 tcyJ_4 tcyJ_5
[08:46:15] Fixed 2 duplicate /gene - frlB_1 frlB_2
[08:46:15] Fixed 2 duplicate /gene - bioH_1 bioH_2
[08:46:15] Fixed 2 duplicate /gene - fim_1 fim_2
[08:46:15] Fixed 2 duplicate /gene - pat_1 pat_2
[08:46:15] Fixed 2 duplicate /gene - fimH_1 fimH_2
[08:46:15] Fixed 2 duplicate /gene - sutR_1 sutR_2
[08:46:15] Fixed 2 duplicate /gene - asd_1 asd_2
[08:46:15] Fixed 2 duplicate /gene - ppa_1 ppa_2
[08:46:15] Fixed 2 duplicate /gene - dmsA_1 dmsA_2
[08:46:15] Fixed 6 duplicate /gene - glnQ_1 glnQ_2 glnQ_3 glnQ_4 glnQ_5 glnQ_6
[08:46:15] Fixed 3 duplicate /gene - pdeH_1 pdeH_2 pdeH_3
[08:46:15] Fixed 2 duplicate /gene - ssuC_1 ssuC_2
[08:46:15] Fixed 2 duplicate /gene - dgoA_1 dgoA_2
[08:46:15] Fixed 2 duplicate /gene - kdgK_1 kdgK_2
[08:46:15] Fixed 3 duplicate /gene - mltF_1 mltF_2 mltF_3
[08:46:15] Fixed 2 duplicate /gene - rbn_1 rbn_2
[08:46:15] Fixed 2 duplicate /gene - tufA_1 tufA_2
[08:46:15] Fixed 2 duplicate /gene - bcsQ_1 bcsQ_2
[08:46:15] Fixed 2 duplicate /gene - lpxL_1 lpxL_2
[08:46:15] Fixed 3 duplicate /gene - livH_1 livH_2 livH_3
[08:46:15] Fixed 2 duplicate /gene - bluF_1 bluF_2
[08:46:15] Fixed 2 duplicate /gene - dadA_1 dadA_2
[08:46:15] Fixed 3 duplicate /gene - cysG_1 cysG_2 cysG_3
[08:46:15] Fixed 3 duplicate /gene - menH_1 menH_2 menH_3
[08:46:15] Fixed 2 duplicate /gene - cobT_1 cobT_2
[08:46:15] Fixed 2 duplicate /gene - rhtB_1 rhtB_2
[08:46:15] Fixed 2 duplicate /gene - yohK_1 yohK_2
[08:46:15] Fixed 2 duplicate /gene - rffG_1 rffG_2
[08:46:15] Fixed 2 duplicate /gene - araG_1 araG_2
[08:46:15] Fixed 2 duplicate /gene - lacI_1 lacI_2
[08:46:15] Fixed 2 duplicate /gene - cobC_1 cobC_2
[08:46:15] Fixed 3 duplicate /gene - purR_1 purR_2 purR_3
[08:46:15] Fixed 3 duplicate /gene - ttuB_1 ttuB_2 ttuB_3
[08:46:15] Fixed 4 duplicate /gene - iolE_1 iolE_2 iolE_3 iolE_4
[08:46:15] Fixed 2 duplicate /gene - shiA_1 shiA_2
[08:46:15] Fixed 2 duplicate /gene - alsE_1 alsE_2
[08:46:15] Fixed 2 duplicate /gene - licH_1 licH_2
[08:46:15] Fixed 2 duplicate /gene - clsB_1 clsB_2
[08:46:15] Fixed 2 duplicate /gene - hdeB_1 hdeB_2
[08:46:15] Fixed 2 duplicate /gene - mdtD_1 mdtD_2
[08:46:15] Fixed 3 duplicate /gene - gudP_1 gudP_2 gudP_3
[08:46:15] Fixed 2 duplicate /gene - cobD_1 cobD_2
[08:46:15] Fixed 3 duplicate /gene - lrp_1 lrp_2 lrp_3
[08:46:15] Fixed 4 duplicate /gene - celA_1 celA_2 celA_3 celA_4
[08:46:15] Fixed 2 duplicate /gene - norW_1 norW_2
[08:46:15] Fixed 2 duplicate /gene - ascG_1 ascG_2
[08:46:15] Fixed 3 duplicate /gene - lpfB_1 lpfB_2 lpfB_3
[08:46:15] Fixed 3 duplicate /gene - tnpR_1 tnpR_2 tnpR_3
[08:46:15] Fixed 3 duplicate /gene - oppD_1 oppD_2 oppD_3
[08:46:15] Fixed 2 duplicate /gene - iolU_1 iolU_2
[08:46:15] Fixed 2 duplicate /gene - dmsB_1 dmsB_2
[08:46:15] Fixed 2 duplicate /gene - sad_1 sad_2
[08:46:15] Fixed 2 duplicate /gene - hpcE_1 hpcE_2
[08:46:15] Fixed 4 duplicate /gene - dmlR_1 dmlR_2 dmlR_3 dmlR_4
[08:46:15] Fixed 3 duplicate /gene - metN_1 metN_2 metN_3
[08:46:15] Fixed 2 duplicate /gene - ynfE_1 ynfE_2
[08:46:15] Fixed 2 duplicate /gene - nlpD_1 nlpD_2
[08:46:15] Fixed 2 duplicate /gene - ribZ_1 ribZ_2
[08:46:15] Fixed 3 duplicate /gene - dauA_1 dauA_2 dauA_3
[08:46:15] Fixed 2 duplicate /gene - bglH_1 bglH_2
[08:46:15] Fixed 2 duplicate /gene - gltA_1 gltA_2
[08:46:15] Fixed 3 duplicate /gene - rbsK_1 rbsK_2 rbsK_3
[08:46:15] Fixed 3 duplicate /gene - pal_1 pal_2 pal_3
[08:46:15] Fixed 2 duplicate /gene - gntR_1 gntR_2
[08:46:15] Fixed 2 duplicate /gene - sgrR_1 sgrR_2
[08:46:15] Fixed 2 duplicate /gene - hisQ_1 hisQ_2
[08:46:15] Fixed 2 duplicate /gene - manP_1 manP_2
[08:46:15] Fixed 2 duplicate /gene - deoR_1 deoR_2
[08:46:15] Fixed 2 duplicate /gene - astD_1 astD_2
[08:46:15] Fixed 3 duplicate /gene - rbsR_1 rbsR_2 rbsR_3
[08:46:15] Fixed 2 duplicate /gene - guaD_1 guaD_2
[08:46:15] Fixed 3 duplicate /gene - gstB_1 gstB_2 gstB_3
[08:46:15] Fixed 3 duplicate /gene - pduO_1 pduO_2 pduO_3
[08:46:15] Fixed 2 duplicate /gene - rfbD_1 rfbD_2
[08:46:15] Fixed 3 duplicate /gene - yheS_1 yheS_2 yheS_3
[08:46:15] Fixed 10 duplicate /gene - fabG_1 fabG_2 fabG_3 fabG_4 fabG_5 fabG_6 fabG_7 fabG_8 fabG_9 fabG_10
[08:46:15] Fixed 3 duplicate /gene - suhB_1 suhB_2 suhB_3
[08:46:15] Fixed 2 duplicate /gene - mdtH_1 mdtH_2
[08:46:15] Fixed 2 duplicate /gene - gpFI_1 gpFI_2
[08:46:15] Fixed 2 duplicate /gene - dsbA_1 dsbA_2
[08:46:15] Fixed 2 duplicate /gene - lon_1 lon_2
[08:46:15] Fixed 3 duplicate /gene - emrA_1 emrA_2 emrA_3
[08:46:15] Fixed 2 duplicate /gene - kgtP_1 kgtP_2
[08:46:15] Fixed 5 duplicate /gene - gcvA_1 gcvA_2 gcvA_3 gcvA_4 gcvA_5
[08:46:15] Fixed 2 duplicate /gene - rutB_1 rutB_2
[08:46:15] Fixed 5 duplicate /gene - crgA_1 crgA_2 crgA_3 crgA_4 crgA_5
[08:46:15] Fixed 2 duplicate /gene - manZ_1 manZ_2
[08:46:15] Fixed 3 duplicate /gene - ybhR_1 ybhR_2 ybhR_3
[08:46:15] Fixed 3 duplicate /gene - dppB_1 dppB_2 dppB_3
[08:46:15] Fixed 3 duplicate /gene - cds1_1 cds1_2 cds1_3
[08:46:15] Fixed 2 duplicate /gene - clcB_1 clcB_2
[08:46:15] Fixed 2 duplicate /gene - topA_1 topA_2
[08:46:15] Fixed 2 duplicate /gene - malT_1 malT_2
[08:46:15] Fixed 2 duplicate /gene - glpT_1 glpT_2
[08:46:15] Fixed 6 duplicate /gene - iolG_1 iolG_2 iolG_3 iolG_4 iolG_5 iolG_6
[08:46:15] Fixed 2 duplicate /gene - ctpF_1 ctpF_2
[08:46:15] Fixed 2 duplicate /gene - ppiC_1 ppiC_2
[08:46:15] Fixed 3 duplicate /gene - fimC_1 fimC_2 fimC_3
[08:46:15] Fixed 3 duplicate /gene - ddpC_1 ddpC_2 ddpC_3
[08:46:15] Fixed 2 duplicate /gene - dinI_1 dinI_2
[08:46:15] Fixed 2 duplicate /gene - bioC_1 bioC_2
[08:46:15] Fixed 2 duplicate /gene - feaB_1 feaB_2
[08:46:15] Fixed 2 duplicate /gene - sfaF_1 sfaF_2
[08:46:15] Fixed 3 duplicate /gene - pcaK_1 pcaK_2 pcaK_3
[08:46:15] Fixed 3 duplicate /gene - pncC_1 pncC_2 pncC_3
[08:46:15] Fixed 2 duplicate /gene - yfcJ_1 yfcJ_2
[08:46:15] Fixed 3 duplicate /gene - ulaC_1 ulaC_2 ulaC_3
[08:46:15] Fixed 3 duplicate /gene - umuD_1 umuD_2 umuD_3
[08:46:15] Fixed 4 duplicate /gene - gsiC_1 gsiC_2 gsiC_3 gsiC_4
[08:46:15] Fixed 2 duplicate /gene - sacP_1 sacP_2
[08:46:15] Fixed 3 duplicate /gene - srlR_1 srlR_2 srlR_3
[08:46:15] Fixed 2 duplicate /gene - murQ_1 murQ_2
[08:46:15] Fixed 3 duplicate /gene - fdhF_1 fdhF_2 fdhF_3
[08:46:15] Fixed 7 duplicate /gene - rhaR_1 rhaR_2 rhaR_3 rhaR_4 rhaR_5 rhaR_6 rhaR_7
[08:46:15] Fixed 2 duplicate /gene - qorA_1 qorA_2
[08:46:15] Fixed 2 duplicate /gene - fepA_1 fepA_2
[08:46:15] Fixed 2 duplicate /gene - ribX_1 ribX_2
[08:46:15] Fixed 2 duplicate /gene - ybiI_1 ybiI_2
[08:46:15] Fixed 3 duplicate /gene - pcaR_1 pcaR_2 pcaR_3
[08:46:15] Fixed 2 duplicate /gene - yeaX_1 yeaX_2
[08:46:15] Fixed 3 duplicate /gene - yncE_1 yncE_2 yncE_3
[08:46:15] Fixed 2 duplicate /gene - fimF_1 fimF_2
[08:46:15] Fixed 2 duplicate /gene - eutC_1 eutC_2
[08:46:15] Fixed 2 duplicate /gene - araB_1 araB_2
[08:46:15] Fixed 2 duplicate /gene - fruB_1 fruB_2
[08:46:15] Fixed 4 duplicate /gene - hipO_1 hipO_2 hipO_3 hipO_4
[08:46:15] Fixed 2 duplicate /gene - ugpC_1 ugpC_2
[08:46:15] Fixed 5 duplicate /gene - pgrR_1 pgrR_2 pgrR_3 pgrR_4 pgrR_5
[08:46:15] Fixed 3 duplicate /gene - glcR_1 glcR_2 glcR_3
[08:46:15] Fixed 6 duplicate /gene - livF_1 livF_2 livF_3 livF_4 livF_5 livF_6
[08:46:15] Fixed 2 duplicate /gene - glpF_1 glpF_2
[08:46:15] Fixed 4 duplicate /gene - exuT_1 exuT_2 exuT_3 exuT_4
[08:46:15] Fixed 4 duplicate /gene - uup_1 uup_2 uup_3 uup_4
[08:46:15] Fixed 2 duplicate /gene - fhuA_1 fhuA_2
[08:46:15] Fixed 2 duplicate /gene - ydiB_1 ydiB_2
[08:46:15] Fixed 2 duplicate /gene - rafB_1 rafB_2
[08:46:15] Fixed 2 duplicate /gene - srlA_1 srlA_2
[08:46:15] Fixed 2 duplicate /gene - mak_1 mak_2
[08:46:15] Fixed 2 duplicate /gene - csbX_1 csbX_2
[08:46:15] Fixed 2 duplicate /gene - zapE_1 zapE_2
[08:46:15] Fixed 2 duplicate /gene - ydhP_1 ydhP_2
[08:46:15] Fixed 2 duplicate /gene - ulaB_1 ulaB_2
[08:46:15] Fixed 3 duplicate /gene - bglA_1 bglA_2 bglA_3
[08:46:15] Fixed 2 duplicate /gene - ahpC_1 ahpC_2
[08:46:15] Fixed 2 duplicate /gene - artJ_1 artJ_2
[08:46:15] Fixed 2 duplicate /gene - nudK_1 nudK_2
[08:46:15] Fixed 2 duplicate /gene - dnaK_1 dnaK_2
[08:46:15] Fixed 2 duplicate /gene - pckA_1 pckA_2
[08:46:15] Fixed 2 duplicate /gene - chcC2_1 chcC2_2
[08:46:15] Fixed 2 duplicate /gene - jefA_1 jefA_2
[08:46:15] Fixed 3 duplicate /gene - tcyL_1 tcyL_2 tcyL_3
[08:46:15] Fixed 2 duplicate /gene - xylG_1 xylG_2
[08:46:15] Fixed 3 duplicate /gene - lsrD_1 lsrD_2 lsrD_3
[08:46:15] Fixed 2 duplicate /gene - baeS_1 baeS_2
[08:46:15] Fixed 2 duplicate /gene - bcsB_1 bcsB_2
[08:46:15] Fixed 2 duplicate /gene - rayT_1 rayT_2
[08:46:15] Fixed 2 duplicate /gene - glpE_1 glpE_2
[08:46:15] Fixed 2 duplicate /gene - can_1 can_2
[08:46:15] Fixed 2 duplicate /gene - blc_1 blc_2
[08:46:15] Fixed 2 duplicate /gene - araC_1 araC_2
[08:46:15] Fixed 2 duplicate /gene - hiuH_1 hiuH_2
[08:46:15] Fixed 2 duplicate /gene - eutB_1 eutB_2
[08:46:15] Fixed 4 duplicate /gene - metQ_1 metQ_2 metQ_3 metQ_4
[08:46:15] Fixed 2 duplicate /gene - cusC_1 cusC_2
[08:46:15] Fixed 2 duplicate /gene - mntH_1 mntH_2
[08:46:15] Fixed 2 duplicate /gene - ugpB_1 ugpB_2
[08:46:15] Fixed 4 duplicate /gene - aegA_1 aegA_2 aegA_3 aegA_4
[08:46:15] Fixed 2 duplicate /gene - glnP_1 glnP_2
[08:46:15] Fixed 2 duplicate /gene - lldD_1 lldD_2
[08:46:15] Fixed 3 duplicate /gene - tssK1_1 tssK1_2 tssK1_3
[08:46:15] Fixed 3 duplicate /gene - dppF_1 dppF_2 dppF_3
[08:46:15] Fixed 3 duplicate /gene - lldR_1 lldR_2 lldR_3
[08:46:15] Fixed 2 duplicate /gene - aidB_1 aidB_2
[08:46:15] Fixed 2 duplicate /gene - dsbD_1 dsbD_2
[08:46:15] Fixed 2 duplicate /gene - ycaD_1 ycaD_2
[08:46:15] Fixed 4 duplicate /gene - bla_1 bla_2 bla_3 bla_4
[08:46:15] Fixed 2 duplicate /gene - acrR_1 acrR_2
[08:46:15] Fixed 2 duplicate /gene - citG_1 citG_2
[08:46:15] Fixed 2 duplicate /gene - fbaA_1 fbaA_2
[08:46:15] Fixed 2 duplicate /gene - nfdA_1 nfdA_2
[08:46:15] Fixed 2 duplicate /gene - aspT_1 aspT_2
[08:46:15] Fixed 2 duplicate /gene - mdtM_1 mdtM_2
[08:46:15] Fixed 2 duplicate /gene - yhhS_1 yhhS_2
[08:46:15] Fixed 2 duplicate /gene - pduE_1 pduE_2
[08:46:15] Fixed 2 duplicate /gene - gdhA_1 gdhA_2
[08:46:15] Fixed 3 duplicate /gene - rob_1 rob_2 rob_3
[08:46:15] Fixed 2 duplicate /gene - lacZ_1 lacZ_2
[08:46:15] Fixed 8 duplicate /gene - rhaS_1 rhaS_2 rhaS_3 rhaS_4 rhaS_5 rhaS_6 rhaS_7 rhaS_8
[08:46:15] Fixed 2 duplicate /gene - rutC_1 rutC_2
[08:46:15] Fixed 3 duplicate /gene - betI_1 betI_2 betI_3
[08:46:15] Fixed 2 duplicate /gene - acsAB_1 acsAB_2
[08:46:15] Fixed 6 duplicate /gene - malP_1 malP_2 malP_3 malP_4 malP_5 malP_6
[08:46:15] Fixed 2 duplicate /gene - yedS_1 yedS_2
[08:46:15] Fixed 2 duplicate /gene - frmA_1 frmA_2
[08:46:15] Fixed 2 duplicate /gene - yagG_1 yagG_2
[08:46:15] Fixed 2 duplicate /gene - ybhA_1 ybhA_2
[08:46:15] Fixed 2 duplicate /gene - tyrB_1 tyrB_2
[08:46:15] Fixed 2 duplicate /gene - yafP_1 yafP_2
[08:46:15] Fixed 2 duplicate /gene - ramA_1 ramA_2
[08:46:15] Fixed 7 duplicate /gene - xerC_1 xerC_2 xerC_3 xerC_4 xerC_5 xerC_6 xerC_7
[08:46:15] Fixed 2 duplicate /gene - aadA_1 aadA_2
[08:46:15] Fixed 3 duplicate /gene - gltR_1 gltR_2 gltR_3
[08:46:15] Fixed 2 duplicate /gene - hcaR_1 hcaR_2
[08:46:15] Fixed 3 duplicate /gene - sotB_1 sotB_2 sotB_3
[08:46:15] Fixed 2 duplicate /gene - cydA_1 cydA_2
[08:46:15] Fixed 2 duplicate /gene - ibpB_1 ibpB_2
[08:46:15] Fixed 5 duplicate /gene - cynR_1 cynR_2 cynR_3 cynR_4 cynR_5
[08:46:15] Fixed 2 duplicate /gene - puuB_1 puuB_2
[08:46:15] Fixed 2 duplicate /gene - aaeB_1 aaeB_2
[08:46:15] Fixed 3 duplicate /gene - garK_1 garK_2 garK_3
[08:46:15] Fixed 3 duplicate /gene - nepI_1 nepI_2 nepI_3
[08:46:15] Fixed 4 duplicate /gene - metI_1 metI_2 metI_3 metI_4
[08:46:15] Fixed 3 duplicate /gene - rbsA_1 rbsA_2 rbsA_3
[08:46:15] Fixed 4 duplicate /gene - yadV_1 yadV_2 yadV_3 yadV_4
[08:46:15] Fixed 2 duplicate /gene - yabI_1 yabI_2
[08:46:15] Fixed 2 duplicate /gene - astA_1 astA_2
[08:46:15] Fixed 2 duplicate /gene - guaA_1 guaA_2
[08:46:15] Fixed 2 duplicate /gene - aroE_1 aroE_2
[08:46:15] Fixed 2 duplicate /gene - fabD_1 fabD_2
[08:46:15] Fixed 2 duplicate /gene - sdaC_1 sdaC_2
[08:46:15] Fixed 2 duplicate /gene - rng_1 rng_2
[08:46:15] Fixed 4 duplicate /gene - vgrG2b_1 vgrG2b_2 vgrG2b_3 vgrG2b_4
[08:46:15] Fixed 2 duplicate /gene - trmL_1 trmL_2
[08:46:15] Fixed 3 duplicate /gene - hmuU_1 hmuU_2 hmuU_3
[08:46:15] Fixed 2 duplicate /gene - allS_1 allS_2
[08:46:15] Fixed 2 duplicate /gene - fdnG_1 fdnG_2
[08:46:15] Fixed 2 duplicate /gene - proP_1 proP_2
[08:46:15] Fixed 4 duplicate /gene - mdtA_1 mdtA_2 mdtA_3 mdtA_4
[08:46:15] Fixed 2 duplicate /gene - fsr_1 fsr_2
[08:46:15] Fixed 2 duplicate /gene - ytfR_1 ytfR_2
[08:46:15] Fixed 3 duplicate /gene - mglA_1 mglA_2 mglA_3
[08:46:15] Fixed 2 duplicate /gene - fucP_1 fucP_2
[08:46:15] Fixed 5 duplicate /gene - yajO_1 yajO_2 yajO_3 yajO_4 yajO_5
[08:46:15] Fixed 2 duplicate /gene - ybdO_1 ybdO_2
[08:46:15] Fixed 2 duplicate /gene - xylA_1 xylA_2
[08:46:15] Fixed 2 duplicate /gene - ftsI_1 ftsI_2
[08:46:15] Fixed 2 duplicate /gene - aroP_1 aroP_2
[08:46:15] Fixed 2 duplicate /gene - oppA_1 oppA_2
[08:46:15] Fixed 2 duplicate /gene - btuF_1 btuF_2
[08:46:15] Fixed 3 duplicate /gene - kduD_1 kduD_2 kduD_3
[08:46:15] Fixed 2 duplicate /gene - dgoT_1 dgoT_2
[08:46:15] Fixed 3 duplicate /gene - ssuA_1 ssuA_2 ssuA_3
[08:46:15] Fixed 2 duplicate /gene - codA_1 codA_2
[08:46:15] Fixed 3 duplicate /gene - tsaR_1 tsaR_2 tsaR_3
[08:46:15] Fixed 2 duplicate /gene - dmsC_1 dmsC_2
[08:46:15] Fixed 3 duplicate /gene - lptB_1 lptB_2 lptB_3
[08:46:15] Fixed 2 duplicate /gene - mgtE_1 mgtE_2
[08:46:15] Fixed 2 duplicate /gene - ptxR_1 ptxR_2
[08:46:15] Fixed 424 colliding /gene names.
[08:46:15] Adding /locus_tag identifiers
[08:46:15] Assigned 5379 locus_tags to CDS and RNA features.
[08:46:15] Writing outputs to results/prokka_annotations/GCA_053309195.1/
[08:46:18] Generating annotation statistics file
[08:46:18] Generating Genbank and Sequin files
[08:46:18] Running: tbl2asn -V b -a r10k -l paired-ends -M n -N 1 -y 'Annotated using prokka 1.15.6 from https://github.com/tseemann/prokka' -Z results\/prokka_annotations\/GCA_053309195\.1\/GCA_053309195\.1\.err -i results\/prokka_annotations\/GCA_053309195\.1\/GCA_053309195\.1\.fsa 2> /dev/null
[08:46:27] Deleting unwanted file: results/prokka_annotations/GCA_053309195.1/errorsummary.val
[08:46:27] Deleting unwanted file: results/prokka_annotations/GCA_053309195.1/GCA_053309195.1.dr
[08:46:27] Deleting unwanted file: results/prokka_annotations/GCA_053309195.1/GCA_053309195.1.fixedproducts
[08:46:27] Deleting unwanted file: results/prokka_annotations/GCA_053309195.1/GCA_053309195.1.ecn
[08:46:27] Deleting unwanted file: results/prokka_annotations/GCA_053309195.1/GCA_053309195.1.val
[08:46:27] Repairing broken .GBK output that tbl2asn produces...
[08:46:27] Running: sed 's/COORDINATES: profile/COORDINATES:profile/' < results\/prokka_annotations\/GCA_053309195\.1\/GCA_053309195\.1\.gbf > results\/prokka_annotations\/GCA_053309195\.1\/GCA_053309195\.1\.gbk
[08:46:27] Deleting unwanted file: results/prokka_annotations/GCA_053309195.1/GCA_053309195.1.gbf
[08:46:27] Output files:
[08:46:27] results/prokka_annotations/GCA_053309195.1/GCA_053309195.1.tsv
[08:46:27] results/prokka_annotations/GCA_053309195.1/GCA_053309195.1.fsa
[08:46:27] results/prokka_annotations/GCA_053309195.1/GCA_053309195.1.fna
[08:46:27] results/prokka_annotations/GCA_053309195.1/GCA_053309195.1.ffn
[08:46:27] results/prokka_annotations/GCA_053309195.1/GCA_053309195.1.faa
[08:46:27] results/prokka_annotations/GCA_053309195.1/GCA_053309195.1.log
[08:46:27] results/prokka_annotations/GCA_053309195.1/GCA_053309195.1.sqn
[08:46:27] results/prokka_annotations/GCA_053309195.1/GCA_053309195.1.txt
[08:46:27] results/prokka_annotations/GCA_053309195.1/GCA_053309195.1.gbk
[08:46:27] results/prokka_annotations/GCA_053309195.1/GCA_053309195.1.tbl
[08:46:27] results/prokka_annotations/GCA_053309195.1/GCA_053309195.1.err
[08:46:27] results/prokka_annotations/GCA_053309195.1/GCA_053309195.1.gff
[08:46:27] Annotation finished successfully.
[08:46:27] Walltime used: 9.48 minutes
[08:46:27] If you use this result please cite the Prokka paper:
[08:46:27] Seemann T (2014) Prokka: rapid prokaryotic genome annotation. Bioinformatics. 30(14):2068-9.
[08:46:27] Type 'prokka --citation' for more details.
[08:46:27] Share and enjoy!
