[07:25:59] This is prokka 1.15.6
[07:25:59] Written by Torsten Seemann <torsten.seemann@gmail.com>
[07:25:59] Homepage is https://github.com/tseemann/prokka
[07:25:59] Local time is Sat Aug 29 07:25:59 2026
[07:25:59] You are codespace
[07:25:59] Operating system is linux
[07:25:59] You have BioPerl 1.7.8
[07:25:59] System has 2 cores.
[07:25:59] Will use maximum of 2 cores.
[07:25:59] Annotating as >>> Bacteria <<<
[07:25:59] Generating locus_tag from 'data/ncbi_dataset/data/GCA_055721525.1/GCA_055721525.1_ASM5572152v1_genomic.fna' contents.
[07:25:59] Setting --locustag HOLFJHIJ from MD5 185f3123325564b0b85f0d52030263ec
[07:25:59] Re-using existing --outdir results/prokka_annotations/GCA_055721525.1
[07:25:59] Using filename prefix: GCA_055721525.1.XXX
[07:25:59] Setting HMMER_NCPU=1
[07:25:59] Writing log to: results/prokka_annotations/GCA_055721525.1/GCA_055721525.1.log
[07:25:59] Command: /opt/conda/envs/prokka_env/bin/prokka --outdir results/prokka_annotations/GCA_055721525.1 --prefix GCA_055721525.1 --kingdom Bacteria --genus Klebsiella --species pneumoniae --cpus 2 --force data/ncbi_dataset/data/GCA_055721525.1/GCA_055721525.1_ASM5572152v1_genomic.fna
[07:25:59] Looking for 'aragorn' - found /opt/conda/envs/prokka_env/bin/aragorn
[07:25:59] Determined aragorn version is v1.2 from 'ARAGORN v1.2.41 Dean Laslett'
[07:25:59] Looking for 'barrnap' - found /opt/conda/envs/prokka_env/bin/barrnap
[07:25:59] Determined barrnap version is v1.10 from 'barrnap 1.10.5'
[07:25:59] Looking for 'blastp' - found /opt/conda/envs/prokka_env/bin/blastp
[07:25:59] Determined blastp version is v2.17 from 'blastp: 2.17.0+'
[07:25:59] Looking for 'cmpress' - found /opt/conda/envs/prokka_env/bin/cmpress
[07:25:59] Determined cmpress version is v1.1 from '# INFERNAL 1.1.5 (Sep 2023)'
[07:25:59] Looking for 'cmscan' - found /opt/conda/envs/prokka_env/bin/cmscan
[07:25:59] Determined cmscan version is v1.1 from '# INFERNAL 1.1.5 (Sep 2023)'
[07:25:59] Looking for 'egrep' - found /usr/bin/egrep
[07:25:59] Looking for 'find' - found /usr/bin/find
[07:25:59] Looking for 'grep' - found /usr/bin/grep
[07:25:59] Looking for 'hmmpress' - found /opt/conda/envs/prokka_env/bin/hmmpress
[07:25:59] Determined hmmpress version is v3.4 from '# HMMER 3.4 (Aug 2023); http://hmmer.org/'
[07:25:59] Looking for 'hmmscan' - found /opt/conda/envs/prokka_env/bin/hmmscan
[07:25:59] Determined hmmscan version is v3.4 from '# HMMER 3.4 (Aug 2023); http://hmmer.org/'
[07:25:59] Looking for 'java' - found /opt/conda/envs/prokka_env/bin/java
[07:25:59] Looking for 'makeblastdb' - found /opt/conda/envs/prokka_env/bin/makeblastdb
[07:25:59] Determined makeblastdb version is v2.17 from 'makeblastdb: 2.17.0+'
[07:25:59] Looking for 'minced' - found /opt/conda/envs/prokka_env/bin/minced
[07:25:59] Determined minced version is v4.2 from 'minced 0.4.2'
[07:25:59] Looking for 'parallel' - found /opt/conda/envs/prokka_env/bin/parallel
[07:25:59] Determined parallel version is 20260722 from 'GNU parallel 20260722'
[07:25:59] Looking for 'prodigal' - found /opt/conda/envs/prokka_env/bin/prodigal
[07:25:59] Determined prodigal version is v2.6 from 'Prodigal V2.6.3: February, 2016'
[07:25:59] Looking for 'prokka-genbank_to_fasta_db' - found /opt/conda/envs/prokka_env/bin/prokka-genbank_to_fasta_db
[07:25:59] Looking for 'sed' - found /usr/bin/sed
[07:25:59] Looking for 'tbl2asn' - found /opt/conda/envs/prokka_env/bin/tbl2asn
[07:25:59] Determined tbl2asn version is v25.7 from 'tbl2asn 25.7   arguments:'
[07:25:59] Using genetic code table 11.
[07:25:59] Loading and checking input file: data/ncbi_dataset/data/GCA_055721525.1/GCA_055721525.1_ASM5572152v1_genomic.fna
[07:26:00] Wrote 3 contigs totalling 5642023 bp.
[07:26:00] Predicting tRNAs and tmRNAs
[07:26:00] Running: aragorn -l -gc11  -w results\/prokka_annotations\/GCA_055721525\.1\/GCA_055721525\.1\.fna
[07:26:04] 1 tRNA-Leu c[136861,136947] 35 (taa)
[07:26:04] 2 tRNA-Cys c[136961,137034] 33 (gca)
[07:26:04] 3 tRNA-Gly c[137075,137150] 34 (gcc)
[07:26:04] 4 tRNA-Thr c[184985,185060] 34 (tgt)
[07:26:04] 5 tRNA-Ser c[197395,197484] 35 (cga)
[07:26:04] 6 tRNA-Asn [198476,198551] 34 (gtt)
[07:26:04] 7 tRNA-Asn [203360,203435] 34 (gtt)
[07:26:04] 8 tRNA-Asn c[212282,212357] 34 (gtt)
[07:26:04] 9 tRNA-Asn [214115,214190] 34 (gtt)
[07:26:04] 10 tRNA-Pro [480781,480857] 35 (ggg)
[07:26:04] 11 tRNA-Arg [637450,637524] 34 (cct)
[07:26:04] 12 tRNA-Ala c[657840,657915] 34 (ggc)
[07:26:05] 13 tRNA-Ala c[657957,658032] 34 (ggc)
[07:26:05] 14 tRNA-Val [660731,660806] 34 (tac)
[07:26:05] 15 tRNA-Val [660852,660927] 34 (tac)
[07:26:05] 16 tRNA-Val [660974,661049] 34 (tac)
[07:26:05] 17 tRNA-Lys [661054,661129] 34 (ttt)
[07:26:05] 18 tRNA-Glu c[836816,836891] 35 (ttc)
[07:26:05] 19 tmRNA [865391,865753] 90,125 ANDENYALAA**
[07:26:05] 20 tRNA-Arg c[933427,933503] 35 (acg)
[07:26:05] 21 tRNA-Arg c[933732,933808] 35 (acg)
[07:26:05] 22 tRNA-Arg c[933870,933946] 35 (acg)
[07:26:05] 23 tRNA-Arg c[934097,934173] 35 (acg)
[07:26:05] 24 tRNA-Ser c[934178,934270] 35 (gct)
[07:26:05] 25 tRNA-Met [1086224,1086300] 35 (cat)
[07:26:05] 26 tRNA-Met [1086334,1086410] 35 (cat)
[07:26:05] 27 tRNA-Met [1086443,1086519] 35 (cat)
[07:26:05] 28 tRNA-Gly c[1224833,1224906] 33 (ccc)
[07:26:05] 29 tRNA-Phe [1297075,1297150] 34 (gaa)
[07:26:05] 30 tRNA-Met [1368342,1368417] 34 (cat)
[07:26:05] 31 tRNA-Met c[1473360,1473436] 35 (cat)
[07:26:05] 32 tRNA-Leu c[1477366,1477452] 35 (gag)
[07:26:05] 33 tRNA-Thr c[1578607,1578682] 34 (ggt)
[07:26:05] 34 tRNA-Pro c[1815395,1815471] 35 (cgg)
[07:26:05] 35 tRNA-SeC [1946033,1946127] 35 (tca)
[07:26:05] 36 tRNA-Glu [2091678,2091753] 35 (ttc)
[07:26:05] 37 tRNA-Ile [2190061,2190137] 35 (gat)
[07:26:05] 38 tRNA-Ala [2190174,2190249] 34 (tgc)
[07:26:05] 39 tRNA-Asp [2193590,2193666] 35 (gtc)
[07:26:05] 40 tRNA-Trp [2193720,2193795] 34 (cca)
[07:26:05] 41 tRNA-Arg [2231826,2231902] 35 (ccg)
[07:26:05] 42 tRNA-His [2231958,2232033] 34 (gtg)
[07:26:05] 43 tRNA-Leu [2232057,2232143] 35 (cag)
[07:26:05] 44 tRNA-Pro [2232186,2232262] 35 (tgg)
[07:26:05] 45 tRNA-Ile [2288347,2288423] 35 (gat)
[07:26:05] 46 tRNA-Ala [2288530,2288605] 34 (tgc)
[07:26:05] 47 tRNA-Thr [2295698,2295773] 34 (tgt)
[07:26:05] 48 tRNA-Tyr [2295784,2295868] 35 (gta)
[07:26:05] 49 tRNA-Gly [2295984,2296058] 34 (tcc)
[07:26:05] 50 tRNA-Thr [2296064,2296139] 34 (ggt)
[07:26:05] 51 tRNA-Glu [2333565,2333640] 35 (ttc)
[07:26:05] 52 tRNA-Phe c[2472505,2472580] 34 (gaa)
[07:26:05] 53 tRNA-Gly [2514696,2514771] 34 (gcc)
[07:26:05] 54 tRNA-Gly [2514840,2514915] 34 (gcc)
[07:26:05] 55 tRNA-Gly [2514988,2515063] 34 (gcc)
[07:26:05] 56 tRNA-Leu [2648590,2648674] 35 (caa)
[07:26:05] 57 tRNA-Glu [2684962,2685037] 35 (ttc)
[07:26:05] 58 tRNA-Leu c[2776037,2776123] 35 (cag)
[07:26:05] 59 tRNA-Leu c[2776155,2776241] 35 (cag)
[07:26:05] 60 tRNA-Leu c[2776271,2776356] 36 (cag)
[07:26:05] 61 tRNA-Ile [3060006,3060082] 35 (gat)
[07:26:05] 62 tRNA-Ala [3060189,3060264] 34 (tgc)
[07:26:05] 63 tRNA-Asp [3063707,3063783] 35 (gtc)
[07:26:05] 64 tRNA-Asp [3073160,3073236] 35 (gtc)
[07:26:05] 65 tRNA-Thr c[3132421,3132496] 34 (cgt)
[07:26:05] 66 tRNA-Arg [3347939,3348015] 35 (tct)
[07:26:05] 67 tRNA-Gln c[3648090,3648164] 33 (ctg)
[07:26:05] 68 tRNA-Gln c[3648240,3648314] 33 (ctg)
[07:26:05] 69 tRNA-Met c[3648362,3648438] 35 (cat)
[07:26:05] 70 tRNA-Gln c[3648462,3648536] 33 (ttg)
[07:26:05] 71 tRNA-Gln c[3648573,3648647] 33 (ttg)
[07:26:05] 72 tRNA-Leu c[3648671,3648755] 35 (tag)
[07:26:05] 73 tRNA-Met c[3648764,3648840] 35 (cat)
[07:26:05] 74 tRNA-Lys [3707459,3707534] 34 (ttt)
[07:26:05] 75 tRNA-Val [3707660,3707735] 34 (tac)
[07:26:05] 76 tRNA-Lys [3707738,3707813] 34 (ttt)
[07:26:05] 77 tRNA-Val [3707963,3708038] 34 (tac)
[07:26:05] 78 tRNA-Lys [3708042,3708117] 34 (ttt)
[07:26:05] 79 tRNA-Lys [3708264,3708339] 34 (ttt)
[07:26:05] 80 tRNA-Lys [3708474,3708549] 34 (ttt)
[07:26:05] 81 tRNA-Ser [3988065,3988152] 35 (tga)
[07:26:05] 82 tRNA-Ser c[4031873,4031960] 35 (gga)
[07:26:05] 83 tRNA-Ser c[4037112,4037199] 35 (gga)
[07:26:05] 84 tRNA-Val [5088515,5088591] 35 (gac)
[07:26:05] 85 tRNA-Val [5088596,5088672] 35 (gac)
[07:26:05] 86 tRNA-Val [5088677,5088753] 35 (gac)
[07:26:05] 87 tRNA-Tyr [5298855,5298939] 35 (gta)
[07:26:05] 88 tRNA-Tyr [5299155,5299239] 35 (gta)
[07:26:05] Found 88 tRNAs
[07:26:05] Predicting Ribosomal RNAs
[07:26:05] Running Barrnap with 2 threads
[07:26:37] 1 CM146767.1 833512 5S ribosomal RNA
[07:26:37] 2 CM146767.1 833724 23S ribosomal RNA
[07:26:37] 3 CM146767.1 836977 16S ribosomal RNA
[07:26:37] 4 CM146767.1 1578453 5S ribosomal RNA
[07:26:37] 5 CM146767.1 1578697 5S ribosomal RNA
[07:26:37] 6 CM146767.1 1578913 23S ribosomal RNA
[07:26:37] 7 CM146767.1 1582021 16S ribosomal RNA
[07:26:37] 8 CM146767.1 2090053 16S ribosomal RNA
[07:26:37] 9 CM146767.1 2091936 23S ribosomal RNA
[07:26:37] 10 CM146767.1 2094934 5S ribosomal RNA
[07:26:37] 11 CM146767.1 2188453 16S ribosomal RNA
[07:26:37] 12 CM146767.1 2190419 23S ribosomal RNA
[07:26:37] 13 CM146767.1 2193417 5S ribosomal RNA
[07:26:37] 14 CM146767.1 2286736 16S ribosomal RNA
[07:26:37] 15 CM146767.1 2288775 23S ribosomal RNA
[07:26:37] 16 CM146767.1 2291773 5S ribosomal RNA
[07:26:37] 17 CM146767.1 2331940 16S ribosomal RNA
[07:26:37] 18 CM146767.1 2333823 23S ribosomal RNA
[07:26:37] 19 CM146767.1 2336821 5S ribosomal RNA
[07:26:37] 20 CM146767.1 2683337 16S ribosomal RNA
[07:26:37] 21 CM146767.1 2685220 23S ribosomal RNA
[07:26:37] 22 CM146767.1 2688219 5S ribosomal RNA
[07:26:37] 23 CM146767.1 3058395 16S ribosomal RNA
[07:26:37] 24 CM146767.1 3060442 23S ribosomal RNA
[07:26:37] 25 CM146767.1 3063534 5S ribosomal RNA
[07:26:37] Found 25 rRNAs
[07:26:37] Skipping ncRNA search, enable with --rfam if desired.
[07:26:37] Total of 112 tRNA + rRNA features
[07:26:37] Searching for CRISPR repeats
[07:26:38] Found 0 CRISPRs
[07:26:38] Predicting coding sequences
[07:26:38] Contigs total 5642023 bp, so using single mode
[07:26:38] Running: prodigal -i results\/prokka_annotations\/GCA_055721525\.1\/GCA_055721525\.1\.fna -c -m -g 11 -p single -f sco -q
[07:26:51] Excluding CDS which overlaps existing RNA (tRNA) at CM146767.1:1473261..1473467 on + strand
[07:26:52] Excluding CDS which overlaps existing RNA (tRNA) at CM146767.1:2232162..2232314 on - strand
[07:26:55] Excluding CDS which overlaps existing RNA (tRNA) at CM146767.1:5088266..5088751 on - strand
[07:26:56] Found 5327 CDS
[07:26:56] Connecting features back to sequences
[07:26:56] Not using genus-specific database. Try --usegenus to enable it.
[07:26:56] Annotating CDS, please be patient.
[07:26:56] Will use 2 CPUs for similarity searching.
[07:26:57] There are still 5327 unannotated CDS left (started with 5327)
[07:26:57] Will use blast to search against /opt/conda/envs/prokka_env/db/kingdom/Bacteria/IS with 2 CPUs
[07:26:57] Running: cat results\/prokka_annotations\/GCA_055721525\.1\/GCA_055721525\.1\.IS\.tmp\.85193\.faa | parallel --gnu --plain -j 2 --block 419493 --recstart '>' --pipe blastp -query - -db /opt/conda/envs/prokka_env/db/kingdom/Bacteria/IS -evalue 1e-30 -qcov_hsp_perc 90 -num_threads 1 -num_descriptions 1 -num_alignments 1 -seg no > results\/prokka_annotations\/GCA_055721525\.1\/GCA_055721525\.1\.IS\.tmp\.85193\.blast 2> /dev/null
[07:28:11] Modify product: Tn3 family transposase Tn5403 => Tn3 family transposase
[07:28:11] Cleaned 1 /product names
[07:28:11] Deleting unwanted file: results/prokka_annotations/GCA_055721525.1/GCA_055721525.1.IS.tmp.85193.faa
[07:28:11] Deleting unwanted file: results/prokka_annotations/GCA_055721525.1/GCA_055721525.1.IS.tmp.85193.blast
[07:28:15] There are still 5265 unannotated CDS left (started with 5327)
[07:28:15] Will use blast to search against /opt/conda/envs/prokka_env/db/kingdom/Bacteria/AMR with 2 CPUs
[07:28:15] Running: cat results\/prokka_annotations\/GCA_055721525\.1\/GCA_055721525\.1\.AMR\.tmp\.85193\.faa | parallel --gnu --plain -j 2 --block 414693 --recstart '>' --pipe blastp -query - -db /opt/conda/envs/prokka_env/db/kingdom/Bacteria/AMR -evalue 1e-300 -qcov_hsp_perc 90 -num_threads 1 -num_descriptions 1 -num_alignments 1 -seg no > results\/prokka_annotations\/GCA_055721525\.1\/GCA_055721525\.1\.AMR\.tmp\.85193\.blast 2> /dev/null
[07:30:09] Deleting unwanted file: results/prokka_annotations/GCA_055721525.1/GCA_055721525.1.AMR.tmp.85193.faa
[07:30:09] Deleting unwanted file: results/prokka_annotations/GCA_055721525.1/GCA_055721525.1.AMR.tmp.85193.blast
[07:30:11] There are still 5222 unannotated CDS left (started with 5327)
[07:30:11] Will use blast to search against /opt/conda/envs/prokka_env/db/kingdom/Bacteria/sprot with 2 CPUs
[07:30:11] Running: cat results\/prokka_annotations\/GCA_055721525\.1\/GCA_055721525\.1\.sprot\.tmp\.85193\.faa | parallel --gnu --plain -j 2 --block 406872 --recstart '>' --pipe blastp -query - -db /opt/conda/envs/prokka_env/db/kingdom/Bacteria/sprot -evalue 1e-09 -qcov_hsp_perc 80 -num_threads 1 -num_descriptions 1 -num_alignments 1 -seg no > results\/prokka_annotations\/GCA_055721525\.1\/GCA_055721525\.1\.sprot\.tmp\.85193\.blast 2> /dev/null
[07:35:29] Modify product: Uncharacterized protein Rv2569c => putative protein
[07:35:29] Modify product: Uncharacterized protein Rv2567 => putative protein
[07:35:29] Modify product: Uncharacterized protein Rv2411c => putative protein
[07:35:29] Modify product: Uncharacterized protein YeaR => putative protein YeaR
[07:35:29] Modify product: Nudix hydrolase DR_1184 => Nudix hydrolase
[07:35:29] Modify product: Probable cyclic di-GMP phosphodiesterase PdeD => putative cyclic di-GMP phosphodiesterase PdeD
[07:35:29] Modify product: UPF0053 inner membrane protein YoaE => hypothetical protein
[07:35:29] Modify product: UPF0053 inner membrane protein YoaE => hypothetical protein
[07:35:29] Modify product: UPF0266 membrane protein YobD => hypothetical protein
[07:35:29] Modify product: Probable manganese efflux pump MntP => putative manganese efflux pump MntP
[07:35:29] Modify product: Uncharacterized protein YebV => putative protein YebV
[07:35:29] Modify product: Uncharacterized protein HI_0461 => putative protein
[07:35:29] Modify product: Uncharacterized protein YebY => putative protein YebY
[07:35:29] Modify product: Probable transcriptional regulatory protein YebC => putative transcriptional regulatory protein YebC
[07:35:29] Modify product: Probable transport protein HsrA => putative transport protein HsrA
[07:35:29] Modify product: Probable diguanylate cyclase DgcQ => putative diguanylate cyclase DgcQ
[07:35:29] Modify product: Uncharacterized inner membrane transporter YedA => putative inner membrane transporter YedA
[07:35:29] Modify product: Uncharacterized protein YedJ => putative protein YedJ
[07:35:29] Modify product: HTH-type transcriptional regulator XC_2801 => HTH-type transcriptional regulator
[07:35:29] Modify product: Probable L,D-transpeptidase ErfK/SrfK => putative L,D-transpeptidase ErfK/SrfK
[07:35:29] Modify product: Probable acrylyl-CoA reductase AcuI => putative acrylyl-CoA reductase AcuI
[07:35:29] Modify product: Probable FMN/FAD exporter YeeO => putative FMN/FAD exporter YeeO
[07:35:29] Modify product: Uncharacterized protein YeaR => putative protein YeaR
[07:35:29] Modify product: UPF0053 inner membrane protein YoaE => hypothetical protein
[07:35:29] Modify product: Probable lipid kinase YegS => putative lipid kinase YegS
[07:35:29] Modify product: Probable D,D-dipeptide transport system permease protein DdpC => putative D,D-dipeptide transport system permease protein DdpC
[07:35:29] Modify product: Probable D,D-dipeptide-binding periplasmic protein DdpA => putative D,D-dipeptide-binding periplasmic protein DdpA
[07:35:29] Modify product: Uncharacterized N-acetyltransferase YafP => putative N-acetyltransferase YafP
[07:35:29] Modify product: UPF0387 membrane protein YohO => hypothetical protein
[07:35:29] Modify product: UPF0299 membrane protein YohJ => hypothetical protein
[07:35:29] Modify product: Uncharacterized HTH-type transcriptional regulator YeiE => putative HTH-type transcriptional regulator YeiE
[07:35:29] Modify product: UPF0324 inner membrane protein YeiH => hypothetical protein
[07:35:29] Modify product: Probable cyclic di-GMP phosphodiesterase PdeN => putative cyclic di-GMP phosphodiesterase PdeN
[07:35:29] Modify product: Uncharacterized protein YejA => putative protein YejA
[07:35:29] Modify product: Uncharacterized ABC transporter ATP-binding protein YejF => putative ABC transporter ATP-binding protein YejF
[07:35:29] Modify product: Uncharacterized protein YejG => putative protein YejG
[07:35:29] Modify product: UPF0352 protein YejL => hypothetical protein
[07:35:29] Modify product: Putative transport protein Rv1101c => Putative transport protein
[07:35:29] Modify product: Uncharacterized HTH-type transcriptional regulator RhmR => putative HTH-type transcriptional regulator RhmR
[07:35:29] Modify product: Probable HTH-type transcriptional regulator LrhA => putative HTH-type transcriptional regulator LrhA
[07:35:30] Modify product: UPF0304 protein YfbU => hypothetical protein
[07:35:30] Modify product: UPF0208 membrane protein YfbV => hypothetical protein
[07:35:30] Modify product: Uncharacterized Nudix hydrolase YfcD => putative Nudix hydrolase YfcD
[07:35:30] Modify product: Epimerase family protein Rv2216 => Epimerase family protein
[07:35:30] Modify product: Uncharacterized MFS-type transporter YfcJ => putative MFS-type transporter YfcJ
[07:35:30] Modify product: Probable membrane transporter protein YfcA => putative membrane transporter protein YfcA
[07:35:30] Modify product: UPF0381 protein YiiS => hypothetical protein
[07:35:30] Modify product: Uncharacterized transporter YycB => putative transporter YycB
[07:35:30] Modify product: Probable cyclic di-GMP phosphodiesterase PdeA => putative cyclic di-GMP phosphodiesterase PdeA
[07:35:30] Modify product: Uncharacterized protein YybH => putative protein YybH
[07:35:30] Modify product: Uncharacterized protein YfeY => putative protein YfeY
[07:35:30] Modify product: Probable ethanolamine permease EutH => putative ethanolamine permease EutH
[07:35:30] Modify product: Probable alcohol dehydrogenase EutG => putative alcohol dehydrogenase EutG
[07:35:30] Modify product: Probable acetate kinase EutP => putative acetate kinase EutP
[07:35:30] Modify product: Uncharacterized protein YfgD => putative protein YfgD
[07:35:30] Modify product: Uncharacterized protein YfgJ => putative protein YfgJ
[07:35:30] Modify product: Probable 3-phenylpropionic acid transporter => putative 3-phenylpropionic acid transporter
[07:35:30] Modify product: Uncharacterized protein YphB => putative protein YphB
[07:35:30] Modify product: Uncharacterized tRNA/rRNA methyltransferase YfiF => putative tRNA/rRNA methyltransferase YfiF
[07:35:30] Modify product: UPF0053 inner membrane protein YfjD => hypothetical protein
[07:35:30] Modify product: UPF0125 protein RatB => hypothetical protein
[07:35:30] Modify product: HTH-type transcriptional regulator XC_2801 => HTH-type transcriptional regulator
[07:35:30] Modify product: Probable fimbrial chaperone LpfB => putative fimbrial chaperone LpfB
[07:35:30] Modify product: Probable fimbrial chaperone YraI => putative fimbrial chaperone YraI
[07:35:30] Modify product: Uncharacterized protein YgaM => putative protein YgaM
[07:35:30] Modify product: Probable UbiX-like flavin prenyltransferase => putative UbiX-like flavin prenyltransferase
[07:35:30] Modify product: Probable galactarate/D-glucarate transporter GudP => putative galactarate/D-glucarate transporter GudP
[07:35:30] Modify product: Uncharacterized protein YqcC => putative protein YqcC
[07:35:30] Modify product: Uncharacterized HTH-type transcriptional regulator YdjF => putative HTH-type transcriptional regulator YdjF
[07:35:30] Modify product: UPF0382 inner membrane protein YgdD => hypothetical protein
[07:35:30] Modify product: Uncharacterized lipoprotein YgdR => putative lipoprotein YgdR
[07:35:30] Modify product: Probable cobalt-factor III C(17)-methyltransferase => putative cobalt-factor III C(17)-methyltransferase
[07:35:30] Modify product: UPF0053 inner membrane protein YgdQ => hypothetical protein
[07:35:30] Modify product: Uncharacterized lipoprotein YgdR => putative lipoprotein YgdR
[07:35:30] Modify product: Probable fimbrial chaperone YadV => putative fimbrial chaperone YadV
[07:35:30] Modify product: Uncharacterized protein YjdJ => putative protein YjdJ
[07:35:30] Modify product: UPF0073 inner membrane protein YqfA => hypothetical protein
[07:35:30] Modify product: Uncharacterized oxidoreductase YgfF => putative oxidoreductase YgfF
[07:35:30] Modify product: UPF0149 protein HI_0817 => hypothetical protein
[07:35:31] Modify product: UPF0301 protein YqgE => hypothetical protein
[07:35:31] Modify product: Uncharacterized protein YggR => putative protein YggR
[07:35:31] Modify product: UPF0235 protein YggU => hypothetical protein
[07:35:31] Modify product: Uncharacterized protein HI_0341 => putative protein
[07:35:31] Modify product: Probable Fe(2+)-trafficking protein => putative Fe(2+)-trafficking protein
[07:35:31] Modify product: Uncharacterized membrane protein YdfK => putative membrane protein YdfK
[07:35:31] Modify product: HTH-type transcriptional regulator XC_2801 => HTH-type transcriptional regulator
[07:35:31] Modify product: Probable HTH-type transcriptional regulator STM3175 => putative HTH-type transcriptional regulator
[07:35:31] Modify product: Probable quinol monooxygenase YgiN => putative quinol monooxygenase YgiN
[07:35:31] Modify product: Probable glycerol-3-phosphate acyltransferase => putative glycerol-3-phosphate acyltransferase
[07:35:31] Modify product: Uncharacterized protein YqjD => putative protein YqjD
[07:35:31] Modify product: Probable galactarate/D-glucarate transporter GarP => putative galactarate/D-glucarate transporter GarP
[07:35:31] Modify product: UPF0102 protein RPA0323 => hypothetical protein
[07:35:31] Modify product: Uncharacterized inner membrane transporter YhbE => putative inner membrane transporter YhbE
[07:35:31] Modify product: Uncharacterized protein YhcO => putative protein YhcO
[07:35:31] Modify product: Uncharacterized membrane protein YhdT => putative membrane protein YhdT
[07:35:32] Modify product: Protein SlyX homolog => Protein SlyX 
[07:35:32] Modify product: Probable ATP-binding protein YheS => putative ATP-binding protein YheS
[07:35:32] Modify product: UPF0270 protein PA3463 => hypothetical protein
[07:35:32] Modify product: Probable protein adenylyltransferase Fic => putative protein adenylyltransferase Fic
[07:35:32] Modify product: Uncharacterized protein YhfG => putative protein YhfG
[07:35:32] Modify product: Probable [Fe-S]-dependent transcriptional repressor => putative [Fe-S]-dependent transcriptional repressor
[07:35:32] Modify product: Uncharacterized oxidoreductase YhhX => putative oxidoreductase YhhX
[07:35:32] Modify product: Uncharacterized protein YhhA => putative protein YhhA
[07:35:32] Modify product: Uncharacterized MFS-type transporter YhhS => putative MFS-type transporter YhhS
[07:35:32] Modify product: Probable 4-amino-4-deoxy-L-arabinose-phosphoundecaprenol flippase subunit ArnF => putative 4-amino-4-deoxy-L-arabinose-phosphoundecaprenol flippase subunit ArnF
[07:35:32] Modify product: Probable 4-amino-4-deoxy-L-arabinose-phosphoundecaprenol flippase subunit ArnE => putative 4-amino-4-deoxy-L-arabinose-phosphoundecaprenol flippase subunit ArnE
[07:35:32] Modify product: Probable 4-deoxy-4-formamido-L-arabinose-phosphoundecaprenol deformylase ArnD => putative 4-deoxy-4-formamido-L-arabinose-phosphoundecaprenol deformylase ArnD
[07:35:32] Modify product: Probable cyclic di-GMP phosphodiesterase PdeK => putative cyclic di-GMP phosphodiesterase PdeK
[07:35:32] Modify product: Uncharacterized MFS-type transporter YhjX => putative MFS-type transporter YhjX
[07:35:32] Modify product: Probable lipoprotein YiaD => putative lipoprotein YiaD
[07:35:32] Modify product: Probable ATP-binding protein YheS => putative ATP-binding protein YheS
[07:35:32] Modify product: Uncharacterized GST-like protein YibF => putative GST-like protein YibF
[07:35:32] Modify product: Uncharacterized protein YibL => putative protein YibL
[07:35:32] Modify product: Uncharacterized protein YibN => putative protein YibN
[07:35:32] Modify product: UPF0758 protein YsxA => hypothetical protein
[07:35:32] Modify product: Probable multidrug ABC transporter permease YbhR => putative multidrug ABC transporter permease YbhR
[07:35:32] Modify product: Probable multidrug ABC transporter ATP-binding protein YbhF => putative multidrug ABC transporter ATP-binding protein YbhF
[07:35:32] Modify product: UPF0194 membrane protein YbhG => hypothetical protein
[07:35:32] Modify product: Uncharacterized protein MT2054 => putative protein
[07:35:32] Modify product: UPF0126 inner membrane protein YicG => hypothetical protein
[07:35:32] Modify product: UPF0311 protein CA_C3321 => hypothetical protein
[07:35:32] Modify product: Zinc-type alcohol dehydrogenase-like protein SA1988 => Zinc-type alcohol dehydrogenase-like protein
[07:35:32] Modify product: Acetyltransferase Atu2258 => Acetyltransferase
[07:35:32] Modify product: Uncharacterized inner membrane transporter YicL => putative inner membrane transporter YicL
[07:35:33] Modify product: HTH-type transcriptional regulator Cphy_2742 => HTH-type transcriptional regulator
[07:35:33] Modify product: Probable transport protein HsrA => putative transport protein HsrA
[07:35:33] Modify product: Probable GTP-binding protein EngB => putative GTP-binding protein EngB
[07:35:33] Modify product: UPF0761 membrane protein YihY => hypothetical protein
[07:35:33] Modify product: Probable acyltransferase FabY => putative acyltransferase FabY
[07:35:33] Modify product: Uncharacterized membrane protein YdfK => putative membrane protein YdfK
[07:35:33] Modify product: Probable ECA polymerase => putative ECA polymerase
[07:35:33] Modify product: Probable protein kinase UbiB => putative protein kinase UbiB
[07:35:33] Modify product: Uncharacterized protein HI_0431 => putative protein
[07:35:34] Modify product: UPF0597 protein YhaM => hypothetical protein
[07:35:34] Modify product: UPF0337 protein YjbJ => hypothetical protein
[07:35:34] Modify product: Uncharacterized protein YjbR => putative protein YjbR
[07:35:34] Modify product: Probable cyclic di-GMP phosphodiesterase PdeC => putative cyclic di-GMP phosphodiesterase PdeC
[07:35:34] Modify product: Uncharacterized fimbrial-like protein YcbV => putative fimbrial-like protein YcbV
[07:35:34] Modify product: Probable fimbrial chaperone LpfB => putative fimbrial chaperone LpfB
[07:35:34] Modify product: Probable transcriptional regulator PhnF => putative transcriptional regulator PhnF
[07:35:34] Modify product: UPF0716 protein FxsA => hypothetical protein
[07:35:34] Modify product: Probable outer membrane usher protein ElfC => putative outer membrane usher protein ElfC
[07:35:34] Modify product: Probable major fimbrial subunit LpfA => putative major fimbrial subunit LpfA
[07:35:34] Modify product: Probable L-ascorbate-6-phosphate lactonase UlaG => putative L-ascorbate-6-phosphate lactonase UlaG
[07:35:34] Modify product: Uncharacterized protein YtfJ => putative protein YtfJ
[07:35:34] Modify product: Deacetylase EF_0837 => Deacetylase
[07:35:34] Modify product: Probable licABCH operon regulator => putative licABCH operon regulator
[07:35:34] Modify product: Probable 6-phospho-beta-glucosidase => putative 6-phospho-beta-glucosidase
[07:35:34] Modify product: Probable succinate transporter subunit YjjB => putative succinate transporter subunit YjjB
[07:35:34] Modify product: Probable succinate transporter subunit YjjP => putative succinate transporter subunit YjjP
[07:35:34] Modify product: Uncharacterized metal-dependent hydrolase YjjV => putative metal-dependent hydrolase YjjV
[07:35:35] Modify product: Probable inner membrane protein Smp => putative inner membrane protein Smp
[07:35:35] Modify product: HTH-type transcriptional regulator XC_2801 => HTH-type transcriptional regulator
[07:35:35] Modify product: UPF0229 protein YeaH => hypothetical protein
[07:35:35] Modify product: Uncharacterized zinc-type alcohol dehydrogenase-like protein YdjJ => putative zinc-type alcohol dehydrogenase-like protein YdjJ
[07:35:35] Modify product: Uncharacterized protein YdjI => putative protein YdjI
[07:35:35] Modify product: Uncharacterized sugar kinase YdjH => putative sugar kinase YdjH
[07:35:35] Modify product: Uncharacterized HTH-type transcriptional regulator YdjF => putative HTH-type transcriptional regulator YdjF
[07:35:35] Modify product: Uncharacterized acyl-CoA thioester hydrolase HI_0827 => putative acyl-CoA thioester hydrolase
[07:35:35] Modify product: UPF0259 membrane protein YciC => hypothetical protein
[07:35:35] Modify product: PKHD-type hydroxylase Sbal_3634 => PKHD-type hydroxylase
[07:35:35] Modify product: Uncharacterized protein YciO => putative protein YciO
[07:35:35] Modify product: Uncharacterized oxidoreductase YciK => putative oxidoreductase YciK
[07:35:35] Modify product: Probable protease SohB => putative protease SohB
[07:35:35] Modify product: Uncharacterized protein YciH => putative protein YciH
[07:35:35] Modify product: UPF0509 protein YciZ => hypothetical protein
[07:35:35] Modify product: Uncharacterized protein YlcG => putative protein YlcG
[07:35:35] Modify product: UPF0283 membrane protein YcjF => hypothetical protein
[07:35:35] Modify product: Probable 6-phospho-beta-glucosidase => putative 6-phospho-beta-glucosidase
[07:35:35] Modify product: Uncharacterized protein PA2218 => putative protein
[07:35:35] Modify product: Uncharacterized oxidoreductase YtbE => putative oxidoreductase YtbE
[07:35:35] Modify product: HTH-type transcriptional regulator XC_2801 => HTH-type transcriptional regulator
[07:35:35] Modify product: HTH-type transcriptional regulator XC_2801 => HTH-type transcriptional regulator
[07:35:35] Modify product: Probable quorum-quenching lactonase YtnP => putative quorum-quenching lactonase YtnP
[07:35:35] Modify product: Probable D-methionine-binding lipoprotein MetQ => putative D-methionine-binding lipoprotein MetQ
[07:35:35] Modify product: Uncharacterized oxidoreductase YdgJ => putative oxidoreductase YdgJ
[07:35:35] Modify product: Probable phospholipid transport protein YdbH => putative phospholipid transport protein YdbH
[07:35:35] Modify product: Uncharacterized oxidoreductase CzcO => putative oxidoreductase CzcO
[07:35:35] Modify product: Uncharacterized protein YdfO => putative protein YdfO
[07:35:35] Modify product: Probable transporter YedE => putative transporter YedE
[07:35:35] Modify product: Probable DNA endonuclease SmrA => putative DNA endonuclease SmrA
[07:35:36] Modify product: Uncharacterized serine protease YdgD => putative serine protease YdgD
[07:35:36] Modify product: Uncharacterized protein YnfD => putative protein YnfD
[07:35:36] Modify product: UPF0482 protein YnfB => hypothetical protein
[07:35:36] Modify product: UPF0060 membrane protein YnfA => hypothetical protein
[07:35:36] Modify product: Probable L-galactonate transporter => putative L-galactonate transporter
[07:35:36] Modify product: Probable amino-acid metabolite efflux pump => putative amino-acid metabolite efflux pump
[07:35:36] Modify product: UPF0056 inner membrane protein MarC => hypothetical protein
[07:35:36] Modify product: Uncharacterized isomerase YddE => putative isomerase YddE
[07:35:36] Modify product: Probable galactarate/D-glucarate transporter GudP => putative galactarate/D-glucarate transporter GudP
[07:35:36] Modify product: Uncharacterized MFS-type transporter YhhS => putative MFS-type transporter YhhS
[07:35:36] Modify product: Uncharacterized protein YycE => putative protein YycE
[07:35:36] Modify product: Probable fimbrial chaperone YraI => putative fimbrial chaperone YraI
[07:35:36] Modify product: Uncharacterized signaling protein CC_0091 => putative signaling protein
[07:35:36] Modify product: Uncharacterized oxidoreductase YkwC => putative oxidoreductase YkwC
[07:35:36] Modify product: Uncharacterized protein PA2218 => putative protein
[07:35:36] Modify product: Putative thiamine biosynthesis protein HI_0357 => Putative thiamine biosynthesis protein
[07:35:36] Modify product: Probable HTH-type transcriptional regulator LrhA => putative HTH-type transcriptional regulator LrhA
[07:35:36] Modify product: HTH-type transcriptional regulator XC_2801 => HTH-type transcriptional regulator
[07:35:36] Modify product: UPF0702 transmembrane protein YetF => hypothetical protein
[07:35:36] Modify product: Uncharacterized oxidoreductase YghA => putative oxidoreductase YghA
[07:35:36] Modify product: HTH-type transcriptional regulator XC_2801 => HTH-type transcriptional regulator
[07:35:36] Modify product: Probable ATP-binding protein YheS => putative ATP-binding protein YheS
[07:35:36] Modify product: Probable D,D-dipeptide transport system permease protein DdpC => putative D,D-dipeptide transport system permease protein DdpC
[07:35:36] Modify product: Probable nitrate reductase molybdenum cofactor assembly chaperone NarW => putative nitrate reductase molybdenum cofactor assembly chaperone NarW
[07:35:36] Modify product: Uncharacterized lipoprotein YgdR => putative lipoprotein YgdR
[07:35:36] Modify product: Uncharacterized protein YncE => putative protein YncE
[07:35:36] Modify product: UPF0381 protein YiiS => hypothetical protein
[07:35:36] Modify product: Uncharacterized protein YdcY => putative protein YdcY
[07:35:36] Modify product: 23S rRNA 5-hydroxycytidine C2501 synthase => 23S rRNA 5-hydroxycytidine synthase
[07:35:36] Modify product: Probable transporter SCO4007 => putative transporter
[07:35:36] Modify product: Uncharacterized oxidoreductase YdgJ => putative oxidoreductase YdgJ
[07:35:36] Modify product: Probable D,D-dipeptide transport ATP-binding protein DdpD => putative D,D-dipeptide transport ATP-binding protein DdpD
[07:35:36] Modify product: Probable chromate transport protein => putative chromate transport protein
[07:35:36] Modify product: Uncharacterized MFS-type transporter Rv2456c => putative MFS-type transporter
[07:35:36] Modify product: Probable succinyl-CoA:3-ketoacid coenzyme A transferase subunit A => putative succinyl-CoA:3-ketoacid coenzyme A transferase subunit A
[07:35:36] Modify product: Probable succinyl-CoA:3-ketoacid coenzyme A transferase subunit B => putative succinyl-CoA:3-ketoacid coenzyme A transferase subunit B
[07:35:36] Modify product: Probable siderophore transport system permease protein YfiZ => putative siderophore transport system permease protein YfiZ
[07:35:36] Modify product: Probable siderophore transport system ATP-binding protein YusV => putative siderophore transport system ATP-binding protein YusV
[07:35:36] Modify product: Probable L,D-transpeptidase YnhG => putative L,D-transpeptidase YnhG
[07:35:36] Modify product: Probable ATP-dependent transporter SufC => putative ATP-dependent transporter SufC
[07:35:36] Modify product: Probable ketoamine kinase HMPREF0351_12196 => putative ketoamine kinase
[07:35:36] Modify product: UPF0056 inner membrane protein MarC => hypothetical protein
[07:35:36] Modify product: Uncharacterized NTE family protein Rv1063c => putative NTE family protein
[07:35:36] Modify product: UPF0225 protein YchJ => hypothetical protein
[07:35:36] Modify product: Probable phosphite transport system-binding protein PtxB => putative phosphite transport system-binding protein PtxB
[07:35:36] Modify product: Transcriptional regulator Rv3488 => Transcriptional regulator
[07:35:36] Modify product: Probable chromate transport protein => putative chromate transport protein
[07:35:36] Modify product: Probable metabolite transport protein CsbC => putative metabolite transport protein CsbC
[07:35:36] Modify product: Uncharacterized GST-like protein YibF => putative GST-like protein YibF
[07:35:36] Modify product: UPF0401 protein YkfF => hypothetical protein
[07:35:37] Modify product: Cyclic di-GMP phosphodiesterase PA2567 => Cyclic di-GMP phosphodiesterase
[07:35:37] Modify product: Probable cyclic di-GMP phosphodiesterase PdeC => putative cyclic di-GMP phosphodiesterase PdeC
[07:35:37] Modify product: Probable copper-binding protein PcoE => putative copper-binding protein PcoE
[07:35:37] Modify product: Uncharacterized lipoprotein YgdR => putative lipoprotein YgdR
[07:35:37] Modify product: Probable galactarate/D-glucarate transporter GudP => putative galactarate/D-glucarate transporter GudP
[07:35:37] Modify product: Probable peptidoglycan glycosyltransferase FtsW => putative peptidoglycan glycosyltransferase FtsW
[07:35:37] Modify product: UPF0231 protein YacL => hypothetical protein
[07:35:37] Modify product: Uncharacterized ABC transporter ATP-binding protein YadG => putative ABC transporter ATP-binding protein YadG
[07:35:37] Modify product: UPF0126 inner membrane protein YadS => hypothetical protein
[07:35:37] Modify product: UPF0253 protein YaeP => hypothetical protein
[07:35:37] Modify product: Uncharacterized protein YaeQ => putative protein YaeQ
[07:35:37] Modify product: Uncharacterized methyltransferase YcgJ => putative methyltransferase YcgJ
[07:35:37] Modify product: Uncharacterized protein Rv2277c => putative protein
[07:35:37] Modify product: Uncharacterized N-acetyltransferase YafP => putative N-acetyltransferase YafP
[07:35:37] Modify product: Uncharacterized protein YjhP => putative protein YjhP
[07:35:37] Modify product: Probable fimbrial chaperone EcpB => putative fimbrial chaperone EcpB
[07:35:37] Modify product: Probable outer membrane usher protein EcpC => putative outer membrane usher protein EcpC
[07:35:37] Modify product: Probable fimbrial chaperone EcpE => putative fimbrial chaperone EcpE
[07:35:37] Modify product: Probable glutamine ABC transporter permease protein GlnP => putative glutamine ABC transporter permease protein GlnP
[07:35:37] Modify product: UPF0178 protein YaiI => hypothetical protein
[07:35:37] Modify product: Uncharacterized protein YaiA => putative protein YaiA
[07:35:37] Modify product: Uncharacterized lipoprotein YajI => putative lipoprotein YajI
[07:35:37] Modify product: Uncharacterized lipoprotein YbaY => putative lipoprotein YbaY
[07:35:37] Modify product: Probable cyclic di-GMP phosphodiesterase PdeB => putative cyclic di-GMP phosphodiesterase PdeB
[07:35:37] Modify product: Probable iron export ATP-binding protein FetA => putative iron export ATP-binding protein FetA
[07:35:37] Modify product: Probable iron export permease protein FetB => putative iron export permease protein FetB
[07:35:37] Modify product: Bifunctional protein FolD => Bifunctional protein FolD protein
[07:35:37] Modify product: Uncharacterized protein YncE => putative protein YncE
[07:35:37] Modify product: Uncharacterized protein Rv0906 => putative protein
[07:35:37] Modify product: Probable cation-transporting ATPase F => putative cation-transporting ATPase F
[07:35:37] Modify product: Probable D,D-dipeptide transport system permease protein DdpC => putative D,D-dipeptide transport system permease protein DdpC
[07:35:37] Modify product: Probable D,D-dipeptide-binding periplasmic protein DdpA => putative D,D-dipeptide-binding periplasmic protein DdpA
[07:35:37] Modify product: Uncharacterized sugar kinase YdjH => putative sugar kinase YdjH
[07:35:37] Modify product: Uncharacterized protein YbdM => putative protein YbdM
[07:35:37] Modify product: Uncharacterized HTH-type transcriptional regulator YbdO => putative HTH-type transcriptional regulator YbdO
[07:35:37] Modify product: Uncharacterized HTH-type transcriptional regulator YbdO => putative HTH-type transcriptional regulator YbdO
[07:35:37] Modify product: UPF0250 protein YbeD => hypothetical protein
[07:35:37] Modify product: Uncharacterized lipoprotein ChiQ => putative lipoprotein ChiQ
[07:35:37] Modify product: Uncharacterized protein YbfE => putative protein YbfE
[07:35:37] Modify product: GTP cyclohydrolase 1 type 2 homolog => GTP cyclohydrolase 1 type 2 
[07:35:37] Modify product: Probable two-component-system connector protein AriR => putative two-component-system connector protein AriR
[07:35:37] Modify product: Probable two-component-system connector protein YcgZ => putative two-component-system connector protein YcgZ
[07:35:37] Modify product: Probable cation-transporting ATPase F => putative cation-transporting ATPase F
[07:35:37] Modify product: UPF0098 protein YbhB => hypothetical protein
[07:35:37] Modify product: Probable multidrug ABC transporter permease YbhR => putative multidrug ABC transporter permease YbhR
[07:35:37] Modify product: Probable multidrug ABC transporter permease YbhR => putative multidrug ABC transporter permease YbhR
[07:35:37] Modify product: Probable multidrug ABC transporter permease YbhS => putative multidrug ABC transporter permease YbhS
[07:35:37] Modify product: Probable multidrug ABC transporter ATP-binding protein YbhF => putative multidrug ABC transporter ATP-binding protein YbhF
[07:35:37] Modify product: UPF0194 membrane protein YbhG => hypothetical protein
[07:35:37] Modify product: Probable galactarate/D-glucarate transporter GudP => putative galactarate/D-glucarate transporter GudP
[07:35:37] Modify product: Uncharacterized protein YbiB => putative protein YbiB
[07:35:37] Modify product: Uncharacterized protein YbiI => putative protein YbiI
[07:35:37] Modify product: Uncharacterized protein McbA => putative protein McbA
[07:35:37] Modify product: Probable L,D-transpeptidase YbiS => putative L,D-transpeptidase YbiS
[07:35:37] Modify product: Probable ATP-binding protein YbiT => putative ATP-binding protein YbiT
[07:35:37] Modify product: Uncharacterized protein YbiU => putative protein YbiU
[07:35:37] Modify product: Probable dehydratase YbiW => putative dehydratase YbiW
[07:35:37] Modify product: Uncharacterized protein YbjN => putative protein YbjN
[07:35:38] Modify product: Uncharacterized lipoprotein YbjP => putative lipoprotein YbjP
[07:35:38] Modify product: Uncharacterized MFS-type transporter YcaD => putative MFS-type transporter YcaD
[07:35:38] Modify product: UPF0434 protein YcaR => hypothetical protein
[07:35:38] Modify product: Probable L,D-transpeptidase YcbB => putative L,D-transpeptidase YcbB
[07:35:38] Modify product: Uncharacterized protein YcbX => putative protein YcbX
[07:35:38] Modify product: Uncharacterized protein YccU => putative protein YccU
[07:35:38] Modify product: UPF0098 protein YbcL => hypothetical protein
[07:35:38] Modify product: Probable cyclic di-GMP phosphodiesterase PdeG => putative cyclic di-GMP phosphodiesterase PdeG
[07:35:38] Modify product: Uncharacterized protein YccJ => putative protein YccJ
[07:35:38] Modify product: Probable malonic semialdehyde reductase RutE => putative malonic semialdehyde reductase RutE
[07:35:38] Modify product: Probable hydrolase YcaC => putative hydrolase YcaC
[07:35:38] Modify product: HTH-type transcriptional regulator XC_2801 => HTH-type transcriptional regulator
[07:35:38] Modify product: Probable phosphatase YcdX => putative phosphatase YcdX
[07:35:38] Modify product: Uncharacterized protein YceO => putative protein YceO
[07:35:38] Modify product: Uncharacterized lipoprotein YceB => putative lipoprotein YceB
[07:35:38] Modify product: UPF0502 protein YceH => hypothetical protein
[07:35:38] Modify product: Probable lipid II flippase MurJ => putative lipid II flippase MurJ
[07:35:38] Modify product: Uncharacterized metal-dependent hydrolase YcfH => putative metal-dependent hydrolase YcfH
[07:35:38] Modify product: UPF0227 protein YcfP => hypothetical protein
[07:35:38] Modify product: Probable L,D-transpeptidase YcfS => putative L,D-transpeptidase YcfS
[07:35:38] Modify product: Putative virulence-regulating protein PA2146 => Putative virulence-regulating protein
[07:35:38] Modify product: Uncharacterized membrane protein YoaK => putative membrane protein YoaK
[07:35:38] Cleaned 311 /product names
[07:35:38] Deleting unwanted file: results/prokka_annotations/GCA_055721525.1/GCA_055721525.1.sprot.tmp.85193.faa
[07:35:38] Deleting unwanted file: results/prokka_annotations/GCA_055721525.1/GCA_055721525.1.sprot.tmp.85193.blast
[07:35:38] There are still 1425 unannotated CDS left (started with 5327)
[07:35:38] Will use hmmer3 to search against /opt/conda/envs/prokka_env/db/hmm/HAMAP.hmm with 2 CPUs
[07:35:38] Running: cat results\/prokka_annotations\/GCA_055721525\.1\/GCA_055721525\.1\.HAMAP\.hmm\.tmp\.85193\.faa | parallel --gnu --plain -j 2 --block 84510 --recstart '>' --pipe hmmscan --noali --notextw --acc -E 1e-09 --cpu 1 /opt/conda/envs/prokka_env/db/hmm/HAMAP.hmm /dev/stdin > results\/prokka_annotations\/GCA_055721525\.1\/GCA_055721525\.1\.HAMAP\.hmm\.tmp\.85193\.hmmer3 2> /dev/null
[07:36:40] Modify product: Uncharacterized MFS-type transporter YfcJ => putative MFS-type transporter YfcJ
[07:36:40] Modify product: Uncharacterized MFS-type transporter YcaD => putative MFS-type transporter YcaD
[07:36:40] Cleaned 2 /product names
[07:36:40] Deleting unwanted file: results/prokka_annotations/GCA_055721525.1/GCA_055721525.1.HAMAP.hmm.tmp.85193.faa
[07:36:40] Deleting unwanted file: results/prokka_annotations/GCA_055721525.1/GCA_055721525.1.HAMAP.hmm.tmp.85193.hmmer3
[07:36:40] Labelling remaining 1295 proteins as 'hypothetical protein'
[07:36:40] Possible /pseudo 'putative protein' at CM146767.1 position 23949
[07:36:40] Possible /pseudo 'putative protein' at CM146767.1 position 24872
[07:36:40] Possible /pseudo 'DNA gyrase inhibitor' at CM146767.1 position 290951
[07:36:40] Possible /pseudo 'D-inositol-3-phosphate glycosyltransferase' at CM146767.1 position 332928
[07:36:40] Possible /pseudo 'Putative polysaccharide export protein Wza' at CM146767.1 position 341067
[07:36:40] Possible /pseudo 'Alpha-ketoglutarate permease' at CM146767.1 position 382399
[07:36:40] Possible /pseudo 'Manganese transport system membrane protein MntB' at CM146767.1 position 989915
[07:36:40] Possible /pseudo '2-dehydro-3-deoxy-D-gluconate 5-dehydrogenase' at CM146767.1 position 1174926
[07:36:40] Possible /pseudo 'ISKra4 family transposase ISCep1' at CM146767.1 position 1197086
[07:36:40] Possible /pseudo '2-octaprenylphenol hydroxylase' at CM146767.1 position 1249060
[07:36:40] Possible /pseudo 'Penicillin-binding protein activator LpoA' at CM146767.1 position 1439154
[07:36:40] Possible /pseudo 'Cytosine deaminase' at CM146767.1 position 1634266
[07:36:40] Possible /pseudo 'Glucose-1-phosphate adenylyltransferase' at CM146767.1 position 1688932
[07:36:40] Possible /pseudo 'Formate dehydrogenase-O major subunit' at CM146767.1 position 2122727
[07:36:40] Possible /pseudo 'Peptidyl-prolyl cis-trans isomerase C' at CM146767.1 position 2206678
[07:36:40] Possible /pseudo 'DNA-directed RNA polymerase subunit beta'' at CM146767.1 position 2309764
[07:36:40] Possible /pseudo 'Formate dehydrogenase H' at CM146767.1 position 2432804
[07:36:40] Possible /pseudo 'Elongation factor P' at CM146767.1 position 2499135
[07:36:40] Possible /pseudo 'Peptide methionine sulfoxide reductase MsrA' at CM146767.1 position 2564500
[07:36:40] Possible /pseudo 'Peptide methionine sulfoxide reductase MsrA' at CM146767.1 position 2564826
[07:36:40] Possible /pseudo 'Homoprotocatechuate catabolism bifunctional isomerase/decarboxylase' at CM146767.1 position 2741138
[07:36:40] Possible /pseudo '[Ribosomal protein bS18]-alanine N-acetyltransferase' at CM146767.1 position 2752099
[07:36:40] Possible /pseudo 'Bifunctional uridylyltransferase/uridylyl-removing enzyme' at CM146767.1 position 3021854
[07:36:40] Possible /pseudo 'HTH-type transcriptional repressor GlaR' at CM146767.1 position 3094346
[07:36:40] Possible /pseudo 'Enterobactin synthase component F' at CM146767.1 position 3545574
[07:36:40] Possible /pseudo 'Dimethyl sulfoxide/trimethylamine N-oxide reductase' at CM146767.1 position 3600858
[07:36:40] Possible /pseudo 'Sensor protein KdpD' at CM146767.1 position 3668882
[07:36:40] Possible /pseudo 'putative multidrug ABC transporter permease YbhR' at CM146767.1 position 3773879
[07:36:40] Possible /pseudo 'D-alanyl-D-alanine carboxypeptidase DacC' at CM146767.1 position 3838474
[07:36:40] Possible /pseudo 'Dimethyl sulfoxide reductase DmsA' at CM146767.1 position 3901696
[07:36:40] Possible /pseudo 'Periplasmic oligopeptide-binding protein OppA' at CM146767.1 position 3986719
[07:36:40] Possible /pseudo 'Ferric enterobactin receptor PirA' at CM146767.1 position 4271651
[07:36:40] Possible /pseudo 'Methionine import ATP-binding protein MetN' at CM146767.1 position 4481867
[07:36:40] Possible /pseudo 'Putative 1,2-phenylacetyl-CoA epoxidase, subunit D' at CM146767.1 position 4524784
[07:36:40] Possible /pseudo 'Colistin resistance protein EmrA' at CM146767.1 position 4541321
[07:36:40] Possible /pseudo 'High-affinity branched-chain amino acid transport ATP-binding protein LivF' at CM146767.1 position 4686000
[07:36:40] Possible /pseudo 'L-fucose-proton symporter' at CM146767.1 position 4769674
[07:36:40] Possible /pseudo 'Formate dehydrogenase, nitrate-inducible, major subunit' at CM146767.1 position 4947085
[07:36:40] Possible /pseudo 'Metal-pseudopaline receptor CntO' at CM146767.1 position 5189368
[07:36:40] Possible /pseudo 'IS3 family transposase ISKpn38' at JBVQRR010000002.1 position 10360
[07:36:40] Possible /pseudo 'IS200/IS605 family transposase IS609' at JBVQRR010000002.1 position 174020
[07:36:40] Possible /pseudo 'IS3 family transposase ISEcl1' at JBVQRR010000002.1 position 193631
[07:36:40] Possible /pseudo 'ISL3 family transposase ISEc38' at JBVQRR010000002.1 position 217987
[07:36:40] Possible /pseudo 'Arsenical pump-driving ATPase' at JBVQRR010000002.1 position 223582
[07:36:40] Found 3156 unique /gene codes.
[07:36:40] Fixed 4 duplicate /gene - chbA_1 chbA_2 chbA_3 chbA_4
[07:36:40] Fixed 2 duplicate /gene - pyrG_1 pyrG_2
[07:36:40] Fixed 2 duplicate /gene - fdoG_1 fdoG_2
[07:36:40] Fixed 2 duplicate /gene - yncE_1 yncE_2
[07:36:40] Fixed 2 duplicate /gene - dgoK_1 dgoK_2
[07:36:40] Fixed 2 duplicate /gene - ompA_1 ompA_2
[07:36:40] Fixed 2 duplicate /gene - gap_1 gap_2
[07:36:40] Fixed 2 duplicate /gene - yihV_1 yihV_2
[07:36:40] Fixed 3 duplicate /gene - arsA_1 arsA_2 arsA_3
[07:36:40] Fixed 2 duplicate /gene - malT_1 malT_2
[07:36:40] Fixed 2 duplicate /gene - pal_1 pal_2
[07:36:40] Fixed 3 duplicate /gene - lsrF_1 lsrF_2 lsrF_3
[07:36:40] Fixed 2 duplicate /gene - ompN_1 ompN_2
[07:36:40] Fixed 3 duplicate /gene - rimI_1 rimI_2 rimI_3
[07:36:40] Fixed 4 duplicate /gene - dmlR_1 dmlR_2 dmlR_3 dmlR_4
[07:36:40] Fixed 2 duplicate /gene - shiA_1 shiA_2
[07:36:40] Fixed 3 duplicate /gene - oppA_1 oppA_2 oppA_3
[07:36:40] Fixed 2 duplicate /gene - smoE_1 smoE_2
[07:36:40] Fixed 2 duplicate /gene - guaD_1 guaD_2
[07:36:40] Fixed 3 duplicate /gene - mngR_1 mngR_2 mngR_3
[07:36:40] Fixed 2 duplicate /gene - tacA1_1 tacA1_2
[07:36:40] Fixed 2 duplicate /gene - ugpC_1 ugpC_2
[07:36:40] Fixed 6 duplicate /gene - glnQ_1 glnQ_2 glnQ_3 glnQ_4 glnQ_5 glnQ_6
[07:36:40] Fixed 3 duplicate /gene - sorC_1 sorC_2 sorC_3
[07:36:40] Fixed 2 duplicate /gene - kdpD_1 kdpD_2
[07:36:40] Fixed 2 duplicate /gene - glnP_1 glnP_2
[07:36:40] Fixed 3 duplicate /gene - mglA_1 mglA_2 mglA_3
[07:36:40] Fixed 2 duplicate /gene - yncA_1 yncA_2
[07:36:40] Fixed 2 duplicate /gene - nfdA_1 nfdA_2
[07:36:40] Fixed 3 duplicate /gene - dppB_1 dppB_2 dppB_3
[07:36:40] Fixed 2 duplicate /gene - emrB_1 emrB_2
[07:36:40] Fixed 2 duplicate /gene - oprM_1 oprM_2
[07:36:40] Fixed 2 duplicate /gene - pspA_1 pspA_2
[07:36:40] Fixed 2 duplicate /gene - hsrA_1 hsrA_2
[07:36:40] Fixed 2 duplicate /gene - tssK1_1 tssK1_2
[07:36:40] Fixed 2 duplicate /gene - yiaW_1 yiaW_2
[07:36:40] Fixed 3 duplicate /gene - betI_1 betI_2 betI_3
[07:36:40] Fixed 4 duplicate /gene - rbsR_1 rbsR_2 rbsR_3 rbsR_4
[07:36:40] Fixed 2 duplicate /gene - proP_1 proP_2
[07:36:40] Fixed 2 duplicate /gene - cntO_1 cntO_2
[07:36:40] Fixed 2 duplicate /gene - artQ_1 artQ_2
[07:36:40] Fixed 2 duplicate /gene - pdeH_1 pdeH_2
[07:36:40] Fixed 2 duplicate /gene - fhuA_1 fhuA_2
[07:36:40] Fixed 4 duplicate /gene - dam_1 dam_2 dam_3 dam_4
[07:36:40] Fixed 2 duplicate /gene - deoC_1 deoC_2
[07:36:40] Fixed 2 duplicate /gene - ctpF_1 ctpF_2
[07:36:40] Fixed 6 duplicate /gene - tcyJ_1 tcyJ_2 tcyJ_3 tcyJ_4 tcyJ_5 tcyJ_6
[07:36:40] Fixed 3 duplicate /gene - ascG_1 ascG_2 ascG_3
[07:36:40] Fixed 2 duplicate /gene - dsdC_1 dsdC_2
[07:36:40] Fixed 2 duplicate /gene - yibF_1 yibF_2
[07:36:40] Fixed 4 duplicate /gene - srlR_1 srlR_2 srlR_3 srlR_4
[07:36:40] Fixed 3 duplicate /gene - lsrD_1 lsrD_2 lsrD_3
[07:36:40] Fixed 9 duplicate /gene - rbsC_1 rbsC_2 rbsC_3 rbsC_4 rbsC_5 rbsC_6 rbsC_7 rbsC_8 rbsC_9
[07:36:40] Fixed 3 duplicate /gene - ghrA_1 ghrA_2 ghrA_3
[07:36:40] Fixed 2 duplicate /gene - hisJ_1 hisJ_2
[07:36:40] Fixed 2 duplicate /gene - nupC_1 nupC_2
[07:36:40] Fixed 2 duplicate /gene - gltJ_1 gltJ_2
[07:36:40] Fixed 2 duplicate /gene - ssuC_1 ssuC_2
[07:36:40] Fixed 2 duplicate /gene - malK_1 malK_2
[07:36:40] Fixed 2 duplicate /gene - add_1 add_2
[07:36:40] Fixed 2 duplicate /gene - lpfB_1 lpfB_2
[07:36:40] Fixed 2 duplicate /gene - mdcC_1 mdcC_2
[07:36:40] Fixed 2 duplicate /gene - fhuC_1 fhuC_2
[07:36:40] Fixed 2 duplicate /gene - btuF_1 btuF_2
[07:36:40] Fixed 2 duplicate /gene - por_1 por_2
[07:36:40] Fixed 2 duplicate /gene - dgoT_1 dgoT_2
[07:36:40] Fixed 2 duplicate /gene - gdhA_1 gdhA_2
[07:36:40] Fixed 2 duplicate /gene - lyx_1 lyx_2
[07:36:40] Fixed 3 duplicate /gene - cytR_1 cytR_2 cytR_3
[07:36:40] Fixed 3 duplicate /gene - dsbD_1 dsbD_2 dsbD_3
[07:36:40] Fixed 3 duplicate /gene - fimD_1 fimD_2 fimD_3
[07:36:40] Fixed 2 duplicate /gene - xylH_1 xylH_2
[07:36:40] Fixed 2 duplicate /gene - cmpR_1 cmpR_2
[07:36:40] Fixed 2 duplicate /gene - mepS_1 mepS_2
[07:36:40] Fixed 2 duplicate /gene - norG_1 norG_2
[07:36:40] Fixed 2 duplicate /gene - mrkD_1 mrkD_2
[07:36:40] Fixed 5 duplicate /gene - oxyR_1 oxyR_2 oxyR_3 oxyR_4 oxyR_5
[07:36:40] Fixed 4 duplicate /gene - rbsA_1 rbsA_2 rbsA_3 rbsA_4
[07:36:40] Fixed 2 duplicate /gene - dacC_1 dacC_2
[07:36:40] Fixed 2 duplicate /gene - dppD_1 dppD_2
[07:36:40] Fixed 2 duplicate /gene - bepA_1 bepA_2
[07:36:40] Fixed 2 duplicate /gene - azoR_1 azoR_2
[07:36:40] Fixed 2 duplicate /gene - clsB_1 clsB_2
[07:36:40] Fixed 3 duplicate /gene - csbX_1 csbX_2 csbX_3
[07:36:40] Fixed 2 duplicate /gene - vgrG2b_1 vgrG2b_2
[07:36:40] Fixed 3 duplicate /gene - glcR_1 glcR_2 glcR_3
[07:36:40] Fixed 2 duplicate /gene - kefF_1 kefF_2
[07:36:40] Fixed 2 duplicate /gene - ydjF_1 ydjF_2
[07:36:40] Fixed 3 duplicate /gene - ssuA_1 ssuA_2 ssuA_3
[07:36:40] Fixed 2 duplicate /gene - sutR_1 sutR_2
[07:36:40] Fixed 2 duplicate /gene - sbmC_1 sbmC_2
[07:36:40] Fixed 2 duplicate /gene - yfcJ_1 yfcJ_2
[07:36:40] Fixed 2 duplicate /gene - bglH_1 bglH_2
[07:36:40] Fixed 2 duplicate /gene - citB_1 citB_2
[07:36:40] Fixed 5 duplicate /gene - gcvA_1 gcvA_2 gcvA_3 gcvA_4 gcvA_5
[07:36:40] Fixed 2 duplicate /gene - mdtM_1 mdtM_2
[07:36:40] Fixed 4 duplicate /gene - rcsC_1 rcsC_2 rcsC_3 rcsC_4
[07:36:40] Fixed 2 duplicate /gene - hsdM_1 hsdM_2
[07:36:40] Fixed 2 duplicate /gene - virB4_1 virB4_2
[07:36:40] Fixed 2 duplicate /gene - blc_1 blc_2
[07:36:40] Fixed 2 duplicate /gene - dnaJ_1 dnaJ_2
[07:36:40] Fixed 3 duplicate /gene - dppF_1 dppF_2 dppF_3
[07:36:40] Fixed 2 duplicate /gene - ycaD_1 ycaD_2
[07:36:40] Fixed 2 duplicate /gene - arsC_1 arsC_2
[07:36:40] Fixed 2 duplicate /gene - mqo_1 mqo_2
[07:36:40] Fixed 2 duplicate /gene - feaB_1 feaB_2
[07:36:40] Fixed 2 duplicate /gene - pduD_1 pduD_2
[07:36:40] Fixed 5 duplicate /gene - pgrR_1 pgrR_2 pgrR_3 pgrR_4 pgrR_5
[07:36:40] Fixed 2 duplicate /gene - ugpA_1 ugpA_2
[07:36:40] Fixed 2 duplicate /gene - ada_1 ada_2
[07:36:40] Fixed 2 duplicate /gene - ompR_1 ompR_2
[07:36:40] Fixed 2 duplicate /gene - fdnG_1 fdnG_2
[07:36:40] Fixed 3 duplicate /gene - lsrB_1 lsrB_2 lsrB_3
[07:36:40] Fixed 3 duplicate /gene - btuD_1 btuD_2 btuD_3
[07:36:40] Fixed 2 duplicate /gene - xanP_1 xanP_2
[07:36:40] Fixed 3 duplicate /gene - suhB_1 suhB_2 suhB_3
[07:36:40] Fixed 2 duplicate /gene - bamA_1 bamA_2
[07:36:40] Fixed 4 duplicate /gene - hipO_1 hipO_2 hipO_3 hipO_4
[07:36:40] Fixed 2 duplicate /gene - ygiW_1 ygiW_2
[07:36:40] Fixed 2 duplicate /gene - amaB_1 amaB_2
[07:36:40] Fixed 2 duplicate /gene - glgS_1 glgS_2
[07:36:40] Fixed 2 duplicate /gene - pduE_1 pduE_2
[07:36:40] Fixed 2 duplicate /gene - yeaR_1 yeaR_2
[07:36:40] Fixed 2 duplicate /gene - pckA_1 pckA_2
[07:36:40] Fixed 2 duplicate /gene - cycA_1 cycA_2
[07:36:40] Fixed 2 duplicate /gene - lysN_1 lysN_2
[07:36:40] Fixed 2 duplicate /gene - yeaX_1 yeaX_2
[07:36:40] Fixed 4 duplicate /gene - metN_1 metN_2 metN_3 metN_4
[07:36:40] Fixed 4 duplicate /gene - mdtA_1 mdtA_2 mdtA_3 mdtA_4
[07:36:40] Fixed 2 duplicate /gene - alsE_1 alsE_2
[07:36:40] Fixed 2 duplicate /gene - ptxR_1 ptxR_2
[07:36:40] Fixed 3 duplicate /gene - yqhC_1 yqhC_2 yqhC_3
[07:36:40] Fixed 2 duplicate /gene - aqpZ_1 aqpZ_2
[07:36:40] Fixed 2 duplicate /gene - tenA_1 tenA_2
[07:36:40] Fixed 2 duplicate /gene - ydjE_1 ydjE_2
[07:36:40] Fixed 5 duplicate /gene - glmS_1 glmS_2 glmS_3 glmS_4 glmS_5
[07:36:40] Fixed 3 duplicate /gene - manZ_1 manZ_2 manZ_3
[07:36:40] Fixed 2 duplicate /gene - leuA_1 leuA_2
[07:36:40] Fixed 2 duplicate /gene - gltA_1 gltA_2
[07:36:40] Fixed 2 duplicate /gene - kgtP_1 kgtP_2
[07:36:40] Fixed 3 duplicate /gene - garK_1 garK_2 garK_3
[07:36:40] Fixed 2 duplicate /gene - xylG_1 xylG_2
[07:36:40] Fixed 2 duplicate /gene - cobT_1 cobT_2
[07:36:40] Fixed 3 duplicate /gene - dauA_1 dauA_2 dauA_3
[07:36:40] Fixed 3 duplicate /gene - mltF_1 mltF_2 mltF_3
[07:36:40] Fixed 2 duplicate /gene - artJ_1 artJ_2
[07:36:40] Fixed 3 duplicate /gene - tsaR_1 tsaR_2 tsaR_3
[07:36:40] Fixed 2 duplicate /gene - murP_1 murP_2
[07:36:40] Fixed 2 duplicate /gene - hisQ_1 hisQ_2
[07:36:40] Fixed 4 duplicate /gene - metQ_1 metQ_2 metQ_3 metQ_4
[07:36:40] Fixed 2 duplicate /gene - potC_1 potC_2
[07:36:40] Fixed 2 duplicate /gene - lrp_1 lrp_2
[07:36:40] Fixed 2 duplicate /gene - rluA_1 rluA_2
[07:36:40] Fixed 6 duplicate /gene - licC_1 licC_2 licC_3 licC_4 licC_5 licC_6
[07:36:40] Fixed 2 duplicate /gene - murQ_1 murQ_2
[07:36:40] Fixed 2 duplicate /gene - frlB_1 frlB_2
[07:36:40] Fixed 4 duplicate /gene - emrA_1 emrA_2 emrA_3 emrA_4
[07:36:40] Fixed 2 duplicate /gene - ahpC_1 ahpC_2
[07:36:40] Fixed 2 duplicate /gene - dppA_1 dppA_2
[07:36:40] Fixed 2 duplicate /gene - tufA_1 tufA_2
[07:36:40] Fixed 3 duplicate /gene - pcaK_1 pcaK_2 pcaK_3
[07:36:40] Fixed 2 duplicate /gene - fepA_1 fepA_2
[07:36:40] Fixed 2 duplicate /gene - aroE_1 aroE_2
[07:36:40] Fixed 2 duplicate /gene - citA_1 citA_2
[07:36:40] Fixed 3 duplicate /gene - iprA_1 iprA_2 iprA_3
[07:36:40] Fixed 3 duplicate /gene - oppF_1 oppF_2 oppF_3
[07:36:40] Fixed 2 duplicate /gene - trmL_1 trmL_2
[07:36:40] Fixed 2 duplicate /gene - fusA1_1 fusA1_2
[07:36:40] Fixed 2 duplicate /gene - lpxD_1 lpxD_2
[07:36:40] Fixed 2 duplicate /gene - yafP_1 yafP_2
[07:36:40] Fixed 2 duplicate /gene - uxuA_1 uxuA_2
[07:36:40] Fixed 5 duplicate /gene - rhaR_1 rhaR_2 rhaR_3 rhaR_4 rhaR_5
[07:36:40] Fixed 2 duplicate /gene - purR_1 purR_2
[07:36:40] Fixed 3 duplicate /gene - yheS_1 yheS_2 yheS_3
[07:36:40] Fixed 2 duplicate /gene - glnD_1 glnD_2
[07:36:40] Fixed 4 duplicate /gene - iolG_1 iolG_2 iolG_3 iolG_4
[07:36:40] Fixed 2 duplicate /gene - ugpB_1 ugpB_2
[07:36:40] Fixed 3 duplicate /gene - nepI_1 nepI_2 nepI_3
[07:36:40] Fixed 3 duplicate /gene - rob_1 rob_2 rob_3
[07:36:40] Fixed 2 duplicate /gene - fabF_1 fabF_2
[07:36:40] Fixed 3 duplicate /gene - potA_1 potA_2 potA_3
[07:36:40] Fixed 2 duplicate /gene - kdgM_1 kdgM_2
[07:36:40] Fixed 2 duplicate /gene - glpT_1 glpT_2
[07:36:40] Fixed 3 duplicate /gene - fucP_1 fucP_2 fucP_3
[07:36:40] Fixed 6 duplicate /gene - livF_1 livF_2 livF_3 livF_4 livF_5 livF_6
[07:36:40] Fixed 2 duplicate /gene - htpX_1 htpX_2
[07:36:40] Fixed 2 duplicate /gene - sorB_1 sorB_2
[07:36:40] Fixed 2 duplicate /gene - yohK_1 yohK_2
[07:36:40] Fixed 2 duplicate /gene - srpC_1 srpC_2
[07:36:40] Fixed 2 duplicate /gene - cmoO_1 cmoO_2
[07:36:40] Fixed 2 duplicate /gene - arsD_1 arsD_2
[07:36:40] Fixed 2 duplicate /gene - map_1 map_2
[07:36:40] Fixed 2 duplicate /gene - lrhA_1 lrhA_2
[07:36:40] Fixed 2 duplicate /gene - clcB_1 clcB_2
[07:36:40] Fixed 2 duplicate /gene - dctA_1 dctA_2
[07:36:40] Fixed 2 duplicate /gene - srlB_1 srlB_2
[07:36:40] Fixed 2 duplicate /gene - virB9_1 virB9_2
[07:36:40] Fixed 3 duplicate /gene - gltR_1 gltR_2 gltR_3
[07:36:40] Fixed 4 duplicate /gene - cynR_1 cynR_2 cynR_3 cynR_4
[07:36:40] Fixed 2 duplicate /gene - kefC_1 kefC_2
[07:36:40] Fixed 2 duplicate /gene - silE_1 silE_2
[07:36:40] Fixed 4 duplicate /gene - gudP_1 gudP_2 gudP_3 gudP_4
[07:36:40] Fixed 2 duplicate /gene - fabD_1 fabD_2
[07:36:40] Fixed 2 duplicate /gene - bhsA_1 bhsA_2
[07:36:40] Fixed 5 duplicate /gene - rbsB_1 rbsB_2 rbsB_3 rbsB_4 rbsB_5
[07:36:40] Fixed 3 duplicate /gene - intS_1 intS_2 intS_3
[07:36:40] Fixed 2 duplicate /gene - ftnA_1 ftnA_2
[07:36:40] Fixed 2 duplicate /gene - metC_1 metC_2
[07:36:40] Fixed 2 duplicate /gene - hisC_1 hisC_2
[07:36:40] Fixed 2 duplicate /gene - silA_1 silA_2
[07:36:40] Fixed 2 duplicate /gene - sdaC_1 sdaC_2
[07:36:40] Fixed 3 duplicate /gene - oppD_1 oppD_2 oppD_3
[07:36:40] Fixed 4 duplicate /gene - gltC_1 gltC_2 gltC_3 gltC_4
[07:36:40] Fixed 2 duplicate /gene - tktA_1 tktA_2
[07:36:40] Fixed 2 duplicate /gene - guaA_1 guaA_2
[07:36:40] Fixed 3 duplicate /gene - ssuB_1 ssuB_2 ssuB_3
[07:36:40] Fixed 3 duplicate /gene - msrA_1 msrA_2 msrA_3
[07:36:40] Fixed 2 duplicate /gene - aroQ_1 aroQ_2
[07:36:40] Fixed 2 duplicate /gene - apbE_1 apbE_2
[07:36:40] Fixed 2 duplicate /gene - ydgJ_1 ydgJ_2
[07:36:40] Fixed 5 duplicate /gene - hdfR_1 hdfR_2 hdfR_3 hdfR_4 hdfR_5
[07:36:40] Fixed 4 duplicate /gene - gstB_1 gstB_2 gstB_3 gstB_4
[07:36:40] Fixed 2 duplicate /gene - mdcG_1 mdcG_2
[07:36:40] Fixed 2 duplicate /gene - lpoA_1 lpoA_2
[07:36:40] Fixed 2 duplicate /gene - higA_1 higA_2
[07:36:40] Fixed 2 duplicate /gene - pdxA2_1 pdxA2_2
[07:36:40] Fixed 5 duplicate /gene - norR_1 norR_2 norR_3 norR_4 norR_5
[07:36:40] Fixed 2 duplicate /gene - yabI_1 yabI_2
[07:36:40] Fixed 4 duplicate /gene - yicJ_1 yicJ_2 yicJ_3 yicJ_4
[07:36:40] Fixed 2 duplicate /gene - acrB_1 acrB_2
[07:36:40] Fixed 3 duplicate /gene - gsiD_1 gsiD_2 gsiD_3
[07:36:40] Fixed 3 duplicate /gene - pncC_1 pncC_2 pncC_3
[07:36:40] Fixed 3 duplicate /gene - talB_1 talB_2 talB_3
[07:36:40] Fixed 2 duplicate /gene - yhhT_1 yhhT_2
[07:36:40] Fixed 2 duplicate /gene - rfaH_1 rfaH_2
[07:36:40] Fixed 2 duplicate /gene - traC_1 traC_2
[07:36:40] Fixed 2 duplicate /gene - agp_1 agp_2
[07:36:40] Fixed 2 duplicate /gene - glpF_1 glpF_2
[07:36:40] Fixed 3 duplicate /gene - umuC_1 umuC_2 umuC_3
[07:36:40] Fixed 2 duplicate /gene - bluF_1 bluF_2
[07:36:40] Fixed 2 duplicate /gene - rstB_1 rstB_2
[07:36:40] Fixed 3 duplicate /gene - yibH_1 yibH_2 yibH_3
[07:36:40] Fixed 2 duplicate /gene - ybhF_1 ybhF_2
[07:36:40] Fixed 4 duplicate /gene - rbsK_1 rbsK_2 rbsK_3 rbsK_4
[07:36:40] Fixed 2 duplicate /gene - wza_1 wza_2
[07:36:40] Fixed 2 duplicate /gene - cysG_1 cysG_2
[07:36:40] Fixed 2 duplicate /gene - pgl_1 pgl_2
[07:36:40] Fixed 2 duplicate /gene - dhaK_1 dhaK_2
[07:36:40] Fixed 2 duplicate /gene - topA_1 topA_2
[07:36:40] Fixed 3 duplicate /gene - fdhF_1 fdhF_2 fdhF_3
[07:36:40] Fixed 4 duplicate /gene - xylB_1 xylB_2 xylB_3 xylB_4
[07:36:40] Fixed 2 duplicate /gene - aaeA_1 aaeA_2
[07:36:40] Fixed 2 duplicate /gene - fruB_1 fruB_2
[07:36:40] Fixed 2 duplicate /gene - tacT1_1 tacT1_2
[07:36:40] Fixed 2 duplicate /gene - astB_1 astB_2
[07:36:40] Fixed 3 duplicate /gene - ttuB_1 ttuB_2 ttuB_3
[07:36:40] Fixed 2 duplicate /gene - licH_1 licH_2
[07:36:40] Fixed 2 duplicate /gene - sacP_1 sacP_2
[07:36:40] Fixed 2 duplicate /gene - potH_1 potH_2
[07:36:40] Fixed 5 duplicate /gene - malP_1 malP_2 malP_3 malP_4 malP_5
[07:36:40] Fixed 2 duplicate /gene - ytfR_1 ytfR_2
[07:36:40] Fixed 10 duplicate /gene - fabG_1 fabG_2 fabG_3 fabG_4 fabG_5 fabG_6 fabG_7 fabG_8 fabG_9 fabG_10
[07:36:40] Fixed 3 duplicate /gene - lldR_1 lldR_2 lldR_3
[07:36:40] Fixed 2 duplicate /gene - lacI_1 lacI_2
[07:36:40] Fixed 2 duplicate /gene - rhtB_1 rhtB_2
[07:36:40] Fixed 2 duplicate /gene - frcA_1 frcA_2
[07:36:40] Fixed 2 duplicate /gene - mepM_1 mepM_2
[07:36:40] Fixed 2 duplicate /gene - ydiB_1 ydiB_2
[07:36:40] Fixed 2 duplicate /gene - jefA_1 jefA_2
[07:36:40] Fixed 2 duplicate /gene - dgoR_1 dgoR_2
[07:36:40] Fixed 2 duplicate /gene - ribX_1 ribX_2
[07:36:40] Fixed 2 duplicate /gene - lpxL_1 lpxL_2
[07:36:40] Fixed 2 duplicate /gene - lgdh_1 lgdh_2
[07:36:40] Fixed 7 duplicate /gene - rhaS_1 rhaS_2 rhaS_3 rhaS_4 rhaS_5 rhaS_6 rhaS_7
[07:36:40] Fixed 2 duplicate /gene - hpf_1 hpf_2
[07:36:40] Fixed 2 duplicate /gene - cydA_1 cydA_2
[07:36:40] Fixed 2 duplicate /gene - amiC_1 amiC_2
[07:36:40] Fixed 2 duplicate /gene - dgoA_1 dgoA_2
[07:36:40] Fixed 2 duplicate /gene - nagC_1 nagC_2
[07:36:40] Fixed 2 duplicate /gene - benM_1 benM_2
[07:36:40] Fixed 2 duplicate /gene - bcsQ_1 bcsQ_2
[07:36:40] Fixed 3 duplicate /gene - vldW_1 vldW_2 vldW_3
[07:36:40] Fixed 2 duplicate /gene - lexA_1 lexA_2
[07:36:40] Fixed 2 duplicate /gene - ulaB_1 ulaB_2
[07:36:40] Fixed 2 duplicate /gene - dmsB_1 dmsB_2
[07:36:40] Fixed 2 duplicate /gene - ygaZ_1 ygaZ_2
[07:36:40] Fixed 2 duplicate /gene - stpA_1 stpA_2
[07:36:40] Fixed 2 duplicate /gene - xerD_1 xerD_2
[07:36:40] Fixed 3 duplicate /gene - hmuU_1 hmuU_2 hmuU_3
[07:36:40] Fixed 2 duplicate /gene - araC_1 araC_2
[07:36:40] Fixed 2 duplicate /gene - cdaR_1 cdaR_2
[07:36:40] Fixed 2 duplicate /gene - astD_1 astD_2
[07:36:40] Fixed 5 duplicate /gene - mntB_1 mntB_2 mntB_3 mntB_4 mntB_5
[07:36:40] Fixed 2 duplicate /gene - cds1_1 cds1_2
[07:36:40] Fixed 2 duplicate /gene - nudK_1 nudK_2
[07:36:40] Fixed 2 duplicate /gene - lon_1 lon_2
[07:36:40] Fixed 2 duplicate /gene - rutB_1 rutB_2
[07:36:40] Fixed 2 duplicate /gene - gntR_1 gntR_2
[07:36:40] Fixed 2 duplicate /gene - glgC_1 glgC_2
[07:36:40] Fixed 2 duplicate /gene - ftsI_1 ftsI_2
[07:36:40] Fixed 2 duplicate /gene - nodD2_1 nodD2_2
[07:36:40] Fixed 2 duplicate /gene - mdtH_1 mdtH_2
[07:36:40] Fixed 2 duplicate /gene - ubiI_1 ubiI_2
[07:36:40] Fixed 2 duplicate /gene - kdgK_1 kdgK_2
[07:36:40] Fixed 2 duplicate /gene - gabD_1 gabD_2
[07:36:40] Fixed 2 duplicate /gene - yagG_1 yagG_2
[07:36:40] Fixed 2 duplicate /gene - sgrR_1 sgrR_2
[07:36:40] Fixed 3 duplicate /gene - sotB_1 sotB_2 sotB_3
[07:36:40] Fixed 3 duplicate /gene - aaeR_1 aaeR_2 aaeR_3
[07:36:40] Fixed 2 duplicate /gene - xylF_1 xylF_2
[07:36:40] Fixed 2 duplicate /gene - eutB_1 eutB_2
[07:36:40] Fixed 2 duplicate /gene - bioC_1 bioC_2
[07:36:40] Fixed 2 duplicate /gene - paaD_1 paaD_2
[07:36:40] Fixed 2 duplicate /gene - chcC2_1 chcC2_2
[07:36:40] Fixed 5 duplicate /gene - intA_1 intA_2 intA_3 intA_4 intA_5
[07:36:40] Fixed 2 duplicate /gene - acrF_1 acrF_2
[07:36:40] Fixed 2 duplicate /gene - norW_1 norW_2
[07:36:40] Fixed 3 duplicate /gene - kduD_1 kduD_2 kduD_3
[07:36:40] Fixed 2 duplicate /gene - cobD_1 cobD_2
[07:36:40] Fixed 2 duplicate /gene - cusF_1 cusF_2
[07:36:40] Fixed 2 duplicate /gene - bioD1_1 bioD1_2
[07:36:40] Fixed 3 duplicate /gene - codA_1 codA_2 codA_3
[07:36:40] Fixed 2 duplicate /gene - hcpA_1 hcpA_2
[07:36:40] Fixed 3 duplicate /gene - lptB_1 lptB_2 lptB_3
[07:36:40] Fixed 2 duplicate /gene - hxpB_1 hxpB_2
[07:36:40] Fixed 2 duplicate /gene - mshA_1 mshA_2
[07:36:40] Fixed 2 duplicate /gene - ydjH_1 ydjH_2
[07:36:40] Fixed 2 duplicate /gene - mgtE_1 mgtE_2
[07:36:40] Fixed 3 duplicate /gene - uspG_1 uspG_2 uspG_3
[07:36:40] Fixed 4 duplicate /gene - argE_1 argE_2 argE_3 argE_4
[07:36:40] Fixed 2 duplicate /gene - proS_1 proS_2
[07:36:40] Fixed 4 duplicate /gene - nimR_1 nimR_2 nimR_3 nimR_4
[07:36:40] Fixed 2 duplicate /gene - hdeB_1 hdeB_2
[07:36:40] Fixed 4 duplicate /gene - umuD_1 umuD_2 umuD_3 umuD_4
[07:36:40] Fixed 4 duplicate /gene - exuT_1 exuT_2 exuT_3 exuT_4
[07:36:40] Fixed 2 duplicate /gene - msuD_1 msuD_2
[07:36:40] Fixed 2 duplicate /gene - can_1 can_2
[07:36:40] Fixed 2 duplicate /gene - yedK_1 yedK_2
[07:36:40] Fixed 2 duplicate /gene - madA_1 madA_2
[07:36:40] Fixed 2 duplicate /gene - dadA_1 dadA_2
[07:36:40] Fixed 3 duplicate /gene - pcaR_1 pcaR_2 pcaR_3
[07:36:40] Fixed 2 duplicate /gene - yhhS_1 yhhS_2
[07:36:40] Fixed 2 duplicate /gene - rdgC_1 rdgC_2
[07:36:40] Fixed 3 duplicate /gene - slyA_1 slyA_2 slyA_3
[07:36:40] Fixed 4 duplicate /gene - gsiC_1 gsiC_2 gsiC_3 gsiC_4
[07:36:40] Fixed 2 duplicate /gene - dnaK_1 dnaK_2
[07:36:40] Fixed 2 duplicate /gene - hpcE_1 hpcE_2
[07:36:40] Fixed 2 duplicate /gene - puuB_1 puuB_2
[07:36:40] Fixed 2 duplicate /gene - dmsC_1 dmsC_2
[07:36:40] Fixed 2 duplicate /gene - ulaC_1 ulaC_2
[07:36:40] Fixed 4 duplicate /gene - lamB_1 lamB_2 lamB_3 lamB_4
[07:36:40] Fixed 3 duplicate /gene - celA_1 celA_2 celA_3
[07:36:40] Fixed 3 duplicate /gene - tcyL_1 tcyL_2 tcyL_3
[07:36:40] Fixed 3 duplicate /gene - bglA_1 bglA_2 bglA_3
[07:36:40] Fixed 2 duplicate /gene - sad_1 sad_2
[07:36:40] Fixed 2 duplicate /gene - araB_1 araB_2
[07:36:40] Fixed 2 duplicate /gene - vapC_1 vapC_2
[07:36:40] Fixed 2 duplicate /gene - fimI_1 fimI_2
[07:36:40] Fixed 2 duplicate /gene - asd_1 asd_2
[07:36:40] Fixed 3 duplicate /gene - cydB_1 cydB_2 cydB_3
[07:36:40] Fixed 2 duplicate /gene - astE_1 astE_2
[07:36:40] Fixed 3 duplicate /gene - ridA_1 ridA_2 ridA_3
[07:36:40] Fixed 3 duplicate /gene - rutC_1 rutC_2 rutC_3
[07:36:40] Fixed 2 duplicate /gene - rpoC_1 rpoC_2
[07:36:40] Fixed 3 duplicate /gene - ybhR_1 ybhR_2 ybhR_3
[07:36:40] Fixed 4 duplicate /gene - metI_1 metI_2 metI_3 metI_4
[07:36:40] Fixed 3 duplicate /gene - yhaJ_1 yhaJ_2 yhaJ_3
[07:36:40] Fixed 2 duplicate /gene - bdcA_1 bdcA_2
[07:36:40] Fixed 2 duplicate /gene - eutC_1 eutC_2
[07:36:40] Fixed 2 duplicate /gene - efp_1 efp_2
[07:36:40] Fixed 2 duplicate /gene - yraI_1 yraI_2
[07:36:40] Fixed 4 duplicate /gene - glpR_1 glpR_2 glpR_3 glpR_4
[07:36:40] Fixed 2 duplicate /gene - pdeC_1 pdeC_2
[07:36:40] Fixed 2 duplicate /gene - tssF1_1 tssF1_2
[07:36:40] Fixed 2 duplicate /gene - carA_1 carA_2
[07:36:40] Fixed 2 duplicate /gene - atoB_1 atoB_2
[07:36:40] Fixed 2 duplicate /gene - ybdO_1 ybdO_2
[07:36:40] Fixed 3 duplicate /gene - ddpC_1 ddpC_2 ddpC_3
[07:36:40] Fixed 2 duplicate /gene - aaeB_1 aaeB_2
[07:36:40] Fixed 2 duplicate /gene - sasA_1 sasA_2
[07:36:40] Fixed 2 duplicate /gene - iolU_1 iolU_2
[07:36:40] Fixed 2 duplicate /gene - xylA_1 xylA_2
[07:36:40] Fixed 2 duplicate /gene - chuR_1 chuR_2
[07:36:40] Fixed 2 duplicate /gene - astA_1 astA_2
[07:36:40] Fixed 4 duplicate /gene - ygdR_1 ygdR_2 ygdR_3 ygdR_4
[07:36:40] Fixed 3 duplicate /gene - phoP_1 phoP_2 phoP_3
[07:36:40] Fixed 3 duplicate /gene - argP_1 argP_2 argP_3
[07:36:40] Fixed 3 duplicate /gene - lldD_1 lldD_2 lldD_3
[07:36:40] Fixed 2 duplicate /gene - fruA_1 fruA_2
[07:36:40] Fixed 2 duplicate /gene - ydfK_1 ydfK_2
[07:36:40] Fixed 2 duplicate /gene - topB_1 topB_2
[07:36:40] Fixed 2 duplicate /gene - ppsC_1 ppsC_2
[07:36:40] Fixed 2 duplicate /gene - bcsB_1 bcsB_2
[07:36:40] Fixed 4 duplicate /gene - xerC_1 xerC_2 xerC_3 xerC_4
[07:36:40] Fixed 3 duplicate /gene - pduO_1 pduO_2 pduO_3
[07:36:40] Fixed 2 duplicate /gene - gmuD_1 gmuD_2
[07:36:40] Fixed 3 duplicate /gene - menH_1 menH_2 menH_3
[07:36:40] Fixed 2 duplicate /gene - glpE_1 glpE_2
[07:36:40] Fixed 5 duplicate /gene - yajO_1 yajO_2 yajO_3 yajO_4 yajO_5
[07:36:40] Fixed 2 duplicate /gene - entF_1 entF_2
[07:36:40] Fixed 2 duplicate /gene - sbnD_1 sbnD_2
[07:36:40] Fixed 2 duplicate /gene - ppa_1 ppa_2
[07:36:40] Fixed 3 duplicate /gene - dapA_1 dapA_2 dapA_3
[07:36:40] Fixed 2 duplicate /gene - cysH_1 cysH_2
[07:36:40] Fixed 3 duplicate /gene - glnH_1 glnH_2 glnH_3
[07:36:40] Fixed 2 duplicate /gene - rusA_1 rusA_2
[07:36:40] Fixed 2 duplicate /gene - ybdG_1 ybdG_2
[07:36:40] Fixed 2 duplicate /gene - yejK_1 yejK_2
[07:36:40] Fixed 2 duplicate /gene - cusC_1 cusC_2
[07:36:40] Fixed 4 duplicate /gene - hexR_1 hexR_2 hexR_3 hexR_4
[07:36:40] Fixed 2 duplicate /gene - ydhP_1 ydhP_2
[07:36:40] Fixed 2 duplicate /gene - acrR_1 acrR_2
[07:36:40] Fixed 2 duplicate /gene - ibpB_1 ibpB_2
[07:36:40] Fixed 2 duplicate /gene - ddpA_1 ddpA_2
[07:36:40] Fixed 2 duplicate /gene - rbn_1 rbn_2
[07:36:40] Fixed 2 duplicate /gene - glaR_1 glaR_2
[07:36:40] Fixed 2 duplicate /gene - dinI_1 dinI_2
[07:36:40] Fixed 2 duplicate /gene - astC_1 astC_2
[07:36:40] Fixed 2 duplicate /gene - pirA_1 pirA_2
[07:36:40] Fixed 2 duplicate /gene - cusR_1 cusR_2
[07:36:40] Fixed 3 duplicate /gene - scrY_1 scrY_2 scrY_3
[07:36:40] Fixed 2 duplicate /gene - yidH_1 yidH_2
[07:36:40] Fixed 3 duplicate /gene - citG_1 citG_2 citG_3
[07:36:40] Fixed 2 duplicate /gene - nlpD_1 nlpD_2
[07:36:40] Fixed 2 duplicate /gene - madC_1 madC_2
[07:36:40] Fixed 2 duplicate /gene - roxA_1 roxA_2
[07:36:40] Fixed 2 duplicate /gene - gsiA_1 gsiA_2
[07:36:40] Fixed 2 duplicate /gene - mak_1 mak_2
[07:36:40] Fixed 4 duplicate /gene - iolE_1 iolE_2 iolE_3 iolE_4
[07:36:40] Fixed 4 duplicate /gene - dmsA_1 dmsA_2 dmsA_3 dmsA_4
[07:36:40] Fixed 3 duplicate /gene - ulaA_1 ulaA_2 ulaA_3
[07:36:40] Fixed 3 duplicate /gene - bla_1 bla_2 bla_3
[07:36:40] Fixed 3 duplicate /gene - rhtC_1 rhtC_2 rhtC_3
[07:36:40] Fixed 2 duplicate /gene - ramA_1 ramA_2
[07:36:40] Fixed 6 duplicate /gene - crgA_1 crgA_2 crgA_3 crgA_4 crgA_5 crgA_6
[07:36:40] Fixed 7 duplicate /gene - uup_1 uup_2 uup_3 uup_4 uup_5 uup_6 uup_7
[07:36:40] Fixed 2 duplicate /gene - glk_1 glk_2
[07:36:40] Fixed 2 duplicate /gene - aspT_1 aspT_2
[07:36:40] Fixed 3 duplicate /gene - gabR_1 gabR_2 gabR_3
[07:36:40] Fixed 2 duplicate /gene - cobC_1 cobC_2
[07:36:40] Fixed 3 duplicate /gene - livH_1 livH_2 livH_3
[07:36:40] Fixed 2 duplicate /gene - rafB_1 rafB_2
[07:36:40] Fixed 2 duplicate /gene - ribZ_1 ribZ_2
[07:36:40] Fixed 3 duplicate /gene - aegA_1 aegA_2 aegA_3
[07:36:40] Fixed 2 duplicate /gene - bcr_1 bcr_2
[07:36:40] Fixed 2 duplicate /gene - ppiC_1 ppiC_2
[07:36:40] Fixed 2 duplicate /gene - pcpR_1 pcpR_2
[07:36:40] Fixed 2 duplicate /gene - lsrG_1 lsrG_2
[07:36:40] Fixed 448 colliding /gene names.
[07:36:40] Adding /locus_tag identifiers
[07:36:40] Assigned 5440 locus_tags to CDS and RNA features.
[07:36:40] Writing outputs to results/prokka_annotations/GCA_055721525.1/
[07:36:44] Generating annotation statistics file
[07:36:44] Generating Genbank and Sequin files
[07:36:44] Running: tbl2asn -V b -a r10k -l paired-ends -M n -N 1 -y 'Annotated using prokka 1.15.6 from https://github.com/tseemann/prokka' -Z results\/prokka_annotations\/GCA_055721525\.1\/GCA_055721525\.1\.err -i results\/prokka_annotations\/GCA_055721525\.1\/GCA_055721525\.1\.fsa 2> /dev/null
[07:37:00] Deleting unwanted file: results/prokka_annotations/GCA_055721525.1/errorsummary.val
[07:37:00] Deleting unwanted file: results/prokka_annotations/GCA_055721525.1/GCA_055721525.1.dr
[07:37:00] Deleting unwanted file: results/prokka_annotations/GCA_055721525.1/GCA_055721525.1.fixedproducts
[07:37:00] Deleting unwanted file: results/prokka_annotations/GCA_055721525.1/GCA_055721525.1.ecn
[07:37:00] Deleting unwanted file: results/prokka_annotations/GCA_055721525.1/GCA_055721525.1.val
[07:37:00] Repairing broken .GBK output that tbl2asn produces...
[07:37:00] Running: sed 's/COORDINATES: profile/COORDINATES:profile/' < results\/prokka_annotations\/GCA_055721525\.1\/GCA_055721525\.1\.gbf > results\/prokka_annotations\/GCA_055721525\.1\/GCA_055721525\.1\.gbk
[07:37:00] Deleting unwanted file: results/prokka_annotations/GCA_055721525.1/GCA_055721525.1.gbf
[07:37:00] Output files:
[07:37:00] results/prokka_annotations/GCA_055721525.1/GCA_055721525.1.tbl
[07:37:00] results/prokka_annotations/GCA_055721525.1/GCA_055721525.1.fsa
[07:37:00] results/prokka_annotations/GCA_055721525.1/GCA_055721525.1.gff
[07:37:00] results/prokka_annotations/GCA_055721525.1/GCA_055721525.1.log
[07:37:00] results/prokka_annotations/GCA_055721525.1/GCA_055721525.1.err
[07:37:00] results/prokka_annotations/GCA_055721525.1/GCA_055721525.1.fna
[07:37:00] results/prokka_annotations/GCA_055721525.1/GCA_055721525.1.tsv
[07:37:00] results/prokka_annotations/GCA_055721525.1/GCA_055721525.1.faa
[07:37:00] results/prokka_annotations/GCA_055721525.1/GCA_055721525.1.sqn
[07:37:00] results/prokka_annotations/GCA_055721525.1/GCA_055721525.1.ffn
[07:37:00] results/prokka_annotations/GCA_055721525.1/GCA_055721525.1.gbk
[07:37:00] results/prokka_annotations/GCA_055721525.1/GCA_055721525.1.txt
[07:37:00] Annotation finished successfully.
[07:37:00] Walltime used: 11.02 minutes
[07:37:00] If you use this result please cite the Prokka paper:
[07:37:00] Seemann T (2014) Prokka: rapid prokaryotic genome annotation. Bioinformatics. 30(14):2068-9.
[07:37:00] Type 'prokka --citation' for more details.
[07:37:00] Share and enjoy!
