[06:29:06] This is prokka 1.15.6
[06:29:06] Written by Torsten Seemann <torsten.seemann@gmail.com>
[06:29:06] Homepage is https://github.com/tseemann/prokka
[06:29:06] Local time is Sat Aug 29 06:29:06 2026
[06:29:06] You are codespace
[06:29:06] Operating system is linux
[06:29:06] You have BioPerl 1.7.8
[06:29:06] System has 2 cores.
[06:29:06] Will use maximum of 2 cores.
[06:29:06] Annotating as >>> Bacteria <<<
[06:29:06] Generating locus_tag from 'data/ncbi_dataset/data/GCA_054952405.1/GCA_054952405.1_ASM5495240v1_genomic.fna' contents.
[06:29:06] Setting --locustag DEGACDFD from MD5 de0acdfd7e67d5b59a38c27c83e7cbab
[06:29:06] Re-using existing --outdir results/prokka_annotations/GCA_054952405.1
[06:29:06] Using filename prefix: GCA_054952405.1.XXX
[06:29:06] Setting HMMER_NCPU=1
[06:29:06] Writing log to: results/prokka_annotations/GCA_054952405.1/GCA_054952405.1.log
[06:29:06] Command: /opt/conda/envs/prokka_env/bin/prokka --outdir results/prokka_annotations/GCA_054952405.1 --prefix GCA_054952405.1 --kingdom Bacteria --genus Klebsiella --species pneumoniae --cpus 2 --force data/ncbi_dataset/data/GCA_054952405.1/GCA_054952405.1_ASM5495240v1_genomic.fna
[06:29:06] Looking for 'aragorn' - found /opt/conda/envs/prokka_env/bin/aragorn
[06:29:06] Determined aragorn version is v1.2 from 'ARAGORN v1.2.41 Dean Laslett'
[06:29:06] Looking for 'barrnap' - found /opt/conda/envs/prokka_env/bin/barrnap
[06:29:06] Determined barrnap version is v1.10 from 'barrnap 1.10.5'
[06:29:06] Looking for 'blastp' - found /opt/conda/envs/prokka_env/bin/blastp
[06:29:07] Determined blastp version is v2.17 from 'blastp: 2.17.0+'
[06:29:07] Looking for 'cmpress' - found /opt/conda/envs/prokka_env/bin/cmpress
[06:29:07] Determined cmpress version is v1.1 from '# INFERNAL 1.1.5 (Sep 2023)'
[06:29:07] Looking for 'cmscan' - found /opt/conda/envs/prokka_env/bin/cmscan
[06:29:07] Determined cmscan version is v1.1 from '# INFERNAL 1.1.5 (Sep 2023)'
[06:29:07] Looking for 'egrep' - found /usr/bin/egrep
[06:29:07] Looking for 'find' - found /usr/bin/find
[06:29:07] Looking for 'grep' - found /usr/bin/grep
[06:29:07] Looking for 'hmmpress' - found /opt/conda/envs/prokka_env/bin/hmmpress
[06:29:07] Determined hmmpress version is v3.4 from '# HMMER 3.4 (Aug 2023); http://hmmer.org/'
[06:29:07] Looking for 'hmmscan' - found /opt/conda/envs/prokka_env/bin/hmmscan
[06:29:07] Determined hmmscan version is v3.4 from '# HMMER 3.4 (Aug 2023); http://hmmer.org/'
[06:29:07] Looking for 'java' - found /opt/conda/envs/prokka_env/bin/java
[06:29:07] Looking for 'makeblastdb' - found /opt/conda/envs/prokka_env/bin/makeblastdb
[06:29:07] Determined makeblastdb version is v2.17 from 'makeblastdb: 2.17.0+'
[06:29:07] Looking for 'minced' - found /opt/conda/envs/prokka_env/bin/minced
[06:29:07] Determined minced version is v4.2 from 'minced 0.4.2'
[06:29:07] Looking for 'parallel' - found /opt/conda/envs/prokka_env/bin/parallel
[06:29:07] Determined parallel version is 20260722 from 'GNU parallel 20260722'
[06:29:07] Looking for 'prodigal' - found /opt/conda/envs/prokka_env/bin/prodigal
[06:29:07] Determined prodigal version is v2.6 from 'Prodigal V2.6.3: February, 2016'
[06:29:07] Looking for 'prokka-genbank_to_fasta_db' - found /opt/conda/envs/prokka_env/bin/prokka-genbank_to_fasta_db
[06:29:07] Looking for 'sed' - found /usr/bin/sed
[06:29:07] Looking for 'tbl2asn' - found /opt/conda/envs/prokka_env/bin/tbl2asn
[06:29:07] Determined tbl2asn version is v25.7 from 'tbl2asn 25.7   arguments:'
[06:29:07] Using genetic code table 11.
[06:29:07] Loading and checking input file: data/ncbi_dataset/data/GCA_054952405.1/GCA_054952405.1_ASM5495240v1_genomic.fna
[06:29:07] Wrote 5 contigs totalling 5653397 bp.
[06:29:07] Predicting tRNAs and tmRNAs
[06:29:07] Running: aragorn -l -gc11  -w results\/prokka_annotations\/GCA_054952405\.1\/GCA_054952405\.1\.fna
[06:29:11] 1 tRNA-Ile [1942,2018] 35 (gat)
[06:29:11] 2 tRNA-Ala [2055,2130] 34 (tgc)
[06:29:11] 3 tRNA-Asp [5471,5547] 35 (gtc)
[06:29:11] 4 tRNA-Trp [5601,5676] 34 (cca)
[06:29:11] 5 tRNA-Arg [43706,43782] 35 (ccg)
[06:29:11] 6 tRNA-His [43838,43913] 34 (gtg)
[06:29:11] 7 tRNA-Leu [43936,44021] 36 (cag)
[06:29:11] 8 tRNA-Pro [44065,44141] 35 (tgg)
[06:29:11] 9 tRNA-Ile [93727,93803] 35 (gat)
[06:29:11] 10 tRNA-Ala [93909,93984] 34 (tgc)
[06:29:11] 11 tRNA-Thr [101185,101260] 34 (tgt)
[06:29:11] 12 tRNA-Tyr [101271,101355] 35 (gta)
[06:29:11] 13 tRNA-Gly [101471,101545] 34 (tcc)
[06:29:11] 14 tRNA-Thr [101551,101626] 34 (ggt)
[06:29:11] 15 tRNA-Glu [139050,139125] 35 (ttc)
[06:29:11] 16 tRNA-Phe c[276799,276874] 34 (gaa)
[06:29:11] 17 tRNA-Gly [317835,317910] 34 (gcc)
[06:29:11] 18 tRNA-Gly [317979,318054] 34 (gcc)
[06:29:11] 19 tRNA-Gly [318127,318202] 34 (gcc)
[06:29:11] 20 tRNA-Leu [445132,445216] 35 (caa)
[06:29:11] 21 tRNA-Glu [561698,561773] 35 (ttc)
[06:29:11] 22 tRNA-Leu c[644357,644442] 36 (cag)
[06:29:11] 23 tRNA-Leu c[644474,644559] 36 (cag)
[06:29:11] 24 tRNA-Leu c[644588,644673] 36 (cag)
[06:29:11] 25 tRNA-Ile [916933,917009] 35 (gat)
[06:29:11] 26 tRNA-Ala [917046,917121] 34 (tgc)
[06:29:11] 27 tRNA-Asp [920458,920534] 35 (gtc)
[06:29:11] 28 tRNA-Asp [929911,929987] 35 (gtc)
[06:29:11] 29 tRNA-Thr c[981332,981407] 34 (cgt)
[06:29:11] 30 tRNA-Arg [1220640,1220716] 35 (tct)
[06:29:11] 31 tRNA-Gln c[1468183,1468257] 33 (ctg)
[06:29:11] 32 tRNA-Gln c[1468333,1468407] 33 (ctg)
[06:29:11] 33 tRNA-Met c[1468455,1468531] 35 (cat)
[06:29:11] 34 tRNA-Gln c[1468555,1468629] 33 (ttg)
[06:29:11] 35 tRNA-Gln c[1468666,1468740] 33 (ttg)
[06:29:11] 36 tRNA-Leu c[1468764,1468848] 35 (tag)
[06:29:11] 37 tRNA-Met c[1468857,1468933] 35 (cat)
[06:29:11] 38 tRNA-Lys [1527552,1527627] 34 (ttt)
[06:29:11] 39 tRNA-Val [1527753,1527828] 34 (tac)
[06:29:11] 40 tRNA-Lys [1527831,1527906] 34 (ttt)
[06:29:11] 41 tRNA-Val [1528056,1528131] 34 (tac)
[06:29:11] 42 tRNA-Lys [1528135,1528210] 34 (ttt)
[06:29:11] 43 tRNA-Lys [1528357,1528432] 34 (ttt)
[06:29:11] 44 tRNA-Lys [1528567,1528642] 34 (ttt)
[06:29:11] 45 tRNA-Ser [1807187,1807274] 35 (tga)
[06:29:11] 46 tRNA-Ser c[1869983,1870070] 35 (gga)
[06:29:11] 47 tRNA-Ser c[1873141,1873228] 35 (gga)
[06:29:11] 48 tRNA-Val [2861036,2861112] 35 (gac)
[06:29:11] 49 tRNA-Val [2861117,2861193] 35 (gac)
[06:29:11] 50 tRNA-Val [2861198,2861274] 35 (gac)
[06:29:11] 51 tRNA-Tyr [3073402,3073486] 35 (gta)
[06:29:11] 52 tRNA-Tyr [3073702,3073786] 35 (gta)
[06:29:11] 53 tRNA-Leu c[3284437,3284523] 35 (taa)
[06:29:11] 54 tRNA-Cys c[3284537,3284610] 33 (gca)
[06:29:11] 55 tRNA-Gly c[3284651,3284726] 34 (gcc)
[06:29:11] 56 tRNA-Ser c[3305832,3305921] 35 (cga)
[06:29:11] 57 tRNA-Asn [3306913,3306988] 34 (gtt)
[06:29:11] 58 tRNA-Asn [3342828,3342903] 34 (gtt)
[06:29:11] 59 tRNA-Asn c[3374030,3374105] 34 (gtt)
[06:29:11] 60 tRNA-Asn [3375863,3375938] 34 (gtt)
[06:29:11] 61 tRNA-Pro [3724637,3724713] 35 (ggg)
[06:29:11] 62 tRNA-Arg [3841517,3841591] 34 (cct)
[06:29:11] 63 tRNA-Ala c[3861913,3861988] 34 (ggc)
[06:29:11] 64 tRNA-Ala c[3862030,3862105] 34 (ggc)
[06:29:11] 65 tRNA-Val [3864804,3864879] 34 (tac)
[06:29:11] 66 tRNA-Val [3864925,3865000] 34 (tac)
[06:29:11] 67 tRNA-Val [3865047,3865122] 34 (tac)
[06:29:11] 68 tRNA-Lys [3865127,3865202] 34 (ttt)
[06:29:11] 69 tRNA-Glu c[4041139,4041214] 35 (ttc)
[06:29:11] 70 tmRNA [4069716,4070078] 90,125 ANDENYALAA**
[06:29:11] 71 tRNA-Arg c[4154869,4154945] 35 (acg)
[06:29:11] 72 tRNA-Arg c[4155174,4155250] 35 (acg)
[06:29:11] 73 tRNA-Arg c[4155312,4155388] 35 (acg)
[06:29:11] 74 tRNA-Arg c[4155539,4155615] 35 (acg)
[06:29:11] 75 tRNA-Ser c[4155620,4155712] 35 (gct)
[06:29:11] 76 tRNA-Met [4305978,4306054] 35 (cat)
[06:29:11] 77 tRNA-Met [4306088,4306164] 35 (cat)
[06:29:11] 78 tRNA-Met [4306197,4306273] 35 (cat)
[06:29:11] 79 tRNA-Gly c[4444598,4444671] 33 (ccc)
[06:29:11] 80 tRNA-Phe [4516790,4516865] 34 (gaa)
[06:29:11] 81 tRNA-Met [4589569,4589644] 34 (cat)
[06:29:11] 82 tRNA-Met c[4695565,4695641] 35 (cat)
[06:29:11] 83 tRNA-Leu c[4699571,4699657] 35 (gag)
[06:29:11] 84 tRNA-Thr c[4792596,4792671] 34 (ggt)
[06:29:11] 85 tRNA-Pro c[5029786,5029862] 35 (cgg)
[06:29:11] 86 tRNA-SeC [5159390,5159484] 35 (tca)
[06:29:11] 87 tRNA-Glu [5303681,5303756] 35 (ttc)
[06:29:11] Found 87 tRNAs
[06:29:11] Predicting Ribosomal RNAs
[06:29:11] Running Barrnap with 2 threads
[06:29:45] 1 CM143108.1 331 16S ribosomal RNA
[06:29:45] 2 CM143108.1 2300 23S ribosomal RNA
[06:29:45] 3 CM143108.1 5298 5S ribosomal RNA
[06:29:45] 4 CM143108.1 92116 16S ribosomal RNA
[06:29:45] 5 CM143108.1 94162 23S ribosomal RNA
[06:29:45] 6 CM143108.1 97260 5S ribosomal RNA
[06:29:45] 7 CM143108.1 137425 16S ribosomal RNA
[06:29:45] 8 CM143108.1 139308 23S ribosomal RNA
[06:29:45] 9 CM143108.1 142405 5S ribosomal RNA
[06:29:45] 10 CM143108.1 560073 16S ribosomal RNA
[06:29:45] 11 CM143108.1 561956 23S ribosomal RNA
[06:29:45] 12 CM143108.1 564958 5S ribosomal RNA
[06:29:45] 13 CM143108.1 915325 16S ribosomal RNA
[06:29:45] 14 CM143108.1 917287 23S ribosomal RNA
[06:29:45] 15 CM143108.1 920285 5S ribosomal RNA
[06:29:45] 16 CM143108.1 4037735 5S ribosomal RNA
[06:29:45] 17 CM143108.1 4038047 23S ribosomal RNA
[06:29:45] 18 CM143108.1 4041300 16S ribosomal RNA
[06:29:45] 19 CM143108.1 4792442 5S ribosomal RNA
[06:29:45] 20 CM143108.1 4792686 5S ribosomal RNA
[06:29:45] 21 CM143108.1 4792903 23S ribosomal RNA
[06:29:45] 22 CM143108.1 4796003 16S ribosomal RNA
[06:29:45] 23 CM143108.1 5302056 16S ribosomal RNA
[06:29:45] 24 CM143108.1 5303939 23S ribosomal RNA
[06:29:45] 25 CM143108.1 5306938 5S ribosomal RNA
[06:29:45] Found 25 rRNAs
[06:29:45] Skipping ncRNA search, enable with --rfam if desired.
[06:29:45] Total of 111 tRNA + rRNA features
[06:29:45] Searching for CRISPR repeats
[06:29:46] CRISPR1 CM143108.1 2929393 with 15 spacers
[06:29:46] CRISPR2 CM143108.1 2939028 with 9 spacers
[06:29:46] Found 2 CRISPRs
[06:29:46] Predicting coding sequences
[06:29:46] Contigs total 5653397 bp, so using single mode
[06:29:46] Running: prodigal -i results\/prokka_annotations\/GCA_054952405\.1\/GCA_054952405\.1\.fna -c -m -g 11 -p single -f sco -q
[06:29:54] Excluding CDS which overlaps existing RNA (tRNA) at CM143108.1:44041..44193 on - strand
[06:29:58] Excluding CDS which overlaps existing RNA (tRNA) at CM143108.1:2860787..2861272 on - strand
[06:30:00] Excluding CDS which overlaps existing RNA (tRNA) at CM143108.1:4695466..4695672 on + strand
[06:30:01] Found 5200 CDS
[06:30:01] Connecting features back to sequences
[06:30:01] Not using genus-specific database. Try --usegenus to enable it.
[06:30:01] Annotating CDS, please be patient.
[06:30:01] Will use 2 CPUs for similarity searching.
[06:30:02] There are still 5200 unannotated CDS left (started with 5200)
[06:30:02] Will use blast to search against /opt/conda/envs/prokka_env/db/kingdom/Bacteria/IS with 2 CPUs
[06:30:02] Running: cat results\/prokka_annotations\/GCA_054952405\.1\/GCA_054952405\.1\.IS\.tmp\.38632\.faa | parallel --gnu --plain -j 2 --block 419752 --recstart '>' --pipe blastp -query - -db /opt/conda/envs/prokka_env/db/kingdom/Bacteria/IS -evalue 1e-30 -qcov_hsp_perc 90 -num_threads 1 -num_descriptions 1 -num_alignments 1 -seg no > results\/prokka_annotations\/GCA_054952405\.1\/GCA_054952405\.1\.IS\.tmp\.38632\.blast 2> /dev/null
[06:31:19] Deleting unwanted file: results/prokka_annotations/GCA_054952405.1/GCA_054952405.1.IS.tmp.38632.faa
[06:31:19] Deleting unwanted file: results/prokka_annotations/GCA_054952405.1/GCA_054952405.1.IS.tmp.38632.blast
[06:31:24] There are still 5146 unannotated CDS left (started with 5200)
[06:31:24] Will use blast to search against /opt/conda/envs/prokka_env/db/kingdom/Bacteria/AMR with 2 CPUs
[06:31:24] Running: cat results\/prokka_annotations\/GCA_054952405\.1\/GCA_054952405\.1\.AMR\.tmp\.38632\.faa | parallel --gnu --plain -j 2 --block 416394 --recstart '>' --pipe blastp -query - -db /opt/conda/envs/prokka_env/db/kingdom/Bacteria/AMR -evalue 1e-300 -qcov_hsp_perc 90 -num_threads 1 -num_descriptions 1 -num_alignments 1 -seg no > results\/prokka_annotations\/GCA_054952405\.1\/GCA_054952405\.1\.AMR\.tmp\.38632\.blast 2> /dev/null
[06:33:34] Deleting unwanted file: results/prokka_annotations/GCA_054952405.1/GCA_054952405.1.AMR.tmp.38632.faa
[06:33:34] Deleting unwanted file: results/prokka_annotations/GCA_054952405.1/GCA_054952405.1.AMR.tmp.38632.blast
[06:33:39] There are still 5097 unannotated CDS left (started with 5200)
[06:33:39] Will use blast to search against /opt/conda/envs/prokka_env/db/kingdom/Bacteria/sprot with 2 CPUs
[06:33:39] Running: cat results\/prokka_annotations\/GCA_054952405\.1\/GCA_054952405\.1\.sprot\.tmp\.38632\.faa | parallel --gnu --plain -j 2 --block 406728 --recstart '>' --pipe blastp -query - -db /opt/conda/envs/prokka_env/db/kingdom/Bacteria/sprot -evalue 1e-09 -qcov_hsp_perc 80 -num_threads 1 -num_descriptions 1 -num_alignments 1 -seg no > results\/prokka_annotations\/GCA_054952405\.1\/GCA_054952405\.1\.sprot\.tmp\.38632\.blast 2> /dev/null
[06:39:01] Modify product: Uncharacterized membrane protein YdfK => putative membrane protein YdfK
[06:39:01] Modify product: Probable ECA polymerase => putative ECA polymerase
[06:39:02] Modify product: Probable protein kinase UbiB => putative protein kinase UbiB
[06:39:02] Modify product: Uncharacterized protein HI_0431 => putative protein
[06:39:02] Modify product: UPF0597 protein YhaM => hypothetical protein
[06:39:02] Modify product: UPF0337 protein YjbJ => hypothetical protein
[06:39:02] Modify product: Uncharacterized protein YjbR => putative protein YjbR
[06:39:02] Modify product: Probable cyclic di-GMP phosphodiesterase PdeC => putative cyclic di-GMP phosphodiesterase PdeC
[06:39:02] Modify product: Uncharacterized fimbrial-like protein YcbV => putative fimbrial-like protein YcbV
[06:39:02] Modify product: Probable fimbrial chaperone LpfB => putative fimbrial chaperone LpfB
[06:39:02] Modify product: Probable transcriptional regulator PhnF => putative transcriptional regulator PhnF
[06:39:02] Modify product: UPF0716 protein FxsA => hypothetical protein
[06:39:02] Modify product: Probable outer membrane usher protein ElfC => putative outer membrane usher protein ElfC
[06:39:02] Modify product: Probable L-ascorbate-6-phosphate lactonase UlaG => putative L-ascorbate-6-phosphate lactonase UlaG
[06:39:02] Modify product: Uncharacterized protein YtfJ => putative protein YtfJ
[06:39:02] Modify product: Deacetylase EF_0837 => Deacetylase
[06:39:02] Modify product: Probable licABCH operon regulator => putative licABCH operon regulator
[06:39:02] Modify product: Probable 6-phospho-beta-glucosidase => putative 6-phospho-beta-glucosidase
[06:39:02] Modify product: Probable fimbrial chaperone LpfB => putative fimbrial chaperone LpfB
[06:39:02] Modify product: Probable outer membrane usher protein LpfC' => putative outer membrane usher protein LpfC'
[06:39:02] Modify product: Probable succinate transporter subunit YjjB => putative succinate transporter subunit YjjB
[06:39:02] Modify product: Probable succinate transporter subunit YjjP => putative succinate transporter subunit YjjP
[06:39:02] Modify product: Uncharacterized metal-dependent hydrolase YjjV => putative metal-dependent hydrolase YjjV
[06:39:02] Modify product: Probable inner membrane protein Smp => putative inner membrane protein Smp
[06:39:02] Modify product: Uncharacterized lipoprotein YgdR => putative lipoprotein YgdR
[06:39:02] Modify product: Probable galactarate/D-glucarate transporter GudP => putative galactarate/D-glucarate transporter GudP
[06:39:02] Modify product: Probable peptidoglycan glycosyltransferase FtsW => putative peptidoglycan glycosyltransferase FtsW
[06:39:02] Modify product: UPF0231 protein YacL => hypothetical protein
[06:39:02] Modify product: Uncharacterized ABC transporter ATP-binding protein YadG => putative ABC transporter ATP-binding protein YadG
[06:39:02] Modify product: UPF0126 inner membrane protein YadS => hypothetical protein
[06:39:02] Modify product: UPF0253 protein YaeP => hypothetical protein
[06:39:02] Modify product: Uncharacterized protein YaeQ => putative protein YaeQ
[06:39:02] Modify product: Uncharacterized methyltransferase YcgJ => putative methyltransferase YcgJ
[06:39:02] Modify product: Uncharacterized protein Rv2277c => putative protein
[06:39:02] Modify product: Uncharacterized N-acetyltransferase YafP => putative N-acetyltransferase YafP
[06:39:02] Modify product: Uncharacterized protein YjhP => putative protein YjhP
[06:39:02] Modify product: Probable fimbrial chaperone EcpB => putative fimbrial chaperone EcpB
[06:39:02] Modify product: Probable outer membrane usher protein EcpC => putative outer membrane usher protein EcpC
[06:39:02] Modify product: Probable fimbrial chaperone EcpE => putative fimbrial chaperone EcpE
[06:39:02] Modify product: Probable glutamine ABC transporter permease protein GlnP => putative glutamine ABC transporter permease protein GlnP
[06:39:02] Modify product: UPF0178 protein YaiI => hypothetical protein
[06:39:02] Modify product: Uncharacterized protein YaiA => putative protein YaiA
[06:39:02] Modify product: Uncharacterized lipoprotein YajI => putative lipoprotein YajI
[06:39:02] Modify product: Uncharacterized protein HI_1008 => putative protein
[06:39:02] Modify product: Uncharacterized lipoprotein YbaY => putative lipoprotein YbaY
[06:39:02] Modify product: Probable cyclic di-GMP phosphodiesterase PdeB => putative cyclic di-GMP phosphodiesterase PdeB
[06:39:02] Modify product: Probable iron export ATP-binding protein FetA => putative iron export ATP-binding protein FetA
[06:39:02] Modify product: Probable iron export permease protein FetB => putative iron export permease protein FetB
[06:39:02] Modify product: Probable sulfoacetate transporter SauU => putative sulfoacetate transporter SauU
[06:39:03] Modify product: Bifunctional protein FolD => Bifunctional protein FolD protein
[06:39:03] Modify product: Probable fimbrial chaperone YadV => putative fimbrial chaperone YadV
[06:39:03] Modify product: Uncharacterized protein YncE => putative protein YncE
[06:39:03] Modify product: Uncharacterized protein Rv0906 => putative protein
[06:39:03] Modify product: Probable cation-transporting ATPase F => putative cation-transporting ATPase F
[06:39:03] Modify product: Probable di/tripeptide-binding protein 5 => putative di/tripeptide-binding protein 5
[06:39:03] Modify product: Probable D,D-dipeptide transport system permease protein DdpC => putative D,D-dipeptide transport system permease protein DdpC
[06:39:03] Modify product: Probable D,D-dipeptide-binding periplasmic protein DdpA => putative D,D-dipeptide-binding periplasmic protein DdpA
[06:39:03] Modify product: Uncharacterized sugar kinase YdjH => putative sugar kinase YdjH
[06:39:03] Modify product: Uncharacterized protein YbdM => putative protein YbdM
[06:39:03] Modify product: Uncharacterized HTH-type transcriptional regulator YbdO => putative HTH-type transcriptional regulator YbdO
[06:39:03] Modify product: Uncharacterized HTH-type transcriptional regulator YbdO => putative HTH-type transcriptional regulator YbdO
[06:39:03] Modify product: UPF0250 protein YbeD => hypothetical protein
[06:39:03] Modify product: Uncharacterized lipoprotein ChiQ => putative lipoprotein ChiQ
[06:39:03] Modify product: Uncharacterized protein YbfE => putative protein YbfE
[06:39:03] Modify product: GTP cyclohydrolase 1 type 2 homolog => GTP cyclohydrolase 1 type 2 
[06:39:03] Modify product: Probable two-component-system connector protein AriR => putative two-component-system connector protein AriR
[06:39:03] Modify product: Probable two-component-system connector protein YcgZ => putative two-component-system connector protein YcgZ
[06:39:03] Modify product: Probable cation-transporting ATPase F => putative cation-transporting ATPase F
[06:39:03] Modify product: UPF0098 protein YbhB => hypothetical protein
[06:39:03] Modify product: Probable multidrug ABC transporter permease YbhR => putative multidrug ABC transporter permease YbhR
[06:39:03] Modify product: Probable multidrug ABC transporter permease YbhR => putative multidrug ABC transporter permease YbhR
[06:39:03] Modify product: Probable multidrug ABC transporter permease YbhS => putative multidrug ABC transporter permease YbhS
[06:39:03] Modify product: Probable multidrug ABC transporter ATP-binding protein YbhF => putative multidrug ABC transporter ATP-binding protein YbhF
[06:39:03] Modify product: UPF0194 membrane protein YbhG => hypothetical protein
[06:39:03] Modify product: Probable galactarate/D-glucarate transporter GudP => putative galactarate/D-glucarate transporter GudP
[06:39:03] Modify product: Uncharacterized protein YbiB => putative protein YbiB
[06:39:03] Modify product: Uncharacterized protein YbiI => putative protein YbiI
[06:39:03] Modify product: Uncharacterized protein McbA => putative protein McbA
[06:39:03] Modify product: Probable L,D-transpeptidase YbiS => putative L,D-transpeptidase YbiS
[06:39:03] Modify product: Probable ATP-binding protein YbiT => putative ATP-binding protein YbiT
[06:39:03] Modify product: Uncharacterized protein YbiU => putative protein YbiU
[06:39:03] Modify product: Probable dehydratase YbiW => putative dehydratase YbiW
[06:39:03] Modify product: Uncharacterized protein YbjN => putative protein YbjN
[06:39:03] Modify product: Uncharacterized lipoprotein YbjP => putative lipoprotein YbjP
[06:39:03] Modify product: Uncharacterized MFS-type transporter YcaD => putative MFS-type transporter YcaD
[06:39:03] Modify product: UPF0434 protein YcaR => hypothetical protein
[06:39:03] Modify product: Probable L,D-transpeptidase YcbB => putative L,D-transpeptidase YcbB
[06:39:03] Modify product: Uncharacterized protein YcbX => putative protein YcbX
[06:39:03] Modify product: Uncharacterized protein YccU => putative protein YccU
[06:39:03] Modify product: UPF0098 protein YbcL => hypothetical protein
[06:39:03] Modify product: Putative anti-sigma factor antagonist TM_1442 => Putative anti-sigma factor antagonist
[06:39:03] Modify product: Probable cyclic di-GMP phosphodiesterase PdeG => putative cyclic di-GMP phosphodiesterase PdeG
[06:39:03] Modify product: Probable dehydratase PflD => putative dehydratase PflD
[06:39:03] Modify product: Uncharacterized protein YccJ => putative protein YccJ
[06:39:03] Modify product: Probable malonic semialdehyde reductase RutE => putative malonic semialdehyde reductase RutE
[06:39:03] Modify product: Probable hydrolase YcaC => putative hydrolase YcaC
[06:39:03] Modify product: HTH-type transcriptional regulator XC_2801 => HTH-type transcriptional regulator
[06:39:03] Modify product: Probable phosphatase YcdX => putative phosphatase YcdX
[06:39:03] Modify product: Uncharacterized protein YceO => putative protein YceO
[06:39:03] Modify product: Uncharacterized lipoprotein YceB => putative lipoprotein YceB
[06:39:03] Modify product: UPF0502 protein YceH => hypothetical protein
[06:39:03] Modify product: Probable lipid II flippase MurJ => putative lipid II flippase MurJ
[06:39:03] Modify product: Uncharacterized metal-dependent hydrolase YcfH => putative metal-dependent hydrolase YcfH
[06:39:03] Modify product: UPF0227 protein YcfP => hypothetical protein
[06:39:03] Modify product: Probable L,D-transpeptidase YcfS => putative L,D-transpeptidase YcfS
[06:39:03] Modify product: Cyclic di-GMP phosphodiesterase PA2567 => Cyclic di-GMP phosphodiesterase
[06:39:03] Modify product: Uncharacterized protein YncE => putative protein YncE
[06:39:03] Modify product: Probable diguanylate cyclase DgcC => putative diguanylate cyclase DgcC
[06:39:03] Modify product: Putative virulence-regulating protein PA2146 => Putative virulence-regulating protein
[06:39:03] Modify product: Uncharacterized membrane protein YoaK => putative membrane protein YoaK
[06:39:03] Modify product: HTH-type transcriptional regulator XC_2801 => HTH-type transcriptional regulator
[06:39:03] Modify product: UPF0229 protein YeaH => hypothetical protein
[06:39:03] Modify product: Uncharacterized acyl-CoA thioester hydrolase HI_0827 => putative acyl-CoA thioester hydrolase
[06:39:03] Modify product: UPF0259 membrane protein YciC => hypothetical protein
[06:39:03] Modify product: PKHD-type hydroxylase Sbal_3634 => PKHD-type hydroxylase
[06:39:03] Modify product: Probable tartrate dehydrogenase/decarboxylase TtuC' => putative tartrate dehydrogenase/decarboxylase TtuC'
[06:39:04] Modify product: Uncharacterized protein YciO => putative protein YciO
[06:39:04] Modify product: Uncharacterized oxidoreductase YciK => putative oxidoreductase YciK
[06:39:04] Modify product: Probable protease SohB => putative protease SohB
[06:39:04] Modify product: Uncharacterized protein YciH => putative protein YciH
[06:39:04] Modify product: UPF0509 protein YciZ => hypothetical protein
[06:39:04] Modify product: UPF0283 membrane protein YcjF => hypothetical protein
[06:39:04] Modify product: Probable 6-phospho-beta-glucosidase => putative 6-phospho-beta-glucosidase
[06:39:04] Modify product: Uncharacterized protein PA2218 => putative protein
[06:39:04] Modify product: Uncharacterized oxidoreductase YtbE => putative oxidoreductase YtbE
[06:39:04] Modify product: HTH-type transcriptional regulator XC_2801 => HTH-type transcriptional regulator
[06:39:04] Modify product: Probable quorum-quenching lactonase YtnP => putative quorum-quenching lactonase YtnP
[06:39:04] Modify product: Probable D-methionine-binding lipoprotein MetQ => putative D-methionine-binding lipoprotein MetQ
[06:39:04] Modify product: Uncharacterized oxidoreductase YdgJ => putative oxidoreductase YdgJ
[06:39:04] Modify product: Probable phospholipid transport protein YdbH => putative phospholipid transport protein YdbH
[06:39:04] Modify product: Uncharacterized protein YdfO => putative protein YdfO
[06:39:04] Modify product: Probable transporter YedE => putative transporter YedE
[06:39:04] Modify product: Probable DNA endonuclease SmrA => putative DNA endonuclease SmrA
[06:39:04] Modify product: Uncharacterized serine protease YdgD => putative serine protease YdgD
[06:39:04] Modify product: Uncharacterized protein YnfD => putative protein YnfD
[06:39:04] Modify product: UPF0482 protein YnfB => hypothetical protein
[06:39:04] Modify product: UPF0060 membrane protein YnfA => hypothetical protein
[06:39:04] Modify product: Probable L-galactonate transporter => putative L-galactonate transporter
[06:39:04] Modify product: Probable L-galactonate transporter => putative L-galactonate transporter
[06:39:04] Modify product: Probable amino-acid metabolite efflux pump => putative amino-acid metabolite efflux pump
[06:39:04] Modify product: UPF0056 inner membrane protein MarC => hypothetical protein
[06:39:04] Modify product: Uncharacterized isomerase YddE => putative isomerase YddE
[06:39:04] Modify product: Probable galactarate/D-glucarate transporter GudP => putative galactarate/D-glucarate transporter GudP
[06:39:04] Modify product: Uncharacterized MFS-type transporter YhhS => putative MFS-type transporter YhhS
[06:39:04] Modify product: Uncharacterized protein YycE => putative protein YycE
[06:39:04] Modify product: Probable fimbrial chaperone YraI => putative fimbrial chaperone YraI
[06:39:04] Modify product: Uncharacterized signaling protein CC_0091 => putative signaling protein
[06:39:04] Modify product: Uncharacterized oxidoreductase YkwC => putative oxidoreductase YkwC
[06:39:04] Modify product: HTH-type transcriptional regulator XC_2801 => HTH-type transcriptional regulator
[06:39:04] Modify product: Putative thiamine biosynthesis protein HI_0357 => Putative thiamine biosynthesis protein
[06:39:04] Modify product: Probable HTH-type transcriptional regulator LrhA => putative HTH-type transcriptional regulator LrhA
[06:39:04] Modify product: HTH-type transcriptional regulator XC_2801 => HTH-type transcriptional regulator
[06:39:04] Modify product: UPF0702 transmembrane protein YetF => hypothetical protein
[06:39:04] Modify product: Uncharacterized oxidoreductase YghA => putative oxidoreductase YghA
[06:39:04] Modify product: HTH-type transcriptional regulator XC_2801 => HTH-type transcriptional regulator
[06:39:04] Modify product: Probable ATP-binding protein YheS => putative ATP-binding protein YheS
[06:39:04] Modify product: Probable D,D-dipeptide transport system permease protein DdpC => putative D,D-dipeptide transport system permease protein DdpC
[06:39:04] Modify product: Probable nitrate reductase molybdenum cofactor assembly chaperone NarW => putative nitrate reductase molybdenum cofactor assembly chaperone NarW
[06:39:04] Modify product: Uncharacterized lipoprotein YgdR => putative lipoprotein YgdR
[06:39:04] Modify product: Uncharacterized protein YncE => putative protein YncE
[06:39:04] Modify product: UPF0381 protein YiiS => hypothetical protein
[06:39:04] Modify product: Uncharacterized protein YdcY => putative protein YdcY
[06:39:04] Modify product: 23S rRNA 5-hydroxycytidine C2501 synthase => 23S rRNA 5-hydroxycytidine synthase
[06:39:05] Modify product: Probable transporter SCO4007 => putative transporter
[06:39:05] Modify product: Uncharacterized oxidoreductase YdgJ => putative oxidoreductase YdgJ
[06:39:05] Modify product: Probable D,D-dipeptide transport ATP-binding protein DdpD => putative D,D-dipeptide transport ATP-binding protein DdpD
[06:39:05] Modify product: Probable succinyl-CoA:3-ketoacid coenzyme A transferase subunit A => putative succinyl-CoA:3-ketoacid coenzyme A transferase subunit A
[06:39:05] Modify product: Probable succinyl-CoA:3-ketoacid coenzyme A transferase subunit B => putative succinyl-CoA:3-ketoacid coenzyme A transferase subunit B
[06:39:05] Modify product: Probable siderophore transport system permease protein YfiZ => putative siderophore transport system permease protein YfiZ
[06:39:05] Modify product: Probable siderophore transport system ATP-binding protein YusV => putative siderophore transport system ATP-binding protein YusV
[06:39:05] Modify product: Probable L,D-transpeptidase YnhG => putative L,D-transpeptidase YnhG
[06:39:05] Modify product: Probable ATP-dependent transporter SufC => putative ATP-dependent transporter SufC
[06:39:05] Modify product: Probable ketoamine kinase HMPREF0351_12196 => putative ketoamine kinase
[06:39:05] Modify product: UPF0056 inner membrane protein MarC => hypothetical protein
[06:39:05] Modify product: Uncharacterized NTE family protein Rv1063c => putative NTE family protein
[06:39:05] Modify product: UPF0225 protein YchJ => hypothetical protein
[06:39:05] Modify product: Uncharacterized protein Rv2569c => putative protein
[06:39:05] Modify product: Uncharacterized protein Rv2567 => putative protein
[06:39:05] Modify product: Uncharacterized protein Rv2411c => putative protein
[06:39:05] Modify product: Uncharacterized protein YeaR => putative protein YeaR
[06:39:05] Modify product: Nudix hydrolase DR_1184 => Nudix hydrolase
[06:39:05] Modify product: Probable cyclic di-GMP phosphodiesterase PdeD => putative cyclic di-GMP phosphodiesterase PdeD
[06:39:05] Modify product: UPF0053 inner membrane protein YoaE => hypothetical protein
[06:39:05] Modify product: UPF0053 inner membrane protein YoaE => hypothetical protein
[06:39:05] Modify product: UPF0266 membrane protein YobD => hypothetical protein
[06:39:05] Modify product: Probable manganese efflux pump MntP => putative manganese efflux pump MntP
[06:39:05] Modify product: Uncharacterized protein YebV => putative protein YebV
[06:39:05] Modify product: Uncharacterized protein HI_0461 => putative protein
[06:39:05] Modify product: Uncharacterized protein YebY => putative protein YebY
[06:39:05] Modify product: Probable transcriptional regulatory protein YebC => putative transcriptional regulatory protein YebC
[06:39:05] Modify product: Probable transport protein HsrA => putative transport protein HsrA
[06:39:05] Modify product: Probable diguanylate cyclase DgcQ => putative diguanylate cyclase DgcQ
[06:39:05] Modify product: Uncharacterized inner membrane transporter YedA => putative inner membrane transporter YedA
[06:39:05] Modify product: Uncharacterized protein YedJ => putative protein YedJ
[06:39:05] Modify product: HTH-type transcriptional regulator XC_2801 => HTH-type transcriptional regulator
[06:39:05] Modify product: Probable L,D-transpeptidase ErfK/SrfK => putative L,D-transpeptidase ErfK/SrfK
[06:39:05] Modify product: Probable acrylyl-CoA reductase AcuI => putative acrylyl-CoA reductase AcuI
[06:39:05] Modify product: Probable FMN/FAD exporter YeeO => putative FMN/FAD exporter YeeO
[06:39:05] Modify product: Probable siderophore transport system permease protein YfhA => putative siderophore transport system permease protein YfhA
[06:39:05] Modify product: Uncharacterized protein YeaR => putative protein YeaR
[06:39:05] Modify product: Uncharacterized glycosyltransferase YkoT => putative glycosyltransferase YkoT
[06:39:05] Modify product: UPF0053 inner membrane protein YoaE => hypothetical protein
[06:39:05] Modify product: Probable lipid kinase YegS => putative lipid kinase YegS
[06:39:06] Modify product: Probable D,D-dipeptide transport system permease protein DdpC => putative D,D-dipeptide transport system permease protein DdpC
[06:39:06] Modify product: Probable D,D-dipeptide-binding periplasmic protein DdpA => putative D,D-dipeptide-binding periplasmic protein DdpA
[06:39:06] Modify product: Uncharacterized N-acetyltransferase YafP => putative N-acetyltransferase YafP
[06:39:06] Modify product: UPF0387 membrane protein YohO => hypothetical protein
[06:39:06] Modify product: UPF0299 membrane protein YohJ => hypothetical protein
[06:39:06] Modify product: Uncharacterized HTH-type transcriptional regulator YeiE => putative HTH-type transcriptional regulator YeiE
[06:39:06] Modify product: UPF0324 inner membrane protein YeiH => hypothetical protein
[06:39:06] Modify product: UPF0153 protein YeiW => hypothetical protein
[06:39:06] Modify product: Probable cyclic di-GMP phosphodiesterase PdeN => putative cyclic di-GMP phosphodiesterase PdeN
[06:39:06] Modify product: Uncharacterized protein YejA => putative protein YejA
[06:39:06] Modify product: Uncharacterized ABC transporter ATP-binding protein YejF => putative ABC transporter ATP-binding protein YejF
[06:39:06] Modify product: Uncharacterized protein YejG => putative protein YejG
[06:39:06] Modify product: UPF0352 protein YejL => hypothetical protein
[06:39:06] Modify product: Putative transport protein Rv1101c => Putative transport protein
[06:39:06] Modify product: Uncharacterized HTH-type transcriptional regulator RhmR => putative HTH-type transcriptional regulator RhmR
[06:39:06] Modify product: Probable HTH-type transcriptional regulator LrhA => putative HTH-type transcriptional regulator LrhA
[06:39:06] Modify product: UPF0304 protein YfbU => hypothetical protein
[06:39:06] Modify product: UPF0208 membrane protein YfbV => hypothetical protein
[06:39:06] Modify product: Uncharacterized Nudix hydrolase YfcD => putative Nudix hydrolase YfcD
[06:39:06] Modify product: Epimerase family protein SA0724 => Epimerase family protein
[06:39:06] Modify product: Uncharacterized MFS-type transporter YfcJ => putative MFS-type transporter YfcJ
[06:39:06] Modify product: Probable membrane transporter protein YfcA => putative membrane transporter protein YfcA
[06:39:06] Modify product: UPF0381 protein YiiS => hypothetical protein
[06:39:06] Modify product: Probable cyclic di-GMP phosphodiesterase PdeA => putative cyclic di-GMP phosphodiesterase PdeA
[06:39:06] Modify product: Uncharacterized protein YybH => putative protein YybH
[06:39:06] Modify product: Uncharacterized protein YfeY => putative protein YfeY
[06:39:06] Modify product: Probable ethanolamine permease EutH => putative ethanolamine permease EutH
[06:39:06] Modify product: Probable alcohol dehydrogenase EutG => putative alcohol dehydrogenase EutG
[06:39:06] Modify product: Probable acetate kinase EutP => putative acetate kinase EutP
[06:39:06] Modify product: Uncharacterized protein YfgD => putative protein YfgD
[06:39:06] Modify product: Uncharacterized protein YfgJ => putative protein YfgJ
[06:39:06] Modify product: Probable 3-phenylpropionic acid transporter => putative 3-phenylpropionic acid transporter
[06:39:06] Modify product: Uncharacterized protein YphB => putative protein YphB
[06:39:06] Modify product: Uncharacterized tRNA/rRNA methyltransferase YfiF => putative tRNA/rRNA methyltransferase YfiF
[06:39:06] Modify product: UPF0053 inner membrane protein YfjD => hypothetical protein
[06:39:06] Modify product: UPF0125 protein RatB => hypothetical protein
[06:39:06] Modify product: HTH-type transcriptional regulator XC_2801 => HTH-type transcriptional regulator
[06:39:06] Modify product: Probable fimbrial chaperone YadV => putative fimbrial chaperone YadV
[06:39:06] Modify product: Probable fimbrial chaperone YraI => putative fimbrial chaperone YraI
[06:39:06] Modify product: Uncharacterized protein YgaM => putative protein YgaM
[06:39:07] Modify product: Probable UbiX-like flavin prenyltransferase => putative UbiX-like flavin prenyltransferase
[06:39:07] Modify product: Probable galactarate/D-glucarate transporter GudP => putative galactarate/D-glucarate transporter GudP
[06:39:07] Modify product: Uncharacterized protein YqcC => putative protein YqcC
[06:39:07] Modify product: Probable FMNH2-dependent monooxygenase SfnC => putative FMNH2-dependent monooxygenase SfnC
[06:39:07] Modify product: Uncharacterized HTH-type transcriptional regulator YdjF => putative HTH-type transcriptional regulator YdjF
[06:39:07] Modify product: UPF0382 inner membrane protein YgdD => hypothetical protein
[06:39:07] Modify product: Uncharacterized lipoprotein YgdR => putative lipoprotein YgdR
[06:39:07] Modify product: Probable cobalt-factor III C(17)-methyltransferase => putative cobalt-factor III C(17)-methyltransferase
[06:39:07] Modify product: UPF0053 inner membrane protein YgdQ => hypothetical protein
[06:39:07] Modify product: Uncharacterized lipoprotein YgdR => putative lipoprotein YgdR
[06:39:07] Modify product: Probable fimbrial chaperone YadV => putative fimbrial chaperone YadV
[06:39:07] Modify product: Uncharacterized protein YjdJ => putative protein YjdJ
[06:39:07] Modify product: UPF0073 inner membrane protein YqfA => hypothetical protein
[06:39:07] Modify product: Uncharacterized oxidoreductase YgfF => putative oxidoreductase YgfF
[06:39:07] Modify product: UPF0149 protein HI_0817 => hypothetical protein
[06:39:07] Modify product: UPF0301 protein YqgE => hypothetical protein
[06:39:07] Modify product: Uncharacterized protein YggR => putative protein YggR
[06:39:07] Modify product: UPF0235 protein YggU => hypothetical protein
[06:39:07] Modify product: Uncharacterized protein HI_0341 => putative protein
[06:39:07] Modify product: Probable Fe(2+)-trafficking protein => putative Fe(2+)-trafficking protein
[06:39:07] Modify product: Uncharacterized membrane protein YdfK => putative membrane protein YdfK
[06:39:07] Modify product: HTH-type transcriptional regulator XC_2801 => HTH-type transcriptional regulator
[06:39:07] Modify product: Probable HTH-type transcriptional regulator STM3175 => putative HTH-type transcriptional regulator
[06:39:07] Modify product: Probable quinol monooxygenase YgiN => putative quinol monooxygenase YgiN
[06:39:07] Modify product: Probable glycerol-3-phosphate acyltransferase => putative glycerol-3-phosphate acyltransferase
[06:39:07] Modify product: Uncharacterized protein YqjD => putative protein YqjD
[06:39:07] Modify product: Probable galactarate/D-glucarate transporter GarP => putative galactarate/D-glucarate transporter GarP
[06:39:07] Modify product: UPF0102 protein RPA0323 => hypothetical protein
[06:39:07] Modify product: Uncharacterized inner membrane transporter YhbE => putative inner membrane transporter YhbE
[06:39:08] Modify product: Uncharacterized protein YhcO => putative protein YhcO
[06:39:08] Modify product: Uncharacterized membrane protein YhdT => putative membrane protein YhdT
[06:39:08] Modify product: Protein SlyX homolog => Protein SlyX 
[06:39:08] Modify product: Probable ATP-binding protein YheS => putative ATP-binding protein YheS
[06:39:08] Modify product: UPF0270 protein PA3463 => hypothetical protein
[06:39:08] Modify product: Probable protein adenylyltransferase Fic => putative protein adenylyltransferase Fic
[06:39:08] Modify product: Uncharacterized protein YhfG => putative protein YhfG
[06:39:08] Modify product: Probable [Fe-S]-dependent transcriptional repressor => putative [Fe-S]-dependent transcriptional repressor
[06:39:08] Modify product: Uncharacterized oxidoreductase YhhX => putative oxidoreductase YhhX
[06:39:08] Modify product: Uncharacterized protein YhhA => putative protein YhhA
[06:39:08] Modify product: Uncharacterized MFS-type transporter YhhS => putative MFS-type transporter YhhS
[06:39:08] Modify product: Probable 4-amino-4-deoxy-L-arabinose-phosphoundecaprenol flippase subunit ArnF => putative 4-amino-4-deoxy-L-arabinose-phosphoundecaprenol flippase subunit ArnF
[06:39:08] Modify product: Probable 4-amino-4-deoxy-L-arabinose-phosphoundecaprenol flippase subunit ArnE => putative 4-amino-4-deoxy-L-arabinose-phosphoundecaprenol flippase subunit ArnE
[06:39:08] Modify product: Probable 4-deoxy-4-formamido-L-arabinose-phosphoundecaprenol deformylase ArnD => putative 4-deoxy-4-formamido-L-arabinose-phosphoundecaprenol deformylase ArnD
[06:39:08] Modify product: Probable cyclic di-GMP phosphodiesterase PdeK => putative cyclic di-GMP phosphodiesterase PdeK
[06:39:08] Modify product: Uncharacterized MFS-type transporter YhjX => putative MFS-type transporter YhjX
[06:39:08] Modify product: Probable lipoprotein YiaD => putative lipoprotein YiaD
[06:39:08] Modify product: Uncharacterized GST-like protein YibF => putative GST-like protein YibF
[06:39:09] Modify product: Uncharacterized protein YibL => putative protein YibL
[06:39:09] Modify product: Uncharacterized protein YibN => putative protein YibN
[06:39:09] Modify product: UPF0758 protein YsxA => hypothetical protein
[06:39:09] Modify product: Probable multidrug ABC transporter permease YbhR => putative multidrug ABC transporter permease YbhR
[06:39:09] Modify product: Probable multidrug ABC transporter ATP-binding protein YbhF => putative multidrug ABC transporter ATP-binding protein YbhF
[06:39:09] Modify product: UPF0194 membrane protein YbhG => hypothetical protein
[06:39:09] Modify product: Uncharacterized protein MT2054 => putative protein
[06:39:09] Modify product: UPF0126 inner membrane protein YicG => hypothetical protein
[06:39:09] Modify product: UPF0311 protein CA_C3321 => hypothetical protein
[06:39:09] Modify product: Zinc-type alcohol dehydrogenase-like protein SA1988 => Zinc-type alcohol dehydrogenase-like protein
[06:39:09] Modify product: Uncharacterized inner membrane transporter YicL => putative inner membrane transporter YicL
[06:39:09] Modify product: HTH-type transcriptional regulator Cphy_2742 => HTH-type transcriptional regulator
[06:39:09] Modify product: Probable transport protein HsrA => putative transport protein HsrA
[06:39:09] Modify product: Probable GTP-binding protein EngB => putative GTP-binding protein EngB
[06:39:09] Modify product: UPF0761 membrane protein YihY => hypothetical protein
[06:39:09] Modify product: Probable acyltransferase FabY => putative acyltransferase FabY
[06:39:09] Modify product: Probable fructose-bisphosphate aldolase => putative fructose-bisphosphate aldolase
[06:39:09] Modify product: Probable cystine transporter YijE => putative cystine transporter YijE
[06:39:10] Modify product: Probable tellurium resistance transcriptional regulator TerW => putative tellurium resistance transcriptional regulator TerW
[06:39:10] Modify product: Zinc chaperone Rv0106 => Zinc chaperone
[06:39:10] Modify product: Uncharacterized protein YbdM => putative protein YbdM
[06:39:10] Modify product: Aldo-keto reductase MSMEG_2408/MSMEI_2347 => Aldo-keto reductase/MSMEI_2347
[06:39:10] Cleaned 312 /product names
[06:39:10] Deleting unwanted file: results/prokka_annotations/GCA_054952405.1/GCA_054952405.1.sprot.tmp.38632.faa
[06:39:10] Deleting unwanted file: results/prokka_annotations/GCA_054952405.1/GCA_054952405.1.sprot.tmp.38632.blast
[06:39:10] There are still 1259 unannotated CDS left (started with 5200)
[06:39:10] Will use hmmer3 to search against /opt/conda/envs/prokka_env/db/hmm/HAMAP.hmm with 2 CPUs
[06:39:10] Running: cat results\/prokka_annotations\/GCA_054952405\.1\/GCA_054952405\.1\.HAMAP\.hmm\.tmp\.38632\.faa | parallel --gnu --plain -j 2 --block 80237 --recstart '>' --pipe hmmscan --noali --notextw --acc -E 1e-09 --cpu 1 /opt/conda/envs/prokka_env/db/hmm/HAMAP.hmm /dev/stdin > results\/prokka_annotations\/GCA_054952405\.1\/GCA_054952405\.1\.HAMAP\.hmm\.tmp\.38632\.hmmer3 2> /dev/null
[06:40:06] Modify product: Uncharacterized MFS-type transporter YfcJ => putative MFS-type transporter YfcJ
[06:40:07] Modify product: Uncharacterized MFS-type transporter YcaD => putative MFS-type transporter YcaD
[06:40:07] Cleaned 2 /product names
[06:40:07] Deleting unwanted file: results/prokka_annotations/GCA_054952405.1/GCA_054952405.1.HAMAP.hmm.tmp.38632.faa
[06:40:07] Deleting unwanted file: results/prokka_annotations/GCA_054952405.1/GCA_054952405.1.HAMAP.hmm.tmp.38632.hmmer3
[06:40:07] Labelling remaining 1109 proteins as 'hypothetical protein'
[06:40:07] Possible /pseudo 'Peptidyl-prolyl cis-trans isomerase C' at CM143108.1 position 18557
[06:40:07] Possible /pseudo 'Formate dehydrogenase H' at CM143108.1 position 238174
[06:40:07] Possible /pseudo 'Homoprotocatechuate catabolism bifunctional isomerase/decarboxylase' at CM143108.1 position 609539
[06:40:07] Possible /pseudo '[Ribosomal protein bS18]-alanine N-acetyltransferase' at CM143108.1 position 620418
[06:40:07] Possible /pseudo 'Pullulanase' at CM143108.1 position 851902
[06:40:07] Possible /pseudo 'IS3 family transposase ISKpn1' at CM143108.1 position 854906
[06:40:07] Possible /pseudo 'IS3 family transposase IS1400' at CM143108.1 position 976882
[06:40:07] Possible /pseudo 'IS3 family transposase ISKpn1' at CM143108.1 position 1012529
[06:40:07] Possible /pseudo 'Nuclease SbcCD subunit D' at CM143108.1 position 1044471
[06:40:07] Possible /pseudo 'Thiamine-monophosphate kinase' at CM143108.1 position 1074833
[06:40:07] Possible /pseudo 'Oligopeptide transport ATP-binding protein OppD' at CM143108.1 position 1328115
[06:40:07] Possible /pseudo 'IS3 family transposase ISKpn1' at CM143108.1 position 1341241
[06:40:07] Possible /pseudo 'Peptide transporter CstA' at CM143108.1 position 1389768
[06:40:07] Possible /pseudo 'putative multidrug ABC transporter permease YbhR' at CM143108.1 position 1593592
[06:40:07] Possible /pseudo 'Glucose-1-phosphatase' at CM143108.1 position 1845536
[06:40:07] Possible /pseudo 'Putative pyrimidine permease RutG' at CM143108.1 position 1849441
[06:40:07] Possible /pseudo 'Glucans biosynthesis glucosyltransferase H' at CM143108.1 position 1882769
[06:40:07] Possible /pseudo 'Catalase HPII' at CM143108.1 position 2113985
[06:40:07] Possible /pseudo 'putative L-galactonate transporter' at CM143108.1 position 2433793
[06:40:07] Possible /pseudo 'High-affinity branched-chain amino acid transport ATP-binding protein LivF' at CM143108.1 position 2472784
[06:40:07] Possible /pseudo 'Succinate semialdehyde dehydrogenase [NAD(P)+] Sad' at CM143108.1 position 2491660
[06:40:07] Possible /pseudo 'NADPH dehydrogenase' at CM143108.1 position 2608406
[06:40:07] Possible /pseudo 'Catalase-peroxidase' at CM143108.1 position 2673074
[06:40:07] Possible /pseudo 'Formate dehydrogenase, nitrate-inducible, major subunit' at CM143108.1 position 2726079
[06:40:07] Possible /pseudo '2-halobenzoate 1,2-dioxygenase large subunit' at CM143108.1 position 2731192
[06:40:07] Possible /pseudo 'IS3 family transposase IS1400' at CM143108.1 position 2911993
[06:40:07] Possible /pseudo 'Phenylalanine--tRNA ligase beta subunit' at CM143108.1 position 3040547
[06:40:07] Possible /pseudo 'Hercynine oxygenase' at CM143108.1 position 3131942
[06:40:07] Possible /pseudo 'Hercynine oxygenase' at CM143108.1 position 3133019
[06:40:07] Possible /pseudo 'putative protein' at CM143108.1 position 3171565
[06:40:07] Possible /pseudo 'putative protein' at CM143108.1 position 3172488
[06:40:07] Possible /pseudo 'ATP-dependent DNA helicase YoaA' at CM143108.1 position 3199772
[06:40:07] Possible /pseudo 'Manganese transport system membrane protein MntB' at CM143108.1 position 3394281
[06:40:07] Possible /pseudo 'Tyrosine-protein kinase wzc' at CM143108.1 position 3584035
[06:40:07] Possible /pseudo 'PTS system fructose-specific EIIB'BC component' at CM143108.1 position 3694195
[06:40:07] Possible /pseudo 'Putative oxidoreductase AegA' at CM143108.1 position 3911759
[06:40:07] Possible /pseudo 'Manganese transport system membrane protein MntB' at CM143108.1 position 4211358
[06:40:07] Possible /pseudo '2-dehydro-3-deoxy-D-gluconate 5-dehydrogenase' at CM143108.1 position 4394688
[06:40:07] Possible /pseudo 'ISKra4 family transposase ISCep1' at CM143108.1 position 4416850
[06:40:07] Possible /pseudo 'NADPH:quinone oxidoreductase MdaB' at CM143108.1 position 4553996
[06:40:07] Possible /pseudo 'Intermembrane phospholipid transporter YhdP' at CM143108.1 position 4769387
[06:40:07] Possible /pseudo 'Siroheme synthase' at CM143108.1 position 4853232
[06:40:07] Possible /pseudo 'IS3 family transposase ISKpn1' at CM143108.1 position 5028856
[06:40:07] Possible /pseudo 'Voltage-gated ClC-type chloride channel ClcB' at CM143108.1 position 5126366
[06:40:07] Possible /pseudo 'Formate dehydrogenase-O major subunit' at CM143108.1 position 5334561
[06:40:07] Possible /pseudo 'Manganese transport system membrane protein MntB' at JBUCRO010000001.1 position 1018
[06:40:07] Possible /pseudo 'IS3 family transposase ISEc36' at JBUCRO010000001.1 position 9927
[06:40:07] Possible /pseudo 'Copper resistance protein A' at JBUCRO010000001.1 position 39411
[06:40:07] Possible /pseudo 'Putative transposase for insertion sequence element IS5376' at JBUCRO010000001.1 position 71192
[06:40:07] Possible /pseudo 'General stress protein 16U' at JBUCRO010000001.1 position 128688
[06:40:07] Possible /pseudo 'Manganese transport system membrane protein MntB' at JBUCRO010000005.1 position 1018
[06:40:07] Found 3182 unique /gene codes.
[06:40:07] Fixed 3 duplicate /gene - gltC_1 gltC_2 gltC_3
[06:40:07] Fixed 5 duplicate /gene - fruA_1 fruA_2 fruA_3 fruA_4 fruA_5
[06:40:07] Fixed 3 duplicate /gene - glmS_1 glmS_2 glmS_3
[06:40:07] Fixed 2 duplicate /gene - ugpB_1 ugpB_2
[06:40:07] Fixed 2 duplicate /gene - ppsC_1 ppsC_2
[06:40:07] Fixed 5 duplicate /gene - oppD_1 oppD_2 oppD_3 oppD_4 oppD_5
[06:40:07] Fixed 3 duplicate /gene - iprA_1 iprA_2 iprA_3
[06:40:07] Fixed 2 duplicate /gene - astC_1 astC_2
[06:40:07] Fixed 2 duplicate /gene - lrhA_1 lrhA_2
[06:40:07] Fixed 3 duplicate /gene - ibpB_1 ibpB_2 ibpB_3
[06:40:07] Fixed 2 duplicate /gene - yraI_1 yraI_2
[06:40:07] Fixed 2 duplicate /gene - ulaB_1 ulaB_2
[06:40:07] Fixed 2 duplicate /gene - cytR_1 cytR_2
[06:40:07] Fixed 3 duplicate /gene - ybhR_1 ybhR_2 ybhR_3
[06:40:07] Fixed 3 duplicate /gene - pncC_1 pncC_2 pncC_3
[06:40:07] Fixed 2 duplicate /gene - fabD_1 fabD_2
[06:40:07] Fixed 2 duplicate /gene - can_1 can_2
[06:40:07] Fixed 3 duplicate /gene - thiL_1 thiL_2 thiL_3
[06:40:07] Fixed 2 duplicate /gene - fbaA_1 fbaA_2
[06:40:07] Fixed 4 duplicate /gene - btuF_1 btuF_2 btuF_3 btuF_4
[06:40:07] Fixed 7 duplicate /gene - rhaR_1 rhaR_2 rhaR_3 rhaR_4 rhaR_5 rhaR_6 rhaR_7
[06:40:07] Fixed 2 duplicate /gene - dmsB_1 dmsB_2
[06:40:07] Fixed 4 duplicate /gene - betI_1 betI_2 betI_3 betI_4
[06:40:07] Fixed 2 duplicate /gene - ydfK_1 ydfK_2
[06:40:07] Fixed 7 duplicate /gene - rhaS_1 rhaS_2 rhaS_3 rhaS_4 rhaS_5 rhaS_6 rhaS_7
[06:40:07] Fixed 2 duplicate /gene - bamA_1 bamA_2
[06:40:07] Fixed 2 duplicate /gene - lysN_1 lysN_2
[06:40:07] Fixed 5 duplicate /gene - tcyJ_1 tcyJ_2 tcyJ_3 tcyJ_4 tcyJ_5
[06:40:07] Fixed 2 duplicate /gene - ddpA_1 ddpA_2
[06:40:07] Fixed 2 duplicate /gene - topB_1 topB_2
[06:40:07] Fixed 2 duplicate /gene - fimC_1 fimC_2
[06:40:07] Fixed 3 duplicate /gene - yadV_1 yadV_2 yadV_3
[06:40:07] Fixed 2 duplicate /gene - rluA_1 rluA_2
[06:40:07] Fixed 2 duplicate /gene - xanP_1 xanP_2
[06:40:07] Fixed 4 duplicate /gene - nimR_1 nimR_2 nimR_3 nimR_4
[06:40:07] Fixed 2 duplicate /gene - ada_1 ada_2
[06:40:07] Fixed 2 duplicate /gene - aaeA_1 aaeA_2
[06:40:07] Fixed 2 duplicate /gene - ptsJ_1 ptsJ_2
[06:40:07] Fixed 3 duplicate /gene - srlB_1 srlB_2 srlB_3
[06:40:07] Fixed 4 duplicate /gene - gudP_1 gudP_2 gudP_3 gudP_4
[06:40:07] Fixed 4 duplicate /gene - celA_1 celA_2 celA_3 celA_4
[06:40:07] Fixed 2 duplicate /gene - lspA_1 lspA_2
[06:40:07] Fixed 2 duplicate /gene - dnaT_1 dnaT_2
[06:40:07] Fixed 2 duplicate /gene - era_1 era_2
[06:40:07] Fixed 2 duplicate /gene - manP_1 manP_2
[06:40:07] Fixed 4 duplicate /gene - dmlR_1 dmlR_2 dmlR_3 dmlR_4
[06:40:07] Fixed 3 duplicate /gene - tcyL_1 tcyL_2 tcyL_3
[06:40:07] Fixed 4 duplicate /gene - gsiC_1 gsiC_2 gsiC_3 gsiC_4
[06:40:07] Fixed 2 duplicate /gene - ygaZ_1 ygaZ_2
[06:40:07] Fixed 2 duplicate /gene - hisI_1 hisI_2
[06:40:07] Fixed 2 duplicate /gene - gabD_1 gabD_2
[06:40:07] Fixed 4 duplicate /gene - metI_1 metI_2 metI_3 metI_4
[06:40:07] Fixed 3 duplicate /gene - hmuU_1 hmuU_2 hmuU_3
[06:40:07] Fixed 3 duplicate /gene - mdtH_1 mdtH_2 mdtH_3
[06:40:07] Fixed 4 duplicate /gene - lamB_1 lamB_2 lamB_3 lamB_4
[06:40:07] Fixed 2 duplicate /gene - dsdC_1 dsdC_2
[06:40:07] Fixed 2 duplicate /gene - blc_1 blc_2
[06:40:07] Fixed 3 duplicate /gene - pduO_1 pduO_2 pduO_3
[06:40:07] Fixed 2 duplicate /gene - mdoH_1 mdoH_2
[06:40:07] Fixed 5 duplicate /gene - yajO_1 yajO_2 yajO_3 yajO_4 yajO_5
[06:40:07] Fixed 2 duplicate /gene - dgoA_1 dgoA_2
[06:40:07] Fixed 3 duplicate /gene - lsrD_1 lsrD_2 lsrD_3
[06:40:07] Fixed 2 duplicate /gene - cmoO_1 cmoO_2
[06:40:07] Fixed 2 duplicate /gene - aroE_1 aroE_2
[06:40:07] Fixed 3 duplicate /gene - lptB_1 lptB_2 lptB_3
[06:40:07] Fixed 9 duplicate /gene - rbsC_1 rbsC_2 rbsC_3 rbsC_4 rbsC_5 rbsC_6 rbsC_7 rbsC_8 rbsC_9
[06:40:07] Fixed 2 duplicate /gene - ygiW_1 ygiW_2
[06:40:07] Fixed 2 duplicate /gene - mepS_1 mepS_2
[06:40:07] Fixed 2 duplicate /gene - hisJ_1 hisJ_2
[06:40:07] Fixed 2 duplicate /gene - rhtB_1 rhtB_2
[06:40:07] Fixed 2 duplicate /gene - hiuH_1 hiuH_2
[06:40:07] Fixed 2 duplicate /gene - acrB_1 acrB_2
[06:40:07] Fixed 2 duplicate /gene - repB_1 repB_2
[06:40:07] Fixed 2 duplicate /gene - proP_1 proP_2
[06:40:07] Fixed 2 duplicate /gene - def_1 def_2
[06:40:07] Fixed 2 duplicate /gene - iolU_1 iolU_2
[06:40:07] Fixed 3 duplicate /gene - uspG_1 uspG_2 uspG_3
[06:40:07] Fixed 3 duplicate /gene - mltF_1 mltF_2 mltF_3
[06:40:07] Fixed 2 duplicate /gene - puuB_1 puuB_2
[06:40:07] Fixed 2 duplicate /gene - dsbD_1 dsbD_2
[06:40:07] Fixed 3 duplicate /gene - pcaR_1 pcaR_2 pcaR_3
[06:40:07] Fixed 5 duplicate /gene - hpf_1 hpf_2 hpf_3 hpf_4 hpf_5
[06:40:07] Fixed 3 duplicate /gene - sorC_1 sorC_2 sorC_3
[06:40:07] Fixed 2 duplicate /gene - icd_1 icd_2
[06:40:07] Fixed 2 duplicate /gene - rapA_1 rapA_2
[06:40:07] Fixed 2 duplicate /gene - malT_1 malT_2
[06:40:07] Fixed 3 duplicate /gene - vgrG2b_1 vgrG2b_2 vgrG2b_3
[06:40:07] Fixed 2 duplicate /gene - lacI_1 lacI_2
[06:40:07] Fixed 3 duplicate /gene - metN_1 metN_2 metN_3
[06:40:07] Fixed 2 duplicate /gene - cusR_1 cusR_2
[06:40:07] Fixed 2 duplicate /gene - yraJ_1 yraJ_2
[06:40:07] Fixed 2 duplicate /gene - ftsI_1 ftsI_2
[06:40:07] Fixed 2 duplicate /gene - ascG_1 ascG_2
[06:40:07] Fixed 3 duplicate /gene - nepI_1 nepI_2 nepI_3
[06:40:07] Fixed 2 duplicate /gene - codA_1 codA_2
[06:40:07] Fixed 2 duplicate /gene - luxA_1 luxA_2
[06:40:07] Fixed 2 duplicate /gene - amiC_1 amiC_2
[06:40:07] Fixed 2 duplicate /gene - lyx_1 lyx_2
[06:40:07] Fixed 2 duplicate /gene - alx_1 alx_2
[06:40:07] Fixed 2 duplicate /gene - ettA_1 ettA_2
[06:40:07] Fixed 2 duplicate /gene - silE_1 silE_2
[06:40:07] Fixed 2 duplicate /gene - cstA_1 cstA_2
[06:40:07] Fixed 3 duplicate /gene - cysS_1 cysS_2 cysS_3
[06:40:07] Fixed 2 duplicate /gene - ribX_1 ribX_2
[06:40:07] Fixed 2 duplicate /gene - ribZ_1 ribZ_2
[06:40:07] Fixed 2 duplicate /gene - sacP_1 sacP_2
[06:40:07] Fixed 4 duplicate /gene - ttuB_1 ttuB_2 ttuB_3 ttuB_4
[06:40:07] Fixed 2 duplicate /gene - yafP_1 yafP_2
[06:40:07] Fixed 2 duplicate /gene - xerC_1 xerC_2
[06:40:07] Fixed 3 duplicate /gene - lsrB_1 lsrB_2 lsrB_3
[06:40:07] Fixed 2 duplicate /gene - cds1_1 cds1_2
[06:40:07] Fixed 2 duplicate /gene - cobT_1 cobT_2
[06:40:07] Fixed 2 duplicate /gene - mngR_1 mngR_2
[06:40:07] Fixed 2 duplicate /gene - silA_1 silA_2
[06:40:07] Fixed 2 duplicate /gene - yqhC_1 yqhC_2
[06:40:07] Fixed 2 duplicate /gene - guaD_1 guaD_2
[06:40:07] Fixed 2 duplicate /gene - ppa_1 ppa_2
[06:40:07] Fixed 3 duplicate /gene - emrA_1 emrA_2 emrA_3
[06:40:07] Fixed 2 duplicate /gene - trmL_1 trmL_2
[06:40:07] Fixed 2 duplicate /gene - artJ_1 artJ_2
[06:40:07] Fixed 3 duplicate /gene - garK_1 garK_2 garK_3
[06:40:07] Fixed 4 duplicate /gene - rbsA_1 rbsA_2 rbsA_3 rbsA_4
[06:40:07] Fixed 2 duplicate /gene - pduE_1 pduE_2
[06:40:07] Fixed 2 duplicate /gene - sasA_1 sasA_2
[06:40:07] Fixed 2 duplicate /gene - yhdP_1 yhdP_2
[06:40:07] Fixed 2 duplicate /gene - ycaD_1 ycaD_2
[06:40:07] Fixed 3 duplicate /gene - benM_1 benM_2 benM_3
[06:40:07] Fixed 2 duplicate /gene - fimI_1 fimI_2
[06:40:07] Fixed 2 duplicate /gene - eutB_1 eutB_2
[06:40:07] Fixed 2 duplicate /gene - cydA_1 cydA_2
[06:40:07] Fixed 3 duplicate /gene - gabR_1 gabR_2 gabR_3
[06:40:07] Fixed 2 duplicate /gene - rutB_1 rutB_2
[06:40:07] Fixed 2 duplicate /gene - aspT_1 aspT_2
[06:40:07] Fixed 2 duplicate /gene - kdgK_1 kdgK_2
[06:40:07] Fixed 2 duplicate /gene - glpT_1 glpT_2
[06:40:07] Fixed 2 duplicate /gene - azoR_1 azoR_2
[06:40:07] Fixed 2 duplicate /gene - yagG_1 yagG_2
[06:40:07] Fixed 2 duplicate /gene - pckA_1 pckA_2
[06:40:07] Fixed 2 duplicate /gene - ompR_1 ompR_2
[06:40:07] Fixed 2 duplicate /gene - nudK_1 nudK_2
[06:40:07] Fixed 2 duplicate /gene - ahpC_1 ahpC_2
[06:40:07] Fixed 3 duplicate /gene - suhB_1 suhB_2 suhB_3
[06:40:07] Fixed 3 duplicate /gene - intA_1 intA_2 intA_3
[06:40:07] Fixed 2 duplicate /gene - ramA_1 ramA_2
[06:40:07] Fixed 3 duplicate /gene - agp_1 agp_2 agp_3
[06:40:07] Fixed 3 duplicate /gene - hisC_1 hisC_2 hisC_3
[06:40:07] Fixed 2 duplicate /gene - galR_1 galR_2
[06:40:07] Fixed 3 duplicate /gene - egtB_1 egtB_2 egtB_3
[06:40:07] Fixed 3 duplicate /gene - ridA_1 ridA_2 ridA_3
[06:40:07] Fixed 2 duplicate /gene - bluF_1 bluF_2
[06:40:07] Fixed 2 duplicate /gene - hyi_1 hyi_2
[06:40:07] Fixed 2 duplicate /gene - metC_1 metC_2
[06:40:07] Fixed 2 duplicate /gene - dnaK_1 dnaK_2
[06:40:07] Fixed 3 duplicate /gene - pcaK_1 pcaK_2 pcaK_3
[06:40:07] Fixed 2 duplicate /gene - chcC2_1 chcC2_2
[06:40:07] Fixed 7 duplicate /gene - licC_1 licC_2 licC_3 licC_4 licC_5 licC_6 licC_7
[06:40:07] Fixed 5 duplicate /gene - srlR_1 srlR_2 srlR_3 srlR_4 srlR_5
[06:40:07] Fixed 2 duplicate /gene - ssuB_1 ssuB_2
[06:40:07] Fixed 3 duplicate /gene - yncE_1 yncE_2 yncE_3
[06:40:07] Fixed 2 duplicate /gene - ccpA_1 ccpA_2
[06:40:07] Fixed 2 duplicate /gene - cobD_1 cobD_2
[06:40:07] Fixed 2 duplicate /gene - ybdM_1 ybdM_2
[06:40:08] Fixed 3 duplicate /gene - rimI_1 rimI_2 rimI_3
[06:40:08] Fixed 2 duplicate /gene - iroN_1 iroN_2
[06:40:08] Fixed 2 duplicate /gene - decR_1 decR_2
[06:40:08] Fixed 3 duplicate /gene - lrp_1 lrp_2 lrp_3
[06:40:08] Fixed 5 duplicate /gene - gcvA_1 gcvA_2 gcvA_3 gcvA_4 gcvA_5
[06:40:08] Fixed 2 duplicate /gene - astE_1 astE_2
[06:40:08] Fixed 2 duplicate /gene - stp_1 stp_2
[06:40:08] Fixed 2 duplicate /gene - ppsE_1 ppsE_2
[06:40:08] Fixed 3 duplicate /gene - mrkD_1 mrkD_2 mrkD_3
[06:40:08] Fixed 2 duplicate /gene - kdpB_1 kdpB_2
[06:40:08] Fixed 2 duplicate /gene - acsAB_1 acsAB_2
[06:40:08] Fixed 2 duplicate /gene - lgdh_1 lgdh_2
[06:40:08] Fixed 2 duplicate /gene - ytfR_1 ytfR_2
[06:40:08] Fixed 2 duplicate /gene - bcsB_1 bcsB_2
[06:40:08] Fixed 2 duplicate /gene - astA_1 astA_2
[06:40:08] Fixed 2 duplicate /gene - shiA_1 shiA_2
[06:40:08] Fixed 2 duplicate /gene - gltA_1 gltA_2
[06:40:08] Fixed 2 duplicate /gene - acrR_1 acrR_2
[06:40:08] Fixed 5 duplicate /gene - pgrR_1 pgrR_2 pgrR_3 pgrR_4 pgrR_5
[06:40:08] Fixed 2 duplicate /gene - hisQ_1 hisQ_2
[06:40:08] Fixed 2 duplicate /gene - map_1 map_2
[06:40:08] Fixed 4 duplicate /gene - hexR_1 hexR_2 hexR_3 hexR_4
[06:40:08] Fixed 2 duplicate /gene - feuC_1 feuC_2
[06:40:08] Fixed 4 duplicate /gene - metQ_1 metQ_2 metQ_3 metQ_4
[06:40:08] Fixed 3 duplicate /gene - ddpC_1 ddpC_2 ddpC_3
[06:40:08] Fixed 3 duplicate /gene - dauA_1 dauA_2 dauA_3
[06:40:08] Fixed 2 duplicate /gene - tenA_1 tenA_2
[06:40:08] Fixed 2 duplicate /gene - glgS_1 glgS_2
[06:40:08] Fixed 3 duplicate /gene - copA_1 copA_2 copA_3
[06:40:08] Fixed 4 duplicate /gene - mdtA_1 mdtA_2 mdtA_3 mdtA_4
[06:40:08] Fixed 2 duplicate /gene - scrY_1 scrY_2
[06:40:08] Fixed 2 duplicate /gene - bdcA_1 bdcA_2
[06:40:08] Fixed 2 duplicate /gene - malK_1 malK_2
[06:40:08] Fixed 2 duplicate /gene - licH_1 licH_2
[06:40:08] Fixed 2 duplicate /gene - aroP_1 aroP_2
[06:40:08] Fixed 2 duplicate /gene - sbcD_1 sbcD_2
[06:40:08] Fixed 2 duplicate /gene - purR_1 purR_2
[06:40:08] Fixed 2 duplicate /gene - tssF1_1 tssF1_2
[06:40:08] Fixed 2 duplicate /gene - ppiC_1 ppiC_2
[06:40:08] Fixed 2 duplicate /gene - dctA_1 dctA_2
[06:40:08] Fixed 3 duplicate /gene - tsaR_1 tsaR_2 tsaR_3
[06:40:08] Fixed 4 duplicate /gene - xylB_1 xylB_2 xylB_3 xylB_4
[06:40:08] Fixed 2 duplicate /gene - gsiA_1 gsiA_2
[06:40:08] Fixed 2 duplicate /gene - mak_1 mak_2
[06:40:08] Fixed 2 duplicate /gene - dppA_1 dppA_2
[06:40:08] Fixed 2 duplicate /gene - zapE_1 zapE_2
[06:40:08] Fixed 3 duplicate /gene - dppF_1 dppF_2 dppF_3
[06:40:08] Fixed 2 duplicate /gene - apbE_1 apbE_2
[06:40:08] Fixed 2 duplicate /gene - gltJ_1 gltJ_2
[06:40:08] Fixed 4 duplicate /gene - glpR_1 glpR_2 glpR_3 glpR_4
[06:40:08] Fixed 2 duplicate /gene - frcA_1 frcA_2
[06:40:08] Fixed 2 duplicate /gene - fusA1_1 fusA1_2
[06:40:08] Fixed 2 duplicate /gene - fdoG_1 fdoG_2
[06:40:08] Fixed 2 duplicate /gene - artQ_1 artQ_2
[06:40:08] Fixed 2 duplicate /gene - mepM_1 mepM_2
[06:40:08] Fixed 2 duplicate /gene - dhaK_1 dhaK_2
[06:40:08] Fixed 6 duplicate /gene - malP_1 malP_2 malP_3 malP_4 malP_5 malP_6
[06:40:08] Fixed 2 duplicate /gene - ybdG_1 ybdG_2
[06:40:08] Fixed 2 duplicate /gene - fdnG_1 fdnG_2
[06:40:08] Fixed 2 duplicate /gene - tufA_1 tufA_2
[06:40:08] Fixed 4 duplicate /gene - ulaA_1 ulaA_2 ulaA_3 ulaA_4
[06:40:08] Fixed 3 duplicate /gene - menH_1 menH_2 menH_3
[06:40:08] Fixed 3 duplicate /gene - hemB_1 hemB_2 hemB_3
[06:40:08] Fixed 2 duplicate /gene - lexA_1 lexA_2
[06:40:08] Fixed 2 duplicate /gene - ompN_1 ompN_2
[06:40:08] Fixed 2 duplicate /gene - mdaB_1 mdaB_2
[06:40:08] Fixed 2 duplicate /gene - lpfB_1 lpfB_2
[06:40:08] Fixed 2 duplicate /gene - lldD_1 lldD_2
[06:40:08] Fixed 2 duplicate /gene - ompA_1 ompA_2
[06:40:08] Fixed 2 duplicate /gene - sutR_1 sutR_2
[06:40:08] Fixed 2 duplicate /gene - lacZ_1 lacZ_2
[06:40:08] Fixed 2 duplicate /gene - hcpA_1 hcpA_2
[06:40:08] Fixed 2 duplicate /gene - ugpA_1 ugpA_2
[06:40:08] Fixed 2 duplicate /gene - fruB_1 fruB_2
[06:40:08] Fixed 2 duplicate /gene - dadA_1 dadA_2
[06:40:08] Fixed 3 duplicate /gene - carA_1 carA_2 carA_3
[06:40:08] Fixed 4 duplicate /gene - rbsR_1 rbsR_2 rbsR_3 rbsR_4
[06:40:08] Fixed 2 duplicate /gene - rssB_1 rssB_2
[06:40:08] Fixed 2 duplicate /gene - bioD1_1 bioD1_2
[06:40:08] Fixed 2 duplicate /gene - msuD_1 msuD_2
[06:40:08] Fixed 2 duplicate /gene - topA_1 topA_2
[06:40:08] Fixed 2 duplicate /gene - rbn_1 rbn_2
[06:40:08] Fixed 2 duplicate /gene - rutG_1 rutG_2
[06:40:08] Fixed 2 duplicate /gene - feaB_1 feaB_2
[06:40:08] Fixed 2 duplicate /gene - frlB_1 frlB_2
[06:40:08] Fixed 2 duplicate /gene - cdaR_1 cdaR_2
[06:40:08] Fixed 2 duplicate /gene - jefA_1 jefA_2
[06:40:08] Fixed 2 duplicate /gene - dmsA_1 dmsA_2
[06:40:08] Fixed 2 duplicate /gene - pcpR_1 pcpR_2
[06:40:08] Fixed 2 duplicate /gene - htrE_1 htrE_2
[06:40:08] Fixed 2 duplicate /gene - srlA_1 srlA_2
[06:40:08] Fixed 2 duplicate /gene - fucP_1 fucP_2
[06:40:08] Fixed 4 duplicate /gene - yceD_1 yceD_2 yceD_3 yceD_4
[06:40:08] Fixed 2 duplicate /gene - citG_1 citG_2
[06:40:08] Fixed 2 duplicate /gene - hpcE_1 hpcE_2
[06:40:08] Fixed 2 duplicate /gene - mgtE_1 mgtE_2
[06:40:08] Fixed 3 duplicate /gene - btuD_1 btuD_2 btuD_3
[06:40:08] Fixed 2 duplicate /gene - srlE_1 srlE_2
[06:40:08] Fixed 2 duplicate /gene - aaeB_1 aaeB_2
[06:40:08] Fixed 2 duplicate /gene - fabF_1 fabF_2
[06:40:08] Fixed 2 duplicate /gene - kgtP_1 kgtP_2
[06:40:08] Fixed 4 duplicate /gene - hdfR_1 hdfR_2 hdfR_3 hdfR_4
[06:40:08] Fixed 2 duplicate /gene - dltA_1 dltA_2
[06:40:08] Fixed 2 duplicate /gene - allS_1 allS_2
[06:40:08] Fixed 3 duplicate /gene - nodD2_1 nodD2_2 nodD2_3
[06:40:08] Fixed 3 duplicate /gene - intS_1 intS_2 intS_3
[06:40:08] Fixed 2 duplicate /gene - gatC_1 gatC_2
[06:40:08] Fixed 2 duplicate /gene - dinG_1 dinG_2
[06:40:08] Fixed 2 duplicate /gene - yabI_1 yabI_2
[06:40:08] Fixed 2 duplicate /gene - sbnD_1 sbnD_2
[06:40:08] Fixed 3 duplicate /gene - slyA_1 slyA_2 slyA_3
[06:40:08] Fixed 2 duplicate /gene - pal_1 pal_2
[06:40:08] Fixed 2 duplicate /gene - dgoK_1 dgoK_2
[06:40:08] Fixed 4 duplicate /gene - oppF_1 oppF_2 oppF_3 oppF_4
[06:40:08] Fixed 5 duplicate /gene - uup_1 uup_2 uup_3 uup_4 uup_5
[06:40:08] Fixed 2 duplicate /gene - oppA_1 oppA_2
[06:40:08] Fixed 3 duplicate /gene - hns_1 hns_2 hns_3
[06:40:08] Fixed 2 duplicate /gene - nlpD_1 nlpD_2
[06:40:08] Fixed 2 duplicate /gene - cusC_1 cusC_2
[06:40:08] Fixed 5 duplicate /gene - yciC_1 yciC_2 yciC_3 yciC_4 yciC_5
[06:40:08] Fixed 2 duplicate /gene - hsrA_1 hsrA_2
[06:40:08] Fixed 2 duplicate /gene - guaA_1 guaA_2
[06:40:08] Fixed 2 duplicate /gene - lpxL_1 lpxL_2
[06:40:08] Fixed 2 duplicate /gene - pulA_1 pulA_2
[06:40:08] Fixed 2 duplicate /gene - eutC_1 eutC_2
[06:40:08] Fixed 2 duplicate /gene - gdhA_1 gdhA_2
[06:40:08] Fixed 2 duplicate /gene - rep_1 rep_2
[06:40:08] Fixed 2 duplicate /gene - murQ_1 murQ_2
[06:40:08] Fixed 2 duplicate /gene - cobC_1 cobC_2
[06:40:08] Fixed 2 duplicate /gene - ybdO_1 ybdO_2
[06:40:08] Fixed 4 duplicate /gene - ygdR_1 ygdR_2 ygdR_3 ygdR_4
[06:40:08] Fixed 2 duplicate /gene - mqo_1 mqo_2
[06:40:08] Fixed 2 duplicate /gene - rutC_1 rutC_2
[06:40:08] Fixed 2 duplicate /gene - bglH_1 bglH_2
[06:40:08] Fixed 2 duplicate /gene - katG_1 katG_2
[06:40:08] Fixed 2 duplicate /gene - bcr_1 bcr_2
[06:40:08] Fixed 2 duplicate /gene - sdaC_1 sdaC_2
[06:40:08] Fixed 2 duplicate /gene - nikA_1 nikA_2
[06:40:08] Fixed 2 duplicate /gene - uxuA_1 uxuA_2
[06:40:08] Fixed 2 duplicate /gene - pdxA2_1 pdxA2_2
[06:40:08] Fixed 3 duplicate /gene - gltR_1 gltR_2 gltR_3
[06:40:08] Fixed 2 duplicate /gene - kefC_1 kefC_2
[06:40:08] Fixed 2 duplicate /gene - acrF_1 acrF_2
[06:40:08] Fixed 2 duplicate /gene - oprM_1 oprM_2
[06:40:08] Fixed 3 duplicate /gene - cysG_1 cysG_2 cysG_3
[06:40:08] Fixed 2 duplicate /gene - glpE_1 glpE_2
[06:40:08] Fixed 2 duplicate /gene - gntR_1 gntR_2
[06:40:08] Fixed 2 duplicate /gene - proS_1 proS_2
[06:40:08] Fixed 2 duplicate /gene - dsbA_1 dsbA_2
[06:40:08] Fixed 2 duplicate /gene - xylH_1 xylH_2
[06:40:08] Fixed 14 duplicate /gene - mntB_1 mntB_2 mntB_3 mntB_4 mntB_5 mntB_6 mntB_7 mntB_8 mntB_9 mntB_10 mntB_11 mntB_12 mntB_13 mntB_14
[06:40:08] Fixed 2 duplicate /gene - nfdA_1 nfdA_2
[06:40:08] Fixed 2 duplicate /gene - lon_1 lon_2
[06:40:08] Fixed 3 duplicate /gene - sotB_1 sotB_2 sotB_3
[06:40:08] Fixed 3 duplicate /gene - argP_1 argP_2 argP_3
[06:40:08] Fixed 2 duplicate /gene - glpF_1 glpF_2
[06:40:08] Fixed 2 duplicate /gene - mhpB_1 mhpB_2
[06:40:08] Fixed 2 duplicate /gene - fepA_1 fepA_2
[06:40:08] Fixed 5 duplicate /gene - norR_1 norR_2 norR_3 norR_4 norR_5
[06:40:08] Fixed 2 duplicate /gene - cvaA_1 cvaA_2
[06:40:08] Fixed 4 duplicate /gene - gstB_1 gstB_2 gstB_3 gstB_4
[06:40:08] Fixed 2 duplicate /gene - yfcJ_1 yfcJ_2
[06:40:08] Fixed 2 duplicate /gene - gmuD_1 gmuD_2
[06:40:08] Fixed 2 duplicate /gene - fhuC_1 fhuC_2
[06:40:08] Fixed 2 duplicate /gene - emrB_1 emrB_2
[06:40:08] Fixed 6 duplicate /gene - crgA_1 crgA_2 crgA_3 crgA_4 crgA_5 crgA_6
[06:40:08] Fixed 2 duplicate /gene - roxA_1 roxA_2
[06:40:08] Fixed 2 duplicate /gene - pgl_1 pgl_2
[06:40:08] Fixed 2 duplicate /gene - bcsQ_1 bcsQ_2
[06:40:08] Fixed 2 duplicate /gene - yohK_1 yohK_2
[06:40:08] Fixed 4 duplicate /gene - hipO_1 hipO_2 hipO_3 hipO_4
[06:40:08] Fixed 2 duplicate /gene - arnC_1 arnC_2
[06:40:08] Fixed 2 duplicate /gene - ubiE_1 ubiE_2
[06:40:08] Fixed 3 duplicate /gene - potA_1 potA_2 potA_3
[06:40:08] Fixed 3 duplicate /gene - glcR_1 glcR_2 glcR_3
[06:40:08] Fixed 2 duplicate /gene - lsrF_1 lsrF_2
[06:40:08] Fixed 2 duplicate /gene - yeaX_1 yeaX_2
[06:40:08] Fixed 2 duplicate /gene - ssuC_1 ssuC_2
[06:40:08] Fixed 2 duplicate /gene - xylG_1 xylG_2
[06:40:08] Fixed 3 duplicate /gene - livH_1 livH_2 livH_3
[06:40:08] Fixed 5 duplicate /gene - iolG_1 iolG_2 iolG_3 iolG_4 iolG_5
[06:40:08] Fixed 3 duplicate /gene - fdhF_1 fdhF_2 fdhF_3
[06:40:08] Fixed 2 duplicate /gene - cysH_1 cysH_2
[06:40:08] Fixed 2 duplicate /gene - ccmM_1 ccmM_2
[06:40:08] Fixed 2 duplicate /gene - rob_1 rob_2
[06:40:08] Fixed 2 duplicate /gene - pikAV_1 pikAV_2
[06:40:08] Fixed 3 duplicate /gene - kduD_1 kduD_2 kduD_3
[06:40:08] Fixed 2 duplicate /gene - ydhP_1 ydhP_2
[06:40:08] Fixed 3 duplicate /gene - cydB_1 cydB_2 cydB_3
[06:40:08] Fixed 2 duplicate /gene - iroD_1 iroD_2
[06:40:08] Fixed 5 duplicate /gene - glnQ_1 glnQ_2 glnQ_3 glnQ_4 glnQ_5
[06:40:08] Fixed 2 duplicate /gene - xerD_1 xerD_2
[06:40:08] Fixed 2 duplicate /gene - iscR_1 iscR_2
[06:40:08] Fixed 5 duplicate /gene - rbsB_1 rbsB_2 rbsB_3 rbsB_4 rbsB_5
[06:40:08] Fixed 2 duplicate /gene - aurI_1 aurI_2
[06:40:08] Fixed 2 duplicate /gene - kefF_1 kefF_2
[06:40:08] Fixed 2 duplicate /gene - tssK1_1 tssK1_2
[06:40:08] Fixed 2 duplicate /gene - rppH_1 rppH_2
[06:40:08] Fixed 3 duplicate /gene - rhtC_1 rhtC_2 rhtC_3
[06:40:08] Fixed 2 duplicate /gene - bhsA_1 bhsA_2
[06:40:08] Fixed 2 duplicate /gene - bioH_1 bioH_2
[06:40:08] Fixed 2 duplicate /gene - por_1 por_2
[06:40:08] Fixed 2 duplicate /gene - araB_1 araB_2
[06:40:08] Fixed 3 duplicate /gene - dksA_1 dksA_2 dksA_3
[06:40:08] Fixed 2 duplicate /gene - smoE_1 smoE_2
[06:40:08] Fixed 2 duplicate /gene - hdeB_1 hdeB_2
[06:40:08] Fixed 2 duplicate /gene - glnP_1 glnP_2
[06:40:08] Fixed 2 duplicate /gene - ydgJ_1 ydgJ_2
[06:40:08] Fixed 2 duplicate /gene - ybhF_1 ybhF_2
[06:40:08] Fixed 2 duplicate /gene - hxpB_1 hxpB_2
[06:40:08] Fixed 2 duplicate /gene - sorB_1 sorB_2
[06:40:08] Fixed 2 duplicate /gene - nupC_1 nupC_2
[06:40:08] Fixed 2 duplicate /gene - tyrB_1 tyrB_2
[06:40:08] Fixed 3 duplicate /gene - manZ_1 manZ_2 manZ_3
[06:40:08] Fixed 3 duplicate /gene - dapA_1 dapA_2 dapA_3
[06:40:08] Fixed 3 duplicate /gene - glnH_1 glnH_2 glnH_3
[06:40:08] Fixed 2 duplicate /gene - lgoT_1 lgoT_2
[06:40:08] Fixed 2 duplicate /gene - ghrA_1 ghrA_2
[06:40:08] Fixed 3 duplicate /gene - lldR_1 lldR_2 lldR_3
[06:40:08] Fixed 4 duplicate /gene - exuT_1 exuT_2 exuT_3 exuT_4
[06:40:08] Fixed 2 duplicate /gene - yhhS_1 yhhS_2
[06:40:08] Fixed 3 duplicate /gene - allB_1 allB_2 allB_3
[06:40:08] Fixed 2 duplicate /gene - clsB_1 clsB_2
[06:40:08] Fixed 2 duplicate /gene - vapC_1 vapC_2
[06:40:08] Fixed 2 duplicate /gene - ydiB_1 ydiB_2
[06:40:08] Fixed 3 duplicate /gene - aaeR_1 aaeR_2 aaeR_3
[06:40:08] Fixed 2 duplicate /gene - cycA_1 cycA_2
[06:40:08] Fixed 2 duplicate /gene - sdsAP_1 sdsAP_2
[06:40:08] Fixed 2 duplicate /gene - pdeH_1 pdeH_2
[06:40:08] Fixed 5 duplicate /gene - chbA_1 chbA_2 chbA_3 chbA_4 chbA_5
[06:40:08] Fixed 10 duplicate /gene - fabG_1 fabG_2 fabG_3 fabG_4 fabG_5 fabG_6 fabG_7 fabG_8 fabG_9 fabG_10
[06:40:08] Fixed 2 duplicate /gene - pduD_1 pduD_2
[06:40:08] Fixed 2 duplicate /gene - ftnA_1 ftnA_2
[06:40:08] Fixed 3 duplicate /gene - ssuA_1 ssuA_2 ssuA_3
[06:40:08] Fixed 2 duplicate /gene - iroB_1 iroB_2
[06:40:08] Fixed 2 duplicate /gene - yibH_1 yibH_2
[06:40:08] Fixed 2 duplicate /gene - dgoT_1 dgoT_2
[06:40:08] Fixed 2 duplicate /gene - fhuA_1 fhuA_2
[06:40:08] Fixed 5 duplicate /gene - rcsC_1 rcsC_2 rcsC_3 rcsC_4 rcsC_5
[06:40:08] Fixed 2 duplicate /gene - csbX_1 csbX_2
[06:40:08] Fixed 2 duplicate /gene - yhhT_1 yhhT_2
[06:40:08] Fixed 2 duplicate /gene - deoC_1 deoC_2
[06:40:08] Fixed 2 duplicate /gene - aztC_1 aztC_2
[06:40:08] Fixed 2 duplicate /gene - argE_1 argE_2
[06:40:08] Fixed 2 duplicate /gene - ctpF_1 ctpF_2
[06:40:08] Fixed 2 duplicate /gene - ugpC_1 ugpC_2
[06:40:08] Fixed 2 duplicate /gene - astB_1 astB_2
[06:40:08] Fixed 2 duplicate /gene - mepA_1 mepA_2
[06:40:08] Fixed 2 duplicate /gene - tktA_1 tktA_2
[06:40:08] Fixed 2 duplicate /gene - leuA_1 leuA_2
[06:40:08] Fixed 3 duplicate /gene - bglA_1 bglA_2 bglA_3
[06:40:08] Fixed 2 duplicate /gene - dppD_1 dppD_2
[06:40:08] Fixed 3 duplicate /gene - yicJ_1 yicJ_2 yicJ_3
[06:40:08] Fixed 2 duplicate /gene - pheT_1 pheT_2
[06:40:08] Fixed 3 duplicate /gene - gsiD_1 gsiD_2 gsiD_3
[06:40:08] Fixed 3 duplicate /gene - ulaC_1 ulaC_2 ulaC_3
[06:40:08] Fixed 2 duplicate /gene - asd_1 asd_2
[06:40:08] Fixed 2 duplicate /gene - iutA_1 iutA_2
[06:40:08] Fixed 2 duplicate /gene - acs_1 acs_2
[06:40:08] Fixed 5 duplicate /gene - oxyR_1 oxyR_2 oxyR_3 oxyR_4 oxyR_5
[06:40:08] Fixed 2 duplicate /gene - bioC_1 bioC_2
[06:40:08] Fixed 2 duplicate /gene - yheS_1 yheS_2
[06:40:08] Fixed 4 duplicate /gene - aegA_1 aegA_2 aegA_3 aegA_4
[06:40:08] Fixed 2 duplicate /gene - sgrR_1 sgrR_2
[06:40:08] Fixed 2 duplicate /gene - zur_1 zur_2
[06:40:08] Fixed 2 duplicate /gene - dmsC_1 dmsC_2
[06:40:08] Fixed 2 duplicate /gene - atoB_1 atoB_2
[06:40:08] Fixed 2 duplicate /gene - dgoR_1 dgoR_2
[06:40:08] Fixed 2 duplicate /gene - yoaA_1 yoaA_2
[06:40:08] Fixed 3 duplicate /gene - yhaJ_1 yhaJ_2 yhaJ_3
[06:40:08] Fixed 2 duplicate /gene - katE_1 katE_2
[06:40:08] Fixed 2 duplicate /gene - yeaR_1 yeaR_2
[06:40:08] Fixed 2 duplicate /gene - wzc_1 wzc_2
[06:40:08] Fixed 2 duplicate /gene - tssB1_1 tssB1_2
[06:40:08] Fixed 2 duplicate /gene - mdtM_1 mdtM_2
[06:40:08] Fixed 6 duplicate /gene - livF_1 livF_2 livF_3 livF_4 livF_5 livF_6
[06:40:08] Fixed 2 duplicate /gene - ptxR_1 ptxR_2
[06:40:08] Fixed 2 duplicate /gene - hcaR_1 hcaR_2
[06:40:08] Fixed 2 duplicate /gene - amaB_1 amaB_2
[06:40:08] Fixed 3 duplicate /gene - mglA_1 mglA_2 mglA_3
[06:40:08] Fixed 2 duplicate /gene - cysA_1 cysA_2
[06:40:08] Fixed 2 duplicate /gene - bepA_1 bepA_2
[06:40:08] Fixed 4 duplicate /gene - fimD_1 fimD_2 fimD_3 fimD_4
[06:40:08] Fixed 3 duplicate /gene - vldW_1 vldW_2 vldW_3
[06:40:08] Fixed 3 duplicate /gene - talB_1 talB_2 talB_3
[06:40:08] Fixed 2 duplicate /gene - phoP_1 phoP_2
[06:40:08] Fixed 2 duplicate /gene - pyrG_1 pyrG_2
[06:40:08] Fixed 5 duplicate /gene - thrS_1 thrS_2 thrS_3 thrS_4 thrS_5
[06:40:08] Fixed 2 duplicate /gene - dinI_1 dinI_2
[06:40:08] Fixed 2 duplicate /gene - cusF_1 cusF_2
[06:40:08] Fixed 2 duplicate /gene - norW_1 norW_2
[06:40:08] Fixed 4 duplicate /gene - iolE_1 iolE_2 iolE_3 iolE_4
[06:40:08] Fixed 2 duplicate /gene - astD_1 astD_2
[06:40:08] Fixed 3 duplicate /gene - dppB_1 dppB_2 dppB_3
[06:40:08] Fixed 4 duplicate /gene - cynR_1 cynR_2 cynR_3 cynR_4
[06:40:08] Fixed 3 duplicate /gene - clcB_1 clcB_2 clcB_3
[06:40:08] Fixed 2 duplicate /gene - yciE_1 yciE_2
[06:40:08] Fixed 2 duplicate /gene - cbdA_1 cbdA_2
[06:40:08] Fixed 3 duplicate /gene - rbsK_1 rbsK_2 rbsK_3
[06:40:08] Fixed 2 duplicate /gene - xylF_1 xylF_2
[06:40:08] Fixed 2 duplicate /gene - xylA_1 xylA_2
[06:40:08] Fixed 3 duplicate /gene - sad_1 sad_2 sad_3
[06:40:08] Fixed 2 duplicate /gene - mnmC_1 mnmC_2
[06:40:08] Fixed 465 colliding /gene names.
[06:40:08] Adding /locus_tag identifiers
[06:40:08] Assigned 5312 locus_tags to CDS and RNA features.
[06:40:08] Writing outputs to results/prokka_annotations/GCA_054952405.1/
[06:40:13] Generating annotation statistics file
[06:40:13] Generating Genbank and Sequin files
[06:40:13] Running: tbl2asn -V b -a r10k -l paired-ends -M n -N 1 -y 'Annotated using prokka 1.15.6 from https://github.com/tseemann/prokka' -Z results\/prokka_annotations\/GCA_054952405\.1\/GCA_054952405\.1\.err -i results\/prokka_annotations\/GCA_054952405\.1\/GCA_054952405\.1\.fsa 2> /dev/null
[06:40:29] Deleting unwanted file: results/prokka_annotations/GCA_054952405.1/errorsummary.val
[06:40:29] Deleting unwanted file: results/prokka_annotations/GCA_054952405.1/GCA_054952405.1.dr
[06:40:29] Deleting unwanted file: results/prokka_annotations/GCA_054952405.1/GCA_054952405.1.fixedproducts
[06:40:29] Deleting unwanted file: results/prokka_annotations/GCA_054952405.1/GCA_054952405.1.ecn
[06:40:29] Deleting unwanted file: results/prokka_annotations/GCA_054952405.1/GCA_054952405.1.val
[06:40:29] Repairing broken .GBK output that tbl2asn produces...
[06:40:29] Running: sed 's/COORDINATES: profile/COORDINATES:profile/' < results\/prokka_annotations\/GCA_054952405\.1\/GCA_054952405\.1\.gbf > results\/prokka_annotations\/GCA_054952405\.1\/GCA_054952405\.1\.gbk
[06:40:29] Deleting unwanted file: results/prokka_annotations/GCA_054952405.1/GCA_054952405.1.gbf
[06:40:29] Output files:
[06:40:29] results/prokka_annotations/GCA_054952405.1/GCA_054952405.1.log
[06:40:29] results/prokka_annotations/GCA_054952405.1/GCA_054952405.1.fna
[06:40:29] results/prokka_annotations/GCA_054952405.1/GCA_054952405.1.tsv
[06:40:29] results/prokka_annotations/GCA_054952405.1/GCA_054952405.1.fsa
[06:40:29] results/prokka_annotations/GCA_054952405.1/GCA_054952405.1.gbk
[06:40:29] results/prokka_annotations/GCA_054952405.1/GCA_054952405.1.err
[06:40:29] results/prokka_annotations/GCA_054952405.1/GCA_054952405.1.tbl
[06:40:29] results/prokka_annotations/GCA_054952405.1/GCA_054952405.1.txt
[06:40:29] results/prokka_annotations/GCA_054952405.1/GCA_054952405.1.faa
[06:40:29] results/prokka_annotations/GCA_054952405.1/GCA_054952405.1.sqn
[06:40:29] results/prokka_annotations/GCA_054952405.1/GCA_054952405.1.gff
[06:40:29] results/prokka_annotations/GCA_054952405.1/GCA_054952405.1.ffn
[06:40:29] Annotation finished successfully.
[06:40:29] Walltime used: 11.38 minutes
[06:40:29] If you use this result please cite the Prokka paper:
[06:40:29] Seemann T (2014) Prokka: rapid prokaryotic genome annotation. Bioinformatics. 30(14):2068-9.
[06:40:29] Type 'prokka --citation' for more details.
[06:40:29] Share and enjoy!
